Archive member included because of file (symbol)

c:/program files (x86)/atollic/truestudio for arm 5.4.1/armtools/bin/../lib/gcc/arm-atollic-eabi/4.8.3/../../../../arm-atollic-eabi/lib/armv7e-m/fpu\libc.a(lib_a-init.o)
                              Drivers\CMSIS\Device\ST\STM32F4xx\Source\Templates\gcc\startup_stm32f407xx.o (__libc_init_array)
c:/program files (x86)/atollic/truestudio for arm 5.4.1/armtools/bin/../lib/gcc/arm-atollic-eabi/4.8.3/../../../../arm-atollic-eabi/lib/armv7e-m/fpu\libc.a(lib_a-malloc.o)
                              Middlewares\ST\STM32_USB_Device_Library\Class\CDC\Src\usbd_cdc.o (malloc)
c:/program files (x86)/atollic/truestudio for arm 5.4.1/armtools/bin/../lib/gcc/arm-atollic-eabi/4.8.3/../../../../arm-atollic-eabi/lib/armv7e-m/fpu\libc.a(lib_a-mallocr.o)
                              c:/program files (x86)/atollic/truestudio for arm 5.4.1/armtools/bin/../lib/gcc/arm-atollic-eabi/4.8.3/../../../../arm-atollic-eabi/lib/armv7e-m/fpu\libc.a(lib_a-malloc.o) (_malloc_r)
c:/program files (x86)/atollic/truestudio for arm 5.4.1/armtools/bin/../lib/gcc/arm-atollic-eabi/4.8.3/../../../../arm-atollic-eabi/lib/armv7e-m/fpu\libc.a(lib_a-mlock.o)
                              c:/program files (x86)/atollic/truestudio for arm 5.4.1/armtools/bin/../lib/gcc/arm-atollic-eabi/4.8.3/../../../../arm-atollic-eabi/lib/armv7e-m/fpu\libc.a(lib_a-mallocr.o) (__malloc_lock)
c:/program files (x86)/atollic/truestudio for arm 5.4.1/armtools/bin/../lib/gcc/arm-atollic-eabi/4.8.3/../../../../arm-atollic-eabi/lib/armv7e-m/fpu\libc.a(lib_a-sbrkr.o)
                              c:/program files (x86)/atollic/truestudio for arm 5.4.1/armtools/bin/../lib/gcc/arm-atollic-eabi/4.8.3/../../../../arm-atollic-eabi/lib/armv7e-m/fpu\libc.a(lib_a-mallocr.o) (_sbrk_r)
c:/program files (x86)/atollic/truestudio for arm 5.4.1/armtools/bin/../lib/gcc/arm-atollic-eabi/4.8.3/../../../../arm-atollic-eabi/lib/armv7e-m/fpu\libc.a(lib_a-syscalls.o)
                              c:/program files (x86)/atollic/truestudio for arm 5.4.1/armtools/bin/../lib/gcc/arm-atollic-eabi/4.8.3/../../../../arm-atollic-eabi/lib/armv7e-m/fpu\libc.a(lib_a-sbrkr.o) (_sbrk)
c:/program files (x86)/atollic/truestudio for arm 5.4.1/armtools/bin/../lib/gcc/arm-atollic-eabi/4.8.3/../../../../arm-atollic-eabi/lib/armv7e-m/fpu\libc.a(lib_a-freer.o)
                              c:/program files (x86)/atollic/truestudio for arm 5.4.1/armtools/bin/../lib/gcc/arm-atollic-eabi/4.8.3/../../../../arm-atollic-eabi/lib/armv7e-m/fpu\libc.a(lib_a-malloc.o) (_free_r)
c:/program files (x86)/atollic/truestudio for arm 5.4.1/armtools/bin/../lib/gcc/arm-atollic-eabi/4.8.3/../../../../arm-atollic-eabi/lib/armv7e-m/fpu\libc.a(lib_a-impure.o)
                              c:/program files (x86)/atollic/truestudio for arm 5.4.1/armtools/bin/../lib/gcc/arm-atollic-eabi/4.8.3/../../../../arm-atollic-eabi/lib/armv7e-m/fpu\libc.a(lib_a-malloc.o) (_impure_ptr)
c:/program files (x86)/atollic/truestudio for arm 5.4.1/armtools/bin/../lib/gcc/arm-atollic-eabi/4.8.3/../../../../arm-atollic-eabi/lib/armv7e-m/fpu\libc.a(lib_a-reent.o)
                              c:/program files (x86)/atollic/truestudio for arm 5.4.1/armtools/bin/../lib/gcc/arm-atollic-eabi/4.8.3/../../../../arm-atollic-eabi/lib/armv7e-m/fpu\libc.a(lib_a-sbrkr.o) (errno)
c:/program files (x86)/atollic/truestudio for arm 5.4.1/armtools/bin/../lib/gcc/arm-atollic-eabi/4.8.3/armv7e-m/fpu\libgcc.a(unwind-arm.o)
                              Src\main.o (__aeabi_unwind_cpp_pr1)
c:/program files (x86)/atollic/truestudio for arm 5.4.1/armtools/bin/../lib/gcc/arm-atollic-eabi/4.8.3/armv7e-m/fpu\libgcc.a(libunwind.o)
                              c:/program files (x86)/atollic/truestudio for arm 5.4.1/armtools/bin/../lib/gcc/arm-atollic-eabi/4.8.3/armv7e-m/fpu\libgcc.a(unwind-arm.o) (restore_core_regs)
c:/program files (x86)/atollic/truestudio for arm 5.4.1/armtools/bin/../lib/gcc/arm-atollic-eabi/4.8.3/armv7e-m/fpu\libgcc.a(pr-support.o)
                              c:/program files (x86)/atollic/truestudio for arm 5.4.1/armtools/bin/../lib/gcc/arm-atollic-eabi/4.8.3/armv7e-m/fpu\libgcc.a(unwind-arm.o) (__gnu_unwind_execute)
c:/program files (x86)/atollic/truestudio for arm 5.4.1/armtools/bin/../lib/gcc/arm-atollic-eabi/4.8.3/../../../../arm-atollic-eabi/lib/armv7e-m/fpu\libc.a(lib_a-abort.o)
                              c:/program files (x86)/atollic/truestudio for arm 5.4.1/armtools/bin/../lib/gcc/arm-atollic-eabi/4.8.3/armv7e-m/fpu\libgcc.a(unwind-arm.o) (abort)
c:/program files (x86)/atollic/truestudio for arm 5.4.1/armtools/bin/../lib/gcc/arm-atollic-eabi/4.8.3/../../../../arm-atollic-eabi/lib/armv7e-m/fpu\libc.a(lib_a-memcpy-stub.o)
                              c:/program files (x86)/atollic/truestudio for arm 5.4.1/armtools/bin/../lib/gcc/arm-atollic-eabi/4.8.3/armv7e-m/fpu\libgcc.a(unwind-arm.o) (memcpy)
[...]
Memory Configuration

Name             Origin             Length             Attributes
FLASH            0x08000000         0x00100000         xr
RAM              0x20000000         0x00020000         xrw
MEMORY_B1        0x60000000         0x00000000         xr
CCMRAM           0x10000000         0x00010000         rw
*default*        0x00000000         0xffffffff

Linker script and memory map

LOAD c:/program files (x86)/atollic/truestudio for arm 5.4.1/armtools/bin/../lib/gcc/arm-atollic-eabi/4.8.3/armv7e-m/fpu/crti.o
LOAD c:/program files (x86)/atollic/truestudio for arm 5.4.1/armtools/bin/../lib/gcc/arm-atollic-eabi/4.8.3/armv7e-m/fpu/crtbegin.o
LOAD Src\usbd_desc.o
LOAD Src\usbd_conf.o
LOAD Src\usbd_cdc_if.o
LOAD Src\usb_device.o
LOAD Src\stm32f4xx_it.o
LOAD Src\stm32f4xx_hal_msp.o
LOAD Src\my_spi.o
LOAD Src\main.o
LOAD Src\NRF24.o
LOAD Src\GPIO.o
LOAD Middlewares\ST\STM32_USB_Device_Library\Core\Src\usbd_ioreq.o
LOAD Middlewares\ST\STM32_USB_Device_Library\Core\Src\usbd_ctlreq.o
LOAD Middlewares\ST\STM32_USB_Device_Library\Core\Src\usbd_core.o
LOAD Middlewares\ST\STM32_USB_Device_Library\Class\CDC\Src\usbd_cdc.o
LOAD Drivers\STM32F4xx_HAL_Driver\Src\stm32f4xx_ll_usb.o
LOAD Drivers\STM32F4xx_HAL_Driver\Src\stm32f4xx_hal_tim_ex.o
LOAD Drivers\STM32F4xx_HAL_Driver\Src\stm32f4xx_hal_tim.o
LOAD Drivers\STM32F4xx_HAL_Driver\Src\stm32f4xx_hal_spi.o
LOAD Drivers\STM32F4xx_HAL_Driver\Src\stm32f4xx_hal_rcc_ex.o
LOAD Drivers\STM32F4xx_HAL_Driver\Src\stm32f4xx_hal_rcc.o
LOAD Drivers\STM32F4xx_HAL_Driver\Src\stm32f4xx_hal_pwr_ex.o
LOAD Drivers\STM32F4xx_HAL_Driver\Src\stm32f4xx_hal_pwr.o
LOAD Drivers\STM32F4xx_HAL_Driver\Src\stm32f4xx_hal_pcd_ex.o
LOAD Drivers\STM32F4xx_HAL_Driver\Src\stm32f4xx_hal_pcd.o
LOAD Drivers\STM32F4xx_HAL_Driver\Src\stm32f4xx_hal_gpio.o
LOAD Drivers\STM32F4xx_HAL_Driver\Src\stm32f4xx_hal_flash_ramfunc.o
LOAD Drivers\STM32F4xx_HAL_Driver\Src\stm32f4xx_hal_flash_ex.o
LOAD Drivers\STM32F4xx_HAL_Driver\Src\stm32f4xx_hal_flash.o
LOAD Drivers\STM32F4xx_HAL_Driver\Src\stm32f4xx_hal_dma_ex.o
LOAD Drivers\STM32F4xx_HAL_Driver\Src\stm32f4xx_hal_dma.o
LOAD Drivers\STM32F4xx_HAL_Driver\Src\stm32f4xx_hal_cortex.o
LOAD Drivers\STM32F4xx_HAL_Driver\Src\stm32f4xx_hal.o
LOAD Drivers\CMSIS\Device\ST\STM32F4xx\Source\Templates\system_stm32f4xx.o
LOAD Drivers\CMSIS\Device\ST\STM32F4xx\Source\Templates\gcc\startup_stm32f407xx.o
START GROUP
LOAD c:/program files (x86)/atollic/truestudio for arm 5.4.1/armtools/bin/../lib/gcc/arm-atollic-eabi/4.8.3/../../../../arm-atollic-eabi/lib/armv7e-m/fpu\libstdc++.a
LOAD c:/program files (x86)/atollic/truestudio for arm 5.4.1/armtools/bin/../lib/gcc/arm-atollic-eabi/4.8.3/../../../../arm-atollic-eabi/lib/armv7e-m/fpu\libsupc++.a
END GROUP
                0x00001000                malloc_getpagesize_P = 0x1000
LOAD c:/program files (x86)/atollic/truestudio for arm 5.4.1/armtools/bin/../lib/gcc/arm-atollic-eabi/4.8.3/../../../../arm-atollic-eabi/lib/armv7e-m/fpu\libstdc++.a
LOAD c:/program files (x86)/atollic/truestudio for arm 5.4.1/armtools/bin/../lib/gcc/arm-atollic-eabi/4.8.3/../../../../arm-atollic-eabi/lib/armv7e-m/fpu\libm.a
LOAD c:/program files (x86)/atollic/truestudio for arm 5.4.1/armtools/bin/../lib/gcc/arm-atollic-eabi/4.8.3/../../../../arm-atollic-eabi/lib/armv7e-m/fpu\libc.a
START GROUP
LOAD c:/program files (x86)/atollic/truestudio for arm 5.4.1/armtools/bin/../lib/gcc/arm-atollic-eabi/4.8.3/armv7e-m/fpu\libgcc.a
LOAD c:/program files (x86)/atollic/truestudio for arm 5.4.1/armtools/bin/../lib/gcc/arm-atollic-eabi/4.8.3/../../../../arm-atollic-eabi/lib/armv7e-m/fpu\libc.a
END GROUP
LOAD c:/program files (x86)/atollic/truestudio for arm 5.4.1/armtools/bin/../lib/gcc/arm-atollic-eabi/4.8.3/armv7e-m/fpu/crtend.o
LOAD c:/program files (x86)/atollic/truestudio for arm 5.4.1/armtools/bin/../lib/gcc/arm-atollic-eabi/4.8.3/armv7e-m/fpu/crtn.o
                0x20020000                _estack = 0x20020000
                0x00000000                _Min_Heap_Size = 0x0
                0x00000400                _Min_Stack_Size = 0x400

.isr_vector     0x08000000      0x188
                0x08000000                . = ALIGN (0x4)
 *(.isr_vector)
 .isr_vector    0x08000000      0x188 Drivers\CMSIS\Device\ST\STM32F4xx\Source\Templates\gcc\startup_stm32f407xx.o
                0x08000000                g_pfnVectors
                0x08000188                . = ALIGN (0x4)

.text           0x08000188     0xead4
                0x08000188                . = ALIGN (0x4)
 *(.text)
 .text          0x08000188        0x0 c:/program files (x86)/atollic/truestudio for arm 5.4.1/armtools/bin/../lib/gcc/arm-atollic-eabi/4.8.3/armv7e-m/fpu/crti.o
 .text          0x08000188       0x40 c:/program files (x86)/atollic/truestudio for arm 5.4.1/armtools/bin/../lib/gcc/arm-atollic-eabi/4.8.3/armv7e-m/fpu/crtbegin.o
 .text          0x080001c8      0x160 Src\usbd_desc.o
                0x080001c8                USBD_FS_DeviceDescriptor
                0x080001ec                USBD_FS_LangIDStrDescriptor
                0x08000210                USBD_FS_ProductStrDescriptor
                0x0800024c                USBD_FS_ManufacturerStrDescriptor
                0x08000274                USBD_FS_SerialStrDescriptor
                0x080002b0                USBD_FS_ConfigStrDescriptor
                0x080002ec                USBD_FS_InterfaceStrDescriptor
 .text          0x08000328      0x578 Src\usbd_conf.o
                0x08000328                HAL_PCD_MspInit
                0x080003a4                HAL_PCD_MspDeInit
                0x080003e0                HAL_PCD_SetupStageCallback
                0x08000404                HAL_PCD_DataOutStageCallback
                0x0800043c                HAL_PCD_DataInStageCallback
                0x08000474                HAL_PCD_SOFCallback
                0x08000490                HAL_PCD_ResetCallback
                0x080004e0                HAL_PCD_SuspendCallback
                0x0800052c                HAL_PCD_ResumeCallback
                0x08000548                HAL_PCD_ISOOUTIncompleteCallback
                0x0800056c                HAL_PCD_ISOINIncompleteCallback
                0x08000590                HAL_PCD_ConnectCallback
                0x080005ac                HAL_PCD_DisconnectCallback
                0x080005c8                USBD_LL_Init
                0x0800065c                USBD_LL_DeInit
                0x0800067c                USBD_LL_Start
                0x0800069c                USBD_LL_Stop
                0x080006bc                USBD_LL_OpenEP
                0x080006e4                USBD_LL_CloseEP
                0x0800070c                USBD_LL_FlushEP
                0x08000734                USBD_LL_StallEP
                0x0800075c                USBD_LL_ClearStallEP
                0x08000784                USBD_LL_IsStallEP
                0x080007dc                USBD_LL_SetUSBAddress
                0x08000804                USBD_LL_Transmit
                0x08000834                USBD_LL_PrepareReceive
                0x08000864                USBD_LL_GetRxDataSize
                0x0800088c                USBD_LL_Delay
 .text          0x080008a0      0x228 Src\usbd_cdc_if.o
                0x08000a24                CDC_Transmit_FS
                0x08000a70                VCP_get_char
 .text          0x08000ac8       0x5c Src\usb_device.o
                0x08000ac8                MX_USB_DEVICE_Init
 .text          0x08000b24       0x70 Src\stm32f4xx_it.o
                0x08000b24                NMI_Handler
                0x08000b30                HardFault_Handler
                0x08000b38                MemManage_Handler
                0x08000b40                BusFault_Handler
                0x08000b48                UsageFault_Handler
                0x08000b50                SVC_Handler
                0x08000b5c                DebugMon_Handler
                0x08000b68                PendSV_Handler
                0x08000b74                SysTick_Handler
                0x08000b84                OTG_FS_IRQHandler
 .text          0x08000b94       0x60 Src\stm32f4xx_hal_msp.o
                0x08000b94                HAL_MspInit
 .text          0x08000bf4      0x234 Src\my_spi.o
                0x08000bf4                MySpi_Init
                0x08000ce0                MySpi_Transfer
 .text          0x08000e28      0x300 Src\main.o
                0x08000e28                main
                0x08001034                SystemClock_Config()
                0x08001120                Error_Handler()
 .text          0x08001128      0x8d0 Src\NRF24.o
                0x08001128                Nrf24_Init
                0x08001158                Nrf24_Config
                0x08001214                Nrf24_WriteRegister
                0x08001310                Nrf24_ReadRegister
                0x08001400                Nrf24_WritePayload
                0x080014f0                Nrf24_ReadPayload
                0x080015dc                Nrf24_FlushTx
                0x0800162c                Nrf24_FlushRx
                0x0800167c                Nrf24_WriteAckPayload
                0x0800176c                Nrf24_CheckPayloadWidth
                0x080017a8                Nrf24_SetId
                0x08001804                Nrf24_Test
                0x0800184c                Nrf24_DataSent
                0x08001878                Nrf24_DataReady
                0x080018a4                Nrf24_MaxRt
                0x080018d0                Nrf24_CleanDataSent
                0x080018f8                Nrf24_CleanDataReady
                0x08001920                Nrf24_CleanMaxRt
                0x08001948                Nrf24_RxEmpty
                0x08001974                Nrf24_RxFull
                0x080019a0                Nrf24_TxEmpty
                0x080019cc                Nrf24_TxFull
 .text          0x080019f8      0x1b4 Src\GPIO.o
                0x080019f8                GPIO_Init
                0x08001b0c                GPIO_Status
                0x08001b3c                GPIO_Set
                0x08001b60                GPIO_Reset
                0x08001b84                GPIO_Toggle
 .text          0x08001bac      0x130 Middlewares\ST\STM32_USB_Device_Library\Core\Src\usbd_ioreq.o
                0x08001bac                USBD_CtlSendData
                0x08001be4                USBD_CtlContinueSendData
                0x08001c08                USBD_CtlPrepareRx
                0x08001c44                USBD_CtlContinueRx
                0x08001c68                USBD_CtlSendStatus
                0x08001c90                USBD_CtlReceiveStatus
                0x08001cb8                USBD_GetRxCount
 .text          0x08001cdc      0x8bc Middlewares\ST\STM32_USB_Device_Library\Core\Src\usbd_ctlreq.o
                0x08001cdc                USBD_StdDevReq
                0x08001d7c                USBD_StdItfReq
                0x08001de4                USBD_StdEPReq
                0x08002458                USBD_ParseSetupRequest
                0x080024cc                USBD_CtlError
                0x080024ec                USBD_GetString
 .text          0x08002598      0x57c Middlewares\ST\STM32_USB_Device_Library\Core\Src\usbd_core.o
                0x08002598                USBD_Init
                0x080025f0                USBD_DeInit
                0x0800262c                USBD_RegisterClass
                0x08002660                USBD_Start
                0x08002678                USBD_Stop
                0x080026a4                USBD_RunTestMode
                0x080026bc                USBD_SetClassConfig
                0x080026fc                USBD_ClrClassConfig
                0x08002724                USBD_LL_SetupStage
                0x080027b8                USBD_LL_DataOutStage
                0x08002870                USBD_LL_DataInStage
                0x08002990                USBD_LL_Reset
                0x080029f0                USBD_LL_SetSpeed
                0x08002a10                USBD_LL_Suspend
                0x08002a3c                USBD_LL_Resume
                0x08002a60                USBD_LL_SOF
                0x08002a94                USBD_LL_IsoINIncomplete
                0x08002ab0                USBD_LL_IsoOUTIncomplete
                0x08002acc                USBD_LL_DevConnected
                0x08002ae4                USBD_LL_DevDisconnected
 .text          0x08002b14      0x490 Middlewares\ST\STM32_USB_Device_Library\Class\CDC\Src\usbd_cdc.o
                0x08002e4c                USBD_CDC_GetDeviceQualifierDescriptor
                0x08002e6c                USBD_CDC_RegisterInterface
                0x08002e9c                USBD_CDC_SetTxBuffer
                0x08002ed0                USBD_CDC_SetRxBuffer
                0x08002ef8                USBD_CDC_TransmitPacket
                0x08002f4c                USBD_CDC_ReceivePacket
 .text          0x08002fa4     0x2024 Drivers\STM32F4xx_HAL_Driver\Src\stm32f4xx_ll_usb.o
                0x08002fa4                USB_CoreInit
                0x0800303c                USB_EnableGlobalInt
                0x08003060                USB_DisableGlobalInt
                0x08003084                USB_SetCurrentMode
                0x080030d4                USB_DevInit
                0x0800330c                USB_FlushTxFifo
                0x08003358                USB_FlushRxFifo
                0x0800339c                USB_SetDevSpeed
                0x080033cc                USB_GetDevSpeed
                0x08003438                USB_ActivateEndpoint
                0x08003548                USB_ActivateDedicatedEndpoint
                0x080036cc                USB_DeactivateEndpoint
                0x080037b8                USB_DeactivateDedicatedEndpoint
                0x08003864                USB_EPStartXfer
                0x08003cc8                USB_EP0StartXfer
                0x08003f70                USB_WritePacket
                0x08003fd0                USB_ReadPacket
                0x08004020                USB_EPSetStall
                0x080040fc                USB_EPClearStall
                0x080041d0                USB_StopDevice
                0x0800424c                USB_SetDevAddress
                0x08004294                USB_DevConnect
                0x080042c0                USB_DevDisconnect
                0x080042ec                USB_ReadInterrupts
                0x08004318                USB_ReadDevAllOutEpInterrupt
                0x08004348                USB_ReadDevAllInEpInterrupt
                0x08004378                USB_ReadDevOutEPInterrupt
                0x080043b0                USB_ReadDevInEPInterrupt
                0x08004404                USB_ClearInterrupts
                0x08004424                USB_GetMode
                0x08004440                USB_ActivateSetup
                0x080044a8                USB_EP0_OutStart
                0x08004590                USB_HostInit
                0x080046e0                USB_InitFSLSPClkSel
                0x0800474c                USB_ResetPort
                0x08004794                USB_DriveVbus
                0x080047fc                USB_GetHostSpeed
                0x08004824                USB_GetCurrentFrame
                0x08004844                USB_HC_Init
                0x08004a18                USB_HC_StartXfer
                0x08004c80                USB_HC_ReadInterrupt
                0x08004ca0                USB_HC_Halt
                0x08004e58                USB_DoPing
                0x08004ecc                USB_StopHost
 .text          0x08004fc8        0x0 Drivers\STM32F4xx_HAL_Driver\Src\stm32f4xx_hal_tim_ex.o
 .text          0x08004fc8        0x0 Drivers\STM32F4xx_HAL_Driver\Src\stm32f4xx_hal_tim.o
 .text          0x08004fc8     0x1c6c Drivers\STM32F4xx_HAL_Driver\Src\stm32f4xx_hal_spi.o
                0x08004fc8                HAL_SPI_Init
                0x08005090                HAL_SPI_DeInit
                0x080050e0                HAL_SPI_MspInit
                0x080050f4                HAL_SPI_MspDeInit
                0x08005108                HAL_SPI_Transmit
                0x08005384                HAL_SPI_Receive
                0x080055a0                HAL_SPI_TransmitReceive
                0x080058e4                HAL_SPI_Transmit_IT
                0x08005a00                HAL_SPI_Receive_IT
                0x08005b28                HAL_SPI_TransmitReceive_IT
                0x08005c58                HAL_SPI_Transmit_DMA
                0x08005d94                HAL_SPI_Receive_DMA
                0x08005ef4                HAL_SPI_TransmitReceive_DMA
                0x080060c4                HAL_SPI_DMAPause
                0x08006108                HAL_SPI_DMAResume
                0x0800614c                HAL_SPI_DMAStop
                0x0800619c                HAL_SPI_IRQHandler
                0x0800634c                HAL_SPI_TxCpltCallback
                0x08006360                HAL_SPI_RxCpltCallback
                0x08006374                HAL_SPI_TxRxCpltCallback
                0x08006388                HAL_SPI_TxHalfCpltCallback
                0x0800639c                HAL_SPI_RxHalfCpltCallback
                0x080063b0                HAL_SPI_TxRxHalfCpltCallback
                0x080063c4                HAL_SPI_ErrorCallback
                0x080063d8                HAL_SPI_GetState
                0x080063f4                HAL_SPI_GetError
 .text          0x08006c34      0x2e8 Drivers\STM32F4xx_HAL_Driver\Src\stm32f4xx_hal_rcc_ex.o
                0x08006c34                HAL_RCC_DeInit
                0x08006cb8                HAL_RCCEx_PeriphCLKConfig
                0x08006e98                HAL_RCCEx_GetPeriphCLKConfig
 .text          0x08006f1c      0xaf0 Drivers\STM32F4xx_HAL_Driver\Src\stm32f4xx_hal_rcc.o
                0x08006f28                HAL_RCC_OscConfig
                0x0800734c                HAL_RCC_ClockConfig
                0x08007574                HAL_RCC_MCOConfig
                0x08007640                HAL_RCC_EnableCSS
                0x08007658                HAL_RCC_DisableCSS
                0x08007670                HAL_RCC_GetSysClockFreq
                0x0800776c                HAL_RCC_GetHCLKFreq
                0x08007784                HAL_RCC_GetPCLK1Freq
                0x080077c8                HAL_RCC_GetPCLK2Freq
                0x0800780c                HAL_RCC_GetOscConfig
                0x0800797c                HAL_RCC_GetClockConfig
                0x080079dc                HAL_RCC_NMI_IRQHandler
                0x08007a00                HAL_RCC_CSSCallback
 .text          0x08007a0c      0x1d0 Drivers\STM32F4xx_HAL_Driver\Src\stm32f4xx_hal_pwr_ex.o
                0x08007a0c                HAL_PWREx_EnableBkUpReg
                0x08007a70                HAL_PWREx_DisableBkUpReg
                0x08007ad4                HAL_PWREx_EnableFlashPowerDown
                0x08007b08                HAL_PWREx_DisableFlashPowerDown
                0x08007b3c                HAL_PWREx_GetVoltageRange
                0x08007b58                HAL_PWREx_ControlVoltageScaling
 .text          0x08007bdc      0x354 Drivers\STM32F4xx_HAL_Driver\Src\stm32f4xx_hal_pwr.o
                0x08007bdc                HAL_PWR_DeInit
                0x08007c04                HAL_PWR_EnableBkUpAccess
                0x08007c38                HAL_PWR_DisableBkUpAccess
                0x08007c6c                HAL_PWR_ConfigPVD
                0x08007d28                HAL_PWR_EnablePVD
                0x08007d58                HAL_PWR_DisablePVD
                0x08007d88                HAL_PWR_EnableWakeUpPin
                0x08007dac                HAL_PWR_DisableWakeUpPin
                0x08007dd0                HAL_PWR_EnterSLEEPMode
                0x08007e08                HAL_PWR_EnterSTOPMode
                0x08007e60                HAL_PWR_EnterSTANDBYMode
                0x08007e90                HAL_PWR_PVD_IRQHandler
                0x08007eb4                HAL_PWR_PVDCallback
                0x08007ec0                HAL_PWR_EnableSleepOnExit
                0x08007edc                HAL_PWR_DisableSleepOnExit
                0x08007ef8                HAL_PWR_EnableSEVOnPend
                0x08007f14                HAL_PWR_DisableSEVOnPend
 .text          0x08007f30       0xbc Drivers\STM32F4xx_HAL_Driver\Src\stm32f4xx_hal_pcd_ex.o
                0x08007f30                HAL_PCDEx_SetTxFiFo
                0x08007fc8                HAL_PCDEx_SetRxFiFo
 .text          0x08007fec     0x13c0 Drivers\STM32F4xx_HAL_Driver\Src\stm32f4xx_hal_pcd.o
                0x08007fec                HAL_PCD_Init
                0x080081fc                HAL_PCD_DeInit
                0x0800825c                HAL_PCD_Start
                0x080082a0                HAL_PCD_Stop
                0x080082f0                HAL_PCD_IRQHandler
                0x08008cc4                HAL_PCD_DevConnect
                0x08008d00                HAL_PCD_DevDisconnect
                0x08008d3c                HAL_PCD_SetAddress
                0x08008d80                HAL_PCD_EP_Open
                0x08008e44                HAL_PCD_EP_Close
                0x08008ed8                HAL_PCD_EP_Receive
                0x08008f90                HAL_PCD_EP_GetRxCount
                0x08008fc4                HAL_PCD_EP_Transmit
                0x08009078                HAL_PCD_EP_SetStall
                0x08009130                HAL_PCD_EP_ClrStall
                0x080091c4                HAL_PCD_EP_Flush
                0x08009220                HAL_PCD_ActivateRemoteWakeup
                0x08009260                HAL_PCD_DeActivateRemoteWakeup
                0x08009290                HAL_PCD_GetState
 .text          0x080093ac      0x640 Drivers\STM32F4xx_HAL_Driver\Src\stm32f4xx_hal_gpio.o
                0x080093ac                HAL_GPIO_Init
                0x080096e0                HAL_GPIO_DeInit
                0x080098d4                HAL_GPIO_ReadPin
                0x08009904                HAL_GPIO_WritePin
                0x08009934                HAL_GPIO_TogglePin
                0x08009958                HAL_GPIO_LockPin
                0x080099a8                HAL_GPIO_EXTI_IRQHandler
                0x080099d8                HAL_GPIO_EXTI_Callback
 .text          0x080099ec        0x0 Drivers\STM32F4xx_HAL_Driver\Src\stm32f4xx_hal_flash_ramfunc.o
 .text          0x080099ec      0x60c Drivers\STM32F4xx_HAL_Driver\Src\stm32f4xx_hal_flash_ex.o
                0x080099ec                HAL_FLASHEx_Erase
                0x08009acc                HAL_FLASHEx_Erase_IT
                0x08009b78                HAL_FLASHEx_OBProgram
                0x08009c58                HAL_FLASHEx_OBGetConfig
                0x08009ce0                FLASH_Erase_Sector
                0x08009f70                FLASH_FlushCaches
 .text          0x08009ff8      0x5f8 Drivers\STM32F4xx_HAL_Driver\Src\stm32f4xx_hal_flash.o
                0x08009ff8                HAL_FLASH_Program
                0x0800a0a0                HAL_FLASH_Program_IT
                0x0800a13c                HAL_FLASH_IRQHandler
                0x0800a27c                HAL_FLASH_EndOfOperationCallback
                0x0800a290                HAL_FLASH_OperationErrorCallback
                0x0800a2a4                HAL_FLASH_Unlock
                0x0800a2d8                HAL_FLASH_Lock
                0x0800a2f8                HAL_FLASH_OB_Unlock
                0x0800a330                HAL_FLASH_OB_Lock
                0x0800a350                HAL_FLASH_OB_Launch
                0x0800a378                HAL_FLASH_GetError
                0x0800a390                FLASH_WaitForLastOperation
 .text          0x0800a5f0     0x162c Drivers\STM32F4xx_HAL_Driver\Src\stm32f4xx_hal_dma_ex.o
                0x0800a5f0                HAL_DMAEx_MultiBufferStart
                0x0800a688                HAL_DMAEx_MultiBufferStart_IT
                0x0800bb9c                HAL_DMAEx_ChangeMemory
 .text          0x0800bc1c      0xca8 Drivers\STM32F4xx_HAL_Driver\Src\stm32f4xx_hal_dma.o
                0x0800bc1c                HAL_DMA_Init
                0x0800bd70                HAL_DMA_DeInit
                0x0800be08                HAL_DMA_Start
                0x0800be80                HAL_DMA_Start_IT
                0x0800bf40                HAL_DMA_Abort
                0x0800c020                HAL_DMA_Abort_IT
                0x0800c064                HAL_DMA_PollForTransfer
                0x0800c22c                HAL_DMA_IRQHandler
                0x0800c544                HAL_DMA_RegisterCallback
                0x0800c5ec                HAL_DMA_UnRegisterCallback
                0x0800c6c0                HAL_DMA_GetState
                0x0800c6dc                HAL_DMA_GetError
 .text          0x0800c8c4      0x5b0 Drivers\STM32F4xx_HAL_Driver\Src\stm32f4xx_hal_cortex.o
                0x0800cc40                HAL_NVIC_SetPriorityGrouping
                0x0800cc54                HAL_NVIC_SetPriority
                0x0800cc8c                HAL_NVIC_EnableIRQ
                0x0800cca8                HAL_NVIC_DisableIRQ
                0x0800ccc4                HAL_NVIC_SystemReset
                0x0800ccd0                HAL_SYSTICK_Config
                0x0800cce8                HAL_MPU_ConfigRegion
                0x0800cd6c                HAL_NVIC_GetPriorityGrouping
                0x0800cd7c                HAL_NVIC_GetPriority
                0x0800cdac                HAL_NVIC_SetPendingIRQ
                0x0800cdc8                HAL_NVIC_GetPendingIRQ
                0x0800cde8                HAL_NVIC_ClearPendingIRQ
                0x0800ce04                HAL_NVIC_GetActive
                0x0800ce24                HAL_SYSTICK_CLKSourceConfig
                0x0800ce5c                HAL_SYSTICK_IRQHandler
                0x0800ce68                HAL_SYSTICK_Callback
 .text          0x0800ce74      0x2dc Drivers\STM32F4xx_HAL_Driver\Src\stm32f4xx_hal.o
                0x0800ce74                HAL_Init
                0x0800ceb8                HAL_DeInit
                0x0800cf1c                HAL_MspDeInit
                0x0800cf28                HAL_InitTick
                0x0800cf60                HAL_IncTick
                0x0800cf7c                HAL_GetTick
                0x0800cf94                HAL_Delay
                0x0800cfc0                HAL_SuspendTick
                0x0800cfdc                HAL_ResumeTick
                0x0800cff8                HAL_GetHalVersion
                0x0800d00c                HAL_GetREVID
                0x0800d024                HAL_GetDEVID
                0x0800d040                HAL_DBGMCU_EnableDBGSleepMode
                0x0800d05c                HAL_DBGMCU_DisableDBGSleepMode
                0x0800d078                HAL_DBGMCU_EnableDBGStopMode
                0x0800d094                HAL_DBGMCU_DisableDBGStopMode
                0x0800d0b0                HAL_DBGMCU_EnableDBGStandbyMode
                0x0800d0cc                HAL_DBGMCU_DisableDBGStandbyMode
                0x0800d0e8                HAL_EnableCompensationCell
                0x0800d11c                HAL_DisableCompensationCell
 .text          0x0800d150      0x160 Drivers\CMSIS\Device\ST\STM32F4xx\Source\Templates\system_stm32f4xx.o
                0x0800d150                SystemInit
                0x0800d1bc                SystemCoreClockUpdate
 .text          0x0800d2b0       0x14 Drivers\CMSIS\Device\ST\STM32F4xx\Source\Templates\gcc\startup_stm32f407xx.o
 .text          0x0800d2c4        0x0 c:/program files (x86)/atollic/truestudio for arm 5.4.1/armtools/bin/../lib/gcc/arm-atollic-eabi/4.8.3/../../../../arm-atollic-eabi/lib/armv7e-m/fpu\libc.a(lib_a-init.o)
 .text          0x0800d2c4        0x0 c:/program files (x86)/atollic/truestudio for arm 5.4.1/armtools/bin/../lib/gcc/arm-atollic-eabi/4.8.3/../../../../arm-atollic-eabi/lib/armv7e-m/fpu\libc.a(lib_a-malloc.o)
 .text          0x0800d2c4        0x0 c:/program files (x86)/atollic/truestudio for arm 5.4.1/armtools/bin/../lib/gcc/arm-atollic-eabi/4.8.3/../../../../arm-atollic-eabi/lib/armv7e-m/fpu\libc.a(lib_a-mallocr.o)
 .text          0x0800d2c4        0x0 c:/program files (x86)/atollic/truestudio for arm 5.4.1/armtools/bin/../lib/gcc/arm-atollic-eabi/4.8.3/../../../../arm-atollic-eabi/lib/armv7e-m/fpu\libc.a(lib_a-mlock.o)
 .text          0x0800d2c4        0x0 c:/program files (x86)/atollic/truestudio for arm 5.4.1/armtools/bin/../lib/gcc/arm-atollic-eabi/4.8.3/../../../../arm-atollic-eabi/lib/armv7e-m/fpu\libc.a(lib_a-sbrkr.o)
 .text          0x0800d2c4        0x0 c:/program files (x86)/atollic/truestudio for arm 5.4.1/armtools/bin/../lib/gcc/arm-atollic-eabi/4.8.3/../../../../arm-atollic-eabi/lib/armv7e-m/fpu\libc.a(lib_a-syscalls.o)
 .text          0x0800d2c4        0x0 c:/program files (x86)/atollic/truestudio for arm 5.4.1/armtools/bin/../lib/gcc/arm-atollic-eabi/4.8.3/../../../../arm-atollic-eabi/lib/armv7e-m/fpu\libc.a(lib_a-freer.o)
 .text          0x0800d2c4        0x0 c:/program files (x86)/atollic/truestudio for arm 5.4.1/armtools/bin/../lib/gcc/arm-atollic-eabi/4.8.3/../../../../arm-atollic-eabi/lib/armv7e-m/fpu\libc.a(lib_a-impure.o)
 .text          0x0800d2c4        0x0 c:/program files (x86)/atollic/truestudio for arm 5.4.1/armtools/bin/../lib/gcc/arm-atollic-eabi/4.8.3/../../../../arm-atollic-eabi/lib/armv7e-m/fpu\libc.a(lib_a-reent.o)
 .text          0x0800d2c4      0xa1c c:/program files (x86)/atollic/truestudio for arm 5.4.1/armtools/bin/../lib/gcc/arm-atollic-eabi/4.8.3/armv7e-m/fpu\libgcc.a(unwind-arm.o)
                0x0800d5a8                _Unwind_GetCFA
                0x0800d5ac                __gnu_Unwind_RaiseException
                0x0800d60c                __gnu_Unwind_ForcedUnwind
                0x0800d620                __gnu_Unwind_Resume
                0x0800d664                __gnu_Unwind_Resume_or_Rethrow
                0x0800d674                _Unwind_Complete
                0x0800d678                _Unwind_DeleteException
                0x0800d688                _Unwind_VRS_Get
                0x0800d6d8                _Unwind_VRS_Set
                0x0800d728                __gnu_Unwind_Backtrace
                0x0800da7c                __aeabi_unwind_cpp_pr0
                0x0800da84                __aeabi_unwind_cpp_pr1
                0x0800da8c                __aeabi_unwind_cpp_pr2
                0x0800da94                _Unwind_VRS_Pop
 .text          0x0800dce0      0x1ac c:/program files (x86)/atollic/truestudio for arm 5.4.1/armtools/bin/../lib/gcc/arm-atollic-eabi/4.8.3/armv7e-m/fpu\libgcc.a(libunwind.o)
                0x0800dce0                __restore_core_regs
                0x0800dce0                restore_core_regs
                0x0800dcf8                __gnu_Unwind_Restore_VFP
                0x0800dd00                __gnu_Unwind_Save_VFP
                0x0800dd08                __gnu_Unwind_Restore_VFP_D
                0x0800dd10                __gnu_Unwind_Save_VFP_D
                0x0800dd18                __gnu_Unwind_Restore_VFP_D_16_to_31
                0x0800dd20                __gnu_Unwind_Save_VFP_D_16_to_31
                0x0800dd28                __gnu_Unwind_Restore_WMMXD
                0x0800dd6c                __gnu_Unwind_Save_WMMXD
                0x0800ddb0                __gnu_Unwind_Restore_WMMXC
                0x0800ddc4                __gnu_Unwind_Save_WMMXC
                0x0800ddd8                ___Unwind_RaiseException
                0x0800ddd8                _Unwind_RaiseException
                0x0800ddfc                _Unwind_Resume
                0x0800ddfc                ___Unwind_Resume
                0x0800de20                _Unwind_Resume_or_Rethrow
                0x0800de20                ___Unwind_Resume_or_Rethrow
                0x0800de44                _Unwind_ForcedUnwind
                0x0800de44                ___Unwind_ForcedUnwind
                0x0800de68                ___Unwind_Backtrace
                0x0800de68                _Unwind_Backtrace
 .text          0x0800de8c      0x33c c:/program files (x86)/atollic/truestudio for arm 5.4.1/armtools/bin/../lib/gcc/arm-atollic-eabi/4.8.3/armv7e-m/fpu\libgcc.a(pr-support.o)
                0x0800dee0                __gnu_unwind_execute
                0x0800e16c                __gnu_unwind_frame
                0x0800e198                _Unwind_GetRegionStart
                0x0800e1a4                _Unwind_GetLanguageSpecificData
                0x0800e1b8                _Unwind_GetDataRelBase
                0x0800e1c0                _Unwind_GetTextRelBase
 .text          0x0800e1c8        0x0 c:/program files (x86)/atollic/truestudio for arm 5.4.1/armtools/bin/../lib/gcc/arm-atollic-eabi/4.8.3/../../../../arm-atollic-eabi/lib/armv7e-m/fpu\libc.a(lib_a-abort.o)
 .text          0x0800e1c8        0x0 c:/program files (x86)/atollic/truestudio for arm 5.4.1/armtools/bin/../lib/gcc/arm-atollic-eabi/4.8.3/../../../../arm-atollic-eabi/lib/armv7e-m/fpu\libc.a(lib_a-memcpy-stub.o)
 .text          0x0800e1c8        0x0 c:/program files (x86)/atollic/truestudio for arm 5.4.1/armtools/bin/../lib/gcc/arm-atollic-eabi/4.8.3/../../../../arm-atollic-eabi/lib/armv7e-m/fpu\libc.a(lib_a-signal.o)
 .text          0x0800e1c8        0x0 c:/program files (x86)/atollic/truestudio for arm 5.4.1/armtools/bin/../lib/gcc/arm-atollic-eabi/4.8.3/../../../../arm-atollic-eabi/lib/armv7e-m/fpu\libc.a(lib_a-signalr.o)
 .text          0x0800e1c8        0x0 c:/program files (x86)/atollic/truestudio for arm 5.4.1/armtools/bin/../lib/gcc/arm-atollic-eabi/4.8.3/armv7e-m/fpu/crtend.o
 .text          0x0800e1c8        0x0 c:/program files (x86)/atollic/truestudio for arm 5.4.1/armtools/bin/../lib/gcc/arm-atollic-eabi/4.8.3/armv7e-m/fpu/crtn.o
 *(.text*)
 .text.Reset_Handler
                0x0800e1c8       0x58 Drivers\CMSIS\Device\ST\STM32F4xx\Source\Templates\gcc\startup_stm32f407xx.o
                0x0800e1c8                Reset_Handler
 .text.Default_Handler
                0x0800e220        0x4 Drivers\CMSIS\Device\ST\STM32F4xx\Source\Templates\gcc\startup_stm32f407xx.o
                0x0800e220                RTC_Alarm_IRQHandler
                0x0800e220                HASH_RNG_IRQHandler
                0x0800e220                EXTI2_IRQHandler
                0x0800e220                TIM8_CC_IRQHandler
                0x0800e220                TIM1_CC_IRQHandler
                0x0800e220                DMA2_Stream5_IRQHandler
                0x0800e220                DMA1_Stream5_IRQHandler
                0x0800e220                PVD_IRQHandler
                0x0800e220                SDIO_IRQHandler
                0x0800e220                TAMP_STAMP_IRQHandler
                0x0800e220                CAN2_RX1_IRQHandler
                0x0800e220                EXTI3_IRQHandler
                0x0800e220                TIM8_TRG_COM_TIM14_IRQHandler
                0x0800e220                TIM1_UP_TIM10_IRQHandler
                0x0800e220                TIM8_UP_TIM13_IRQHandler
                0x0800e220                I2C3_ER_IRQHandler
                0x0800e220                EXTI0_IRQHandler
                0x0800e220                I2C2_EV_IRQHandler
                0x0800e220                DMA1_Stream2_IRQHandler
                0x0800e220                CAN1_RX0_IRQHandler
                0x0800e220                FPU_IRQHandler
                0x0800e220                OTG_HS_WKUP_IRQHandler
                0x0800e220                CAN2_SCE_IRQHandler
                0x0800e220                DMA2_Stream2_IRQHandler
                0x0800e220                SPI1_IRQHandler
                0x0800e220                TIM6_DAC_IRQHandler
                0x0800e220                TIM1_BRK_TIM9_IRQHandler
                0x0800e220                DCMI_IRQHandler
                0x0800e220                CAN2_RX0_IRQHandler
                0x0800e220                DMA2_Stream3_IRQHandler
                0x0800e220                USART6_IRQHandler
                0x0800e220                USART3_IRQHandler
                0x0800e220                CAN1_RX1_IRQHandler
                0x0800e220                UART5_IRQHandler
                0x0800e220                DMA2_Stream0_IRQHandler
                0x0800e220                TIM4_IRQHandler
                0x0800e220                I2C1_EV_IRQHandler
                0x0800e220                DMA1_Stream6_IRQHandler
                0x0800e220                DMA1_Stream1_IRQHandler
                0x0800e220                UART4_IRQHandler
                0x0800e220                TIM3_IRQHandler
                0x0800e220                RCC_IRQHandler
                0x0800e220                TIM8_BRK_TIM12_IRQHandler
                0x0800e220                Default_Handler
                0x0800e220                EXTI15_10_IRQHandler
                0x0800e220                ADC_IRQHandler
                0x0800e220                DMA1_Stream7_IRQHandler
                0x0800e220                TIM7_IRQHandler
                0x0800e220                CAN2_TX_IRQHandler
                0x0800e220                TIM5_IRQHandler
                0x0800e220                DMA2_Stream7_IRQHandler
                0x0800e220                I2C3_EV_IRQHandler
                0x0800e220                EXTI9_5_IRQHandler
                0x0800e220                RTC_WKUP_IRQHandler
                0x0800e220                ETH_WKUP_IRQHandler
                0x0800e220                SPI2_IRQHandler
                0x0800e220                OTG_HS_EP1_IN_IRQHandler
                0x0800e220                DMA1_Stream0_IRQHandler
                0x0800e220                CAN1_TX_IRQHandler
                0x0800e220                EXTI4_IRQHandler
                0x0800e220                FSMC_IRQHandler
                0x0800e220                ETH_IRQHandler
                0x0800e220                OTG_HS_EP1_OUT_IRQHandler
                0x0800e220                WWDG_IRQHandler
                0x0800e220                TIM2_IRQHandler
                0x0800e220                OTG_FS_WKUP_IRQHandler
                0x0800e220                TIM1_TRG_COM_TIM11_IRQHandler
                0x0800e220                OTG_HS_IRQHandler
                0x0800e220                EXTI1_IRQHandler
                0x0800e220                USART2_IRQHandler
                0x0800e220                I2C2_ER_IRQHandler
                0x0800e220                DMA2_Stream1_IRQHandler
                0x0800e220                CAN1_SCE_IRQHandler
                0x0800e220                FLASH_IRQHandler
                0x0800e220                DMA2_Stream4_IRQHandler
                0x0800e220                USART1_IRQHandler
                0x0800e220                SPI3_IRQHandler
                0x0800e220                DMA1_Stream4_IRQHandler
                0x0800e220                I2C1_ER_IRQHandler
                0x0800e220                DMA2_Stream6_IRQHandler
                0x0800e220                DMA1_Stream3_IRQHandler
 .text.__libc_init_array
                0x0800e224       0x4c c:/program files (x86)/atollic/truestudio for arm 5.4.1/armtools/bin/../lib/gcc/arm-atollic-eabi/4.8.3/../../../../arm-atollic-eabi/lib/armv7e-m/fpu\libc.a(lib_a-init.o)
                0x0800e224                __libc_init_array
 .text.malloc   0x0800e270       0x10 c:/program files (x86)/atollic/truestudio for arm 5.4.1/armtools/bin/../lib/gcc/arm-atollic-eabi/4.8.3/../../../../arm-atollic-eabi/lib/armv7e-m/fpu\libc.a(lib_a-malloc.o)
                0x0800e270                malloc
 .text.free     0x0800e280       0x10 c:/program files (x86)/atollic/truestudio for arm 5.4.1/armtools/bin/../lib/gcc/arm-atollic-eabi/4.8.3/../../../../arm-atollic-eabi/lib/armv7e-m/fpu\libc.a(lib_a-malloc.o)
                0x0800e280                free
 .text._malloc_r
                0x0800e290      0x424 c:/program files (x86)/atollic/truestudio for arm 5.4.1/armtools/bin/../lib/gcc/arm-atollic-eabi/4.8.3/../../../../arm-atollic-eabi/lib/armv7e-m/fpu\libc.a(lib_a-mallocr.o)
                0x0800e290                _malloc_r
 .text.__malloc_lock
                0x0800e6b4        0x2 c:/program files (x86)/atollic/truestudio for arm 5.4.1/armtools/bin/../lib/gcc/arm-atollic-eabi/4.8.3/../../../../arm-atollic-eabi/lib/armv7e-m/fpu\libc.a(lib_a-mlock.o)
                0x0800e6b4                __malloc_lock
 .text.__malloc_unlock
                0x0800e6b6        0x2 c:/program files (x86)/atollic/truestudio for arm 5.4.1/armtools/bin/../lib/gcc/arm-atollic-eabi/4.8.3/../../../../arm-atollic-eabi/lib/armv7e-m/fpu\libc.a(lib_a-mlock.o)
                0x0800e6b6                __malloc_unlock
 .text._sbrk_r  0x0800e6b8       0x20 c:/program files (x86)/atollic/truestudio for arm 5.4.1/armtools/bin/../lib/gcc/arm-atollic-eabi/4.8.3/../../../../arm-atollic-eabi/lib/armv7e-m/fpu\libc.a(lib_a-sbrkr.o)
                0x0800e6b8                _sbrk_r
 .text.initialise_monitor_handles
                0x0800e6d8        0x2 c:/program files (x86)/atollic/truestudio for arm 5.4.1/armtools/bin/../lib/gcc/arm-atollic-eabi/4.8.3/../../../../arm-atollic-eabi/lib/armv7e-m/fpu\libc.a(lib_a-syscalls.o)
                0x0800e6d8                initialise_monitor_handles
 .text._getpid  0x0800e6da        0x4 c:/program files (x86)/atollic/truestudio for arm 5.4.1/armtools/bin/../lib/gcc/arm-atollic-eabi/4.8.3/../../../../arm-atollic-eabi/lib/armv7e-m/fpu\libc.a(lib_a-syscalls.o)
                0x0800e6da                _getpid
 *fill*         0x0800e6de        0x2 
 .text._kill    0x0800e6e0       0x10 c:/program files (x86)/atollic/truestudio for arm 5.4.1/armtools/bin/../lib/gcc/arm-atollic-eabi/4.8.3/../../../../arm-atollic-eabi/lib/armv7e-m/fpu\libc.a(lib_a-syscalls.o)
                0x0800e6e0                _kill
 .text._exit    0x0800e6f0        0xc c:/program files (x86)/atollic/truestudio for arm 5.4.1/armtools/bin/../lib/gcc/arm-atollic-eabi/4.8.3/../../../../arm-atollic-eabi/lib/armv7e-m/fpu\libc.a(lib_a-syscalls.o)
                0x0800e6f0                _exit
 .text._write   0x0800e6fc        0x4 c:/program files (x86)/atollic/truestudio for arm 5.4.1/armtools/bin/../lib/gcc/arm-atollic-eabi/4.8.3/../../../../arm-atollic-eabi/lib/armv7e-m/fpu\libc.a(lib_a-syscalls.o)
                0x0800e6fc                _write
 .text._sbrk    0x0800e700       0x34 c:/program files (x86)/atollic/truestudio for arm 5.4.1/armtools/bin/../lib/gcc/arm-atollic-eabi/4.8.3/../../../../arm-atollic-eabi/lib/armv7e-m/fpu\libc.a(lib_a-syscalls.o)
                0x0800e700                _sbrk
 .text._close   0x0800e734        0x6 c:/program files (x86)/atollic/truestudio for arm 5.4.1/armtools/bin/../lib/gcc/arm-atollic-eabi/4.8.3/../../../../arm-atollic-eabi/lib/armv7e-m/fpu\libc.a(lib_a-syscalls.o)
                0x0800e734                _close
 .text._fstat   0x0800e73a        0xa c:/program files (x86)/atollic/truestudio for arm 5.4.1/armtools/bin/../lib/gcc/arm-atollic-eabi/4.8.3/../../../../arm-atollic-eabi/lib/armv7e-m/fpu\libc.a(lib_a-syscalls.o)
                0x0800e73a                _fstat
 .text._isatty  0x0800e744        0x4 c:/program files (x86)/atollic/truestudio for arm 5.4.1/armtools/bin/../lib/gcc/arm-atollic-eabi/4.8.3/../../../../arm-atollic-eabi/lib/armv7e-m/fpu\libc.a(lib_a-syscalls.o)
                0x0800e744                _isatty
 .text._lseek   0x0800e748        0x4 c:/program files (x86)/atollic/truestudio for arm 5.4.1/armtools/bin/../lib/gcc/arm-atollic-eabi/4.8.3/../../../../arm-atollic-eabi/lib/armv7e-m/fpu\libc.a(lib_a-syscalls.o)
                0x0800e748                _lseek
 .text._read    0x0800e74c        0x4 c:/program files (x86)/atollic/truestudio for arm 5.4.1/armtools/bin/../lib/gcc/arm-atollic-eabi/4.8.3/../../../../arm-atollic-eabi/lib/armv7e-m/fpu\libc.a(lib_a-syscalls.o)
                0x0800e74c                _read
 .text._open    0x0800e750        0xa c:/program files (x86)/atollic/truestudio for arm 5.4.1/armtools/bin/../lib/gcc/arm-atollic-eabi/4.8.3/../../../../arm-atollic-eabi/lib/armv7e-m/fpu\libc.a(lib_a-syscalls.o)
                0x0800e750                _open
 *fill*         0x0800e75a        0x2 
 .text._wait    0x0800e75c       0x10 c:/program files (x86)/atollic/truestudio for arm 5.4.1/armtools/bin/../lib/gcc/arm-atollic-eabi/4.8.3/../../../../arm-atollic-eabi/lib/armv7e-m/fpu\libc.a(lib_a-syscalls.o)
                0x0800e75c                _wait
 .text._unlink  0x0800e76c       0x10 c:/program files (x86)/atollic/truestudio for arm 5.4.1/armtools/bin/../lib/gcc/arm-atollic-eabi/4.8.3/../../../../arm-atollic-eabi/lib/armv7e-m/fpu\libc.a(lib_a-syscalls.o)
                0x0800e76c                _unlink
 .text._times   0x0800e77c        0x6 c:/program files (x86)/atollic/truestudio for arm 5.4.1/armtools/bin/../lib/gcc/arm-atollic-eabi/4.8.3/../../../../arm-atollic-eabi/lib/armv7e-m/fpu\libc.a(lib_a-syscalls.o)
                0x0800e77c                _times
 .text._stat    0x0800e782        0xa c:/program files (x86)/atollic/truestudio for arm 5.4.1/armtools/bin/../lib/gcc/arm-atollic-eabi/4.8.3/../../../../arm-atollic-eabi/lib/armv7e-m/fpu\libc.a(lib_a-syscalls.o)
                0x0800e782                _stat
 .text._link    0x0800e78c       0x10 c:/program files (x86)/atollic/truestudio for arm 5.4.1/armtools/bin/../lib/gcc/arm-atollic-eabi/4.8.3/../../../../arm-atollic-eabi/lib/armv7e-m/fpu\libc.a(lib_a-syscalls.o)
                0x0800e78c                _link
 .text._fork    0x0800e79c       0x10 c:/program files (x86)/atollic/truestudio for arm 5.4.1/armtools/bin/../lib/gcc/arm-atollic-eabi/4.8.3/../../../../arm-atollic-eabi/lib/armv7e-m/fpu\libc.a(lib_a-syscalls.o)
                0x0800e79c                _fork
 .text._execve  0x0800e7ac       0x10 c:/program files (x86)/atollic/truestudio for arm 5.4.1/armtools/bin/../lib/gcc/arm-atollic-eabi/4.8.3/../../../../arm-atollic-eabi/lib/armv7e-m/fpu\libc.a(lib_a-syscalls.o)
                0x0800e7ac                _execve
 .text._malloc_trim_r
                0x0800e7bc       0xa8 c:/program files (x86)/atollic/truestudio for arm 5.4.1/armtools/bin/../lib/gcc/arm-atollic-eabi/4.8.3/../../../../arm-atollic-eabi/lib/armv7e-m/fpu\libc.a(lib_a-freer.o)
                0x0800e7bc                _malloc_trim_r
 .text._free_r  0x0800e864      0x170 c:/program files (x86)/atollic/truestudio for arm 5.4.1/armtools/bin/../lib/gcc/arm-atollic-eabi/4.8.3/../../../../arm-atollic-eabi/lib/armv7e-m/fpu\libc.a(lib_a-freer.o)
                0x0800e864                _free_r
 .text.cleanup_glue
                0x0800e9d4       0x1a c:/program files (x86)/atollic/truestudio for arm 5.4.1/armtools/bin/../lib/gcc/arm-atollic-eabi/4.8.3/../../../../arm-atollic-eabi/lib/armv7e-m/fpu\libc.a(lib_a-reent.o)
                0x0800e9d4                cleanup_glue
 *fill*         0x0800e9ee        0x2 
 .text._reclaim_reent
                0x0800e9f0       0xd0 c:/program files (x86)/atollic/truestudio for arm 5.4.1/armtools/bin/../lib/gcc/arm-atollic-eabi/4.8.3/../../../../arm-atollic-eabi/lib/armv7e-m/fpu\libc.a(lib_a-reent.o)
                0x0800e9f0                _reclaim_reent
 .text.abort    0x0800eac0        0xe c:/program files (x86)/atollic/truestudio for arm 5.4.1/armtools/bin/../lib/gcc/arm-atollic-eabi/4.8.3/../../../../arm-atollic-eabi/lib/armv7e-m/fpu\libc.a(lib_a-abort.o)
                0x0800eac0                abort
 .text.memcpy   0x0800eace       0x12 c:/program files (x86)/atollic/truestudio for arm 5.4.1/armtools/bin/../lib/gcc/arm-atollic-eabi/4.8.3/../../../../arm-atollic-eabi/lib/armv7e-m/fpu\libc.a(lib_a-memcpy-stub.o)
                0x0800eace                memcpy
 .text._init_signal_r
                0x0800eae0       0x2c c:/program files (x86)/atollic/truestudio for arm 5.4.1/armtools/bin/../lib/gcc/arm-atollic-eabi/4.8.3/../../../../arm-atollic-eabi/lib/armv7e-m/fpu\libc.a(lib_a-signal.o)
                0x0800eae0                _init_signal_r
 .text._signal_r
                0x0800eb0c       0x30 c:/program files (x86)/atollic/truestudio for arm 5.4.1/armtools/bin/../lib/gcc/arm-atollic-eabi/4.8.3/../../../../arm-atollic-eabi/lib/armv7e-m/fpu\libc.a(lib_a-signal.o)
                0x0800eb0c                _signal_r
 .text._raise_r
                0x0800eb3c       0x50 c:/program files (x86)/atollic/truestudio for arm 5.4.1/armtools/bin/../lib/gcc/arm-atollic-eabi/4.8.3/../../../../arm-atollic-eabi/lib/armv7e-m/fpu\libc.a(lib_a-signal.o)
                0x0800eb3c                _raise_r
 .text.__sigtramp_r
                0x0800eb8c       0x4a c:/program files (x86)/atollic/truestudio for arm 5.4.1/armtools/bin/../lib/gcc/arm-atollic-eabi/4.8.3/../../../../arm-atollic-eabi/lib/armv7e-m/fpu\libc.a(lib_a-signal.o)
                0x0800eb8c                __sigtramp_r
 *fill*         0x0800ebd6        0x2 
 .text.raise    0x0800ebd8       0x10 c:/program files (x86)/atollic/truestudio for arm 5.4.1/armtools/bin/../lib/gcc/arm-atollic-eabi/4.8.3/../../../../arm-atollic-eabi/lib/armv7e-m/fpu\libc.a(lib_a-signal.o)
                0x0800ebd8                raise
 .text.signal   0x0800ebe8       0x14 c:/program files (x86)/atollic/truestudio for arm 5.4.1/armtools/bin/../lib/gcc/arm-atollic-eabi/4.8.3/../../../../arm-atollic-eabi/lib/armv7e-m/fpu\libc.a(lib_a-signal.o)
                0x0800ebe8                signal
 .text._init_signal
                0x0800ebfc        0xc c:/program files (x86)/atollic/truestudio for arm 5.4.1/armtools/bin/../lib/gcc/arm-atollic-eabi/4.8.3/../../../../arm-atollic-eabi/lib/armv7e-m/fpu\libc.a(lib_a-signal.o)
                0x0800ebfc                _init_signal
 .text.__sigtramp
                0x0800ec08       0x10 c:/program files (x86)/atollic/truestudio for arm 5.4.1/armtools/bin/../lib/gcc/arm-atollic-eabi/4.8.3/../../../../arm-atollic-eabi/lib/armv7e-m/fpu\libc.a(lib_a-signal.o)
                0x0800ec08                __sigtramp
 .text._kill_r  0x0800ec18       0x24 c:/program files (x86)/atollic/truestudio for arm 5.4.1/armtools/bin/../lib/gcc/arm-atollic-eabi/4.8.3/../../../../arm-atollic-eabi/lib/armv7e-m/fpu\libc.a(lib_a-signalr.o)
                0x0800ec18                _kill_r
 .text._getpid_r
                0x0800ec3c        0x4 c:/program files (x86)/atollic/truestudio for arm 5.4.1/armtools/bin/../lib/gcc/arm-atollic-eabi/4.8.3/../../../../arm-atollic-eabi/lib/armv7e-m/fpu\libc.a(lib_a-signalr.o)
                0x0800ec3c                _getpid_r
 *(.glue_7)
 .glue_7        0x00000000        0x0 linker stubs
 *(.glue_7t)
 .glue_7t       0x00000000        0x0 linker stubs
 *(.eh_frame)
 .eh_frame      0x0800ec40        0x0 c:/program files (x86)/atollic/truestudio for arm 5.4.1/armtools/bin/../lib/gcc/arm-atollic-eabi/4.8.3/armv7e-m/fpu/crtbegin.o
 .eh_frame      0x0800ec40        0x4 c:/program files (x86)/atollic/truestudio for arm 5.4.1/armtools/bin/../lib/gcc/arm-atollic-eabi/4.8.3/armv7e-m/fpu/crtend.o
 *(.init)
 .init          0x0800ec44        0x4 c:/program files (x86)/atollic/truestudio for arm 5.4.1/armtools/bin/../lib/gcc/arm-atollic-eabi/4.8.3/armv7e-m/fpu/crti.o
                0x0800ec44                _init
 .init          0x0800ec48        0x8 c:/program files (x86)/atollic/truestudio for arm 5.4.1/armtools/bin/../lib/gcc/arm-atollic-eabi/4.8.3/armv7e-m/fpu/crtn.o
 *(.fini)
 .fini          0x0800ec50        0x4 c:/program files (x86)/atollic/truestudio for arm 5.4.1/armtools/bin/../lib/gcc/arm-atollic-eabi/4.8.3/armv7e-m/fpu/crti.o
                0x0800ec50                _fini
 .fini          0x0800ec54        0x8 c:/program files (x86)/atollic/truestudio for arm 5.4.1/armtools/bin/../lib/gcc/arm-atollic-eabi/4.8.3/armv7e-m/fpu/crtn.o
                0x0800ec5c                . = ALIGN (0x4)
                0x0800ec5c                _etext = .

.vfp11_veneer   0x0800ec5c        0x0
 .vfp11_veneer  0x00000000        0x0 linker stubs

.v4_bx          0x0800ec5c        0x0
 .v4_bx         0x00000000        0x0 linker stubs

.iplt           0x0800ec5c        0x0
 .iplt          0x00000000        0x0 c:/program files (x86)/atollic/truestudio for arm 5.4.1/armtools/bin/../lib/gcc/arm-atollic-eabi/4.8.3/armv7e-m/fpu/crtbegin.o

.rodata         0x0800ec5c       0x88
                0x0800ec5c                . = ALIGN (0x4)
 *(.rodata)
 .rodata        0x0800ec5c       0x58 Src\usbd_desc.o
 .rodata        0x0800ecb4       0x10 Drivers\STM32F4xx_HAL_Driver\Src\stm32f4xx_hal_rcc.o
                0x0800ecb4                APBAHBPrescTable
 .rodata        0x0800ecc4        0x8 Drivers\STM32F4xx_HAL_Driver\Src\stm32f4xx_hal_dma.o
 .rodata        0x0800eccc       0x10 Drivers\CMSIS\Device\ST\STM32F4xx\Source\Templates\system_stm32f4xx.o
                0x0800eccc                AHBPrescTable
 *(.rodata*)
 .rodata.str1.1
                0x0800ecdc        0x2 c:/program files (x86)/atollic/truestudio for arm 5.4.1/armtools/bin/../lib/gcc/arm-atollic-eabi/4.8.3/../../../../arm-atollic-eabi/lib/armv7e-m/fpu\libc.a(lib_a-impure.o)
 *fill*         0x0800ecde        0x2 
 .rodata._global_impure_ptr
                0x0800ece0        0x4 c:/program files (x86)/atollic/truestudio for arm 5.4.1/armtools/bin/../lib/gcc/arm-atollic-eabi/4.8.3/../../../../arm-atollic-eabi/lib/armv7e-m/fpu\libc.a(lib_a-impure.o)
                0x0800ece0                _global_impure_ptr
                0x0800ece4                . = ALIGN (0x4)

.ARM.extab      0x0800ece4       0x3c
 *(.ARM.extab* .gnu.linkonce.armextab.*)
 .ARM.extab     0x0800ece4       0x18 Src\main.o
 .ARM.extab     0x0800ecfc        0xc c:/program files (x86)/atollic/truestudio for arm 5.4.1/armtools/bin/../lib/gcc/arm-atollic-eabi/4.8.3/armv7e-m/fpu\libgcc.a(unwind-arm.o)
 .ARM.extab     0x0800ed08       0x18 c:/program files (x86)/atollic/truestudio for arm 5.4.1/armtools/bin/../lib/gcc/arm-atollic-eabi/4.8.3/armv7e-m/fpu\libgcc.a(pr-support.o)

.ARM            0x0800ed20       0xd8
                0x0800ed20                __exidx_start = .
 *(.ARM.exidx*)
 .ARM.exidx     0x0800ed20       0x18 Src\main.o
 .ARM.exidx     0x0800ed38       0x88 c:/program files (x86)/atollic/truestudio for arm 5.4.1/armtools/bin/../lib/gcc/arm-atollic-eabi/4.8.3/armv7e-m/fpu\libgcc.a(unwind-arm.o)
                                 0xd8 (size before relaxing)
 .ARM.exidx     0x0800edc0       0x38 c:/program files (x86)/atollic/truestudio for arm 5.4.1/armtools/bin/../lib/gcc/arm-atollic-eabi/4.8.3/armv7e-m/fpu\libgcc.a(pr-support.o)
                                 0x48 (size before relaxing)
                0x0800edf8                __exidx_end = .

.rel.dyn        0x0800edf8        0x0
 .rel.iplt      0x00000000        0x0 c:/program files (x86)/atollic/truestudio for arm 5.4.1/armtools/bin/../lib/gcc/arm-atollic-eabi/4.8.3/armv7e-m/fpu/crtbegin.o

.preinit_array  0x0800edf8        0x0
                0x0800edf8                PROVIDE (__preinit_array_start, .)
 *(.preinit_array*)
                0x0800edf8                PROVIDE (__preinit_array_end, .)

.init_array     0x0800edf8        0x4
                0x0800edf8                PROVIDE (__init_array_start, .)
 *(SORT(.init_array.*))
 *(.init_array*)
 .init_array    0x0800edf8        0x4 c:/program files (x86)/atollic/truestudio for arm 5.4.1/armtools/bin/../lib/gcc/arm-atollic-eabi/4.8.3/armv7e-m/fpu/crtbegin.o
                0x0800edfc                PROVIDE (__init_array_end, .)

.fini_array     0x0800edfc        0x4
                0x0800edfc                PROVIDE (__fini_array_start, .)
 *(SORT(.fini_array.*))
 *(.fini_array*)
 .fini_array    0x0800edfc        0x4 c:/program files (x86)/atollic/truestudio for arm 5.4.1/armtools/bin/../lib/gcc/arm-atollic-eabi/4.8.3/armv7e-m/fpu/crtbegin.o
                0x0800ee00                PROVIDE (__fini_array_end, .)
                0x0800ee00                _sidata = LOADADDR (.data)

.data           0x20000000      0x674 load address 0x0800ee00
                0x20000000                . = ALIGN (0x4)
                0x20000000                _sdata = .
 *(.data)
 .data          0x20000000        0x0 c:/program files (x86)/atollic/truestudio for arm 5.4.1/armtools/bin/../lib/gcc/arm-atollic-eabi/4.8.3/armv7e-m/fpu/crti.o
 .data          0x20000000        0x4 c:/program files (x86)/atollic/truestudio for arm 5.4.1/armtools/bin/../lib/gcc/arm-atollic-eabi/4.8.3/armv7e-m/fpu/crtbegin.o
                0x20000000                __dso_handle
 .data          0x20000004       0x34 Src\usbd_desc.o
                0x20000004                FS_Desc
                0x20000020                USBD_FS_DeviceDesc
                0x20000034                USBD_LangIDDesc
 .data          0x20000038        0x0 Src\usbd_conf.o
 .data          0x20000038       0x10 Src\usbd_cdc_if.o
                0x20000038                USBD_Interface_fops_FS
 .data          0x20000048        0x0 Src\usb_device.o
 .data          0x20000048        0x0 Src\stm32f4xx_it.o
 .data          0x20000048        0x0 Src\stm32f4xx_hal_msp.o
 .data          0x20000048        0x0 Src\my_spi.o
 .data          0x20000048        0x0 Src\main.o
 .data          0x20000048       0x10 Src\NRF24.o
                0x20000048                addressRoboList
 .data          0x20000058        0x0 Src\GPIO.o
 .data          0x20000058        0x0 Middlewares\ST\STM32_USB_Device_Library\Core\Src\usbd_ioreq.o
 .data          0x20000058        0x0 Middlewares\ST\STM32_USB_Device_Library\Core\Src\usbd_ctlreq.o
 .data          0x20000058        0x0 Middlewares\ST\STM32_USB_Device_Library\Core\Src\usbd_core.o
 .data          0x20000058      0x110 Middlewares\ST\STM32_USB_Device_Library\Class\CDC\Src\usbd_cdc.o
                0x20000064                USBD_CDC
                0x2000009c                USBD_CDC_CfgHSDesc
                0x200000e0                USBD_CDC_CfgFSDesc
                0x20000124                USBD_CDC_OtherSpeedCfgDesc
 .data          0x20000168        0x0 Drivers\STM32F4xx_HAL_Driver\Src\stm32f4xx_ll_usb.o
 .data          0x20000168        0x0 Drivers\STM32F4xx_HAL_Driver\Src\stm32f4xx_hal_tim_ex.o
 .data          0x20000168        0x0 Drivers\STM32F4xx_HAL_Driver\Src\stm32f4xx_hal_tim.o
 .data          0x20000168        0x0 Drivers\STM32F4xx_HAL_Driver\Src\stm32f4xx_hal_spi.o
 .data          0x20000168        0x0 Drivers\STM32F4xx_HAL_Driver\Src\stm32f4xx_hal_rcc_ex.o
 .data          0x20000168        0x0 Drivers\STM32F4xx_HAL_Driver\Src\stm32f4xx_hal_rcc.o
 .data          0x20000168        0x0 Drivers\STM32F4xx_HAL_Driver\Src\stm32f4xx_hal_pwr_ex.o
 .data          0x20000168        0x0 Drivers\STM32F4xx_HAL_Driver\Src\stm32f4xx_hal_pwr.o
 .data          0x20000168        0x0 Drivers\STM32F4xx_HAL_Driver\Src\stm32f4xx_hal_pcd_ex.o
 .data          0x20000168        0x0 Drivers\STM32F4xx_HAL_Driver\Src\stm32f4xx_hal_pcd.o
 .data          0x20000168        0x0 Drivers\STM32F4xx_HAL_Driver\Src\stm32f4xx_hal_gpio.o
 .data          0x20000168        0x0 Drivers\STM32F4xx_HAL_Driver\Src\stm32f4xx_hal_flash_ramfunc.o
 .data          0x20000168        0x0 Drivers\STM32F4xx_HAL_Driver\Src\stm32f4xx_hal_flash_ex.o
 .data          0x20000168        0x0 Drivers\STM32F4xx_HAL_Driver\Src\stm32f4xx_hal_flash.o
 .data          0x20000168        0x0 Drivers\STM32F4xx_HAL_Driver\Src\stm32f4xx_hal_dma_ex.o
 .data          0x20000168        0x0 Drivers\STM32F4xx_HAL_Driver\Src\stm32f4xx_hal_dma.o
 .data          0x20000168        0x0 Drivers\STM32F4xx_HAL_Driver\Src\stm32f4xx_hal_cortex.o
 .data          0x20000168        0x0 Drivers\STM32F4xx_HAL_Driver\Src\stm32f4xx_hal.o
 .data          0x20000168        0x4 Drivers\CMSIS\Device\ST\STM32F4xx\Source\Templates\system_stm32f4xx.o
                0x20000168                SystemCoreClock
 .data          0x2000016c        0x0 Drivers\CMSIS\Device\ST\STM32F4xx\Source\Templates\gcc\startup_stm32f407xx.o
 .data          0x2000016c        0x0 c:/program files (x86)/atollic/truestudio for arm 5.4.1/armtools/bin/../lib/gcc/arm-atollic-eabi/4.8.3/../../../../arm-atollic-eabi/lib/armv7e-m/fpu\libc.a(lib_a-init.o)
 .data          0x2000016c        0x0 c:/program files (x86)/atollic/truestudio for arm 5.4.1/armtools/bin/../lib/gcc/arm-atollic-eabi/4.8.3/../../../../arm-atollic-eabi/lib/armv7e-m/fpu\libc.a(lib_a-malloc.o)
 .data          0x2000016c        0x0 c:/program files (x86)/atollic/truestudio for arm 5.4.1/armtools/bin/../lib/gcc/arm-atollic-eabi/4.8.3/../../../../arm-atollic-eabi/lib/armv7e-m/fpu\libc.a(lib_a-mallocr.o)
 .data          0x2000016c        0x0 c:/program files (x86)/atollic/truestudio for arm 5.4.1/armtools/bin/../lib/gcc/arm-atollic-eabi/4.8.3/../../../../arm-atollic-eabi/lib/armv7e-m/fpu\libc.a(lib_a-mlock.o)
 .data          0x2000016c        0x0 c:/program files (x86)/atollic/truestudio for arm 5.4.1/armtools/bin/../lib/gcc/arm-atollic-eabi/4.8.3/../../../../arm-atollic-eabi/lib/armv7e-m/fpu\libc.a(lib_a-sbrkr.o)
 .data          0x2000016c        0x0 c:/program files (x86)/atollic/truestudio for arm 5.4.1/armtools/bin/../lib/gcc/arm-atollic-eabi/4.8.3/../../../../arm-atollic-eabi/lib/armv7e-m/fpu\libc.a(lib_a-syscalls.o)
 .data          0x2000016c        0x0 c:/program files (x86)/atollic/truestudio for arm 5.4.1/armtools/bin/../lib/gcc/arm-atollic-eabi/4.8.3/../../../../arm-atollic-eabi/lib/armv7e-m/fpu\libc.a(lib_a-freer.o)
 .data          0x2000016c        0x0 c:/program files (x86)/atollic/truestudio for arm 5.4.1/armtools/bin/../lib/gcc/arm-atollic-eabi/4.8.3/../../../../arm-atollic-eabi/lib/armv7e-m/fpu\libc.a(lib_a-impure.o)
 .data          0x2000016c        0x0 c:/program files (x86)/atollic/truestudio for arm 5.4.1/armtools/bin/../lib/gcc/arm-atollic-eabi/4.8.3/../../../../arm-atollic-eabi/lib/armv7e-m/fpu\libc.a(lib_a-reent.o)
 .data          0x2000016c        0x0 c:/program files (x86)/atollic/truestudio for arm 5.4.1/armtools/bin/../lib/gcc/arm-atollic-eabi/4.8.3/armv7e-m/fpu\libgcc.a(unwind-arm.o)
 .data          0x2000016c        0x0 c:/program files (x86)/atollic/truestudio for arm 5.4.1/armtools/bin/../lib/gcc/arm-atollic-eabi/4.8.3/armv7e-m/fpu\libgcc.a(libunwind.o)
 .data          0x2000016c        0x0 c:/program files (x86)/atollic/truestudio for arm 5.4.1/armtools/bin/../lib/gcc/arm-atollic-eabi/4.8.3/armv7e-m/fpu\libgcc.a(pr-support.o)
 .data          0x2000016c        0x0 c:/program files (x86)/atollic/truestudio for arm 5.4.1/armtools/bin/../lib/gcc/arm-atollic-eabi/4.8.3/../../../../arm-atollic-eabi/lib/armv7e-m/fpu\libc.a(lib_a-abort.o)
 .data          0x2000016c        0x0 c:/program files (x86)/atollic/truestudio for arm 5.4.1/armtools/bin/../lib/gcc/arm-atollic-eabi/4.8.3/../../../../arm-atollic-eabi/lib/armv7e-m/fpu\libc.a(lib_a-memcpy-stub.o)
 .data          0x2000016c        0x0 c:/program files (x86)/atollic/truestudio for arm 5.4.1/armtools/bin/../lib/gcc/arm-atollic-eabi/4.8.3/../../../../arm-atollic-eabi/lib/armv7e-m/fpu\libc.a(lib_a-signal.o)
 .data          0x2000016c        0x0 c:/program files (x86)/atollic/truestudio for arm 5.4.1/armtools/bin/../lib/gcc/arm-atollic-eabi/4.8.3/../../../../arm-atollic-eabi/lib/armv7e-m/fpu\libc.a(lib_a-signalr.o)
 .data          0x2000016c        0x0 c:/program files (x86)/atollic/truestudio for arm 5.4.1/armtools/bin/../lib/gcc/arm-atollic-eabi/4.8.3/armv7e-m/fpu/crtend.o
 .data          0x2000016c        0x0 c:/program files (x86)/atollic/truestudio for arm 5.4.1/armtools/bin/../lib/gcc/arm-atollic-eabi/4.8.3/armv7e-m/fpu/crtn.o
 *(.data*)
 .data.__malloc_av_
                0x2000016c      0x408 c:/program files (x86)/atollic/truestudio for arm 5.4.1/armtools/bin/../lib/gcc/arm-atollic-eabi/4.8.3/../../../../arm-atollic-eabi/lib/armv7e-m/fpu\libc.a(lib_a-mallocr.o)
                0x2000016c                __malloc_av_
 .data.__malloc_trim_threshold
                0x20000574        0x4 c:/program files (x86)/atollic/truestudio for arm 5.4.1/armtools/bin/../lib/gcc/arm-atollic-eabi/4.8.3/../../../../arm-atollic-eabi/lib/armv7e-m/fpu\libc.a(lib_a-mallocr.o)
                0x20000574                __malloc_trim_threshold
 .data.__malloc_sbrk_base
                0x20000578        0x4 c:/program files (x86)/atollic/truestudio for arm 5.4.1/armtools/bin/../lib/gcc/arm-atollic-eabi/4.8.3/../../../../arm-atollic-eabi/lib/armv7e-m/fpu\libc.a(lib_a-mallocr.o)
                0x20000578                __malloc_sbrk_base
 .data.environ  0x2000057c        0x4 c:/program files (x86)/atollic/truestudio for arm 5.4.1/armtools/bin/../lib/gcc/arm-atollic-eabi/4.8.3/../../../../arm-atollic-eabi/lib/armv7e-m/fpu\libc.a(lib_a-syscalls.o)
                0x2000057c                environ
 .data.impure_data
                0x20000580       0xf0 c:/program files (x86)/atollic/truestudio for arm 5.4.1/armtools/bin/../lib/gcc/arm-atollic-eabi/4.8.3/../../../../arm-atollic-eabi/lib/armv7e-m/fpu\libc.a(lib_a-impure.o)
 .data._impure_ptr
                0x20000670        0x4 c:/program files (x86)/atollic/truestudio for arm 5.4.1/armtools/bin/../lib/gcc/arm-atollic-eabi/4.8.3/../../../../arm-atollic-eabi/lib/armv7e-m/fpu\libc.a(lib_a-impure.o)
                0x20000670                _impure_ptr
                0x20000674                . = ALIGN (0x4)
                0x20000674                _edata = .
                0x0800f474                _siccmram = LOADADDR (.ccmram)

.igot.plt       0x20000674        0x0 load address 0x0800f474
 .igot.plt      0x00000000        0x0 c:/program files (x86)/atollic/truestudio for arm 5.4.1/armtools/bin/../lib/gcc/arm-atollic-eabi/4.8.3/armv7e-m/fpu/crtbegin.o

.ccmram         0x10000000        0x0 load address 0x0800f474
                0x10000000                . = ALIGN (0x4)
                0x10000000                _sccmram = .
 *(.ccmram)
 *(.ccmram*)
                0x10000000                . = ALIGN (0x4)
                0x10000000                _eccmram = .
                0x10000000                . = ALIGN (0x4)

.bss            0x20000674      0x96c
                0x20000674                _sbss = .
                0x20000674                __bss_start__ = _sbss
 *(.bss)
 .bss           0x20000674        0x0 c:/program files (x86)/atollic/truestudio for arm 5.4.1/armtools/bin/../lib/gcc/arm-atollic-eabi/4.8.3/armv7e-m/fpu/crti.o
 .bss           0x20000674       0x1c c:/program files (x86)/atollic/truestudio for arm 5.4.1/armtools/bin/../lib/gcc/arm-atollic-eabi/4.8.3/armv7e-m/fpu/crtbegin.o
 .bss           0x20000690        0x0 Src\usbd_desc.o
 .bss           0x20000690        0x0 Src\usbd_conf.o
 .bss           0x20000690        0x0 Src\usbd_cdc_if.o
 .bss           0x20000690        0x0 Src\usb_device.o
 .bss           0x20000690        0x0 Src\stm32f4xx_it.o
 .bss           0x20000690        0x0 Src\stm32f4xx_hal_msp.o
 .bss           0x20000690        0x0 Src\my_spi.o
 .bss           0x20000690        0x0 Src\main.o
 .bss           0x20000690        0x0 Src\NRF24.o
 .bss           0x20000690        0x0 Src\GPIO.o
 .bss           0x20000690        0x0 Middlewares\ST\STM32_USB_Device_Library\Core\Src\usbd_ioreq.o
 .bss           0x20000690        0x1 Middlewares\ST\STM32_USB_Device_Library\Core\Src\usbd_ctlreq.o
 .bss           0x20000691        0x0 Middlewares\ST\STM32_USB_Device_Library\Core\Src\usbd_core.o
 .bss           0x20000691        0x1 Middlewares\ST\STM32_USB_Device_Library\Class\CDC\Src\usbd_cdc.o
 *fill*         0x20000692        0x2 
 .bss           0x20000694        0x4 Drivers\STM32F4xx_HAL_Driver\Src\stm32f4xx_ll_usb.o
 .bss           0x20000698        0x0 Drivers\STM32F4xx_HAL_Driver\Src\stm32f4xx_hal_tim_ex.o
 .bss           0x20000698        0x0 Drivers\STM32F4xx_HAL_Driver\Src\stm32f4xx_hal_tim.o
 .bss           0x20000698        0x0 Drivers\STM32F4xx_HAL_Driver\Src\stm32f4xx_hal_spi.o
 .bss           0x20000698        0x0 Drivers\STM32F4xx_HAL_Driver\Src\stm32f4xx_hal_rcc_ex.o
 .bss           0x20000698        0x0 Drivers\STM32F4xx_HAL_Driver\Src\stm32f4xx_hal_rcc.o
 .bss           0x20000698        0x0 Drivers\STM32F4xx_HAL_Driver\Src\stm32f4xx_hal_pwr_ex.o
 .bss           0x20000698        0x0 Drivers\STM32F4xx_HAL_Driver\Src\stm32f4xx_hal_pwr.o
 .bss           0x20000698        0x0 Drivers\STM32F4xx_HAL_Driver\Src\stm32f4xx_hal_pcd_ex.o
 .bss           0x20000698        0x0 Drivers\STM32F4xx_HAL_Driver\Src\stm32f4xx_hal_pcd.o
 .bss           0x20000698        0x0 Drivers\STM32F4xx_HAL_Driver\Src\stm32f4xx_hal_gpio.o
 .bss           0x20000698        0x0 Drivers\STM32F4xx_HAL_Driver\Src\stm32f4xx_hal_flash_ramfunc.o
 .bss           0x20000698        0x0 Drivers\STM32F4xx_HAL_Driver\Src\stm32f4xx_hal_flash_ex.o
 .bss           0x20000698        0x0 Drivers\STM32F4xx_HAL_Driver\Src\stm32f4xx_hal_flash.o
 .bss           0x20000698        0x0 Drivers\STM32F4xx_HAL_Driver\Src\stm32f4xx_hal_dma_ex.o
 .bss           0x20000698        0x0 Drivers\STM32F4xx_HAL_Driver\Src\stm32f4xx_hal_dma.o
 .bss           0x20000698        0x0 Drivers\STM32F4xx_HAL_Driver\Src\stm32f4xx_hal_cortex.o
 .bss           0x20000698        0x0 Drivers\STM32F4xx_HAL_Driver\Src\stm32f4xx_hal.o
 .bss           0x20000698        0x0 Drivers\CMSIS\Device\ST\STM32F4xx\Source\Templates\system_stm32f4xx.o
 .bss           0x20000698        0x0 Drivers\CMSIS\Device\ST\STM32F4xx\Source\Templates\gcc\startup_stm32f407xx.o
 .bss           0x20000698        0x0 c:/program files (x86)/atollic/truestudio for arm 5.4.1/armtools/bin/../lib/gcc/arm-atollic-eabi/4.8.3/../../../../arm-atollic-eabi/lib/armv7e-m/fpu\libc.a(lib_a-init.o)
 .bss           0x20000698        0x0 c:/program files (x86)/atollic/truestudio for arm 5.4.1/armtools/bin/../lib/gcc/arm-atollic-eabi/4.8.3/../../../../arm-atollic-eabi/lib/armv7e-m/fpu\libc.a(lib_a-malloc.o)
 .bss           0x20000698        0x0 c:/program files (x86)/atollic/truestudio for arm 5.4.1/armtools/bin/../lib/gcc/arm-atollic-eabi/4.8.3/../../../../arm-atollic-eabi/lib/armv7e-m/fpu\libc.a(lib_a-mallocr.o)
 .bss           0x20000698        0x0 c:/program files (x86)/atollic/truestudio for arm 5.4.1/armtools/bin/../lib/gcc/arm-atollic-eabi/4.8.3/../../../../arm-atollic-eabi/lib/armv7e-m/fpu\libc.a(lib_a-mlock.o)
 .bss           0x20000698        0x0 c:/program files (x86)/atollic/truestudio for arm 5.4.1/armtools/bin/../lib/gcc/arm-atollic-eabi/4.8.3/../../../../arm-atollic-eabi/lib/armv7e-m/fpu\libc.a(lib_a-sbrkr.o)
 .bss           0x20000698        0x0 c:/program files (x86)/atollic/truestudio for arm 5.4.1/armtools/bin/../lib/gcc/arm-atollic-eabi/4.8.3/../../../../arm-atollic-eabi/lib/armv7e-m/fpu\libc.a(lib_a-syscalls.o)
 .bss           0x20000698        0x0 c:/program files (x86)/atollic/truestudio for arm 5.4.1/armtools/bin/../lib/gcc/arm-atollic-eabi/4.8.3/../../../../arm-atollic-eabi/lib/armv7e-m/fpu\libc.a(lib_a-freer.o)
 .bss           0x20000698        0x0 c:/program files (x86)/atollic/truestudio for arm 5.4.1/armtools/bin/../lib/gcc/arm-atollic-eabi/4.8.3/../../../../arm-atollic-eabi/lib/armv7e-m/fpu\libc.a(lib_a-impure.o)
 .bss           0x20000698        0x0 c:/program files (x86)/atollic/truestudio for arm 5.4.1/armtools/bin/../lib/gcc/arm-atollic-eabi/4.8.3/../../../../arm-atollic-eabi/lib/armv7e-m/fpu\libc.a(lib_a-reent.o)
 .bss           0x20000698        0x0 c:/program files (x86)/atollic/truestudio for arm 5.4.1/armtools/bin/../lib/gcc/arm-atollic-eabi/4.8.3/armv7e-m/fpu\libgcc.a(unwind-arm.o)
 .bss           0x20000698        0x0 c:/program files (x86)/atollic/truestudio for arm 5.4.1/armtools/bin/../lib/gcc/arm-atollic-eabi/4.8.3/armv7e-m/fpu\libgcc.a(libunwind.o)
 .bss           0x20000698        0x0 c:/program files (x86)/atollic/truestudio for arm 5.4.1/armtools/bin/../lib/gcc/arm-atollic-eabi/4.8.3/armv7e-m/fpu\libgcc.a(pr-support.o)
 .bss           0x20000698        0x0 c:/program files (x86)/atollic/truestudio for arm 5.4.1/armtools/bin/../lib/gcc/arm-atollic-eabi/4.8.3/../../../../arm-atollic-eabi/lib/armv7e-m/fpu\libc.a(lib_a-abort.o)
 .bss           0x20000698        0x0 c:/program files (x86)/atollic/truestudio for arm 5.4.1/armtools/bin/../lib/gcc/arm-atollic-eabi/4.8.3/../../../../arm-atollic-eabi/lib/armv7e-m/fpu\libc.a(lib_a-memcpy-stub.o)
 .bss           0x20000698        0x0 c:/program files (x86)/atollic/truestudio for arm 5.4.1/armtools/bin/../lib/gcc/arm-atollic-eabi/4.8.3/../../../../arm-atollic-eabi/lib/armv7e-m/fpu\libc.a(lib_a-signal.o)
 .bss           0x20000698        0x0 c:/program files (x86)/atollic/truestudio for arm 5.4.1/armtools/bin/../lib/gcc/arm-atollic-eabi/4.8.3/../../../../arm-atollic-eabi/lib/armv7e-m/fpu\libc.a(lib_a-signalr.o)
 .bss           0x20000698        0x0 c:/program files (x86)/atollic/truestudio for arm 5.4.1/armtools/bin/../lib/gcc/arm-atollic-eabi/4.8.3/armv7e-m/fpu/crtend.o
 .bss           0x20000698        0x0 c:/program files (x86)/atollic/truestudio for arm 5.4.1/armtools/bin/../lib/gcc/arm-atollic-eabi/4.8.3/armv7e-m/fpu/crtn.o
 *(.bss*)
 .bss.__malloc_max_total_mem
                0x20000698        0x4 c:/program files (x86)/atollic/truestudio for arm 5.4.1/armtools/bin/../lib/gcc/arm-atollic-eabi/4.8.3/../../../../arm-atollic-eabi/lib/armv7e-m/fpu\libc.a(lib_a-mallocr.o)
                0x20000698                __malloc_max_total_mem
 .bss.__malloc_max_sbrked_mem
                0x2000069c        0x4 c:/program files (x86)/atollic/truestudio for arm 5.4.1/armtools/bin/../lib/gcc/arm-atollic-eabi/4.8.3/../../../../arm-atollic-eabi/lib/armv7e-m/fpu\libc.a(lib_a-mallocr.o)
                0x2000069c                __malloc_max_sbrked_mem
 .bss.__malloc_top_pad
                0x200006a0        0x4 c:/program files (x86)/atollic/truestudio for arm 5.4.1/armtools/bin/../lib/gcc/arm-atollic-eabi/4.8.3/../../../../arm-atollic-eabi/lib/armv7e-m/fpu\libc.a(lib_a-mallocr.o)
                0x200006a0                __malloc_top_pad
 .bss.__malloc_current_mallinfo
                0x200006a4       0x28 c:/program files (x86)/atollic/truestudio for arm 5.4.1/armtools/bin/../lib/gcc/arm-atollic-eabi/4.8.3/../../../../arm-atollic-eabi/lib/armv7e-m/fpu\libc.a(lib_a-mallocr.o)
                0x200006a4                __malloc_current_mallinfo
 .bss.__env     0x200006cc        0x4 c:/program files (x86)/atollic/truestudio for arm 5.4.1/armtools/bin/../lib/gcc/arm-atollic-eabi/4.8.3/../../../../arm-atollic-eabi/lib/armv7e-m/fpu\libc.a(lib_a-syscalls.o)
                0x200006cc                __env
 .bss.heap_end.5122
                0x200006d0        0x4 c:/program files (x86)/atollic/truestudio for arm 5.4.1/armtools/bin/../lib/gcc/arm-atollic-eabi/4.8.3/../../../../arm-atollic-eabi/lib/armv7e-m/fpu\libc.a(lib_a-syscalls.o)
 *(COMMON)
 COMMON         0x200006d4      0x200 Src\usbd_desc.o
                0x200006d4                USBD_StrDesc
 COMMON         0x200008d4      0x3b8 Src\usbd_conf.o
                0x200008d4                hpcd_USB_OTG_FS
 COMMON         0x20000c8c      0x108 Src\usbd_cdc_if.o
                0x20000c8c                APP_rx_ptr_tail
                0x20000c90                UserRxBufferFS
                0x20000d10                UserTxBufferFS
                0x20000d90                APP_rx_ptr_head
 COMMON         0x20000d94      0x224 Src\usb_device.o
                0x20000d94                hUsbDeviceFS
 COMMON         0x20000fb8       0x20 Drivers\STM32F4xx_HAL_Driver\Src\stm32f4xx_hal_flash.o
                0x20000fb8                pFlash
 COMMON         0x20000fd8        0x4 Drivers\STM32F4xx_HAL_Driver\Src\stm32f4xx_hal.o
                0x20000fd8                uwTick
 COMMON         0x20000fdc        0x4 c:/program files (x86)/atollic/truestudio for arm 5.4.1/armtools/bin/../lib/gcc/arm-atollic-eabi/4.8.3/../../../../arm-atollic-eabi/lib/armv7e-m/fpu\libc.a(lib_a-reent.o)
                0x20000fdc                errno
                0x20000fe0                . = ALIGN (0x4)
                0x20000fe0                _ebss = .
                0x20000fe0                __bss_end__ = _ebss

._user_heap_stack
                0x20000fe0      0x400
                0x20000fe0                . = ALIGN (0x4)
                0x20000fe0                PROVIDE (end, .)
                0x20000fe0                PROVIDE (_end, .)
                0x20000fe0                . = (. + _Min_Heap_Size)
                0x200013e0                . = (. + _Min_Stack_Size)
 *fill*         0x20000fe0      0x400 
                0x200013e0                . = ALIGN (0x4)

.memory_b1_text
 *(.mb1text)
 *(.mb1text*)
 *(.mb1rodata)
 *(.mb1rodata*)

/DISCARD/
 libc.a(*)
 libm.a(*)
 libgcc.a(*)

.ARM.attributes
                0x00000000       0x30
 *(.ARM.attributes)
 .ARM.attributes
                0x00000000       0x22 c:/program files (x86)/atollic/truestudio for arm 5.4.1/armtools/bin/../lib/gcc/arm-atollic-eabi/4.8.3/armv7e-m/fpu/crti.o
 .ARM.attributes
                0x00000022       0x34 c:/program files (x86)/atollic/truestudio for arm 5.4.1/armtools/bin/../lib/gcc/arm-atollic-eabi/4.8.3/armv7e-m/fpu/crtbegin.o
 .ARM.attributes
                0x00000056       0x39 Src\usbd_desc.o
 .ARM.attributes
                0x0000008f       0x39 Src\usbd_conf.o
 .ARM.attributes
                0x000000c8       0x39 Src\usbd_cdc_if.o
 .ARM.attributes
                0x00000101       0x39 Src\usb_device.o
 .ARM.attributes
                0x0000013a       0x39 Src\stm32f4xx_it.o
 .ARM.attributes
                0x00000173       0x39 Src\stm32f4xx_hal_msp.o
 .ARM.attributes
                0x000001ac       0x39 Src\my_spi.o
 .ARM.attributes
                0x000001e5       0x39 Src\main.o
 .ARM.attributes
                0x0000021e       0x39 Src\NRF24.o
 .ARM.attributes
                0x00000257       0x39 Src\GPIO.o
 .ARM.attributes
                0x00000290       0x39 Middlewares\ST\STM32_USB_Device_Library\Core\Src\usbd_ioreq.o
 .ARM.attributes
                0x000002c9       0x39 Middlewares\ST\STM32_USB_Device_Library\Core\Src\usbd_ctlreq.o
 .ARM.attributes
                0x00000302       0x39 Middlewares\ST\STM32_USB_Device_Library\Core\Src\usbd_core.o
 .ARM.attributes
                0x0000033b       0x39 Middlewares\ST\STM32_USB_Device_Library\Class\CDC\Src\usbd_cdc.o
 .ARM.attributes
                0x00000374       0x39 Drivers\STM32F4xx_HAL_Driver\Src\stm32f4xx_ll_usb.o
 .ARM.attributes
                0x000003ad       0x39 Drivers\STM32F4xx_HAL_Driver\Src\stm32f4xx_hal_tim_ex.o
 .ARM.attributes
                0x000003e6       0x39 Drivers\STM32F4xx_HAL_Driver\Src\stm32f4xx_hal_tim.o
 .ARM.attributes
                0x0000041f       0x39 Drivers\STM32F4xx_HAL_Driver\Src\stm32f4xx_hal_spi.o
 .ARM.attributes
                0x00000458       0x39 Drivers\STM32F4xx_HAL_Driver\Src\stm32f4xx_hal_rcc_ex.o
 .ARM.attributes
                0x00000491       0x39 Drivers\STM32F4xx_HAL_Driver\Src\stm32f4xx_hal_rcc.o
 .ARM.attributes
                0x000004ca       0x39 Drivers\STM32F4xx_HAL_Driver\Src\stm32f4xx_hal_pwr_ex.o
 .ARM.attributes
                0x00000503       0x39 Drivers\STM32F4xx_HAL_Driver\Src\stm32f4xx_hal_pwr.o
 .ARM.attributes
                0x0000053c       0x39 Drivers\STM32F4xx_HAL_Driver\Src\stm32f4xx_hal_pcd_ex.o
 .ARM.attributes
                0x00000575       0x39 Drivers\STM32F4xx_HAL_Driver\Src\stm32f4xx_hal_pcd.o
 .ARM.attributes
                0x000005ae       0x39 Drivers\STM32F4xx_HAL_Driver\Src\stm32f4xx_hal_gpio.o
 .ARM.attributes
                0x000005e7       0x39 Drivers\STM32F4xx_HAL_Driver\Src\stm32f4xx_hal_flash_ramfunc.o
 .ARM.attributes
                0x00000620       0x39 Drivers\STM32F4xx_HAL_Driver\Src\stm32f4xx_hal_flash_ex.o
 .ARM.attributes
                0x00000659       0x39 Drivers\STM32F4xx_HAL_Driver\Src\stm32f4xx_hal_flash.o
 .ARM.attributes
                0x00000692       0x39 Drivers\STM32F4xx_HAL_Driver\Src\stm32f4xx_hal_dma_ex.o
 .ARM.attributes
                0x000006cb       0x39 Drivers\STM32F4xx_HAL_Driver\Src\stm32f4xx_hal_dma.o
 .ARM.attributes
                0x00000704       0x39 Drivers\STM32F4xx_HAL_Driver\Src\stm32f4xx_hal_cortex.o
 .ARM.attributes
                0x0000073d       0x39 Drivers\STM32F4xx_HAL_Driver\Src\stm32f4xx_hal.o
 .ARM.attributes
                0x00000776       0x39 Drivers\CMSIS\Device\ST\STM32F4xx\Source\Templates\system_stm32f4xx.o
 .ARM.attributes
                0x000007af       0x21 Drivers\CMSIS\Device\ST\STM32F4xx\Source\Templates\gcc\startup_stm32f407xx.o
 .ARM.attributes
                0x000007d0       0x34 c:/program files (x86)/atollic/truestudio for arm 5.4.1/armtools/bin/../lib/gcc/arm-atollic-eabi/4.8.3/../../../../arm-atollic-eabi/lib/armv7e-m/fpu\libc.a(lib_a-init.o)
 .ARM.attributes
                0x00000804       0x34 c:/program files (x86)/atollic/truestudio for arm 5.4.1/armtools/bin/../lib/gcc/arm-atollic-eabi/4.8.3/../../../../arm-atollic-eabi/lib/armv7e-m/fpu\libc.a(lib_a-malloc.o)
 .ARM.attributes
                0x00000838       0x34 c:/program files (x86)/atollic/truestudio for arm 5.4.1/armtools/bin/../lib/gcc/arm-atollic-eabi/4.8.3/../../../../arm-atollic-eabi/lib/armv7e-m/fpu\libc.a(lib_a-mallocr.o)
 .ARM.attributes
                0x0000086c       0x34 c:/program files (x86)/atollic/truestudio for arm 5.4.1/armtools/bin/../lib/gcc/arm-atollic-eabi/4.8.3/../../../../arm-atollic-eabi/lib/armv7e-m/fpu\libc.a(lib_a-mlock.o)
 .ARM.attributes
                0x000008a0       0x34 c:/program files (x86)/atollic/truestudio for arm 5.4.1/armtools/bin/../lib/gcc/arm-atollic-eabi/4.8.3/../../../../arm-atollic-eabi/lib/armv7e-m/fpu\libc.a(lib_a-sbrkr.o)
 .ARM.attributes
                0x000008d4       0x34 c:/program files (x86)/atollic/truestudio for arm 5.4.1/armtools/bin/../lib/gcc/arm-atollic-eabi/4.8.3/../../../../arm-atollic-eabi/lib/armv7e-m/fpu\libc.a(lib_a-syscalls.o)
 .ARM.attributes
                0x00000908       0x34 c:/program files (x86)/atollic/truestudio for arm 5.4.1/armtools/bin/../lib/gcc/arm-atollic-eabi/4.8.3/../../../../arm-atollic-eabi/lib/armv7e-m/fpu\libc.a(lib_a-freer.o)
 .ARM.attributes
                0x0000093c       0x34 c:/program files (x86)/atollic/truestudio for arm 5.4.1/armtools/bin/../lib/gcc/arm-atollic-eabi/4.8.3/../../../../arm-atollic-eabi/lib/armv7e-m/fpu\libc.a(lib_a-impure.o)
 .ARM.attributes
                0x00000970       0x34 c:/program files (x86)/atollic/truestudio for arm 5.4.1/armtools/bin/../lib/gcc/arm-atollic-eabi/4.8.3/../../../../arm-atollic-eabi/lib/armv7e-m/fpu\libc.a(lib_a-reent.o)
 .ARM.attributes
                0x000009a4       0x34 c:/program files (x86)/atollic/truestudio for arm 5.4.1/armtools/bin/../lib/gcc/arm-atollic-eabi/4.8.3/armv7e-m/fpu\libgcc.a(unwind-arm.o)
 .ARM.attributes
                0x000009d8       0x22 c:/program files (x86)/atollic/truestudio for arm 5.4.1/armtools/bin/../lib/gcc/arm-atollic-eabi/4.8.3/armv7e-m/fpu\libgcc.a(libunwind.o)
 .ARM.attributes
                0x000009fa       0x34 c:/program files (x86)/atollic/truestudio for arm 5.4.1/armtools/bin/../lib/gcc/arm-atollic-eabi/4.8.3/armv7e-m/fpu\libgcc.a(pr-support.o)
 .ARM.attributes
                0x00000a2e       0x34 c:/program files (x86)/atollic/truestudio for arm 5.4.1/armtools/bin/../lib/gcc/arm-atollic-eabi/4.8.3/../../../../arm-atollic-eabi/lib/armv7e-m/fpu\libc.a(lib_a-abort.o)
 .ARM.attributes
                0x00000a62       0x34 c:/program files (x86)/atollic/truestudio for arm 5.4.1/armtools/bin/../lib/gcc/arm-atollic-eabi/4.8.3/../../../../arm-atollic-eabi/lib/armv7e-m/fpu\libc.a(lib_a-memcpy-stub.o)
 .ARM.attributes
                0x00000a96       0x34 c:/program files (x86)/atollic/truestudio for arm 5.4.1/armtools/bin/../lib/gcc/arm-atollic-eabi/4.8.3/../../../../arm-atollic-eabi/lib/armv7e-m/fpu\libc.a(lib_a-signal.o)
 .ARM.attributes
                0x00000aca       0x34 c:/program files (x86)/atollic/truestudio for arm 5.4.1/armtools/bin/../lib/gcc/arm-atollic-eabi/4.8.3/../../../../arm-atollic-eabi/lib/armv7e-m/fpu\libc.a(lib_a-signalr.o)
 .ARM.attributes
                0x00000afe       0x34 c:/program files (x86)/atollic/truestudio for arm 5.4.1/armtools/bin/../lib/gcc/arm-atollic-eabi/4.8.3/armv7e-m/fpu/crtend.o
 .ARM.attributes
                0x00000b32       0x22 c:/program files (x86)/atollic/truestudio for arm 5.4.1/armtools/bin/../lib/gcc/arm-atollic-eabi/4.8.3/armv7e-m/fpu/crtn.o
OUTPUT(RoboIME-TX5.elf elf32-littlearm)

.debug_info     0x00000000    0x11096
 .debug_info    0x00000000      0x37c Src\usbd_desc.o
 .debug_info    0x0000037c     0x1499 Src\usbd_conf.o
 .debug_info    0x00001815      0x7a3 Src\usbd_cdc_if.o
 .debug_info    0x00001fb8      0x752 Src\usb_device.o
 .debug_info    0x0000270a      0x549 Src\stm32f4xx_it.o
 .debug_info    0x00002c53      0x2f8 Src\stm32f4xx_hal_msp.o
 .debug_info    0x00002f4b      0x968 Src\my_spi.o
 .debug_info    0x000038b3      0xdc4 Src\main.o
 .debug_info    0x00004677      0xe44 Src\NRF24.o
 .debug_info    0x000054bb      0x53c Src\GPIO.o
 .debug_info    0x000059f7      0x65c Middlewares\ST\STM32_USB_Device_Library\Core\Src\usbd_ioreq.o
 .debug_info    0x00006053      0x85c Middlewares\ST\STM32_USB_Device_Library\Core\Src\usbd_ctlreq.o
 .debug_info    0x000068af      0x8fb Middlewares\ST\STM32_USB_Device_Library\Core\Src\usbd_core.o
 .debug_info    0x000071aa      0xa47 Middlewares\ST\STM32_USB_Device_Library\Class\CDC\Src\usbd_cdc.o
 .debug_info    0x00007bf1     0x13e4 Drivers\STM32F4xx_HAL_Driver\Src\stm32f4xx_ll_usb.o
 .debug_info    0x00008fd5       0x99 Drivers\STM32F4xx_HAL_Driver\Src\stm32f4xx_hal_tim_ex.o
 .debug_info    0x0000906e       0x99 Drivers\STM32F4xx_HAL_Driver\Src\stm32f4xx_hal_tim.o
 .debug_info    0x00009107     0x125e Drivers\STM32F4xx_HAL_Driver\Src\stm32f4xx_hal_spi.o
 .debug_info    0x0000a365      0x509 Drivers\STM32F4xx_HAL_Driver\Src\stm32f4xx_hal_rcc_ex.o
 .debug_info    0x0000a86e      0xb0c Drivers\STM32F4xx_HAL_Driver\Src\stm32f4xx_hal_rcc.o
 .debug_info    0x0000b37a      0x4bb Drivers\STM32F4xx_HAL_Driver\Src\stm32f4xx_hal_pwr_ex.o
 .debug_info    0x0000b835      0x833 Drivers\STM32F4xx_HAL_Driver\Src\stm32f4xx_hal_pwr.o
 .debug_info    0x0000c068      0x55a Drivers\STM32F4xx_HAL_Driver\Src\stm32f4xx_hal_pcd_ex.o
 .debug_info    0x0000c5c2      0xea9 Drivers\STM32F4xx_HAL_Driver\Src\stm32f4xx_hal_pcd.o
 .debug_info    0x0000d46b      0x6f8 Drivers\STM32F4xx_HAL_Driver\Src\stm32f4xx_hal_gpio.o
 .debug_info    0x0000db63       0x99 Drivers\STM32F4xx_HAL_Driver\Src\stm32f4xx_hal_flash_ramfunc.o
 .debug_info    0x0000dbfc      0x6c3 Drivers\STM32F4xx_HAL_Driver\Src\stm32f4xx_hal_flash_ex.o
 .debug_info    0x0000e2bf      0x542 Drivers\STM32F4xx_HAL_Driver\Src\stm32f4xx_hal_flash.o
 .debug_info    0x0000e801      0x512 Drivers\STM32F4xx_HAL_Driver\Src\stm32f4xx_hal_dma_ex.o
 .debug_info    0x0000ed13      0x8cf Drivers\STM32F4xx_HAL_Driver\Src\stm32f4xx_hal_dma.o
 .debug_info    0x0000f5e2      0xd09 Drivers\STM32F4xx_HAL_Driver\Src\stm32f4xx_hal_cortex.o
 .debug_info    0x000102eb      0x84e Drivers\STM32F4xx_HAL_Driver\Src\stm32f4xx_hal.o
 .debug_info    0x00010b39      0x4a0 Drivers\CMSIS\Device\ST\STM32F4xx\Source\Templates\system_stm32f4xx.o
 .debug_info    0x00010fd9       0xbd Drivers\CMSIS\Device\ST\STM32F4xx\Source\Templates\gcc\startup_stm32f407xx.o

.debug_abbrev   0x00000000     0x3507
 .debug_abbrev  0x00000000      0x13a Src\usbd_desc.o
 .debug_abbrev  0x0000013a      0x21b Src\usbd_conf.o
 .debug_abbrev  0x00000355      0x210 Src\usbd_cdc_if.o
 .debug_abbrev  0x00000565      0x186 Src\usb_device.o
 .debug_abbrev  0x000006eb      0x156 Src\stm32f4xx_it.o
 .debug_abbrev  0x00000841       0x7d Src\stm32f4xx_hal_msp.o
 .debug_abbrev  0x000008be      0x180 Src\my_spi.o
 .debug_abbrev  0x00000a3e      0x18b Src\main.o
 .debug_abbrev  0x00000bc9      0x186 Src\NRF24.o
 .debug_abbrev  0x00000d4f      0x169 Src\GPIO.o
 .debug_abbrev  0x00000eb8      0x12b Middlewares\ST\STM32_USB_Device_Library\Core\Src\usbd_ioreq.o
 .debug_abbrev  0x00000fe3      0x1eb Middlewares\ST\STM32_USB_Device_Library\Core\Src\usbd_ctlreq.o
 .debug_abbrev  0x000011ce      0x1bb Middlewares\ST\STM32_USB_Device_Library\Core\Src\usbd_core.o
 .debug_abbrev  0x00001389      0x1e0 Middlewares\ST\STM32_USB_Device_Library\Class\CDC\Src\usbd_cdc.o
 .debug_abbrev  0x00001569      0x213 Drivers\STM32F4xx_HAL_Driver\Src\stm32f4xx_ll_usb.o
 .debug_abbrev  0x0000177c       0x4b Drivers\STM32F4xx_HAL_Driver\Src\stm32f4xx_hal_tim_ex.o
 .debug_abbrev  0x000017c7       0x4b Drivers\STM32F4xx_HAL_Driver\Src\stm32f4xx_hal_tim.o
 .debug_abbrev  0x00001812      0x1fd Drivers\STM32F4xx_HAL_Driver\Src\stm32f4xx_hal_spi.o
 .debug_abbrev  0x00001a0f      0x1a6 Drivers\STM32F4xx_HAL_Driver\Src\stm32f4xx_hal_rcc_ex.o
 .debug_abbrev  0x00001bb5      0x2ae Drivers\STM32F4xx_HAL_Driver\Src\stm32f4xx_hal_rcc.o
 .debug_abbrev  0x00001e63      0x197 Drivers\STM32F4xx_HAL_Driver\Src\stm32f4xx_hal_pwr_ex.o
 .debug_abbrev  0x00001ffa      0x1f3 Drivers\STM32F4xx_HAL_Driver\Src\stm32f4xx_hal_pwr.o
 .debug_abbrev  0x000021ed      0x15e Drivers\STM32F4xx_HAL_Driver\Src\stm32f4xx_hal_pcd_ex.o
 .debug_abbrev  0x0000234b      0x238 Drivers\STM32F4xx_HAL_Driver\Src\stm32f4xx_hal_pcd.o
 .debug_abbrev  0x00002583      0x1aa Drivers\STM32F4xx_HAL_Driver\Src\stm32f4xx_hal_gpio.o
 .debug_abbrev  0x0000272d       0x4b Drivers\STM32F4xx_HAL_Driver\Src\stm32f4xx_hal_flash_ramfunc.o
 .debug_abbrev  0x00002778      0x257 Drivers\STM32F4xx_HAL_Driver\Src\stm32f4xx_hal_flash_ex.o
 .debug_abbrev  0x000029cf      0x1dd Drivers\STM32F4xx_HAL_Driver\Src\stm32f4xx_hal_flash.o
 .debug_abbrev  0x00002bac      0x165 Drivers\STM32F4xx_HAL_Driver\Src\stm32f4xx_hal_dma_ex.o
 .debug_abbrev  0x00002d11      0x224 Drivers\STM32F4xx_HAL_Driver\Src\stm32f4xx_hal_dma.o
 .debug_abbrev  0x00002f35      0x2be Drivers\STM32F4xx_HAL_Driver\Src\stm32f4xx_hal_cortex.o
 .debug_abbrev  0x000031f3      0x201 Drivers\STM32F4xx_HAL_Driver\Src\stm32f4xx_hal.o
 .debug_abbrev  0x000033f4      0x101 Drivers\CMSIS\Device\ST\STM32F4xx\Source\Templates\system_stm32f4xx.o
 .debug_abbrev  0x000034f5       0x12 Drivers\CMSIS\Device\ST\STM32F4xx\Source\Templates\gcc\startup_stm32f407xx.o

.debug_aranges  0x00000000      0x430
 .debug_aranges
                0x00000000       0x20 Src\usbd_desc.o
 .debug_aranges
                0x00000020       0x20 Src\usbd_conf.o
 .debug_aranges
                0x00000040       0x20 Src\usbd_cdc_if.o
 .debug_aranges
                0x00000060       0x20 Src\usb_device.o
 .debug_aranges
                0x00000080       0x20 Src\stm32f4xx_it.o
 .debug_aranges
                0x000000a0       0x20 Src\stm32f4xx_hal_msp.o
 .debug_aranges
                0x000000c0       0x20 Src\my_spi.o
 .debug_aranges
                0x000000e0       0x20 Src\main.o
 .debug_aranges
                0x00000100       0x20 Src\NRF24.o
 .debug_aranges
                0x00000120       0x20 Src\GPIO.o
 .debug_aranges
                0x00000140       0x20 Middlewares\ST\STM32_USB_Device_Library\Core\Src\usbd_ioreq.o
 .debug_aranges
                0x00000160       0x20 Middlewares\ST\STM32_USB_Device_Library\Core\Src\usbd_ctlreq.o
 .debug_aranges
                0x00000180       0x20 Middlewares\ST\STM32_USB_Device_Library\Core\Src\usbd_core.o
 .debug_aranges
                0x000001a0       0x20 Middlewares\ST\STM32_USB_Device_Library\Class\CDC\Src\usbd_cdc.o
 .debug_aranges
                0x000001c0       0x20 Drivers\STM32F4xx_HAL_Driver\Src\stm32f4xx_ll_usb.o
 .debug_aranges
                0x000001e0       0x18 Drivers\STM32F4xx_HAL_Driver\Src\stm32f4xx_hal_tim_ex.o
 .debug_aranges
                0x000001f8       0x18 Drivers\STM32F4xx_HAL_Driver\Src\stm32f4xx_hal_tim.o
 .debug_aranges
                0x00000210       0x20 Drivers\STM32F4xx_HAL_Driver\Src\stm32f4xx_hal_spi.o
 .debug_aranges
                0x00000230       0x20 Drivers\STM32F4xx_HAL_Driver\Src\stm32f4xx_hal_rcc_ex.o
 .debug_aranges
                0x00000250       0x20 Drivers\STM32F4xx_HAL_Driver\Src\stm32f4xx_hal_rcc.o
 .debug_aranges
                0x00000270       0x20 Drivers\STM32F4xx_HAL_Driver\Src\stm32f4xx_hal_pwr_ex.o
 .debug_aranges
                0x00000290       0x20 Drivers\STM32F4xx_HAL_Driver\Src\stm32f4xx_hal_pwr.o
 .debug_aranges
                0x000002b0       0x20 Drivers\STM32F4xx_HAL_Driver\Src\stm32f4xx_hal_pcd_ex.o
 .debug_aranges
                0x000002d0       0x20 Drivers\STM32F4xx_HAL_Driver\Src\stm32f4xx_hal_pcd.o
 .debug_aranges
                0x000002f0       0x20 Drivers\STM32F4xx_HAL_Driver\Src\stm32f4xx_hal_gpio.o
 .debug_aranges
                0x00000310       0x18 Drivers\STM32F4xx_HAL_Driver\Src\stm32f4xx_hal_flash_ramfunc.o
 .debug_aranges
                0x00000328       0x20 Drivers\STM32F4xx_HAL_Driver\Src\stm32f4xx_hal_flash_ex.o
 .debug_aranges
                0x00000348       0x20 Drivers\STM32F4xx_HAL_Driver\Src\stm32f4xx_hal_flash.o
 .debug_aranges
                0x00000368       0x20 Drivers\STM32F4xx_HAL_Driver\Src\stm32f4xx_hal_dma_ex.o
 .debug_aranges
                0x00000388       0x20 Drivers\STM32F4xx_HAL_Driver\Src\stm32f4xx_hal_dma.o
 .debug_aranges
                0x000003a8       0x20 Drivers\STM32F4xx_HAL_Driver\Src\stm32f4xx_hal_cortex.o
 .debug_aranges
                0x000003c8       0x20 Drivers\STM32F4xx_HAL_Driver\Src\stm32f4xx_hal.o
 .debug_aranges
                0x000003e8       0x20 Drivers\CMSIS\Device\ST\STM32F4xx\Source\Templates\system_stm32f4xx.o
 .debug_aranges
                0x00000408       0x28 Drivers\CMSIS\Device\ST\STM32F4xx\Source\Templates\gcc\startup_stm32f407xx.o

.debug_line     0x00000000     0x623e
 .debug_line    0x00000000      0x1b7 Src\usbd_desc.o
 .debug_line    0x000001b7      0x306 Src\usbd_conf.o
 .debug_line    0x000004bd      0x211 Src\usbd_cdc_if.o
 .debug_line    0x000006ce      0x23a Src\usb_device.o
 .debug_line    0x00000908      0x21e Src\stm32f4xx_it.o
 .debug_line    0x00000b26      0x194 Src\stm32f4xx_hal_msp.o
 .debug_line    0x00000cba      0x2a7 Src\my_spi.o
 .debug_line    0x00000f61      0x2a7 Src\main.o
 .debug_line    0x00001208      0x33e Src\NRF24.o
 .debug_line    0x00001546      0x1f1 Src\GPIO.o
 .debug_line    0x00001737      0x1e2 Middlewares\ST\STM32_USB_Device_Library\Core\Src\usbd_ioreq.o
 .debug_line    0x00001919      0x321 Middlewares\ST\STM32_USB_Device_Library\Core\Src\usbd_ctlreq.o
 .debug_line    0x00001c3a      0x2a0 Middlewares\ST\STM32_USB_Device_Library\Core\Src\usbd_core.o
 .debug_line    0x00001eda      0x2bb Middlewares\ST\STM32_USB_Device_Library\Class\CDC\Src\usbd_cdc.o