Archive member included because of file (symbol)

c:/program files (x86)/atollic/truestudio for arm 5.4.1/armtools/bin/../lib/gcc/arm-atollic-eabi/4.8.3/../../../../arm-atollic-eabi/lib/armv7e-m/fpu\libc.a(lib_a-init.o)
                              Drivers\CMSIS\Device\ST\STM32F4xx\Source\Templates\gcc\startup_stm32f407xx.o (__libc_init_array)
c:/program files (x86)/atollic/truestudio for arm 5.4.1/armtools/bin/../lib/gcc/arm-atollic-eabi/4.8.3/../../../../arm-atollic-eabi/lib/armv7e-m/fpu\libc.a(lib_a-malloc.o)
                              Middlewares\ST\STM32_USB_Device_Library\Class\CDC\Src\usbd_cdc.o (malloc)
c:/program files (x86)/atollic/truestudio for arm 5.4.1/armtools/bin/../lib/gcc/arm-atollic-eabi/4.8.3/../../../../arm-atollic-eabi/lib/armv7e-m/fpu\libc.a(lib_a-mallocr.o)
                              c:/program files (x86)/atollic/truestudio for arm 5.4.1/armtools/bin/../lib/gcc/arm-atollic-eabi/4.8.3/../../../../arm-atollic-eabi/lib/armv7e-m/fpu\libc.a(lib_a-malloc.o) (_malloc_r)
c:/program files (x86)/atollic/truestudio for arm 5.4.1/armtools/bin/../lib/gcc/arm-atollic-eabi/4.8.3/../../../../arm-atollic-eabi/lib/armv7e-m/fpu\libc.a(lib_a-mlock.o)
                              c:/program files (x86)/atollic/truestudio for arm 5.4.1/armtools/bin/../lib/gcc/arm-atollic-eabi/4.8.3/../../../../arm-atollic-eabi/lib/armv7e-m/fpu\libc.a(lib_a-mallocr.o) (__malloc_lock)
c:/program files (x86)/atollic/truestudio for arm 5.4.1/armtools/bin/../lib/gcc/arm-atollic-eabi/4.8.3/../../../../arm-atollic-eabi/lib/armv7e-m/fpu\libc.a(lib_a-sbrkr.o)
                              c:/program files (x86)/atollic/truestudio for arm 5.4.1/armtools/bin/../lib/gcc/arm-atollic-eabi/4.8.3/../../../../arm-atollic-eabi/lib/armv7e-m/fpu\libc.a(lib_a-mallocr.o) (_sbrk_r)
c:/program files (x86)/atollic/truestudio for arm 5.4.1/armtools/bin/../lib/gcc/arm-atollic-eabi/4.8.3/../../../../arm-atollic-eabi/lib/armv7e-m/fpu\libc.a(lib_a-syscalls.o)
                              c:/program files (x86)/atollic/truestudio for arm 5.4.1/armtools/bin/../lib/gcc/arm-atollic-eabi/4.8.3/../../../../arm-atollic-eabi/lib/armv7e-m/fpu\libc.a(lib_a-sbrkr.o) (_sbrk)
c:/program files (x86)/atollic/truestudio for arm 5.4.1/armtools/bin/../lib/gcc/arm-atollic-eabi/4.8.3/../../../../arm-atollic-eabi/lib/armv7e-m/fpu\libc.a(lib_a-freer.o)
                              c:/program files (x86)/atollic/truestudio for arm 5.4.1/armtools/bin/../lib/gcc/arm-atollic-eabi/4.8.3/../../../../arm-atollic-eabi/lib/armv7e-m/fpu\libc.a(lib_a-malloc.o) (_free_r)
c:/program files (x86)/atollic/truestudio for arm 5.4.1/armtools/bin/../lib/gcc/arm-atollic-eabi/4.8.3/../../../../arm-atollic-eabi/lib/armv7e-m/fpu\libc.a(lib_a-impure.o)
                              c:/program files (x86)/atollic/truestudio for arm 5.4.1/armtools/bin/../lib/gcc/arm-atollic-eabi/4.8.3/../../../../arm-atollic-eabi/lib/armv7e-m/fpu\libc.a(lib_a-malloc.o) (_impure_ptr)
c:/program files (x86)/atollic/truestudio for arm 5.4.1/armtools/bin/../lib/gcc/arm-atollic-eabi/4.8.3/../../../../arm-atollic-eabi/lib/armv7e-m/fpu\libc.a(lib_a-reent.o)
                              c:/program files (x86)/atollic/truestudio for arm 5.4.1/armtools/bin/../lib/gcc/arm-atollic-eabi/4.8.3/../../../../arm-atollic-eabi/lib/armv7e-m/fpu\libc.a(lib_a-sbrkr.o) (errno)

Allocating common symbols
Common symbol       size              file

hUsbDeviceFS        0x224             Src\usb_device.o
errno               0x4               c:/program files (x86)/atollic/truestudio for arm 5.4.1/armtools/bin/../lib/gcc/arm-atollic-eabi/4.8.3/../../../../arm-atollic-eabi/lib/armv7e-m/fpu\libc.a(lib_a-reent.o)
APP_rx_ptr_tail     0x4               Src\usbd_cdc_if.o
hpcd_USB_OTG_FS     0x3b8             Src\usbd_conf.o
uwTick              0x4               Drivers\STM32F4xx_HAL_Driver\Src\stm32f4xx_hal.o
pFlash              0x20              Drivers\STM32F4xx_HAL_Driver\Src\stm32f4xx_hal_flash.o
UserRxBufferFS      0x80              Src\usbd_cdc_if.o
UserTxBufferFS      0x80              Src\usbd_cdc_if.o
APP_rx_ptr_head     0x4               Src\usbd_cdc_if.o
USBD_StrDesc        0x200             Src\usbd_desc.o

Discarded input sections

 .text          0x00000000        0x0 c:/program files (x86)/atollic/truestudio for arm 5.4.1/armtools/bin/../lib/gcc/arm-atollic-eabi/4.8.3/armv7e-m/fpu/crti.o
 .data          0x00000000        0x0 c:/program files (x86)/atollic/truestudio for arm 5.4.1/armtools/bin/../lib/gcc/arm-atollic-eabi/4.8.3/armv7e-m/fpu/crti.o
 .bss           0x00000000        0x0 c:/program files (x86)/atollic/truestudio for arm 5.4.1/armtools/bin/../lib/gcc/arm-atollic-eabi/4.8.3/armv7e-m/fpu/crti.o
 .data          0x00000000        0x4 c:/program files (x86)/atollic/truestudio for arm 5.4.1/armtools/bin/../lib/gcc/arm-atollic-eabi/4.8.3/armv7e-m/fpu/crtbegin.o
 .text          0x00000000        0x0 Src\usbd_desc.o
 .data          0x00000000        0x0 Src\usbd_desc.o
[...]
Memory Configuration

Name             Origin             Length             Attributes
RAM              0x20000000         0x00020000         xrw
CCMRAM           0x10000000         0x00010000         rw
FLASH            0x08000000         0x00100000         xr
*default*        0x00000000         0xffffffff

Linker script and memory map

LOAD c:/program files (x86)/atollic/truestudio for arm 5.4.1/armtools/bin/../lib/gcc/arm-atollic-eabi/4.8.3/armv7e-m/fpu/crti.o
LOAD c:/program files (x86)/atollic/truestudio for arm 5.4.1/armtools/bin/../lib/gcc/arm-atollic-eabi/4.8.3/armv7e-m/fpu/crtbegin.o
LOAD Src\usbd_desc.o
LOAD Src\usbd_conf.o
LOAD Src\usbd_cdc_if.o
LOAD Src\usb_device.o
LOAD Src\stm32f4xx_it.o
LOAD Src\stm32f4xx_hal_msp.o
LOAD Src\my_spi.o
LOAD Src\main.o
LOAD Src\NRF24.o
LOAD Src\GPIO.o
LOAD Middlewares\ST\STM32_USB_Device_Library\Core\Src\usbd_ioreq.o
LOAD Middlewares\ST\STM32_USB_Device_Library\Core\Src\usbd_ctlreq.o
LOAD Middlewares\ST\STM32_USB_Device_Library\Core\Src\usbd_core.o
LOAD Middlewares\ST\STM32_USB_Device_Library\Class\CDC\Src\usbd_cdc.o
LOAD Drivers\STM32F4xx_HAL_Driver\Src\stm32f4xx_ll_usb.o
LOAD Drivers\STM32F4xx_HAL_Driver\Src\stm32f4xx_hal_tim_ex.o
LOAD Drivers\STM32F4xx_HAL_Driver\Src\stm32f4xx_hal_tim.o
LOAD Drivers\STM32F4xx_HAL_Driver\Src\stm32f4xx_hal_spi.o
LOAD Drivers\STM32F4xx_HAL_Driver\Src\stm32f4xx_hal_rcc_ex.o
LOAD Drivers\STM32F4xx_HAL_Driver\Src\stm32f4xx_hal_rcc.o
LOAD Drivers\STM32F4xx_HAL_Driver\Src\stm32f4xx_hal_pwr_ex.o
LOAD Drivers\STM32F4xx_HAL_Driver\Src\stm32f4xx_hal_pwr.o
LOAD Drivers\STM32F4xx_HAL_Driver\Src\stm32f4xx_hal_pcd_ex.o
LOAD Drivers\STM32F4xx_HAL_Driver\Src\stm32f4xx_hal_pcd.o
LOAD Drivers\STM32F4xx_HAL_Driver\Src\stm32f4xx_hal_gpio.o
LOAD Drivers\STM32F4xx_HAL_Driver\Src\stm32f4xx_hal_flash_ramfunc.o
LOAD Drivers\STM32F4xx_HAL_Driver\Src\stm32f4xx_hal_flash_ex.o
LOAD Drivers\STM32F4xx_HAL_Driver\Src\stm32f4xx_hal_flash.o
LOAD Drivers\STM32F4xx_HAL_Driver\Src\stm32f4xx_hal_dma_ex.o
LOAD Drivers\STM32F4xx_HAL_Driver\Src\stm32f4xx_hal_dma.o
LOAD Drivers\STM32F4xx_HAL_Driver\Src\stm32f4xx_hal_cortex.o
LOAD Drivers\STM32F4xx_HAL_Driver\Src\stm32f4xx_hal.o
LOAD Drivers\CMSIS\Device\ST\STM32F4xx\Source\Templates\system_stm32f4xx.o
LOAD Drivers\CMSIS\Device\ST\STM32F4xx\Source\Templates\gcc\startup_stm32f407xx.o
START GROUP
LOAD c:/program files (x86)/atollic/truestudio for arm 5.4.1/armtools/bin/../lib/gcc/arm-atollic-eabi/4.8.3/../../../../arm-atollic-eabi/lib/armv7e-m/fpu\libc.a
LOAD c:/program files (x86)/atollic/truestudio for arm 5.4.1/armtools/bin/../lib/gcc/arm-atollic-eabi/4.8.3/../../../../arm-atollic-eabi/lib/armv7e-m/fpu\libm.a
END GROUP
                0x00001000                malloc_getpagesize_P = 0x1000
START GROUP
LOAD c:/program files (x86)/atollic/truestudio for arm 5.4.1/armtools/bin/../lib/gcc/arm-atollic-eabi/4.8.3/armv7e-m/fpu\libgcc.a
LOAD c:/program files (x86)/atollic/truestudio for arm 5.4.1/armtools/bin/../lib/gcc/arm-atollic-eabi/4.8.3/../../../../arm-atollic-eabi/lib/armv7e-m/fpu\libc.a
END GROUP
LOAD c:/program files (x86)/atollic/truestudio for arm 5.4.1/armtools/bin/../lib/gcc/arm-atollic-eabi/4.8.3/armv7e-m/fpu/crtend.o
LOAD c:/program files (x86)/atollic/truestudio for arm 5.4.1/armtools/bin/../lib/gcc/arm-atollic-eabi/4.8.3/armv7e-m/fpu/crtn.o
                0x20020000                _estack = 0x20020000
                0x00000200                _Min_Heap_Size = 0x200
                0x00000400                _Min_Stack_Size = 0x400

.isr_vector     0x08000000      0x188
                0x08000000                . = ALIGN (0x4)
 *(.isr_vector)
 .isr_vector    0x08000000      0x188 Drivers\CMSIS\Device\ST\STM32F4xx\Source\Templates\gcc\startup_stm32f407xx.o
                0x08000000                g_pfnVectors
                0x08000188                . = ALIGN (0x4)

.text           0x08000188     0x3760
                0x08000188                . = ALIGN (0x4)
 *(.text)
 .text          0x08000188       0x40 c:/program files (x86)/atollic/truestudio for arm 5.4.1/armtools/bin/../lib/gcc/arm-atollic-eabi/4.8.3/armv7e-m/fpu/crtbegin.o
 *(.text*)
 .text.USBD_FS_DeviceDescriptor
                0x080001c8        0xc Src\usbd_desc.o
                0x080001c8                USBD_FS_DeviceDescriptor
 .text.USBD_FS_LangIDStrDescriptor
                0x080001d4        0xc Src\usbd_desc.o
                0x080001d4                USBD_FS_LangIDStrDescriptor
 .text.USBD_FS_ManufacturerStrDescriptor
                0x080001e0       0x1c Src\usbd_desc.o
                0x080001e0                USBD_FS_ManufacturerStrDescriptor
 .text.USBD_FS_ProductStrDescriptor
                0x080001fc       0x1c Src\usbd_desc.o
                0x080001fc                USBD_FS_ProductStrDescriptor
 .text.USBD_FS_SerialStrDescriptor
                0x08000218       0x1c Src\usbd_desc.o
                0x08000218                USBD_FS_SerialStrDescriptor
 .text.USBD_FS_ConfigStrDescriptor
                0x08000234       0x1c Src\usbd_desc.o
                0x08000234                USBD_FS_ConfigStrDescriptor
 .text.USBD_FS_InterfaceStrDescriptor
                0x08000250       0x1c Src\usbd_desc.o
                0x08000250                USBD_FS_InterfaceStrDescriptor
 .text.HAL_PCD_MspInit
                0x0800026c       0x64 Src\usbd_conf.o
                0x0800026c                HAL_PCD_MspInit
 .text.HAL_PCD_SetupStageCallback
                0x080002d0        0xe Src\usbd_conf.o
                0x080002d0                HAL_PCD_SetupStageCallback
 .text.HAL_PCD_DataOutStageCallback
                0x080002de       0x12 Src\usbd_conf.o
                0x080002de                HAL_PCD_DataOutStageCallback
 .text.HAL_PCD_DataInStageCallback
                0x080002f0       0x10 Src\usbd_conf.o
                0x080002f0                HAL_PCD_DataInStageCallback
 .text.HAL_PCD_SOFCallback
                0x08000300        0x8 Src\usbd_conf.o
                0x08000300                HAL_PCD_SOFCallback
 .text.HAL_PCD_ResetCallback
                0x08000308       0x20 Src\usbd_conf.o
                0x08000308                HAL_PCD_ResetCallback
 .text.HAL_PCD_SuspendCallback
                0x08000328       0x30 Src\usbd_conf.o
                0x08000328                HAL_PCD_SuspendCallback
 .text.HAL_PCD_ResumeCallback
                0x08000358        0x8 Src\usbd_conf.o
                0x08000358                HAL_PCD_ResumeCallback
 .text.HAL_PCD_ISOOUTIncompleteCallback
                0x08000360        0x8 Src\usbd_conf.o
                0x08000360                HAL_PCD_ISOOUTIncompleteCallback
 .text.HAL_PCD_ISOINIncompleteCallback
                0x08000368        0x8 Src\usbd_conf.o
                0x08000368                HAL_PCD_ISOINIncompleteCallback
 .text.HAL_PCD_ConnectCallback
                0x08000370        0x8 Src\usbd_conf.o
                0x08000370                HAL_PCD_ConnectCallback
 .text.HAL_PCD_DisconnectCallback
                0x08000378        0x8 Src\usbd_conf.o
                0x08000378                HAL_PCD_DisconnectCallback
 .text.USBD_LL_Init
                0x08000380       0x60 Src\usbd_conf.o
                0x08000380                USBD_LL_Init
 .text.USBD_LL_Start
                0x080003e0        0xe Src\usbd_conf.o
                0x080003e0                USBD_LL_Start
 .text.USBD_LL_OpenEP
                0x080003ee       0x14 Src\usbd_conf.o
                0x080003ee                USBD_LL_OpenEP
 .text.USBD_LL_CloseEP
                0x08000402        0xe Src\usbd_conf.o
                0x08000402                USBD_LL_CloseEP
 .text.USBD_LL_StallEP
                0x08000410        0xe Src\usbd_conf.o
                0x08000410                USBD_LL_StallEP
 .text.USBD_LL_ClearStallEP
                0x0800041e        0xe Src\usbd_conf.o
                0x0800041e                USBD_LL_ClearStallEP
 .text.USBD_LL_IsStallEP
                0x0800042c       0x26 Src\usbd_conf.o
                0x0800042c                USBD_LL_IsStallEP
 .text.USBD_LL_SetUSBAddress
                0x08000452        0xe Src\usbd_conf.o
                0x08000452                USBD_LL_SetUSBAddress
 .text.USBD_LL_Transmit
                0x08000460        0xe Src\usbd_conf.o
                0x08000460                USBD_LL_Transmit
 .text.USBD_LL_PrepareReceive
                0x0800046e        0xe Src\usbd_conf.o
                0x0800046e                USBD_LL_PrepareReceive
 .text.USBD_LL_GetRxDataSize
                0x0800047c        0xc Src\usbd_conf.o
                0x0800047c                USBD_LL_GetRxDataSize
 .text.CDC_DeInit_FS
                0x08000488        0x4 Src\usbd_cdc_if.o
 .text.CDC_Control_FS
                0x0800048c        0x4 Src\usbd_cdc_if.o
 .text.CDC_Receive_FS
                0x08000490       0x58 Src\usbd_cdc_if.o
 .text.CDC_Init_FS
                0x080004e8       0x28 Src\usbd_cdc_if.o
 .text.CDC_Transmit_FS
                0x08000510       0x2c Src\usbd_cdc_if.o
                0x08000510                CDC_Transmit_FS
 .text.VCP_get_char
                0x0800053c       0x34 Src\usbd_cdc_if.o
                0x0800053c                VCP_get_char
 .text.MX_USB_DEVICE_Init
                0x08000570       0x54 Src\usb_device.o
                0x08000570                MX_USB_DEVICE_Init
 .text.NMI_Handler
                0x080005c4        0x2 Src\stm32f4xx_it.o
                0x080005c4                NMI_Handler
 .text.HardFault_Handler
                0x080005c6        0x2 Src\stm32f4xx_it.o
                0x080005c6                HardFault_Handler
 .text.MemManage_Handler
                0x080005c8        0x2 Src\stm32f4xx_it.o
                0x080005c8                MemManage_Handler
 .text.BusFault_Handler
                0x080005ca        0x2 Src\stm32f4xx_it.o
                0x080005ca                BusFault_Handler
 .text.UsageFault_Handler
                0x080005cc        0x2 Src\stm32f4xx_it.o
                0x080005cc                UsageFault_Handler
 .text.SVC_Handler
                0x080005ce        0x2 Src\stm32f4xx_it.o
                0x080005ce                SVC_Handler
 .text.DebugMon_Handler
                0x080005d0        0x2 Src\stm32f4xx_it.o
                0x080005d0                DebugMon_Handler
 .text.PendSV_Handler
                0x080005d2        0x2 Src\stm32f4xx_it.o
                0x080005d2                PendSV_Handler
 .text.SysTick_Handler
                0x080005d4        0xe Src\stm32f4xx_it.o
                0x080005d4                SysTick_Handler
 *fill*         0x080005e2        0x2 
 .text.OTG_FS_IRQHandler
                0x080005e4        0xc Src\stm32f4xx_it.o
                0x080005e4                OTG_FS_IRQHandler
 .text.HAL_MspInit
                0x080005f0       0x60 Src\stm32f4xx_hal_msp.o
                0x080005f0                HAL_MspInit
 .text.MySpi_Init
                0x08000650       0xa4 Src\my_spi.o
                0x08000650                MySpi_Init
 .text.MySpi_Transfer
                0x080006f4       0xa8 Src\my_spi.o
                0x080006f4                MySpi_Transfer
 .text.SystemClock_Config
                0x0800079c       0xa0 Src\main.o
                0x0800079c                SystemClock_Config
 .text.startup.main
                0x0800083c      0x128 Src\main.o
                0x0800083c                main
 .text.Error_Handler
                0x08000964        0x2 Src\main.o
                0x08000964                Error_Handler
 *fill*         0x08000966        0x2 
 .text.Nrf24_Init
                0x08000968       0x24 Src\NRF24.o
                0x08000968                Nrf24_Init
 .text.Nrf24_WriteRegister
                0x0800098c       0x4a Src\NRF24.o
                0x0800098c                Nrf24_WriteRegister
 .text.Nrf24_ReadRegister
                0x080009d6       0x44 Src\NRF24.o
                0x080009d6                Nrf24_ReadRegister
 .text.Nrf24_WritePayload
                0x08000a1a       0x48 Src\NRF24.o
                0x08000a1a                Nrf24_WritePayload
 .text.Nrf24_ReadPayload
                0x08000a62       0x48 Src\NRF24.o
                0x08000a62                Nrf24_ReadPayload
 .text.Nrf24_FlushTx
                0x08000aaa       0x20 Src\NRF24.o
                0x08000aaa                Nrf24_FlushTx
 .text.Nrf24_FlushRx
                0x08000aca       0x20 Src\NRF24.o
                0x08000aca                Nrf24_FlushRx
 .text.Nrf24_Config
                0x08000aea       0x96 Src\NRF24.o
                0x08000aea                Nrf24_Config
 .text.Nrf24_SetId
                0x08000b80       0x3c Src\NRF24.o
                0x08000b80                Nrf24_SetId
 .text.Nrf24_Test
                0x08000bbc       0x3c Src\NRF24.o
                0x08000bbc                Nrf24_Test
 .text.Nrf24_DataSent
                0x08000bf8       0x20 Src\NRF24.o
                0x08000bf8                Nrf24_DataSent
 .text.Nrf24_DataReady
                0x08000c18       0x20 Src\NRF24.o
                0x08000c18                Nrf24_DataReady
 .text.Nrf24_MaxRt
                0x08000c38       0x20 Src\NRF24.o
                0x08000c38                Nrf24_MaxRt
 .text.Nrf24_CleanDataSent
                0x08000c58       0x18 Src\NRF24.o
                0x08000c58                Nrf24_CleanDataSent
 .text.Nrf24_CleanDataReady
                0x08000c70       0x18 Src\NRF24.o
                0x08000c70                Nrf24_CleanDataReady
 .text.Nrf24_CleanMaxRt
                0x08000c88       0x18 Src\NRF24.o
                0x08000c88                Nrf24_CleanMaxRt
 .text.Nrf24_TxEmpty
                0x08000ca0       0x20 Src\NRF24.o
                0x08000ca0                Nrf24_TxEmpty
 .text.GPIO_Init
                0x08000cc0       0xe8 Src\GPIO.o
                0x08000cc0                GPIO_Init
 .text.GPIO_Status
                0x08000da8       0x14 Src\GPIO.o
                0x08000da8                GPIO_Status
 .text.GPIO_Set
                0x08000dbc        0xc Src\GPIO.o
                0x08000dbc                GPIO_Set
 .text.GPIO_Reset
                0x08000dc8        0xc Src\GPIO.o
                0x08000dc8                GPIO_Reset
 .text.GPIO_Toggle
                0x08000dd4       0x1e Src\GPIO.o
                0x08000dd4                GPIO_Toggle
 .text.USBD_CtlSendData
                0x08000df2       0x1c Middlewares\ST\STM32_USB_Device_Library\Core\Src\usbd_ioreq.o
                0x08000df2                USBD_CtlSendData
 .text.USBD_CtlContinueSendData
                0x08000e0e       0x12 Middlewares\ST\STM32_USB_Device_Library\Core\Src\usbd_ioreq.o
                0x08000e0e                USBD_CtlContinueSendData
 .text.USBD_CtlPrepareRx
                0x08000e20       0x20 Middlewares\ST\STM32_USB_Device_Library\Core\Src\usbd_ioreq.o
                0x08000e20                USBD_CtlPrepareRx
 .text.USBD_CtlContinueRx
                0x08000e40       0x12 Middlewares\ST\STM32_USB_Device_Library\Core\Src\usbd_ioreq.o
                0x08000e40                USBD_CtlContinueRx
 .text.USBD_CtlSendStatus
                0x08000e52       0x16 Middlewares\ST\STM32_USB_Device_Library\Core\Src\usbd_ioreq.o
                0x08000e52                USBD_CtlSendStatus
 .text.USBD_CtlReceiveStatus
                0x08000e68       0x16 Middlewares\ST\STM32_USB_Device_Library\Core\Src\usbd_ioreq.o
                0x08000e68                USBD_CtlReceiveStatus
 .text.USBD_ParseSetupRequest
                0x08000e7e       0x28 Middlewares\ST\STM32_USB_Device_Library\Core\Src\usbd_ctlreq.o
                0x08000e7e                USBD_ParseSetupRequest
 .text.USBD_CtlError
                0x08000ea6       0x16 Middlewares\ST\STM32_USB_Device_Library\Core\Src\usbd_ctlreq.o
                0x08000ea6                USBD_CtlError
 .text.USBD_StdDevReq
                0x08000ebc      0x218 Middlewares\ST\STM32_USB_Device_Library\Core\Src\usbd_ctlreq.o
                0x08000ebc                USBD_StdDevReq
 .text.USBD_StdItfReq
                0x080010d4       0x30 Middlewares\ST\STM32_USB_Device_Library\Core\Src\usbd_ctlreq.o
                0x080010d4                USBD_StdItfReq
 .text.USBD_StdEPReq
                0x08001104       0xc8 Middlewares\ST\STM32_USB_Device_Library\Core\Src\usbd_ctlreq.o
                0x08001104                USBD_StdEPReq
 .text.USBD_GetString
                0x080011cc       0x3c Middlewares\ST\STM32_USB_Device_Library\Core\Src\usbd_ctlreq.o
                0x080011cc                USBD_GetString
 .text.USBD_Init
                0x08001208       0x2a Middlewares\ST\STM32_USB_Device_Library\Core\Src\usbd_core.o
                0x08001208                USBD_Init
 .text.USBD_RegisterClass
                0x08001232        0xe Middlewares\ST\STM32_USB_Device_Library\Core\Src\usbd_core.o
                0x08001232                USBD_RegisterClass
 .text.USBD_Start
                0x08001240        0xa Middlewares\ST\STM32_USB_Device_Library\Core\Src\usbd_core.o
                0x08001240                USBD_Start
 .text.USBD_SetClassConfig
                0x0800124a       0x16 Middlewares\ST\STM32_USB_Device_Library\Core\Src\usbd_core.o
                0x0800124a                USBD_SetClassConfig
 .text.USBD_ClrClassConfig
                0x08001260        0xe Middlewares\ST\STM32_USB_Device_Library\Core\Src\usbd_core.o
                0x08001260                USBD_ClrClassConfig
 .text.USBD_LL_SetupStage
                0x0800126e       0x5a Middlewares\ST\STM32_USB_Device_Library\Core\Src\usbd_core.o
                0x0800126e                USBD_LL_SetupStage
 .text.USBD_LL_DataOutStage
                0x080012c8       0x60 Middlewares\ST\STM32_USB_Device_Library\Core\Src\usbd_core.o
                0x080012c8                USBD_LL_DataOutStage
 .text.USBD_LL_DataInStage
                0x08001328       0x9c Middlewares\ST\STM32_USB_Device_Library\Core\Src\usbd_core.o
                0x08001328                USBD_LL_DataInStage
 .text.USBD_LL_Reset
                0x080013c4       0x3e Middlewares\ST\STM32_USB_Device_Library\Core\Src\usbd_core.o
                0x080013c4                USBD_LL_Reset
 .text.USBD_LL_SetSpeed
                0x08001402        0x6 Middlewares\ST\STM32_USB_Device_Library\Core\Src\usbd_core.o
                0x08001402                USBD_LL_SetSpeed
 .text.USBD_LL_Suspend
                0x08001408       0x12 Middlewares\ST\STM32_USB_Device_Library\Core\Src\usbd_core.o
                0x08001408                USBD_LL_Suspend
 .text.USBD_LL_Resume
                0x0800141a        0xc Middlewares\ST\STM32_USB_Device_Library\Core\Src\usbd_core.o
                0x0800141a                USBD_LL_Resume
 .text.USBD_LL_SOF
                0x08001426       0x18 Middlewares\ST\STM32_USB_Device_Library\Core\Src\usbd_core.o
                0x08001426                USBD_LL_SOF
 .text.USBD_LL_IsoINIncomplete
                0x0800143e        0x4 Middlewares\ST\STM32_USB_Device_Library\Core\Src\usbd_core.o
                0x0800143e                USBD_LL_IsoINIncomplete
 .text.USBD_LL_IsoOUTIncomplete
                0x08001442        0x4 Middlewares\ST\STM32_USB_Device_Library\Core\Src\usbd_core.o
                0x08001442                USBD_LL_IsoOUTIncomplete
 .text.USBD_LL_DevConnected
                0x08001446        0x4 Middlewares\ST\STM32_USB_Device_Library\Core\Src\usbd_core.o
                0x08001446                USBD_LL_DevConnected
 .text.USBD_LL_DevDisconnected
                0x0800144a       0x16 Middlewares\ST\STM32_USB_Device_Library\Core\Src\usbd_core.o
                0x0800144a                USBD_LL_DevDisconnected
 .text.USBD_CDC_DataIn
                0x08001460       0x12 Middlewares\ST\STM32_USB_Device_Library\Class\CDC\Src\usbd_cdc.o
 .text.USBD_CDC_EP0_RxReady
                0x08001472       0x28 Middlewares\ST\STM32_USB_Device_Library\Class\CDC\Src\usbd_cdc.o
 *fill*         0x0800149a        0x2 
 .text.USBD_CDC_GetFSCfgDesc
                0x0800149c        0xc Middlewares\ST\STM32_USB_Device_Library\Class\CDC\Src\usbd_cdc.o
 .text.USBD_CDC_GetHSCfgDesc
                0x080014a8        0xc Middlewares\ST\STM32_USB_Device_Library\Class\CDC\Src\usbd_cdc.o
 .text.USBD_CDC_GetOtherSpeedCfgDesc
                0x080014b4        0xc Middlewares\ST\STM32_USB_Device_Library\Class\CDC\Src\usbd_cdc.o
 .text.USBD_CDC_GetDeviceQualifierDescriptor
                0x080014c0        0xc Middlewares\ST\STM32_USB_Device_Library\Class\CDC\Src\usbd_cdc.o
                0x080014c0                USBD_CDC_GetDeviceQualifierDescriptor
 .text.USBD_CDC_DataOut
                0x080014cc       0x2e Middlewares\ST\STM32_USB_Device_Library\Class\CDC\Src\usbd_cdc.o
 *fill*         0x080014fa        0x2 
 .text.USBD_CDC_Setup
                0x080014fc       0x6c Middlewares\ST\STM32_USB_Device_Library\Class\CDC\Src\usbd_cdc.o
 .text.USBD_CDC_DeInit
                0x08001568       0x3a Middlewares\ST\STM32_USB_Device_Library\Class\CDC\Src\usbd_cdc.o
 .text.USBD_CDC_Init
                0x080015a2       0x86 Middlewares\ST\STM32_USB_Device_Library\Class\CDC\Src\usbd_cdc.o
 .text.USBD_CDC_RegisterInterface
                0x08001628        0xe Middlewares\ST\STM32_USB_Device_Library\Class\CDC\Src\usbd_cdc.o
                0x08001628                USBD_CDC_RegisterInterface
 .text.USBD_CDC_SetTxBuffer
                0x08001636       0x10 Middlewares\ST\STM32_USB_Device_Library\Class\CDC\Src\usbd_cdc.o
                0x08001636                USBD_CDC_SetTxBuffer
 .text.USBD_CDC_SetRxBuffer
                0x08001646        0xc Middlewares\ST\STM32_USB_Device_Library\Class\CDC\Src\usbd_cdc.o
                0x08001646                USBD_CDC_SetRxBuffer
 .text.USBD_CDC_TransmitPacket
                0x08001652       0x2e Middlewares\ST\STM32_USB_Device_Library\Class\CDC\Src\usbd_cdc.o
                0x08001652                USBD_CDC_TransmitPacket
 .text.USBD_CDC_ReceivePacket
                0x08001680       0x26 Middlewares\ST\STM32_USB_Device_Library\Class\CDC\Src\usbd_cdc.o
                0x08001680                USBD_CDC_ReceivePacket
 *fill*         0x080016a6        0x2 
 .text.USB_CoreReset
                0x080016a8       0x30 Drivers\STM32F4xx_HAL_Driver\Src\stm32f4xx_ll_usb.o
 .text.USB_CoreInit
                0x080016d8       0x6e Drivers\STM32F4xx_HAL_Driver\Src\stm32f4xx_ll_usb.o
                0x080016d8                USB_CoreInit
 .text.USB_EnableGlobalInt
                0x08001746        0xc Drivers\STM32F4xx_HAL_Driver\Src\stm32f4xx_ll_usb.o
                0x08001746                USB_EnableGlobalInt
 .text.USB_DisableGlobalInt
                0x08001752        0xc Drivers\STM32F4xx_HAL_Driver\Src\stm32f4xx_ll_usb.o
                0x08001752                USB_DisableGlobalInt
 .text.USB_SetCurrentMode
                0x0800175e       0x2c Drivers\STM32F4xx_HAL_Driver\Src\stm32f4xx_ll_usb.o
                0x0800175e                USB_SetCurrentMode
 *fill*         0x0800178a        0x2 
 .text.USB_FlushTxFifo
                0x0800178c       0x24 Drivers\STM32F4xx_HAL_Driver\Src\stm32f4xx_ll_usb.o
                0x0800178c                USB_FlushTxFifo
 .text.USB_FlushRxFifo
                0x080017b0       0x20 Drivers\STM32F4xx_HAL_Driver\Src\stm32f4xx_ll_usb.o
                0x080017b0                USB_FlushRxFifo
 .text.USB_SetDevSpeed
                0x080017d0        0xe Drivers\STM32F4xx_HAL_Driver\Src\stm32f4xx_ll_usb.o
                0x080017d0                USB_SetDevSpeed
 *fill*         0x080017de        0x2 
 .text.USB_DevInit
                0x080017e0      0x12c Drivers\STM32F4xx_HAL_Driver\Src\stm32f4xx_ll_usb.o
                0x080017e0                USB_DevInit
 .text.USB_GetDevSpeed
                0x0800190c       0x36 Drivers\STM32F4xx_HAL_Driver\Src\stm32f4xx_ll_usb.o
                0x0800190c                USB_GetDevSpeed
 .text.USB_ActivateEndpoint
                0x08001942       0x86 Drivers\STM32F4xx_HAL_Driver\Src\stm32f4xx_ll_usb.o
                0x08001942                USB_ActivateEndpoint
 .text.USB_DeactivateEndpoint
                0x080019c8       0x6c Drivers\STM32F4xx_HAL_Driver\Src\stm32f4xx_ll_usb.o
                0x080019c8                USB_DeactivateEndpoint
 .text.USB_EP0StartXfer
                0x08001a34      0x150 Drivers\STM32F4xx_HAL_Driver\Src\stm32f4xx_ll_usb.o
                0x08001a34                USB_EP0StartXfer
 .text.USB_WritePacket
                0x08001b84       0x26 Drivers\STM32F4xx_HAL_Driver\Src\stm32f4xx_ll_usb.o
                0x08001b84                USB_WritePacket
 *fill*         0x08001baa        0x2 
 .text.USB_EPStartXfer
                0x08001bac      0x228 Drivers\STM32F4xx_HAL_Driver\Src\stm32f4xx_ll_usb.o
                0x08001bac                USB_EPStartXfer
 .text.USB_ReadPacket
                0x08001dd4       0x22 Drivers\STM32F4xx_HAL_Driver\Src\stm32f4xx_ll_usb.o
                0x08001dd4                USB_ReadPacket
 .text.USB_EPSetStall
                0x08001df6       0x64 Drivers\STM32F4xx_HAL_Driver\Src\stm32f4xx_ll_usb.o
                0x08001df6                USB_EPSetStall
 .text.USB_EPClearStall
                0x08001e5a       0x3a Drivers\STM32F4xx_HAL_Driver\Src\stm32f4xx_ll_usb.o
                0x08001e5a                USB_EPClearStall
 .text.USB_SetDevAddress
                0x08001e94       0x20 Drivers\STM32F4xx_HAL_Driver\Src\stm32f4xx_ll_usb.o
                0x08001e94                USB_SetDevAddress
 .text.USB_DevConnect
                0x08001eb4       0x18 Drivers\STM32F4xx_HAL_Driver\Src\stm32f4xx_ll_usb.o
                0x08001eb4                USB_DevConnect
 .text.USB_DevDisconnect
                0x08001ecc       0x18 Drivers\STM32F4xx_HAL_Driver\Src\stm32f4xx_ll_usb.o
                0x08001ecc                USB_DevDisconnect
 .text.USB_ReadInterrupts
                0x08001ee4        0x8 Drivers\STM32F4xx_HAL_Driver\Src\stm32f4xx_ll_usb.o
                0x08001ee4                USB_ReadInterrupts
 .text.USB_ReadDevAllOutEpInterrupt
                0x08001eec       0x10 Drivers\STM32F4xx_HAL_Driver\Src\stm32f4xx_ll_usb.o
                0x08001eec                USB_ReadDevAllOutEpInterrupt
 .text.USB_ReadDevAllInEpInterrupt
                0x08001efc       0x10 Drivers\STM32F4xx_HAL_Driver\Src\stm32f4xx_ll_usb.o
                0x08001efc                USB_ReadDevAllInEpInterrupt
 .text.USB_ReadDevOutEPInterrupt
                0x08001f0c       0x12 Drivers\STM32F4xx_HAL_Driver\Src\stm32f4xx_ll_usb.o
                0x08001f0c                USB_ReadDevOutEPInterrupt
 .text.USB_ReadDevInEPInterrupt
                0x08001f1e       0x20 Drivers\STM32F4xx_HAL_Driver\Src\stm32f4xx_ll_usb.o
                0x08001f1e                USB_ReadDevInEPInterrupt
 .text.USB_GetMode
                0x08001f3e        0x8 Drivers\STM32F4xx_HAL_Driver\Src\stm32f4xx_ll_usb.o
                0x08001f3e                USB_GetMode
 .text.USB_ActivateSetup
                0x08001f46       0x36 Drivers\STM32F4xx_HAL_Driver\Src\stm32f4xx_ll_usb.o
                0x08001f46                USB_ActivateSetup
 .text.USB_EP0_OutStart
                0x08001f7c       0x40 Drivers\STM32F4xx_HAL_Driver\Src\stm32f4xx_ll_usb.o
                0x08001f7c                USB_EP0_OutStart
 .text.HAL_SPI_MspInit
                0x08001fbc        0x2 Drivers\STM32F4xx_HAL_Driver\Src\stm32f4xx_hal_spi.o
                0x08001fbc                HAL_SPI_MspInit
 .text.HAL_SPI_Init
                0x08001fbe       0x7a Drivers\STM32F4xx_HAL_Driver\Src\stm32f4xx_hal_spi.o
                0x08001fbe                HAL_SPI_Init
 .text.HAL_RCC_OscConfig
                0x08002038      0x2b4 Drivers\STM32F4xx_HAL_Driver\Src\stm32f4xx_hal_rcc.o
                0x08002038                HAL_RCC_OscConfig
 .text.HAL_RCC_GetSysClockFreq
                0x080022ec       0x8c Drivers\STM32F4xx_HAL_Driver\Src\stm32f4xx_hal_rcc.o
                0x080022ec                HAL_RCC_GetSysClockFreq
 .text.HAL_RCC_ClockConfig
                0x08002378      0x174 Drivers\STM32F4xx_HAL_Driver\Src\stm32f4xx_hal_rcc.o
                0x08002378                HAL_RCC_ClockConfig
 .text.HAL_RCC_GetHCLKFreq
                0x080024ec        0xc Drivers\STM32F4xx_HAL_Driver\Src\stm32f4xx_hal_rcc.o
                0x080024ec                HAL_RCC_GetHCLKFreq
 .text.HAL_PCDEx_SetTxFiFo
                0x080024f8       0x42 Drivers\STM32F4xx_HAL_Driver\Src\stm32f4xx_hal_pcd_ex.o
                0x080024f8                HAL_PCDEx_SetTxFiFo
 .text.HAL_PCDEx_SetRxFiFo
                0x0800253a        0x8 Drivers\STM32F4xx_HAL_Driver\Src\stm32f4xx_hal_pcd_ex.o
                0x0800253a                HAL_PCDEx_SetRxFiFo
 .text.HAL_PCD_Init
                0x08002542       0xde Drivers\STM32F4xx_HAL_Driver\Src\stm32f4xx_hal_pcd.o
                0x08002542                HAL_PCD_Init
 .text.HAL_PCD_Start
                0x08002620       0x2a Drivers\STM32F4xx_HAL_Driver\Src\stm32f4xx_hal_pcd.o
                0x08002620                HAL_PCD_Start
 *fill*         0x0800264a        0x2 
 .text.HAL_PCD_IRQHandler
                0x0800264c      0x554 Drivers\STM32F4xx_HAL_Driver\Src\stm32f4xx_hal_pcd.o
                0x0800264c                HAL_PCD_IRQHandler
 .text.HAL_PCD_SetAddress
                0x08002ba0       0x24 Drivers\STM32F4xx_HAL_Driver\Src\stm32f4xx_hal_pcd.o
                0x08002ba0                HAL_PCD_SetAddress
 .text.HAL_PCD_EP_Open
                0x08002bc4       0x5a Drivers\STM32F4xx_HAL_Driver\Src\stm32f4xx_hal_pcd.o
                0x08002bc4                HAL_PCD_EP_Open
 .text.HAL_PCD_EP_Close
                0x08002c1e       0x48 Drivers\STM32F4xx_HAL_Driver\Src\stm32f4xx_hal_pcd.o
                0x08002c1e                HAL_PCD_EP_Close
 .text.HAL_PCD_EP_Receive
                0x08002c66       0x54 Drivers\STM32F4xx_HAL_Driver\Src\stm32f4xx_hal_pcd.o
                0x08002c66                HAL_PCD_EP_Receive
 .text.HAL_PCD_EP_GetRxCount
                0x08002cba       0x10 Drivers\STM32F4xx_HAL_Driver\Src\stm32f4xx_hal_pcd.o
                0x08002cba                HAL_PCD_EP_GetRxCount
 .text.HAL_PCD_EP_Transmit
                0x08002cca       0x52 Drivers\STM32F4xx_HAL_Driver\Src\stm32f4xx_hal_pcd.o
                0x08002cca                HAL_PCD_EP_Transmit
 .text.HAL_PCD_EP_SetStall
                0x08002d1c       0x5a Drivers\STM32F4xx_HAL_Driver\Src\stm32f4xx_hal_pcd.o
                0x08002d1c                HAL_PCD_EP_SetStall
 .text.HAL_PCD_EP_ClrStall
                0x08002d76       0x4c Drivers\STM32F4xx_HAL_Driver\Src\stm32f4xx_hal_pcd.o
                0x08002d76                HAL_PCD_EP_ClrStall
 *fill*         0x08002dc2        0x2 
 .text.HAL_GPIO_Init
                0x08002dc4      0x1cc Drivers\STM32F4xx_HAL_Driver\Src\stm32f4xx_hal_gpio.o
                0x08002dc4                HAL_GPIO_Init
 .text.HAL_GPIO_ReadPin
                0x08002f90        0xc Drivers\STM32F4xx_HAL_Driver\Src\stm32f4xx_hal_gpio.o
                0x08002f90                HAL_GPIO_ReadPin
 .text.HAL_GPIO_WritePin
                0x08002f9c        0x8 Drivers\STM32F4xx_HAL_Driver\Src\stm32f4xx_hal_gpio.o
                0x08002f9c                HAL_GPIO_WritePin
 .text.HAL_NVIC_SetPriorityGrouping
                0x08002fa4       0x24 Drivers\STM32F4xx_HAL_Driver\Src\stm32f4xx_hal_cortex.o
                0x08002fa4                HAL_NVIC_SetPriorityGrouping
 .text.HAL_NVIC_SetPriority
                0x08002fc8       0x64 Drivers\STM32F4xx_HAL_Driver\Src\stm32f4xx_hal_cortex.o
                0x08002fc8                HAL_NVIC_SetPriority
 .text.HAL_NVIC_EnableIRQ
                0x0800302c       0x18 Drivers\STM32F4xx_HAL_Driver\Src\stm32f4xx_hal_cortex.o
                0x0800302c                HAL_NVIC_EnableIRQ
 .text.HAL_SYSTICK_Config
                0x08003044       0x2c Drivers\STM32F4xx_HAL_Driver\Src\stm32f4xx_hal_cortex.o
                0x08003044                HAL_SYSTICK_Config
 .text.HAL_SYSTICK_CLKSourceConfig
                0x08003070       0x18 Drivers\STM32F4xx_HAL_Driver\Src\stm32f4xx_hal_cortex.o
                0x08003070                HAL_SYSTICK_CLKSourceConfig
 .text.HAL_SYSTICK_Callback
                0x08003088        0x2 Drivers\STM32F4xx_HAL_Driver\Src\stm32f4xx_hal_cortex.o
                0x08003088                HAL_SYSTICK_Callback
 .text.HAL_SYSTICK_IRQHandler
                0x0800308a        0x8 Drivers\STM32F4xx_HAL_Driver\Src\stm32f4xx_hal_cortex.o
                0x0800308a                HAL_SYSTICK_IRQHandler
 *fill*         0x08003092        0x2 
 .text.HAL_InitTick
                0x08003094       0x28 Drivers\STM32F4xx_HAL_Driver\Src\stm32f4xx_hal.o
                0x08003094                HAL_InitTick
 .text.HAL_Init
                0x080030bc       0x34 Drivers\STM32F4xx_HAL_Driver\Src\stm32f4xx_hal.o
                0x080030bc                HAL_Init
 .text.HAL_IncTick
                0x080030f0       0x10 Drivers\STM32F4xx_HAL_Driver\Src\stm32f4xx_hal.o
                0x080030f0                HAL_IncTick
 .text.HAL_GetTick
                0x08003100        0xc Drivers\STM32F4xx_HAL_Driver\Src\stm32f4xx_hal.o
                0x08003100                HAL_GetTick
 .text.HAL_Delay
                0x0800310c       0x1a Drivers\STM32F4xx_HAL_Driver\Src\stm32f4xx_hal.o
                0x0800310c                HAL_Delay
 *fill*         0x08003126        0x2 
 .text.SystemInit
                0x08003128       0x4c Drivers\CMSIS\Device\ST\STM32F4xx\Source\Templates\system_stm32f4xx.o
                0x08003128                SystemInit
 .text.Reset_Handler
                0x08003174       0x58 Drivers\CMSIS\Device\ST\STM32F4xx\Source\Templates\gcc\startup_stm32f407xx.o
                0x08003174                Reset_Handler
 .text.Default_Handler
                0x080031cc        0x4 Drivers\CMSIS\Device\ST\STM32F4xx\Source\Templates\gcc\startup_stm32f407xx.o
                0x080031cc                RTC_Alarm_IRQHandler
                0x080031cc                HASH_RNG_IRQHandler
                0x080031cc                EXTI2_IRQHandler
                0x080031cc                TIM8_CC_IRQHandler
                0x080031cc                TIM1_CC_IRQHandler
                0x080031cc                DMA2_Stream5_IRQHandler
                0x080031cc                DMA1_Stream5_IRQHandler
                0x080031cc                PVD_IRQHandler
                0x080031cc                SDIO_IRQHandler
                0x080031cc                TAMP_STAMP_IRQHandler
                0x080031cc                CAN2_RX1_IRQHandler
                0x080031cc                EXTI3_IRQHandler
                0x080031cc                TIM8_TRG_COM_TIM14_IRQHandler
                0x080031cc                TIM1_UP_TIM10_IRQHandler
                0x080031cc                TIM8_UP_TIM13_IRQHandler
                0x080031cc                I2C3_ER_IRQHandler
                0x080031cc                EXTI0_IRQHandler
                0x080031cc                I2C2_EV_IRQHandler
                0x080031cc                DMA1_Stream2_IRQHandler
                0x080031cc                CAN1_RX0_IRQHandler
                0x080031cc                FPU_IRQHandler
                0x080031cc                OTG_HS_WKUP_IRQHandler
                0x080031cc                CAN2_SCE_IRQHandler
                0x080031cc                DMA2_Stream2_IRQHandler
                0x080031cc                SPI1_IRQHandler
                0x080031cc                TIM6_DAC_IRQHandler
                0x080031cc                TIM1_BRK_TIM9_IRQHandler
                0x080031cc                DCMI_IRQHandler
                0x080031cc                CAN2_RX0_IRQHandler
                0x080031cc                DMA2_Stream3_IRQHandler
                0x080031cc                USART6_IRQHandler
                0x080031cc                USART3_IRQHandler
                0x080031cc                CAN1_RX1_IRQHandler
                0x080031cc                UART5_IRQHandler
                0x080031cc                DMA2_Stream0_IRQHandler
                0x080031cc                TIM4_IRQHandler
                0x080031cc                I2C1_EV_IRQHandler
                0x080031cc                DMA1_Stream6_IRQHandler
                0x080031cc                DMA1_Stream1_IRQHandler
                0x080031cc                UART4_IRQHandler
                0x080031cc                TIM3_IRQHandler
                0x080031cc                RCC_IRQHandler
                0x080031cc                TIM8_BRK_TIM12_IRQHandler
                0x080031cc                Default_Handler
                0x080031cc                EXTI15_10_IRQHandler
                0x080031cc                ADC_IRQHandler
                0x080031cc                DMA1_Stream7_IRQHandler
                0x080031cc                TIM7_IRQHandler
                0x080031cc                CAN2_TX_IRQHandler
                0x080031cc                TIM5_IRQHandler
                0x080031cc                DMA2_Stream7_IRQHandler
                0x080031cc                I2C3_EV_IRQHandler
                0x080031cc                EXTI9_5_IRQHandler
                0x080031cc                RTC_WKUP_IRQHandler
                0x080031cc                ETH_WKUP_IRQHandler
                0x080031cc                SPI2_IRQHandler
                0x080031cc                OTG_HS_EP1_IN_IRQHandler
                0x080031cc                DMA1_Stream0_IRQHandler
                0x080031cc                CAN1_TX_IRQHandler
                0x080031cc                EXTI4_IRQHandler
                0x080031cc                FSMC_IRQHandler
                0x080031cc                ETH_IRQHandler
                0x080031cc                OTG_HS_EP1_OUT_IRQHandler
                0x080031cc                WWDG_IRQHandler
                0x080031cc                TIM2_IRQHandler
                0x080031cc                OTG_FS_WKUP_IRQHandler
                0x080031cc                TIM1_TRG_COM_TIM11_IRQHandler
                0x080031cc                OTG_HS_IRQHandler
                0x080031cc                EXTI1_IRQHandler
                0x080031cc                USART2_IRQHandler
                0x080031cc                I2C2_ER_IRQHandler
                0x080031cc                DMA2_Stream1_IRQHandler
                0x080031cc                CAN1_SCE_IRQHandler
                0x080031cc                FLASH_IRQHandler
                0x080031cc                DMA2_Stream4_IRQHandler
                0x080031cc                USART1_IRQHandler
                0x080031cc                SPI3_IRQHandler
                0x080031cc                DMA1_Stream4_IRQHandler
                0x080031cc                I2C1_ER_IRQHandler
                0x080031cc                DMA2_Stream6_IRQHandler
                0x080031cc                DMA1_Stream3_IRQHandler
 .text.__libc_init_array
                0x080031d0       0x4c c:/program files (x86)/atollic/truestudio for arm 5.4.1/armtools/bin/../lib/gcc/arm-atollic-eabi/4.8.3/../../../../arm-atollic-eabi/lib/armv7e-m/fpu\libc.a(lib_a-init.o)
                0x080031d0                __libc_init_array
 .text.malloc   0x0800321c       0x10 c:/program files (x86)/atollic/truestudio for arm 5.4.1/armtools/bin/../lib/gcc/arm-atollic-eabi/4.8.3/../../../../arm-atollic-eabi/lib/armv7e-m/fpu\libc.a(lib_a-malloc.o)
                0x0800321c                malloc
 .text.free     0x0800322c       0x10 c:/program files (x86)/atollic/truestudio for arm 5.4.1/armtools/bin/../lib/gcc/arm-atollic-eabi/4.8.3/../../../../arm-atollic-eabi/lib/armv7e-m/fpu\libc.a(lib_a-malloc.o)
                0x0800322c                free
 .text._malloc_r
                0x0800323c      0x424 c:/program files (x86)/atollic/truestudio for arm 5.4.1/armtools/bin/../lib/gcc/arm-atollic-eabi/4.8.3/../../../../arm-atollic-eabi/lib/armv7e-m/fpu\libc.a(lib_a-mallocr.o)
                0x0800323c                _malloc_r
 .text.__malloc_lock
                0x08003660        0x2 c:/program files (x86)/atollic/truestudio for arm 5.4.1/armtools/bin/../lib/gcc/arm-atollic-eabi/4.8.3/../../../../arm-atollic-eabi/lib/armv7e-m/fpu\libc.a(lib_a-mlock.o)
                0x08003660                __malloc_lock
 .text.__malloc_unlock
                0x08003662        0x2 c:/program files (x86)/atollic/truestudio for arm 5.4.1/armtools/bin/../lib/gcc/arm-atollic-eabi/4.8.3/../../../../arm-atollic-eabi/lib/armv7e-m/fpu\libc.a(lib_a-mlock.o)
                0x08003662                __malloc_unlock
 .text._sbrk_r  0x08003664       0x20 c:/program files (x86)/atollic/truestudio for arm 5.4.1/armtools/bin/../lib/gcc/arm-atollic-eabi/4.8.3/../../../../arm-atollic-eabi/lib/armv7e-m/fpu\libc.a(lib_a-sbrkr.o)
                0x08003664                _sbrk_r
 .text._sbrk    0x08003684       0x34 c:/program files (x86)/atollic/truestudio for arm 5.4.1/armtools/bin/../lib/gcc/arm-atollic-eabi/4.8.3/../../../../arm-atollic-eabi/lib/armv7e-m/fpu\libc.a(lib_a-syscalls.o)
                0x08003684                _sbrk
 .text._malloc_trim_r
                0x080036b8       0xa8 c:/program files (x86)/atollic/truestudio for arm 5.4.1/armtools/bin/../lib/gcc/arm-atollic-eabi/4.8.3/../../../../arm-atollic-eabi/lib/armv7e-m/fpu\libc.a(lib_a-freer.o)
                0x080036b8                _malloc_trim_r
 .text._free_r  0x08003760      0x170 c:/program files (x86)/atollic/truestudio for arm 5.4.1/armtools/bin/../lib/gcc/arm-atollic-eabi/4.8.3/../../../../arm-atollic-eabi/lib/armv7e-m/fpu\libc.a(lib_a-freer.o)
                0x08003760                _free_r
 *(.glue_7)
 .glue_7        0x00000000        0x0 linker stubs
 *(.glue_7t)
 .glue_7t       0x00000000        0x0 linker stubs
 *(.eh_frame)
 .eh_frame      0x080038d0        0x0 c:/program files (x86)/atollic/truestudio for arm 5.4.1/armtools/bin/../lib/gcc/arm-atollic-eabi/4.8.3/armv7e-m/fpu/crtbegin.o
 *(.init)
 .init          0x080038d0        0x4 c:/program files (x86)/atollic/truestudio for arm 5.4.1/armtools/bin/../lib/gcc/arm-atollic-eabi/4.8.3/armv7e-m/fpu/crti.o
                0x080038d0                _init
 .init          0x080038d4        0x8 c:/program files (x86)/atollic/truestudio for arm 5.4.1/armtools/bin/../lib/gcc/arm-atollic-eabi/4.8.3/armv7e-m/fpu/crtn.o
 *(.fini)
 .fini          0x080038dc        0x4 c:/program files (x86)/atollic/truestudio for arm 5.4.1/armtools/bin/../lib/gcc/arm-atollic-eabi/4.8.3/armv7e-m/fpu/crti.o
                0x080038dc                _fini
 .fini          0x080038e0        0x8 c:/program files (x86)/atollic/truestudio for arm 5.4.1/armtools/bin/../lib/gcc/arm-atollic-eabi/4.8.3/armv7e-m/fpu/crtn.o
                0x080038e8                . = ALIGN (0x4)
                0x080038e8                _etext = .

.vfp11_veneer   0x080038e8        0x0
 .vfp11_veneer  0x00000000        0x0 linker stubs

.v4_bx          0x080038e8        0x0
 .v4_bx         0x00000000        0x0 linker stubs

.iplt           0x080038e8        0x0
 .iplt          0x00000000        0x0 c:/program files (x86)/atollic/truestudio for arm 5.4.1/armtools/bin/../lib/gcc/arm-atollic-eabi/4.8.3/armv7e-m/fpu/crtbegin.o

.rodata         0x080038e8       0x64
                0x080038e8                . = ALIGN (0x4)
 *(.rodata)
 *(.rodata*)
 .rodata.str1.1
                0x080038e8       0x4f Src\usbd_desc.o
 .rodata.APBAHBPrescTable
                0x08003937       0x10 Drivers\STM32F4xx_HAL_Driver\Src\stm32f4xx_hal_rcc.o
                0x08003937                APBAHBPrescTable
 .rodata.str1.1
                0x08003947        0x2 c:/program files (x86)/atollic/truestudio for arm 5.4.1/armtools/bin/../lib/gcc/arm-atollic-eabi/4.8.3/../../../../arm-atollic-eabi/lib/armv7e-m/fpu\libc.a(lib_a-impure.o)
                0x0800394c                . = ALIGN (0x4)
 *fill*         0x08003949        0x3 

.rel.dyn        0x0800394c        0x0
 .rel.iplt      0x00000000        0x0 c:/program files (x86)/atollic/truestudio for arm 5.4.1/armtools/bin/../lib/gcc/arm-atollic-eabi/4.8.3/armv7e-m/fpu/crtbegin.o

.ARM.extab
 *(.ARM.extab* .gnu.linkonce.armextab.*)

.ARM            0x0800394c        0x0
                0x0800394c                __exidx_start = .
 *(.ARM.exidx*)
                0x0800394c                __exidx_end = .

.preinit_array  0x0800394c        0x0
                0x0800394c                PROVIDE (__preinit_array_start, .)
 *(.preinit_array*)
                0x0800394c                PROVIDE (__preinit_array_end, .)

.init_array     0x0800394c        0x4
                0x0800394c                PROVIDE (__init_array_start, .)
 *(SORT(.init_array.*))
 *(.init_array*)
 .init_array    0x0800394c        0x4 c:/program files (x86)/atollic/truestudio for arm 5.4.1/armtools/bin/../lib/gcc/arm-atollic-eabi/4.8.3/armv7e-m/fpu/crtbegin.o
                0x08003950                PROVIDE (__init_array_end, .)

.fini_array     0x08003950        0x4
                0x08003950                PROVIDE (__fini_array_start, .)
 *(SORT(.fini_array.*))
 *(.fini_array*)
 .fini_array    0x08003950        0x4 c:/program files (x86)/atollic/truestudio for arm 5.4.1/armtools/bin/../lib/gcc/arm-atollic-eabi/4.8.3/armv7e-m/fpu/crtbegin.o
                0x08003954                PROVIDE (__fini_array_end, .)
                0x08003954                _sidata = LOADADDR (.data)

.data           0x20000000      0x66c load address 0x08003954
                0x20000000                . = ALIGN (0x4)
                0x20000000                _sdata = .
 *(.data)
 *(.data*)
 .data.FS_Desc  0x20000000       0x1c Src\usbd_desc.o
                0x20000000                FS_Desc
 .data.USBD_LangIDDesc
                0x2000001c        0x4 Src\usbd_desc.o
                0x2000001c                USBD_LangIDDesc
 .data.USBD_FS_DeviceDesc
                0x20000020       0x14 Src\usbd_desc.o
                0x20000020                USBD_FS_DeviceDesc
 .data.USBD_Interface_fops_FS
                0x20000034       0x10 Src\usbd_cdc_if.o
                0x20000034                USBD_Interface_fops_FS
 .data.addressRoboList
                0x20000044       0x10 Src\NRF24.o
                0x20000044                addressRoboList
 .data.USBD_CDC_CfgFSDesc
                0x20000054       0x44 Middlewares\ST\STM32_USB_Device_Library\Class\CDC\Src\usbd_cdc.o
                0x20000054                USBD_CDC_CfgFSDesc
 .data.USBD_CDC
                0x20000098       0x38 Middlewares\ST\STM32_USB_Device_Library\Class\CDC\Src\usbd_cdc.o
                0x20000098                USBD_CDC
 .data.USBD_CDC_DeviceQualifierDesc
                0x200000d0        0xc Middlewares\ST\STM32_USB_Device_Library\Class\CDC\Src\usbd_cdc.o
 .data.USBD_CDC_OtherSpeedCfgDesc
                0x200000dc       0x44 Middlewares\ST\STM32_USB_Device_Library\Class\CDC\Src\usbd_cdc.o
                0x200000dc                USBD_CDC_OtherSpeedCfgDesc
 .data.USBD_CDC_CfgHSDesc
                0x20000120       0x44 Middlewares\ST\STM32_USB_Device_Library\Class\CDC\Src\usbd_cdc.o
                0x20000120                USBD_CDC_CfgHSDesc
 .data.SystemCoreClock
                0x20000164        0x4 Drivers\CMSIS\Device\ST\STM32F4xx\Source\Templates\system_stm32f4xx.o
                0x20000164                SystemCoreClock
 .data.__malloc_av_
                0x20000168      0x408 c:/program files (x86)/atollic/truestudio for arm 5.4.1/armtools/bin/../lib/gcc/arm-atollic-eabi/4.8.3/../../../../arm-atollic-eabi/lib/armv7e-m/fpu\libc.a(lib_a-mallocr.o)
                0x20000168                __malloc_av_
 .data.__malloc_trim_threshold
                0x20000570        0x4 c:/program files (x86)/atollic/truestudio for arm 5.4.1/armtools/bin/../lib/gcc/arm-atollic-eabi/4.8.3/../../../../arm-atollic-eabi/lib/armv7e-m/fpu\libc.a(lib_a-mallocr.o)
                0x20000570                __malloc_trim_threshold
 .data.__malloc_sbrk_base
                0x20000574        0x4 c:/program files (x86)/atollic/truestudio for arm 5.4.1/armtools/bin/../lib/gcc/arm-atollic-eabi/4.8.3/../../../../arm-atollic-eabi/lib/armv7e-m/fpu\libc.a(lib_a-mallocr.o)
                0x20000574                __malloc_sbrk_base
 .data.impure_data
                0x20000578       0xf0 c:/program files (x86)/atollic/truestudio for arm 5.4.1/armtools/bin/../lib/gcc/arm-atollic-eabi/4.8.3/../../../../arm-atollic-eabi/lib/armv7e-m/fpu\libc.a(lib_a-impure.o)
 .data._impure_ptr
                0x20000668        0x4 c:/program files (x86)/atollic/truestudio for arm 5.4.1/armtools/bin/../lib/gcc/arm-atollic-eabi/4.8.3/../../../../arm-atollic-eabi/lib/armv7e-m/fpu\libc.a(lib_a-impure.o)
                0x20000668                _impure_ptr
                0x2000066c                . = ALIGN (0x4)
                0x2000066c                _edata = .
                0x08003fc0                _siccmram = LOADADDR (.ccmram)

.igot.plt       0x2000066c        0x0 load address 0x08003fc0
 .igot.plt      0x00000000        0x0 c:/program files (x86)/atollic/truestudio for arm 5.4.1/armtools/bin/../lib/gcc/arm-atollic-eabi/4.8.3/armv7e-m/fpu/crtbegin.o

.ccmram         0x10000000        0x0 load address 0x08003fc0
                0x10000000                . = ALIGN (0x4)
                0x10000000                _sccmram = .
 *(.ccmram)
 *(.ccmram*)
                0x10000000                . = ALIGN (0x4)
                0x10000000                _eccmram = .
                0x10000000                . = ALIGN (0x4)

.bss            0x2000066c      0x944
                0x2000066c                _sbss = .
                0x2000066c                __bss_start__ = _sbss
 *(.bss)
 .bss           0x2000066c       0x1c c:/program files (x86)/atollic/truestudio for arm 5.4.1/armtools/bin/../lib/gcc/arm-atollic-eabi/4.8.3/armv7e-m/fpu/crtbegin.o
 *(.bss*)
 .bss.cfgidx.8178
                0x20000688        0x1 Middlewares\ST\STM32_USB_Device_Library\Core\Src\usbd_ctlreq.o
 .bss.ifalt.8173
                0x20000689        0x1 Middlewares\ST\STM32_USB_Device_Library\Class\CDC\Src\usbd_cdc.o
 *fill*         0x2000068a        0x2 
 .bss.__malloc_max_total_mem
                0x2000068c        0x4 c:/program files (x86)/atollic/truestudio for arm 5.4.1/armtools/bin/../lib/gcc/arm-atollic-eabi/4.8.3/../../../../arm-atollic-eabi/lib/armv7e-m/fpu\libc.a(lib_a-mallocr.o)
                0x2000068c                __malloc_max_total_mem
 .bss.__malloc_max_sbrked_mem
                0x20000690        0x4 c:/program files (x86)/atollic/truestudio for arm 5.4.1/armtools/bin/../lib/gcc/arm-atollic-eabi/4.8.3/../../../../arm-atollic-eabi/lib/armv7e-m/fpu\libc.a(lib_a-mallocr.o)
                0x20000690                __malloc_max_sbrked_mem
 .bss.__malloc_top_pad
                0x20000694        0x4 c:/program files (x86)/atollic/truestudio for arm 5.4.1/armtools/bin/../lib/gcc/arm-atollic-eabi/4.8.3/../../../../arm-atollic-eabi/lib/armv7e-m/fpu\libc.a(lib_a-mallocr.o)
                0x20000694                __malloc_top_pad
 .bss.__malloc_current_mallinfo
                0x20000698       0x28 c:/program files (x86)/atollic/truestudio for arm 5.4.1/armtools/bin/../lib/gcc/arm-atollic-eabi/4.8.3/../../../../arm-atollic-eabi/lib/armv7e-m/fpu\libc.a(lib_a-mallocr.o)
                0x20000698                __malloc_current_mallinfo
 .bss.heap_end.5122
                0x200006c0        0x4 c:/program files (x86)/atollic/truestudio for arm 5.4.1/armtools/bin/../lib/gcc/arm-atollic-eabi/4.8.3/../../../../arm-atollic-eabi/lib/armv7e-m/fpu\libc.a(lib_a-syscalls.o)
 *(COMMON)
 COMMON         0x200006c4      0x200 Src\usbd_desc.o
                0x200006c4                USBD_StrDesc
 COMMON         0x200008c4      0x3b8 Src\usbd_conf.o
                0x200008c4                hpcd_USB_OTG_FS
 COMMON         0x20000c7c      0x108 Src\usbd_cdc_if.o
                0x20000c7c                APP_rx_ptr_tail
                0x20000c80                UserRxBufferFS
                0x20000d00                UserTxBufferFS
                0x20000d80                APP_rx_ptr_head
 COMMON         0x20000d84      0x224 Src\usb_device.o
                0x20000d84                hUsbDeviceFS
 COMMON         0x20000fa8        0x4 Drivers\STM32F4xx_HAL_Driver\Src\stm32f4xx_hal.o
                0x20000fa8                uwTick
 COMMON         0x20000fac        0x4 c:/program files (x86)/atollic/truestudio for arm 5.4.1/armtools/bin/../lib/gcc/arm-atollic-eabi/4.8.3/../../../../arm-atollic-eabi/lib/armv7e-m/fpu\libc.a(lib_a-reent.o)
                0x20000fac                errno
                0x20000fb0                . = ALIGN (0x4)
                0x20000fb0                _ebss = .
                0x20000fb0                __bss_end__ = _ebss

._user_heap_stack
                0x20000fb0      0x600
                0x20000fb0                . = ALIGN (0x4)
                0x20000fb0                PROVIDE (end, .)
                0x20000fb0                PROVIDE (_end, .)
                0x200011b0                . = (. + _Min_Heap_Size)
 *fill*         0x20000fb0      0x200 
                0x200015b0                . = (. + _Min_Stack_Size)
 *fill*         0x200011b0      0x400 
                0x200015b0                . = ALIGN (0x4)

/DISCARD/
 libc.a(*)
 libm.a(*)
 libgcc.a(*)

.ARM.attributes
                0x00000000       0x30
 *(.ARM.attributes)
 .ARM.attributes
                0x00000000       0x22 c:/program files (x86)/atollic/truestudio for arm 5.4.1/armtools/bin/../lib/gcc/arm-atollic-eabi/4.8.3/armv7e-m/fpu/crti.o
 .ARM.attributes
                0x00000022       0x34 c:/program files (x86)/atollic/truestudio for arm 5.4.1/armtools/bin/../lib/gcc/arm-atollic-eabi/4.8.3/armv7e-m/fpu/crtbegin.o
 .ARM.attributes
                0x00000056       0x39 Src\usbd_desc.o
 .ARM.attributes
                0x0000008f       0x39 Src\usbd_conf.o
 .ARM.attributes
                0x000000c8       0x39 Src\usbd_cdc_if.o
 .ARM.attributes
                0x00000101       0x39 Src\usb_device.o
 .ARM.attributes
                0x0000013a       0x39 Src\stm32f4xx_it.o
 .ARM.attributes
                0x00000173       0x39 Src\stm32f4xx_hal_msp.o
 .ARM.attributes
                0x000001ac       0x39 Src\my_spi.o
 .ARM.attributes
                0x000001e5       0x39 Src\main.o
 .ARM.attributes
                0x0000021e       0x39 Src\NRF24.o
 .ARM.attributes
                0x00000257       0x39 Src\GPIO.o
 .ARM.attributes
                0x00000290       0x39 Middlewares\ST\STM32_USB_Device_Library\Core\Src\usbd_ioreq.o
 .ARM.attributes
                0x000002c9       0x39 Middlewares\ST\STM32_USB_Device_Library\Core\Src\usbd_ctlreq.o
 .ARM.attributes
                0x00000302       0x39 Middlewares\ST\STM32_USB_Device_Library\Core\Src\usbd_core.o
 .ARM.attributes
                0x0000033b       0x39 Middlewares\ST\STM32_USB_Device_Library\Class\CDC\Src\usbd_cdc.o
 .ARM.attributes
                0x00000374       0x39 Drivers\STM32F4xx_HAL_Driver\Src\stm32f4xx_ll_usb.o
 .ARM.attributes
                0x000003ad       0x39 Drivers\STM32F4xx_HAL_Driver\Src\stm32f4xx_hal_spi.o
 .ARM.attributes
                0x000003e6       0x39 Drivers\STM32F4xx_HAL_Driver\Src\stm32f4xx_hal_rcc.o
 .ARM.attributes
                0x0000041f       0x39 Drivers\STM32F4xx_HAL_Driver\Src\stm32f4xx_hal_pcd_ex.o
 .ARM.attributes
                0x00000458       0x39 Drivers\STM32F4xx_HAL_Driver\Src\stm32f4xx_hal_pcd.o
 .ARM.attributes
                0x00000491       0x39 Drivers\STM32F4xx_HAL_Driver\Src\stm32f4xx_hal_gpio.o
 .ARM.attributes
                0x000004ca       0x39 Drivers\STM32F4xx_HAL_Driver\Src\stm32f4xx_hal_cortex.o
 .ARM.attributes
                0x00000503       0x39 Drivers\STM32F4xx_HAL_Driver\Src\stm32f4xx_hal.o
 .ARM.attributes
                0x0000053c       0x39 Drivers\CMSIS\Device\ST\STM32F4xx\Source\Templates\system_stm32f4xx.o
 .ARM.attributes
                0x00000575       0x21 Drivers\CMSIS\Device\ST\STM32F4xx\Source\Templates\gcc\startup_stm32f407xx.o
 .ARM.attributes
                0x00000596       0x34 c:/program files (x86)/atollic/truestudio for arm 5.4.1/armtools/bin/../lib/gcc/arm-atollic-eabi/4.8.3/../../../../arm-atollic-eabi/lib/armv7e-m/fpu\libc.a(lib_a-init.o)
 .ARM.attributes
                0x000005ca       0x34 c:/program files (x86)/atollic/truestudio for arm 5.4.1/armtools/bin/../lib/gcc/arm-atollic-eabi/4.8.3/../../../../arm-atollic-eabi/lib/armv7e-m/fpu\libc.a(lib_a-malloc.o)
 .ARM.attributes
                0x000005fe       0x34 c:/program files (x86)/atollic/truestudio for arm 5.4.1/armtools/bin/../lib/gcc/arm-atollic-eabi/4.8.3/../../../../arm-atollic-eabi/lib/armv7e-m/fpu\libc.a(lib_a-mallocr.o)
 .ARM.attributes
                0x00000632       0x34 c:/program files (x86)/atollic/truestudio for arm 5.4.1/armtools/bin/../lib/gcc/arm-atollic-eabi/4.8.3/../../../../arm-atollic-eabi/lib/armv7e-m/fpu\libc.a(lib_a-mlock.o)
 .ARM.attributes
                0x00000666       0x34 c:/program files (x86)/atollic/truestudio for arm 5.4.1/armtools/bin/../lib/gcc/arm-atollic-eabi/4.8.3/../../../../arm-atollic-eabi/lib/armv7e-m/fpu\libc.a(lib_a-sbrkr.o)
 .ARM.attributes
                0x0000069a       0x34 c:/program files (x86)/atollic/truestudio for arm 5.4.1/armtools/bin/../lib/gcc/arm-atollic-eabi/4.8.3/../../../../arm-atollic-eabi/lib/armv7e-m/fpu\libc.a(lib_a-syscalls.o)
 .ARM.attributes
                0x000006ce       0x34 c:/program files (x86)/atollic/truestudio for arm 5.4.1/armtools/bin/../lib/gcc/arm-atollic-eabi/4.8.3/../../../../arm-atollic-eabi/lib/armv7e-m/fpu\libc.a(lib_a-freer.o)
 .ARM.attributes
                0x00000702       0x34 c:/program files (x86)/atollic/truestudio for arm 5.4.1/armtools/bin/../lib/gcc/arm-atollic-eabi/4.8.3/../../../../arm-atollic-eabi/lib/armv7e-m/fpu\libc.a(lib_a-impure.o)
 .ARM.attributes
                0x00000736       0x34 c:/program files (x86)/atollic/truestudio for arm 5.4.1/armtools/bin/../lib/gcc/arm-atollic-eabi/4.8.3/../../../../arm-atollic-eabi/lib/armv7e-m/fpu\libc.a(lib_a-reent.o)
 .ARM.attributes
                0x0000076a       0x22 c:/program files (x86)/atollic/truestudio for arm 5.4.1/armtools/bin/../lib/gcc/arm-atollic-eabi/4.8.3/armv7e-m/fpu/crtn.o
OUTPUT(RoboIME-TX3.elf elf32-littlearm)

.debug_info     0x00000000    0x11754
 .debug_info    0x00000000      0x4e5 Src\usbd_desc.o
 .debug_info    0x000004e5     0x1a34 Src\usbd_conf.o
 .debug_info    0x00001f19      0x88c Src\usbd_cdc_if.o
 .debug_info    0x000027a5      0x839 Src\usb_device.o
 .debug_info    0x00002fde      0x595 Src\stm32f4xx_it.o
 .debug_info    0x00003573      0x413 Src\stm32f4xx_hal_msp.o
 .debug_info    0x00003986      0xaa2 Src\my_spi.o
 .debug_info    0x00004428     0x12a6 Src\main.o
 .debug_info    0x000056ce     0x1382 Src\NRF24.o
 .debug_info    0x00006a50      0x636 Src\GPIO.o
 .debug_info    0x00007086      0x78b Middlewares\ST\STM32_USB_Device_Library\Core\Src\usbd_ioreq.o
 .debug_info    0x00007811      0xc12 Middlewares\ST\STM32_USB_Device_Library\Core\Src\usbd_ctlreq.o
 .debug_info    0x00008423      0xcca Middlewares\ST\STM32_USB_Device_Library\Core\Src\usbd_core.o
 .debug_info    0x000090ed      0xcfe Middlewares\ST\STM32_USB_Device_Library\Class\CDC\Src\usbd_cdc.o
 .debug_info    0x00009deb     0x161f Drivers\STM32F4xx_HAL_Driver\Src\stm32f4xx_ll_usb.o
 .debug_info    0x0000b40a     0x17c9 Drivers\STM32F4xx_HAL_Driver\Src\stm32f4xx_hal_spi.o
 .debug_info    0x0000cbd3      0xc7f Drivers\STM32F4xx_HAL_Driver\Src\stm32f4xx_hal_rcc.o
 .debug_info    0x0000d852      0x55d Drivers\STM32F4xx_HAL_Driver\Src\stm32f4xx_hal_pcd_ex.o
 .debug_info    0x0000ddaf     0x15ad Drivers\STM32F4xx_HAL_Driver\Src\stm32f4xx_hal_pcd.o
 .debug_info    0x0000f35c      0x70e Drivers\STM32F4xx_HAL_Driver\Src\stm32f4xx_hal_gpio.o
 .debug_info    0x0000fa6a      0xe76 Drivers\STM32F4xx_HAL_Driver\Src\stm32f4xx_hal_cortex.o
 .debug_info    0x000108e0      0x912 Drivers\STM32F4xx_HAL_Driver\Src\stm32f4xx_hal.o
 .debug_info    0x000111f2      0x4a5 Drivers\CMSIS\Device\ST\STM32F4xx\Source\Templates\system_stm32f4xx.o
 .debug_info    0x00011697       0xbd Drivers\CMSIS\Device\ST\STM32F4xx\Source\Templates\gcc\startup_stm32f407xx.o

.debug_abbrev   0x00000000     0x319c
 .debug_abbrev  0x00000000      0x1c4 Src\usbd_desc.o
 .debug_abbrev  0x000001c4      0x2cb Src\usbd_conf.o
 .debug_abbrev  0x0000048f      0x236 Src\usbd_cdc_if.o
 .debug_abbrev  0x000006c5      0x1d2 Src\usb_device.o
 .debug_abbrev  0x00000897      0x1ad Src\stm32f4xx_it.o
 .debug_abbrev  0x00000a44       0xd1 Src\stm32f4xx_hal_msp.o
 .debug_abbrev  0x00000b15      0x1f9 Src\my_spi.o
 .debug_abbrev  0x00000d0e      0x26a Src\main.o
 .debug_abbrev  0x00000f78      0x21b Src\NRF24.o
 .debug_abbrev  0x00001193      0x1e9 Src\GPIO.o
 .debug_abbrev  0x0000137c      0x16a Middlewares\ST\STM32_USB_Device_Library\Core\Src\usbd_ioreq.o
 .debug_abbrev  0x000014e6      0x2d2 Middlewares\ST\STM32_USB_Device_Library\Core\Src\usbd_ctlreq.o
 .debug_abbrev  0x000017b8      0x278 Middlewares\ST\STM32_USB_Device_Library\Core\Src\usbd_core.o
 .debug_abbrev  0x00001a30      0x26f Middlewares\ST\STM32_USB_Device_Library\Class\CDC\Src\usbd_cdc.o
 .debug_abbrev  0x00001c9f      0x26d Drivers\STM32F4xx_HAL_Driver\Src\stm32f4xx_ll_usb.o
 .debug_abbrev  0x00001f0c      0x2e3 Drivers\STM32F4xx_HAL_Driver\Src\stm32f4xx_hal_spi.o
 .debug_abbrev  0x000021ef      0x341 Drivers\STM32F4xx_HAL_Driver\Src\stm32f4xx_hal_rcc.o
 .debug_abbrev  0x00002530      0x16d Drivers\STM32F4xx_HAL_Driver\Src\stm32f4xx_hal_pcd_ex.o
 .debug_abbrev  0x0000269d      0x2ec Drivers\STM32F4xx_HAL_Driver\Src\stm32f4xx_hal_pcd.o
 .debug_abbrev  0x00002989      0x1c8 Drivers\STM32F4xx_HAL_Driver\Src\stm32f4xx_hal_gpio.o
 .debug_abbrev  0x00002b51      0x2e0 Drivers\STM32F4xx_HAL_Driver\Src\stm32f4xx_hal_cortex.o
 .debug_abbrev  0x00002e31      0x258 Drivers\STM32F4xx_HAL_Driver\Src\stm32f4xx_hal.o
 .debug_abbrev  0x00003089      0x101 Drivers\CMSIS\Device\ST\STM32F4xx\Source\Templates\system_stm32f4xx.o
 .debug_abbrev  0x0000318a       0x12 Drivers\CMSIS\Device\ST\STM32F4xx\Source\Templates\gcc\startup_stm32f407xx.o

.debug_loc      0x00000000     0x6d99
 .debug_loc     0x00000000      0x273 Src\usbd_desc.o
 .debug_loc     0x00000273      0x71e Src\usbd_conf.o
 .debug_loc     0x00000991      0x17b Src\usbd_cdc_if.o
 .debug_loc     0x00000b0c      0x19d Src\my_spi.o
 .debug_loc     0x00000ca9       0x71 Src\main.o
 .debug_loc     0x00000d1a      0x77c Src\NRF24.o
 .debug_loc     0x00001496      0x1ce Src\GPIO.o
 .debug_loc     0x00001664      0x204 Middlewares\ST\STM32_USB_Device_Library\Core\Src\usbd_ioreq.o
 .debug_loc     0x00001868      0x659 Middlewares\ST\STM32_USB_Device_Library\Core\Src\usbd_ctlreq.o
 .debug_loc     0x00001ec1      0x65e Middlewares\ST\STM32_USB_Device_Library\Core\Src\usbd_core.o
 .debug_loc     0x0000251f      0x4b7 Middlewares\ST\STM32_USB_Device_Library\Class\CDC\Src\usbd_cdc.o
 .debug_loc     0x000029d6     0x131b Drivers\STM32F4xx_HAL_Driver\Src\stm32f4xx_ll_usb.o
 .debug_loc     0x00003cf1     0x15b8 Drivers\STM32F4xx_HAL_Driver\Src\stm32f4xx_hal_spi.o
 .debug_loc     0x000052a9      0x600 Drivers\STM32F4xx_HAL_Driver\Src\stm32f4xx_hal_rcc.o
 .debug_loc     0x000058a9       0xd1 Drivers\STM32F4xx_HAL_Driver\Src\stm32f4xx_hal_pcd_ex.o
 .debug_loc     0x0000597a      0xaba Drivers\STM32F4xx_HAL_Driver\Src\stm32f4xx_hal_pcd.o
 .debug_loc     0x00006434      0x3e3 Drivers\STM32F4xx_HAL_Driver\Src\stm32f4xx_hal_gpio.o
 .debug_loc     0x00006817      0x422 Drivers\STM32F4xx_HAL_Driver\Src\stm32f4xx_hal_cortex.o
 .debug_loc     0x00006c39       0x9c Drivers\STM32F4xx_HAL_Driver\Src\stm32f4xx_hal.o
 .debug_loc     0x00006cd5       0xc4 Drivers\CMSIS\Device\ST\STM32F4xx\Source\Templates\system_stm32f4xx.o

.debug_aranges  0x00000000      0xc58
 .debug_aranges
                0x00000000       0x50 Src\usbd_desc.o
 .debug_aranges
                0x00000050       0xf8 Src\usbd_conf.o
 .debug_aranges
                0x00000148       0x48 Src\usbd_cdc_if.o
 .debug_aranges
                0x00000190       0x20 Src\usb_device.o
 .debug_aranges
                0x000001b0       0x68 Src\stm32f4xx_it.o
 .debug_aranges
                0x00000218       0x20 Src\stm32f4xx_hal_msp.o
 .debug_aranges
                0x00000238       0x30 Src\my_spi.o
 .debug_aranges
                0x00000268       0x30 Src\main.o
 .debug_aranges
                0x00000298       0xc8 Src\NRF24.o
 .debug_aranges
                0x00000360       0x40 Src\GPIO.o
 .debug_aranges
                0x000003a0       0x50 Middlewares\ST\STM32_USB_Device_Library\Core\Src\usbd_ioreq.o
 .debug_aranges
                0x000003f0       0x48 Middlewares\ST\STM32_USB_Device_Library\Core\Src\usbd_ctlreq.o
 .debug_aranges
                0x00000438       0xb8 Middlewares\ST\STM32_USB_Device_Library\Core\Src\usbd_core.o
 .debug_aranges
                0x000004f0       0x90 Middlewares\ST\STM32_USB_Device_Library\Class\CDC\Src\usbd_cdc.o
 .debug_aranges
                0x00000580      0x180 Drivers\STM32F4xx_HAL_Driver\Src\stm32f4xx_ll_usb.o
 .debug_aranges
                0x00000700      0x190 Drivers\STM32F4xx_HAL_Driver\Src\stm32f4xx_hal_spi.o
 .debug_aranges
                0x00000890       0x88 Drivers\STM32F4xx_HAL_Driver\Src\stm32f4xx_hal_rcc.o
 .debug_aranges
                0x00000918       0x28 Drivers\STM32F4xx_HAL_Driver\Src\stm32f4xx_hal_pcd_ex.o
 .debug_aranges
                0x00000940      0x118 Drivers\STM32F4xx_HAL_Driver\Src\stm32f4xx_hal_pcd.o
 .debug_aranges
                0x00000a58       0x58 Drivers\STM32F4xx_HAL_Driver\Src\stm32f4xx_hal_gpio.o
 .debug_aranges
                0x00000ab0       0x98 Drivers\STM32F4xx_HAL_Driver\Src\stm32f4xx_hal_cortex.o
 .debug_aranges
                0x00000b48       0xc0 Drivers\STM32F4xx_HAL_Driver\Src\stm32f4xx_hal.o
 .debug_aranges
                0x00000c08       0x28 Drivers\CMSIS\Device\ST\STM32F4xx\Source\Templates\system_stm32f4xx.o
 .debug_aranges
                0x00000c30       0x28 Drivers\CMSIS\Device\ST\STM32F4xx\Source\Templates\gcc\startup_stm32f407xx.o

.debug_ranges   0x00000000      0xd58
 .debug_ranges  0x00000000       0xa0 Src\usbd_desc.o
 .debug_ranges  0x000000a0      0x100 Src\usbd_conf.o
 .debug_ranges  0x000001a0       0x38 Src\usbd_cdc_if.o
 .debug_ranges  0x000001d8       0x38 Src\usb_device.o
 .debug_ranges  0x00000210       0x58 Src\stm32f4xx_it.o
 .debug_ranges  0x00000268       0x10 Src\stm32f4xx_hal_msp.o
 .debug_ranges  0x00000278       0x60 Src\my_spi.o
 .debug_ranges  0x000002d8       0x40 Src\main.o
 .debug_ranges  0x00000318       0xb8 Src\NRF24.o
 .debug_ranges  0x000003d0       0x30 Src\GPIO.o
 .debug_ranges  0x00000400       0x40 Middlewares\ST\STM32_USB_Device_Library\Core\Src\usbd_ioreq.o
 .debug_ranges  0x00000440       0x38 Middlewares\ST\STM32_USB_Device_Library\Core\Src\usbd_ctlreq.o
 .debug_ranges  0x00000478       0xa8 Middlewares\ST\STM32_USB_Device_Library\Core\Src\usbd_core.o
 .debug_ranges  0x00000520       0x80 Middlewares\ST\STM32_USB_Device_Library\Class\CDC\Src\usbd_cdc.o
 .debug_ranges  0x000005a0      0x170 Drivers\STM32F4xx_HAL_Driver\Src\stm32f4xx_ll_usb.o
 .debug_ranges  0x00000710      0x1b0 Drivers\STM32F4xx_HAL_Driver\Src\stm32f4xx_hal_spi.o
 .debug_ranges  0x000008c0      0x170 Drivers\STM32F4xx_HAL_Driver\Src\stm32f4xx_hal_rcc.o
 .debug_ranges  0x00000a30       0x18 Drivers\STM32F4xx_HAL_Driver\Src\stm32f4xx_hal_pcd_ex.o
 .debug_ranges  0x00000a48      0x108 Drivers\STM32F4xx_HAL_Driver\Src\stm32f4xx_hal_pcd.o
 .debug_ranges  0x00000b50       0x48 Drivers\STM32F4xx_HAL_Driver\Src\stm32f4xx_hal_gpio.o
 .debug_ranges  0x00000b98       0xd8 Drivers\STM32F4xx_HAL_Driver\Src\stm32f4xx_hal_cortex.o
 .debug_ranges  0x00000c70       0xb0 Drivers\STM32F4xx_HAL_Driver\Src\stm32f4xx_hal.o
 .debug_ranges  0x00000d20       0x18 Drivers\CMSIS\Device\ST\STM32F4xx\Source\Templates\system_stm32f4xx.o
 .debug_ranges  0x00000d38       0x20 Drivers\CMSIS\Device\ST\STM32F4xx\Source\Templates\gcc\startup_stm32f407xx.o

.debug_line     0x00000000     0x59d1
 .debug_line    0x00000000      0x211 Src\usbd_desc.o
 .debug_line    0x00000211      0x4cc Src\usbd_conf.o
 .debug_line    0x000006dd      0x250 Src\usbd_cdc_if.o
 .debug_line    0x0000092d      0x24f Src\usb_device.o
 .debug_line    0x00000b7c      0x2b0 Src\stm32f4xx_it.o
 .debug_line    0x00000e2c      0x1d3 Src\stm32f4xx_hal_msp.o
 .debug_line    0x00000fff      0x2d2 Src\my_spi.o
 .debug_line    0x000012d1      0x33b Src\main.o
 .debug_line    0x0000160c      0x437 Src\NRF24.o
 .debug_line    0x00001a43      0x22f Src\GPIO.o
 .debug_line    0x00001c72      0x241 Middlewares\ST\STM32_USB_Device_Library\Core\Src\usbd_ioreq.o
 .debug_line    0x00001eb3      0x2e0 Middlewares\ST\STM32_USB_Device_Library\Core\Src\usbd_ctlreq.o
 .debug_line    0x00002193      0x3ba Middlewares\ST\STM32_USB_Device_Library\Core\Src\usbd_core.o
 .debug_line    0x0000254d      0x413 Middlewares\ST\STM32_USB_Device_Library\Class\CDC\Src\usbd_cdc.o
 .debug_line    0x00002960      0x7df Drivers\STM32F4xx_HAL_Driver\Src\stm32f4xx_ll_usb.o
 .debug_line    0x0000313f      0xb5b Drivers\STM32F4xx_HAL_Driver\Src\stm32f4xx_hal_spi.o
 .debug_line    0x00003c9a      0x5a6 Drivers\STM32F4xx_HAL_Driver\Src\stm32f4xx_hal_rcc.o
 .debug_line    0x00004240      0x243 Drivers\STM32F4xx_HAL_Driver\Src\stm32f4xx_hal_pcd_ex.o
 .debug_line    0x00004483      0x767 Drivers\STM32F4xx_HAL_Driver\Src\stm32f4xx_hal_pcd.o
 .debug_line    0x00004bea      0x3b2 Drivers\STM32F4xx_HAL_Driver\Src\stm32f4xx_hal_gpio.o
 .debug_line    0x00004f9c      0x3e0 Drivers\STM32F4xx_HAL_Driver\Src\stm32f4xx_hal_cortex.o
 .debug_line    0x0000537c      0x3b7 Drivers\STM32F4xx_HAL_Driver\Src\stm32f4xx_hal.o
 .debug_line    0x00005733      0x1f0 Drivers\CMSIS\Device\ST\STM32F4xx\Source\Templates\system_stm32f4xx.o
 .debug_line    0x00005923       0xae Drivers\CMSIS\Device\ST\STM32F4xx\Source\Templates\gcc\startup_stm32f407xx.o

.debug_str      0x00000000     0x39d7
 .debug_str     0x00000000      0x3b5 Src\usbd_desc.o
                                0x414 (size before relaxing)
 .debug_str     0x000003b5     0x10ff Src\usbd_conf.o
                               0x149c (size before relaxing)
 .debug_str     0x000014b4      0x1b1 Src\usbd_cdc_if.o
                                0x76b (size before relaxing)
 .debug_str     0x00001665       0x73 Src\usb_device.o
                                0x77f (size before relaxing)
 .debug_str     0x000016d8       0xee Src\stm32f4xx_it.o
                                0x5f2 (size before relaxing)
 .debug_str     0x000017c6       0x44 Src\stm32f4xx_hal_msp.o
                                0x71e (size before relaxing)
 .debug_str     0x0000180a      0x45c Src\my_spi.o
                                0x886 (size before relaxing)
 .debug_str     0x00001c66      0x2e9 Src\main.o
                                0xff6 (size before relaxing)
 .debug_str     0x00001f4f       0xe0 Src\NRF24.o
                                0x887 (size before relaxing)
 .debug_str     0x0000202f       0x85 Src\GPIO.o
                                0x42d (size before relaxing)
 .debug_str     0x000020b4       0xc9 Middlewares\ST\STM32_USB_Device_Library\Core\Src\usbd_ioreq.o
                                0x6b4 (size before relaxing)
 .debug_str     0x0000217d      0x14c Middlewares\ST\STM32_USB_Device_Library\Core\Src\usbd_ctlreq.o
                                0x787 (size before relaxing)
 .debug_str     0x000022c9       0x7b Middlewares\ST\STM32_USB_Device_Library\Core\Src\usbd_core.o
                                0x86d (size before relaxing)
 .debug_str     0x00002344      0x199 Middlewares\ST\STM32_USB_Device_Library\Class\CDC\Src\usbd_cdc.o
                                0x8f5 (size before relaxing)
 .debug_str     0x000024dd      0x737 Drivers\STM32F4xx_HAL_Driver\Src\stm32f4xx_ll_usb.o
                                0xbcc (size before relaxing)
 .debug_str     0x00002c14      0x4b8 Drivers\STM32F4xx_HAL_Driver\Src\stm32f4xx_hal_spi.o
                                0xb1e (size before relaxing)
 .debug_str     0x000030cc      0x1a9 Drivers\STM32F4xx_HAL_Driver\Src\stm32f4xx_hal_rcc.o
                                0x6f7 (size before relaxing)
 .debug_str     0x00003275       0x4a Drivers\STM32F4xx_HAL_Driver\Src\stm32f4xx_hal_pcd_ex.o
                                0x5a8 (size before relaxing)
 .debug_str     0x000032bf       0xf4 Drivers\STM32F4xx_HAL_Driver\Src\stm32f4xx_hal_pcd.o
                                0xc38 (size before relaxing)
 .debug_str     0x000033b3       0xfb Drivers\STM32F4xx_HAL_Driver\Src\stm32f4xx_hal_gpio.o
                                0x51c (size before relaxing)
 .debug_str     0x000034ae      0x2f5 Drivers\STM32F4xx_HAL_Driver\Src\stm32f4xx_hal_cortex.o
                                0xc14 (size before relaxing)
 .debug_str     0x000037a3      0x1c0 Drivers\STM32F4xx_HAL_Driver\Src\stm32f4xx_hal.o
                                0xaca (size before relaxing)
 .debug_str     0x00003963       0x74 Drivers\CMSIS\Device\ST\STM32F4xx\Source\Templates\system_stm32f4xx.o
                                0x3cd (size before relaxing)

.comment        0x00000000       0x82
 .comment       0x00000000       0x82 Src\usbd_desc.o
                                 0x83 (size before relaxing)
 .comment       0x00000000       0x83 Src\usbd_conf.o
 .comment       0x00000000       0x83 Src\usbd_cdc_if.o
 .comment       0x00000000       0x83 Src\usb_device.o
 .comment       0x00000000       0x83 Src\stm32f4xx_it.o
 .comment       0x00000000       0x83 Src\stm32f4xx_hal_msp.o
 .comment       0x00000000       0x83 Src\my_spi.o
 .comment       0x00000000       0x83 Src\main.o
 .comment       0x00000000       0x83 Src\NRF24.o
 .comment       0x00000000       0x83 Src\GPIO.o
 .comment       0x00000000       0x83 Middlewares\ST\STM32_USB_Device_Library\Core\Src\usbd_ioreq.o
 .comment       0x00000000       0x83 Middlewares\ST\STM32_USB_Device_Library\Core\Src\usbd_ctlreq.o
 .comment       0x00000000       0x83 Middlewares\ST\STM32_USB_Device_Library\Core\Src\usbd_core.o
 .comment       0x00000000       0x83 Middlewares\ST\STM32_USB_Device_Library\Class\CDC\Src\usbd_cdc.o
 .comment       0x00000000       0x83 Drivers\STM32F4xx_HAL_Driver\Src\stm32f4xx_ll_usb.o
 .comment       0x00000000       0x83 Drivers\STM32F4xx_HAL_Driver\Src\stm32f4xx_hal_spi.o
 .comment       0x00000000       0x83 Drivers\STM32F4xx_HAL_Driver\Src\stm32f4xx_hal_rcc.o
 .comment       0x00000000       0x83 Drivers\STM32F4xx_HAL_Driver\Src\stm32f4xx_hal_pcd_ex.o
 .comment       0x00000000       0x83 Drivers\STM32F4xx_HAL_Driver\Src\stm32f4xx_hal_pcd.o
 .comment       0x00000000       0x83 Drivers\STM32F4xx_HAL_Driver\Src\stm32f4xx_hal_gpio.o
 .comment       0x00000000       0x83 Drivers\STM32F4xx_HAL_Driver\Src\stm32f4xx_hal_cortex.o
 .comment       0x00000000       0x83 Drivers\STM32F4xx_HAL_Driver\Src\stm32f4xx_hal.o
 .comment       0x00000000       0x83 Drivers\CMSIS\Device\ST\STM32F4xx\Source\Templates\system_stm32f4xx.o

.debug_frame    0x00000000     0x2028
 .debug_frame   0x00000000       0xa8 Src\usbd_desc.o
 .debug_frame   0x000000a8      0x25c Src\usbd_conf.o
 .debug_frame   0x00000304       0x94 Src\usbd_cdc_if.o
 .debug_frame   0x00000398       0x2c Src\usb_device.o
 .debug_frame   0x000003c4       0xb8 Src\stm32f4xx_it.o
 .debug_frame   0x0000047c       0x28 Src\stm32f4xx_hal_msp.o
 .debug_frame   0x000004a4       0x64 Src\my_spi.o
 .debug_frame   0x00000508       0x5c Src\main.o
 .debug_frame   0x00000564      0x2a0 Src\NRF24.o
 .debug_frame   0x00000804       0x80 Src\GPIO.o
 .debug_frame   0x00000884       0xc0 Middlewares\ST\STM32_USB_Device_Library\Core\Src\usbd_ioreq.o
 .debug_frame   0x00000944       0xac Middlewares\ST\STM32_USB_Device_Library\Core\Src\usbd_ctlreq.o
 .debug_frame   0x000009f0      0x1c0 Middlewares\ST\STM32_USB_Device_Library\Core\Src\usbd_core.o
 .debug_frame   0x00000bb0      0x14c Middlewares\ST\STM32_USB_Device_Library\Class\CDC\Src\usbd_cdc.o
 .debug_frame   0x00000cfc      0x438 Drivers\STM32F4xx_HAL_Driver\Src\stm32f4xx_ll_usb.o
 .debug_frame   0x00001134      0x450 Drivers\STM32F4xx_HAL_Driver\Src\stm32f4xx_hal_spi.o
 .debug_frame   0x00001584      0x130 Drivers\STM32F4xx_HAL_Driver\Src\stm32f4xx_hal_rcc.o
 .debug_frame   0x000016b4       0x3c Drivers\STM32F4xx_HAL_Driver\Src\stm32f4xx_hal_pcd_ex.o
 .debug_frame   0x000016f0      0x2b8 Drivers\STM32F4xx_HAL_Driver\Src\stm32f4xx_hal_pcd.o
 .debug_frame   0x000019a8       0xc8 Drivers\STM32F4xx_HAL_Driver\Src\stm32f4xx_hal_gpio.o
 .debug_frame   0x00001a70      0x130 Drivers\STM32F4xx_HAL_Driver\Src\stm32f4xx_hal_cortex.o
 .debug_frame   0x00001ba0      0x184 Drivers\STM32F4xx_HAL_Driver\Src\stm32f4xx_hal.o
 .debug_frame   0x00001d24       0x30 Drivers\CMSIS\Device\ST\STM32F4xx\Source\Templates\system_stm32f4xx.o
 .debug_frame   0x00001d54       0x2c c:/program files (x86)/atollic/truestudio for arm 5.4.1/armtools/bin/../lib/gcc/arm-atollic-eabi/4.8.3/../../../../arm-atollic-eabi/lib/armv7e-m/fpu\libc.a(lib_a-init.o)
 .debug_frame   0x00001d80       0x30 c:/program files (x86)/atollic/truestudio for arm 5.4.1/armtools/bin/../lib/gcc/arm-atollic-eabi/4.8.3/../../../../arm-atollic-eabi/lib/armv7e-m/fpu\libc.a(lib_a-malloc.o)
 .debug_frame   0x00001db0       0x38 c:/program files (x86)/atollic/truestudio for arm 5.4.1/armtools/bin/../lib/gcc/arm-atollic-eabi/4.8.3/../../../../arm-atollic-eabi/lib/armv7e-m/fpu\libc.a(lib_a-mallocr.o)
 .debug_frame   0x00001de8       0x30 c:/program files (x86)/atollic/truestudio for arm 5.4.1/armtools/bin/../lib/gcc/arm-atollic-eabi/4.8.3/../../../../arm-atollic-eabi/lib/armv7e-m/fpu\libc.a(lib_a-mlock.o)
 .debug_frame   0x00001e18       0x2c c:/program files (x86)/atollic/truestudio for arm 5.4.1/armtools/bin/../lib/gcc/arm-atollic-eabi/4.8.3/../../../../arm-atollic-eabi/lib/armv7e-m/fpu\libc.a(lib_a-sbrkr.o)
 .debug_frame   0x00001e44      0x14c c:/program files (x86)/atollic/truestudio for arm 5.4.1/armtools/bin/../lib/gcc/arm-atollic-eabi/4.8.3/../../../../arm-atollic-eabi/lib/armv7e-m/fpu\libc.a(lib_a-syscalls.o)
 .debug_frame   0x00001f90       0x50 c:/program files (x86)/atollic/truestudio for arm 5.4.1/armtools/bin/../lib/gcc/arm-atollic-eabi/4.8.3/../../../../arm-atollic-eabi/lib/armv7e-m/fpu\libc.a(lib_a-freer.o)
 .debug_frame   0x00001fe0       0x48 c:/program files (x86)/atollic/truestudio for arm 5.4.1/armtools/bin/../lib/gcc/arm-atollic-eabi/4.8.3/../../../../arm-atollic-eabi/lib/armv7e-m/fpu\libc.a(lib_a-reent.o)

Cross Reference Table

Symbol                                            File
ADC_IRQHandler                                    Drivers\CMSIS\Device\ST\STM32F4xx\Source\Templates\gcc\startup_stm32f407xx.o
AHBPrescTable                                     Drivers\CMSIS\Device\ST\STM32F4xx\Source\Templates\system_stm32f4xx.o
APBAHBPrescTable                                  Drivers\STM32F4xx_HAL_Driver\Src\stm32f4xx_hal_rcc.o
APP_rx_ptr_head                                   Src\usbd_cdc_if.o
APP_rx_ptr_tail                                   Src\usbd_cdc_if.o
BusFault_Handler                                  Src\stm32f4xx_it.o
CAN1_RX0_IRQHandler                               Drivers\CMSIS\Device\ST\STM32F4xx\Source\Templates\gcc\startup_stm32f407xx.o
CAN1_RX1_IRQHandler                               Drivers\CMSIS\Device\ST\STM32F4xx\Source\Templates\gcc\startup_stm32f407xx.o
CAN1_SCE_IRQHandler                               Drivers\CMSIS\Device\ST\STM32F4xx\Source\Templates\gcc\startup_stm32f407xx.o
CAN1_TX_IRQHandler                                Drivers\CMSIS\Device\ST\STM32F4xx\Source\Templates\gcc\startup_stm32f407xx.o
CAN2_RX0_IRQHandler                               Drivers\CMSIS\Device\ST\STM32F4xx\Source\Templates\gcc\startup_stm32f407xx.o
CAN2_RX1_IRQHandler                               Drivers\CMSIS\Device\ST\STM32F4xx\Source\Templates\gcc\startup_stm32f407xx.o
CAN2_SCE_IRQHandler                               Drivers\CMSIS\Device\ST\STM32F4xx\Source\Templates\gcc\startup_stm32f407xx.o
CAN2_TX_IRQHandler                                Drivers\CMSIS\Device\ST\STM32F4xx\Source\Templates\gcc\startup_stm32f407xx.o
CDC_Transmit_FS                                   Src\usbd_cdc_if.o
                                                  Src\main.o
DCMI_IRQHandler                                   Drivers\CMSIS\Device\ST\STM32F4xx\Source\Templates\gcc\startup_stm32f407xx.o
DMA1_Stream0_IRQHandler                           Drivers\CMSIS\Device\ST\STM32F4xx\Source\Templates\gcc\startup_stm32f407xx.o
DMA1_Stream1_IRQHandler                           Drivers\CMSIS\Device\ST\STM32F4xx\Source\Templates\gcc\startup_stm32f407xx.o
DMA1_Stream2_IRQHandler                           Drivers\CMSIS\Device\ST\STM32F4xx\Source\Templates\gcc\startup_stm32f407xx.o
DMA1_Stream3_IRQHandler                           Drivers\CMSIS\Device\ST\STM32F4xx\Source\Templates\gcc\startup_stm32f407xx.o
DMA1_Stream4_IRQHandler                           Drivers\CMSIS\Device\ST\STM32F4xx\Source\Templates\gcc\startup_stm32f407xx.o
DMA1_Stream5_IRQHandler                           Drivers\CMSIS\Device\ST\STM32F4xx\Source\Templates\gcc\startup_stm32f407xx.o
DMA1_Stream6_IRQHandler                           Drivers\CMSIS\Device\ST\STM32F4xx\Source\Templates\gcc\startup_stm32f407xx.o
DMA1_Stream7_IRQHandler                           Drivers\CMSIS\Device\ST\STM32F4xx\Source\Templates\gcc\startup_stm32f407xx.o
DMA2_Stream0_IRQHandler                           Drivers\CMSIS\Device\ST\STM32F4xx\Source\Templates\gcc\startup_stm32f407xx.o
DMA2_Stream1_IRQHandler                           Drivers\CMSIS\Device\ST\STM32F4xx\Source\Templates\gcc\startup_stm32f407xx.o
DMA2_Stream2_IRQHandler                           Drivers\CMSIS\Device\ST\STM32F4xx\Source\Templates\gcc\startup_stm32f407xx.o
DMA2_Stream3_IRQHandler                           Drivers\CMSIS\Device\ST\STM32F4xx\Source\Templates\gcc\startup_stm32f407xx.o
DMA2_Stream4_IRQHandler                           Drivers\CMSIS\Device\ST\STM32F4xx\Source\Templates\gcc\startup_stm32f407xx.o
DMA2_Stream5_IRQHandler                           Drivers\CMSIS\Device\ST\STM32F4xx\Source\Templates\gcc\startup_stm32f407xx.o
DMA2_Stream6_IRQHandler                           Drivers\CMSIS\Device\ST\STM32F4xx\Source\Templates\gcc\startup_stm32f407xx.o
DMA2_Stream7_IRQHandler                           Drivers\CMSIS\Device\ST\STM32F4xx\Source\Templates\gcc\startup_stm32f407xx.o
DebugMon_Handler                                  Src\stm32f4xx_it.o
Default_Handler                                   Drivers\CMSIS\Device\ST\STM32F4xx\Source\Templates\gcc\startup_stm32f407xx.o
ETH_IRQHandler                                    Drivers\CMSIS\Device\ST\STM32F4xx\Source\Templates\gcc\startup_stm32f407xx.o
ETH_WKUP_IRQHandler                               Drivers\CMSIS\Device\ST\STM32F4xx\Source\Templates\gcc\startup_stm32f407xx.o
EXTI0_IRQHandler                                  Drivers\CMSIS\Device\ST\STM32F4xx\Source\Templates\gcc\startup_stm32f407xx.o
EXTI15_10_IRQHandler                              Drivers\CMSIS\Device\ST\STM32F4xx\Source\Templates\gcc\startup_stm32f407xx.o
EXTI1_IRQHandler                                  Drivers\CMSIS\Device\ST\STM32F4xx\Source\Templates\gcc\startup_stm32f407xx.o
EXTI2_IRQHandler                                  Drivers\CMSIS\Device\ST\STM32F4xx\Source\Templates\gcc\startup_stm32f407xx.o
EXTI3_IRQHandler                                  Drivers\CMSIS\Device\ST\STM32F4xx\Source\Templates\gcc\startup_stm32f407xx.o
EXTI4_IRQHandler                                  Drivers\CMSIS\Device\ST\STM32F4xx\Source\Templates\gcc\startup_stm32f407xx.o
EXTI9_5_IRQHandler                                Drivers\CMSIS\Device\ST\STM32F4xx\Source\Templates\gcc\startup_stm32f407xx.o
Error_Handler                                     Src\main.o
                                                  Src\usbd_conf.o
FLASH_Erase_Sector                                Drivers\STM32F4xx_HAL_Driver\Src\stm32f4xx_hal_flash_ex.o
                                                  Drivers\STM32F4xx_HAL_Driver\Src\stm32f4xx_hal_flash.o
FLASH_FlushCaches                                 Drivers\STM32F4xx_HAL_Driver\Src\stm32f4xx_hal_flash_ex.o
                                                  Drivers\STM32F4xx_HAL_Driver\Src\stm32f4xx_hal_flash.o
FLASH_IRQHandler                                  Drivers\CMSIS\Device\ST\STM32F4xx\Source\Templates\gcc\startup_stm32f407xx.o
FLASH_WaitForLastOperation                        Drivers\STM32F4xx_HAL_Driver\Src\stm32f4xx_hal_flash.o
                                                  Drivers\STM32F4xx_HAL_Driver\Src\stm32f4xx_hal_flash_ex.o
FPU_IRQHandler                                    Drivers\CMSIS\Device\ST\STM32F4xx\Source\Templates\gcc\startup_stm32f407xx.o
FSMC_IRQHandler                                   Drivers\CMSIS\Device\ST\STM32F4xx\Source\Templates\gcc\startup_stm32f407xx.o
FS_Desc                                           Src\usbd_desc.o
                                                  Src\usb_device.o
GPIO_Init                                         Src\GPIO.o
                                                  Src\NRF24.o
                                                  Src\main.o
                                                  Src\my_spi.o
GPIO_Reset                                        Src\GPIO.o
                                                  Src\NRF24.o
                                                  Src\main.o
                                                  Src\my_spi.o
GPIO_Set                                          Src\GPIO.o
                                                  Src\main.o
                                                  Src\my_spi.o
GPIO_Status                                       Src\GPIO.o
GPIO_Toggle                                       Src\GPIO.o
                                                  Src\main.o
HAL_DBGMCU_DisableDBGSleepMode                    Drivers\STM32F4xx_HAL_Driver\Src\stm32f4xx_hal.o
HAL_DBGMCU_DisableDBGStandbyMode                  Drivers\STM32F4xx_HAL_Driver\Src\stm32f4xx_hal.o
HAL_DBGMCU_DisableDBGStopMode                     Drivers\STM32F4xx_HAL_Driver\Src\stm32f4xx_hal.o
HAL_DBGMCU_EnableDBGSleepMode                     Drivers\STM32F4xx_HAL_Driver\Src\stm32f4xx_hal.o
HAL_DBGMCU_EnableDBGStandbyMode                   Drivers\STM32F4xx_HAL_Driver\Src\stm32f4xx_hal.o
HAL_DBGMCU_EnableDBGStopMode                      Drivers\STM32F4xx_HAL_Driver\Src\stm32f4xx_hal.o
HAL_DMAEx_ChangeMemory                            Drivers\STM32F4xx_HAL_Driver\Src\stm32f4xx_hal_dma_ex.o
HAL_DMAEx_MultiBufferStart                        Drivers\STM32F4xx_HAL_Driver\Src\stm32f4xx_hal_dma_ex.o
HAL_DMAEx_MultiBufferStart_IT                     Drivers\STM32F4xx_HAL_Driver\Src\stm32f4xx_hal_dma_ex.o
HAL_DMA_Abort                                     Drivers\STM32F4xx_HAL_Driver\Src\stm32f4xx_hal_dma.o
                                                  Drivers\STM32F4xx_HAL_Driver\Src\stm32f4xx_hal_spi.o
HAL_DMA_Abort_IT                                  Drivers\STM32F4xx_HAL_Driver\Src\stm32f4xx_hal_dma.o
                                                  Drivers\STM32F4xx_HAL_Driver\Src\stm32f4xx_hal_spi.o
HAL_DMA_DeInit                                    Drivers\STM32F4xx_HAL_Driver\Src\stm32f4xx_hal_dma.o
HAL_DMA_GetError                                  Drivers\STM32F4xx_HAL_Driver\Src\stm32f4xx_hal_dma.o
HAL_DMA_GetState                                  Drivers\STM32F4xx_HAL_Driver\Src\stm32f4xx_hal_dma.o
HAL_DMA_IRQHandler                                Drivers\STM32F4xx_HAL_Driver\Src\stm32f4xx_hal_dma.o
HAL_DMA_Init                                      Drivers\STM32F4xx_HAL_Driver\Src\stm32f4xx_hal_dma.o
HAL_DMA_PollForTransfer                           Drivers\STM32F4xx_HAL_Driver\Src\stm32f4xx_hal_dma.o
HAL_DMA_RegisterCallback                          Drivers\STM32F4xx_HAL_Driver\Src\stm32f4xx_hal_dma.o
HAL_DMA_Start                                     Drivers\STM32F4xx_HAL_Driver\Src\stm32f4xx_hal_dma.o
HAL_DMA_Start_IT                                  Drivers\STM32F4xx_HAL_Driver\Src\stm32f4xx_hal_dma.o
                                                  Drivers\STM32F4xx_HAL_Driver\Src\stm32f4xx_hal_spi.o
HAL_DMA_UnRegisterCallback                        Drivers\STM32F4xx_HAL_Driver\Src\stm32f4xx_hal_dma.o
HAL_DeInit                                        Drivers\STM32F4xx_HAL_Driver\Src\stm32f4xx_hal.o
HAL_Delay                                         Drivers\STM32F4xx_HAL_Driver\Src\stm32f4xx_hal.o
                                                  Drivers\STM32F4xx_HAL_Driver\Src\stm32f4xx_ll_usb.o
                                                  Src\usbd_conf.o
HAL_DisableCompensationCell                       Drivers\STM32F4xx_HAL_Driver\Src\stm32f4xx_hal.o
HAL_EnableCompensationCell                        Drivers\STM32F4xx_HAL_Driver\Src\stm32f4xx_hal.o
HAL_FLASHEx_Erase                                 Drivers\STM32F4xx_HAL_Driver\Src\stm32f4xx_hal_flash_ex.o
HAL_FLASHEx_Erase_IT                              Drivers\STM32F4xx_HAL_Driver\Src\stm32f4xx_hal_flash_ex.o
HAL_FLASHEx_OBGetConfig                           Drivers\STM32F4xx_HAL_Driver\Src\stm32f4xx_hal_flash_ex.o
HAL_FLASHEx_OBProgram                             Drivers\STM32F4xx_HAL_Driver\Src\stm32f4xx_hal_flash_ex.o
HAL_FLASH_EndOfOperationCallback                  Drivers\STM32F4xx_HAL_Driver\Src\stm32f4xx_hal_flash.o
HAL_FLASH_GetError                                Drivers\STM32F4xx_HAL_Driver\Src\stm32f4xx_hal_flash.o
HAL_FLASH_IRQHandler                              Drivers\STM32F4xx_HAL_Driver\Src\stm32f4xx_hal_flash.o
HAL_FLASH_Lock                                    Drivers\STM32F4xx_HAL_Driver\Src\stm32f4xx_hal_flash.o
HAL_FLASH_OB_Launch                               Drivers\STM32F4xx_HAL_Driver\Src\stm32f4xx_hal_flash.o
HAL_FLASH_OB_Lock                                 Drivers\STM32F4xx_HAL_Driver\Src\stm32f4xx_hal_flash.o
HAL_FLASH_OB_Unlock                               Drivers\STM32F4xx_HAL_Driver\Src\stm32f4xx_hal_flash.o
HAL_FLASH_OperationErrorCallback                  Drivers\STM32F4xx_HAL_Driver\Src\stm32f4xx_hal_flash.o
HAL_FLASH_Program                                 Drivers\STM32F4xx_HAL_Driver\Src\stm32f4xx_hal_flash.o
HAL_FLASH_Program_IT                              Drivers\STM32F4xx_HAL_Driver\Src\stm32f4xx_hal_flash.o
HAL_FLASH_Unlock                                  Drivers\STM32F4xx_HAL_Driver\Src\stm32f4xx_hal_flash.o
HAL_GPIO_DeInit                                   Drivers\STM32F4xx_HAL_Driver\Src\stm32f4xx_hal_gpio.o
                                                  Src\usbd_conf.o
HAL_GPIO_EXTI_Callback                            Drivers\STM32F4xx_HAL_Driver\Src\stm32f4xx_hal_gpio.o
HAL_GPIO_EXTI_IRQHandler                          Drivers\STM32F4xx_HAL_Driver\Src\stm32f4xx_hal_gpio.o
HAL_GPIO_Init                                     Drivers\STM32F4xx_HAL_Driver\Src\stm32f4xx_hal_gpio.o
                                                  Drivers\STM32F4xx_HAL_Driver\Src\stm32f4xx_hal_rcc.o
                                                  Src\GPIO.o
                                                  Src\my_spi.o
                                                  Src\usbd_conf.o
HAL_GPIO_LockPin                                  Drivers\STM32F4xx_HAL_Driver\Src\stm32f4xx_hal_gpio.o
HAL_GPIO_ReadPin                                  Drivers\STM32F4xx_HAL_Driver\Src\stm32f4xx_hal_gpio.o
                                                  Src\GPIO.o
HAL_GPIO_TogglePin                                Drivers\STM32F4xx_HAL_Driver\Src\stm32f4xx_hal_gpio.o
HAL_GPIO_WritePin                                 Drivers\STM32F4xx_HAL_Driver\Src\stm32f4xx_hal_gpio.o
                                                  Src\GPIO.o
HAL_GetDEVID                                      Drivers\STM32F4xx_HAL_Driver\Src\stm32f4xx_hal.o
HAL_GetHalVersion                                 Drivers\STM32F4xx_HAL_Driver\Src\stm32f4xx_hal.o
HAL_GetREVID                                      Drivers\STM32F4xx_HAL_Driver\Src\stm32f4xx_hal.o
HAL_GetTick                                       Drivers\STM32F4xx_HAL_Driver\Src\stm32f4xx_hal.o
                                                  Drivers\STM32F4xx_HAL_Driver\Src\stm32f4xx_hal_dma.o
                                                  Drivers\STM32F4xx_HAL_Driver\Src\stm32f4xx_hal_flash.o
                                                  Drivers\STM32F4xx_HAL_Driver\Src\stm32f4xx_hal_pwr_ex.o
                                                  Drivers\STM32F4xx_HAL_Driver\Src\stm32f4xx_hal_rcc.o
                                                  Drivers\STM32F4xx_HAL_Driver\Src\stm32f4xx_hal_rcc_ex.o
                                                  Drivers\STM32F4xx_HAL_Driver\Src\stm32f4xx_hal_spi.o
HAL_IncTick                                       Drivers\STM32F4xx_HAL_Driver\Src\stm32f4xx_hal.o
                                                  Src\stm32f4xx_it.o
HAL_Init                                          Drivers\STM32F4xx_HAL_Driver\Src\stm32f4xx_hal.o
                                                  Src\main.o
HAL_InitTick                                      Drivers\STM32F4xx_HAL_Driver\Src\stm32f4xx_hal.o
                                                  Drivers\STM32F4xx_HAL_Driver\Src\stm32f4xx_hal_rcc.o
HAL_MPU_ConfigRegion                              Drivers\STM32F4xx_HAL_Driver\Src\stm32f4xx_hal_cortex.o
HAL_MspDeInit                                     Drivers\STM32F4xx_HAL_Driver\Src\stm32f4xx_hal.o
HAL_MspInit                                       Src\stm32f4xx_hal_msp.o
HAL_NVIC_ClearPendingIRQ                          Drivers\STM32F4xx_HAL_Driver\Src\stm32f4xx_hal_cortex.o
HAL_NVIC_DisableIRQ                               Drivers\STM32F4xx_HAL_Driver\Src\stm32f4xx_hal_cortex.o
                                                  Src\usbd_conf.o
HAL_NVIC_EnableIRQ                                Drivers\STM32F4xx_HAL_Driver\Src\stm32f4xx_hal_cortex.o
                                                  Src\usbd_conf.o
HAL_NVIC_GetActive                                Drivers\STM32F4xx_HAL_Driver\Src\stm32f4xx_hal_cortex.o
HAL_NVIC_GetPendingIRQ                            Drivers\STM32F4xx_HAL_Driver\Src\stm32f4xx_hal_cortex.o
HAL_NVIC_GetPriority                              Drivers\STM32F4xx_HAL_Driver\Src\stm32f4xx_hal_cortex.o
HAL_NVIC_GetPriorityGrouping                      Drivers\STM32F4xx_HAL_Driver\Src\stm32f4xx_hal_cortex.o
HAL_NVIC_SetPendingIRQ                            Drivers\STM32F4xx_HAL_Driver\Src\stm32f4xx_hal_cortex.o