Archive member included because of file (symbol)

c:/program files (x86)/atollic/truestudio for arm 5.4.1/armtools/bin/../lib/gcc/arm-atollic-eabi/4.8.3/../../../../arm-atollic-eabi/lib/armv7e-m/fpu\libstdc++.a(new_op.o)
                              src\nrf24v02\my_spi.o (operator new(unsigned int))
c:/program files (x86)/atollic/truestudio for arm 5.4.1/armtools/bin/../lib/gcc/arm-atollic-eabi/4.8.3/../../../../arm-atollic-eabi/lib/armv7e-m/fpu\libstdc++.a(new_handler.o)
                              c:/program files (x86)/atollic/truestudio for arm 5.4.1/armtools/bin/../lib/gcc/arm-atollic-eabi/4.8.3/../../../../arm-atollic-eabi/lib/armv7e-m/fpu\libstdc++.a(new_op.o) (__new_handler)
c:/program files (x86)/atollic/truestudio for arm 5.4.1/armtools/bin/../lib/gcc/arm-atollic-eabi/4.8.3/../../../../arm-atollic-eabi/lib/armv7e-m/fpu\libstdc++.a(eh_arm.o)
                              c:/program files (x86)/atollic/truestudio for arm 5.4.1/armtools/bin/../lib/gcc/arm-atollic-eabi/4.8.3/../../../../arm-atollic-eabi/lib/armv7e-m/fpu\libstdc++.a(new_op.o) (__cxa_end_cleanup)
c:/program files (x86)/atollic/truestudio for arm 5.4.1/armtools/bin/../lib/gcc/arm-atollic-eabi/4.8.3/../../../../arm-atollic-eabi/lib/armv7e-m/fpu\libstdc++.a(bad_alloc.o)
                              c:/program files (x86)/atollic/truestudio for arm 5.4.1/armtools/bin/../lib/gcc/arm-atollic-eabi/4.8.3/../../../../arm-atollic-eabi/lib/armv7e-m/fpu\libstdc++.a(new_op.o) (std::bad_alloc::~bad_alloc())
c:/program files (x86)/atollic/truestudio for arm 5.4.1/armtools/bin/../lib/gcc/arm-atollic-eabi/4.8.3/../../../../arm-atollic-eabi/lib/armv7e-m/fpu\libstdc++.a(eh_call.o)
                              c:/program files (x86)/atollic/truestudio for arm 5.4.1/armtools/bin/../lib/gcc/arm-atollic-eabi/4.8.3/../../../../arm-atollic-eabi/lib/armv7e-m/fpu\libstdc++.a(new_op.o) (__cxa_call_unexpected)
c:/program files (x86)/atollic/truestudio for arm 5.4.1/armtools/bin/../lib/gcc/arm-atollic-eabi/4.8.3/../../../../arm-atollic-eabi/lib/armv7e-m/fpu\libstdc++.a(eh_alloc.o)
                              c:/program files (x86)/atollic/truestudio for arm 5.4.1/armtools/bin/../lib/gcc/arm-atollic-eabi/4.8.3/../../../../arm-atollic-eabi/lib/armv7e-m/fpu\libstdc++.a(new_op.o) (__cxa_allocate_exception)
c:/program files (x86)/atollic/truestudio for arm 5.4.1/armtools/bin/../lib/gcc/arm-atollic-eabi/4.8.3/../../../../arm-atollic-eabi/lib/armv7e-m/fpu\libstdc++.a(eh_throw.o)
                              c:/program files (x86)/atollic/truestudio for arm 5.4.1/armtools/bin/../lib/gcc/arm-atollic-eabi/4.8.3/../../../../arm-atollic-eabi/lib/armv7e-m/fpu\libstdc++.a(new_op.o) (__cxa_throw)
c:/program files (x86)/atollic/truestudio for arm 5.4.1/armtools/bin/../lib/gcc/arm-atollic-eabi/4.8.3/../../../../arm-atollic-eabi/lib/armv7e-m/fpu\libstdc++.a(eh_personality.o)
                              c:/program files (x86)/atollic/truestudio for arm 5.4.1/armtools/bin/../lib/gcc/arm-atollic-eabi/4.8.3/../../../../arm-atollic-eabi/lib/armv7e-m/fpu\libstdc++.a(new_op.o) (__gxx_personality_v0)
c:/program files (x86)/atollic/truestudio for arm 5.4.1/armtools/bin/../lib/gcc/arm-atollic-eabi/4.8.3/../../../../arm-atollic-eabi/lib/armv7e-m/fpu\libstdc++.a(eh_exception.o)
                              c:/program files (x86)/atollic/truestudio for arm 5.4.1/armtools/bin/../lib/gcc/arm-atollic-eabi/4.8.3/../../../../arm-atollic-eabi/lib/armv7e-m/fpu\libstdc++.a(bad_alloc.o) (std::exception::~exception())
c:/program files (x86)/atollic/truestudio for arm 5.4.1/armtools/bin/../lib/gcc/arm-atollic-eabi/4.8.3/../../../../arm-atollic-eabi/lib/armv7e-m/fpu\libstdc++.a(eh_globals.o)
                              c:/program files (x86)/atollic/truestudio for arm 5.4.1/armtools/bin/../lib/gcc/arm-atollic-eabi/4.8.3/../../../../arm-atollic-eabi/lib/armv7e-m/fpu\libstdc++.a(eh_call.o) (__cxa_get_globals_fast)
c:/program files (x86)/atollic/truestudio for arm 5.4.1/armtools/bin/../lib/gcc/arm-atollic-eabi/4.8.3/../../../../arm-atollic-eabi/lib/armv7e-m/fpu\libstdc++.a(eh_unex_handler.o)
                              c:/program files (x86)/atollic/truestudio for arm 5.4.1/armtools/bin/../lib/gcc/arm-atollic-eabi/4.8.3/../../../../arm-atollic-eabi/lib/armv7e-m/fpu\libstdc++.a(eh_throw.o) (__cxxabiv1::__unexpected_handler)
c:/program files (x86)/atollic/truestudio for arm 5.4.1/armtools/bin/../lib/gcc/arm-atollic-eabi/4.8.3/../../../../arm-atollic-eabi/lib/armv7e-m/fpu\libstdc++.a(eh_catch.o)
                              c:/program files (x86)/atollic/truestudio for arm 5.4.1/armtools/bin/../lib/gcc/arm-atollic-eabi/4.8.3/../../../../arm-atollic-eabi/lib/armv7e-m/fpu\libstdc++.a(eh_call.o) (__cxa_begin_catch)
c:/program files (x86)/atollic/truestudio for arm 5.4.1/armtools/bin/../lib/gcc/arm-atollic-eabi/4.8.3/../../../../arm-atollic-eabi/lib/armv7e-m/fpu\libstdc++.a(eh_terminate.o)
[...]
Memory Configuration

Name             Origin             Length             Attributes
FLASH            0x08000000         0x00100000         xr
RAM              0x20000000         0x00020000         xrw
MEMORY_B1        0x60000000         0x00000000         xr
CCMRAM           0x10000000         0x00010000         rw
*default*        0x00000000         0xffffffff

Linker script and memory map

LOAD c:/program files (x86)/atollic/truestudio for arm 5.4.1/armtools/bin/../lib/gcc/arm-atollic-eabi/4.8.3/armv7e-m/fpu/crti.o
LOAD c:/program files (x86)/atollic/truestudio for arm 5.4.1/armtools/bin/../lib/gcc/arm-atollic-eabi/4.8.3/armv7e-m/fpu/crtbegin.o
LOAD src\tiny_printf.o
LOAD src\system_stm32f4xx.o
LOAD src\stm32f4xx_it.o
LOAD src\startup_stm32f40xx.o
LOAD src\nrf24v02\my_spi.o
LOAD src\nrf24v02\NRF24.o
LOAD src\nrf24v02\GPIO.o
LOAD src\main.o
LOAD Utilities\STM32F4-Discovery\stm32f4_discovery_lis302dl.o
LOAD Utilities\STM32F4-Discovery\stm32f4_discovery_audio_codec.o
LOAD Utilities\STM32F4-Discovery\stm32f4_discovery.o
LOAD Libraries\usb_lib\otg\usb_dcd_int.o
LOAD Libraries\usb_lib\otg\usb_dcd.o
LOAD Libraries\usb_lib\otg\usb_core.o
LOAD Libraries\usb_lib\core\usbd_req.o
LOAD Libraries\usb_lib\core\usbd_ioreq.o
LOAD Libraries\usb_lib\core\usbd_core.o
LOAD Libraries\usb_lib\cdc\usbd_cdc_vcp.o
LOAD Libraries\usb_lib\cdc\usbd_cdc_core.o
LOAD Libraries\usb_conf\usbd_usr.o
LOAD Libraries\usb_conf\usbd_desc.o
LOAD Libraries\usb_conf\usb_bsp.o
LOAD Libraries\STM32F4xx_StdPeriph_Driver\src\stm32f4xx_wwdg.o
LOAD Libraries\STM32F4xx_StdPeriph_Driver\src\stm32f4xx_usart.o
LOAD Libraries\STM32F4xx_StdPeriph_Driver\src\stm32f4xx_tim.o
LOAD Libraries\STM32F4xx_StdPeriph_Driver\src\stm32f4xx_syscfg.o
LOAD Libraries\STM32F4xx_StdPeriph_Driver\src\stm32f4xx_spi.o
LOAD Libraries\STM32F4xx_StdPeriph_Driver\src\stm32f4xx_sdio.o
LOAD Libraries\STM32F4xx_StdPeriph_Driver\src\stm32f4xx_rtc.o
LOAD Libraries\STM32F4xx_StdPeriph_Driver\src\stm32f4xx_rng.o
LOAD Libraries\STM32F4xx_StdPeriph_Driver\src\stm32f4xx_rcc.o
LOAD Libraries\STM32F4xx_StdPeriph_Driver\src\stm32f4xx_pwr.o
LOAD Libraries\STM32F4xx_StdPeriph_Driver\src\stm32f4xx_iwdg.o
LOAD Libraries\STM32F4xx_StdPeriph_Driver\src\stm32f4xx_i2c.o
LOAD Libraries\STM32F4xx_StdPeriph_Driver\src\stm32f4xx_hash_sha1.o
LOAD Libraries\STM32F4xx_StdPeriph_Driver\src\stm32f4xx_hash_md5.o
LOAD Libraries\STM32F4xx_StdPeriph_Driver\src\stm32f4xx_hash.o
LOAD Libraries\STM32F4xx_StdPeriph_Driver\src\stm32f4xx_gpio.o
LOAD Libraries\STM32F4xx_StdPeriph_Driver\src\stm32f4xx_fsmc.o
LOAD Libraries\STM32F4xx_StdPeriph_Driver\src\stm32f4xx_flash.o
LOAD Libraries\STM32F4xx_StdPeriph_Driver\src\stm32f4xx_exti.o
LOAD Libraries\STM32F4xx_StdPeriph_Driver\src\stm32f4xx_dma.o
LOAD Libraries\STM32F4xx_StdPeriph_Driver\src\stm32f4xx_dcmi.o
LOAD Libraries\STM32F4xx_StdPeriph_Driver\src\stm32f4xx_dbgmcu.o
LOAD Libraries\STM32F4xx_StdPeriph_Driver\src\stm32f4xx_dac.o
LOAD Libraries\STM32F4xx_StdPeriph_Driver\src\stm32f4xx_cryp_tdes.o
LOAD Libraries\STM32F4xx_StdPeriph_Driver\src\stm32f4xx_cryp_des.o
LOAD Libraries\STM32F4xx_StdPeriph_Driver\src\stm32f4xx_cryp_aes.o
LOAD Libraries\STM32F4xx_StdPeriph_Driver\src\stm32f4xx_cryp.o
LOAD Libraries\STM32F4xx_StdPeriph_Driver\src\stm32f4xx_crc.o
LOAD Libraries\STM32F4xx_StdPeriph_Driver\src\stm32f4xx_can.o
LOAD Libraries\STM32F4xx_StdPeriph_Driver\src\stm32f4xx_adc.o
LOAD Libraries\STM32F4xx_StdPeriph_Driver\src\misc.o
START GROUP
LOAD c:/program files (x86)/atollic/truestudio for arm 5.4.1/armtools/bin/../lib/gcc/arm-atollic-eabi/4.8.3/../../../../arm-atollic-eabi/lib/armv7e-m/fpu\libstdc++.a
LOAD c:/program files (x86)/atollic/truestudio for arm 5.4.1/armtools/bin/../lib/gcc/arm-atollic-eabi/4.8.3/../../../../arm-atollic-eabi/lib/armv7e-m/fpu\libsupc++.a
END GROUP
                0x00001000                malloc_getpagesize_P = 0x1000
LOAD c:/program files (x86)/atollic/truestudio for arm 5.4.1/armtools/bin/../lib/gcc/arm-atollic-eabi/4.8.3/../../../../arm-atollic-eabi/lib/armv7e-m/fpu\libstdc++.a
LOAD c:/program files (x86)/atollic/truestudio for arm 5.4.1/armtools/bin/../lib/gcc/arm-atollic-eabi/4.8.3/../../../../arm-atollic-eabi/lib/armv7e-m/fpu\libm.a
LOAD c:/program files (x86)/atollic/truestudio for arm 5.4.1/armtools/bin/../lib/gcc/arm-atollic-eabi/4.8.3/../../../../arm-atollic-eabi/lib/armv7e-m/fpu\libc.a
START GROUP
LOAD c:/program files (x86)/atollic/truestudio for arm 5.4.1/armtools/bin/../lib/gcc/arm-atollic-eabi/4.8.3/armv7e-m/fpu\libgcc.a
LOAD c:/program files (x86)/atollic/truestudio for arm 5.4.1/armtools/bin/../lib/gcc/arm-atollic-eabi/4.8.3/../../../../arm-atollic-eabi/lib/armv7e-m/fpu\libc.a
END GROUP
LOAD c:/program files (x86)/atollic/truestudio for arm 5.4.1/armtools/bin/../lib/gcc/arm-atollic-eabi/4.8.3/armv7e-m/fpu/crtend.o
LOAD c:/program files (x86)/atollic/truestudio for arm 5.4.1/armtools/bin/../lib/gcc/arm-atollic-eabi/4.8.3/armv7e-m/fpu/crtn.o
                0x20020000                _estack = 0x20020000
                0x00000000                _Min_Heap_Size = 0x0
                0x00000400                _Min_Stack_Size = 0x400

.isr_vector     0x08000000      0x188
                0x08000000                . = ALIGN (0x4)
 *(.isr_vector)
 .isr_vector    0x08000000      0x188 src\startup_stm32f40xx.o
                0x08000000                g_pfnVectors
                0x08000188                . = ALIGN (0x4)

.text           0x08000188     0xe0a8
                0x08000188                . = ALIGN (0x4)
 *(.text)
 .text          0x08000188       0x40 c:/program files (x86)/atollic/truestudio for arm 5.4.1/armtools/bin/../lib/gcc/arm-atollic-eabi/4.8.3/armv7e-m/fpu/crtbegin.o
 .text          0x080001c8     0x5784 c:/program files (x86)/atollic/truestudio for arm 5.4.1/armtools/bin/../lib/gcc/arm-atollic-eabi/4.8.3/../../../../arm-atollic-eabi/lib/armv7e-m/fpu\libstdc++.a(cp-demangle.o)
                0x0800586c                __cxa_demangle
                0x08005930                __gcclibcxx_demangle_callback
 .text          0x0800594c       0x14 c:/program files (x86)/atollic/truestudio for arm 5.4.1/armtools/bin/../lib/gcc/arm-atollic-eabi/4.8.3/../../../../arm-atollic-eabi/lib/armv7e-m/fpu\libc.a(lib_a-strcmp.o)
                0x0800594c                strcmp
 .text          0x08005960      0xa1c c:/program files (x86)/atollic/truestudio for arm 5.4.1/armtools/bin/../lib/gcc/arm-atollic-eabi/4.8.3/armv7e-m/fpu\libgcc.a(unwind-arm.o)
                0x08005c44                _Unwind_GetCFA
                0x08005c48                __gnu_Unwind_RaiseException
                0x08005ca8                __gnu_Unwind_ForcedUnwind
                0x08005cbc                __gnu_Unwind_Resume
                0x08005d00                __gnu_Unwind_Resume_or_Rethrow
                0x08005d10                _Unwind_Complete
                0x08005d14                _Unwind_DeleteException
                0x08005d24                _Unwind_VRS_Get
                0x08005d74                _Unwind_VRS_Set
                0x08005dc4                __gnu_Unwind_Backtrace
                0x08006118                __aeabi_unwind_cpp_pr0
                0x08006120                __aeabi_unwind_cpp_pr1
                0x08006128                __aeabi_unwind_cpp_pr2
                0x08006130                _Unwind_VRS_Pop
 .text          0x0800637c      0x1ac c:/program files (x86)/atollic/truestudio for arm 5.4.1/armtools/bin/../lib/gcc/arm-atollic-eabi/4.8.3/armv7e-m/fpu\libgcc.a(libunwind.o)
                0x0800637c                __restore_core_regs
                0x0800637c                restore_core_regs
                0x08006394                __gnu_Unwind_Restore_VFP
                0x0800639c                __gnu_Unwind_Save_VFP
                0x080063a4                __gnu_Unwind_Restore_VFP_D
                0x080063ac                __gnu_Unwind_Save_VFP_D
                0x080063b4                __gnu_Unwind_Restore_VFP_D_16_to_31
                0x080063bc                __gnu_Unwind_Save_VFP_D_16_to_31
                0x080063c4                __gnu_Unwind_Restore_WMMXD
                0x08006408                __gnu_Unwind_Save_WMMXD
                0x0800644c                __gnu_Unwind_Restore_WMMXC
                0x08006460                __gnu_Unwind_Save_WMMXC
                0x08006474                ___Unwind_RaiseException
                0x08006474                _Unwind_RaiseException
                0x08006498                _Unwind_Resume
                0x08006498                ___Unwind_Resume
                0x080064bc                _Unwind_Resume_or_Rethrow
                0x080064bc                ___Unwind_Resume_or_Rethrow
                0x080064e0                _Unwind_ForcedUnwind
                0x080064e0                ___Unwind_ForcedUnwind
                0x08006504                ___Unwind_Backtrace
                0x08006504                _Unwind_Backtrace
 .text          0x08006528      0x33c c:/program files (x86)/atollic/truestudio for arm 5.4.1/armtools/bin/../lib/gcc/arm-atollic-eabi/4.8.3/armv7e-m/fpu\libgcc.a(pr-support.o)
                0x0800657c                __gnu_unwind_execute
                0x08006808                __gnu_unwind_frame
                0x08006834                _Unwind_GetRegionStart
                0x08006840                _Unwind_GetLanguageSpecificData
                0x08006854                _Unwind_GetDataRelBase
                0x0800685c                _Unwind_GetTextRelBase
 *(.text*)
 .text.ts_itoa  0x08006864       0x90 src\tiny_printf.o
                0x08006864                ts_itoa
 .text.ts_formatstring
                0x080068f4      0x134 src\tiny_printf.o
                0x080068f4                ts_formatstring
 .text.siprintf
                0x08006a28       0x2c src\tiny_printf.o
                0x08006a28                siprintf
                0x08006a28                sprintf
 .text.fputs    0x08006a54       0x68 src\tiny_printf.o
                0x08006a54                fputs
 .text.fwrite   0x08006abc       0x38 src\tiny_printf.o
                0x08006abc                fwrite
 .text.SystemInit
                0x08006af4       0x68 src\system_stm32f4xx.o
                0x08006af4                SystemInit
 .text.SetSysClock
                0x08006b5c       0xf4 src\system_stm32f4xx.o
 .text.NMI_Handler
                0x08006c50        0xc src\stm32f4xx_it.o
                0x08006c50                NMI_Handler
 .text.HardFault_Handler
                0x08006c5c        0x8 src\stm32f4xx_it.o
                0x08006c5c                HardFault_Handler
 .text.MemManage_Handler
                0x08006c64        0x8 src\stm32f4xx_it.o
                0x08006c64                MemManage_Handler
 .text.BusFault_Handler
                0x08006c6c        0x8 src\stm32f4xx_it.o
                0x08006c6c                BusFault_Handler
 .text.UsageFault_Handler
                0x08006c74        0x8 src\stm32f4xx_it.o
                0x08006c74                UsageFault_Handler
 .text.SVC_Handler
                0x08006c7c        0xc src\stm32f4xx_it.o
                0x08006c7c                SVC_Handler
 .text.DebugMon_Handler
                0x08006c88        0xc src\stm32f4xx_it.o
                0x08006c88                DebugMon_Handler
 .text.PendSV_Handler
                0x08006c94        0xc src\stm32f4xx_it.o
                0x08006c94                PendSV_Handler
 .text.Reset_Handler
                0x08006ca0       0x58 src\startup_stm32f40xx.o
                0x08006ca0                Reset_Handler
 .text.Default_Handler
                0x08006cf8        0x4 src\startup_stm32f40xx.o
                0x08006cf8                RTC_Alarm_IRQHandler
                0x08006cf8                HASH_RNG_IRQHandler
                0x08006cf8                EXTI2_IRQHandler
                0x08006cf8                TIM8_CC_IRQHandler
                0x08006cf8                TIM1_CC_IRQHandler
                0x08006cf8                DMA2_Stream5_IRQHandler
                0x08006cf8                DMA1_Stream5_IRQHandler
                0x08006cf8                PVD_IRQHandler
                0x08006cf8                SDIO_IRQHandler
                0x08006cf8                TAMP_STAMP_IRQHandler
                0x08006cf8                CAN2_RX1_IRQHandler
                0x08006cf8                EXTI3_IRQHandler
                0x08006cf8                TIM8_TRG_COM_TIM14_IRQHandler
                0x08006cf8                TIM1_UP_TIM10_IRQHandler
                0x08006cf8                TIM8_UP_TIM13_IRQHandler
                0x08006cf8                I2C3_ER_IRQHandler
                0x08006cf8                EXTI0_IRQHandler
                0x08006cf8                I2C2_EV_IRQHandler
                0x08006cf8                DMA1_Stream2_IRQHandler
                0x08006cf8                CAN1_RX0_IRQHandler
                0x08006cf8                FPU_IRQHandler
                0x08006cf8                OTG_HS_WKUP_IRQHandler
                0x08006cf8                CAN2_SCE_IRQHandler
                0x08006cf8                DMA2_Stream2_IRQHandler
                0x08006cf8                SPI1_IRQHandler
                0x08006cf8                TIM6_DAC_IRQHandler
                0x08006cf8                TIM1_BRK_TIM9_IRQHandler
                0x08006cf8                DCMI_IRQHandler
                0x08006cf8                CAN2_RX0_IRQHandler
                0x08006cf8                DMA2_Stream3_IRQHandler
                0x08006cf8                USART6_IRQHandler
                0x08006cf8                USART3_IRQHandler
                0x08006cf8                CRYP_IRQHandler
                0x08006cf8                CAN1_RX1_IRQHandler
                0x08006cf8                UART5_IRQHandler
                0x08006cf8                DMA2_Stream0_IRQHandler
                0x08006cf8                TIM4_IRQHandler
                0x08006cf8                I2C1_EV_IRQHandler
                0x08006cf8                DMA1_Stream6_IRQHandler
                0x08006cf8                DMA1_Stream1_IRQHandler
                0x08006cf8                UART4_IRQHandler
                0x08006cf8                TIM3_IRQHandler
                0x08006cf8                RCC_IRQHandler
                0x08006cf8                TIM8_BRK_TIM12_IRQHandler
                0x08006cf8                Default_Handler
                0x08006cf8                EXTI15_10_IRQHandler
                0x08006cf8                ADC_IRQHandler
                0x08006cf8                TIM7_IRQHandler
                0x08006cf8                CAN2_TX_IRQHandler
                0x08006cf8                TIM5_IRQHandler
                0x08006cf8                DMA2_Stream7_IRQHandler
                0x08006cf8                I2C3_EV_IRQHandler
                0x08006cf8                EXTI9_5_IRQHandler
                0x08006cf8                RTC_WKUP_IRQHandler
                0x08006cf8                ETH_WKUP_IRQHandler
                0x08006cf8                SPI2_IRQHandler
                0x08006cf8                OTG_HS_EP1_IN_IRQHandler
                0x08006cf8                CAN1_TX_IRQHandler
                0x08006cf8                EXTI4_IRQHandler
                0x08006cf8                FSMC_IRQHandler
                0x08006cf8                ETH_IRQHandler
                0x08006cf8                OTG_HS_EP1_OUT_IRQHandler
                0x08006cf8                WWDG_IRQHandler
                0x08006cf8                TIM2_IRQHandler
                0x08006cf8                TIM1_TRG_COM_TIM11_IRQHandler
                0x08006cf8                OTG_HS_IRQHandler
                0x08006cf8                EXTI1_IRQHandler
                0x08006cf8                USART2_IRQHandler
                0x08006cf8                I2C2_ER_IRQHandler
                0x08006cf8                DMA2_Stream1_IRQHandler
                0x08006cf8                CAN1_SCE_IRQHandler
                0x08006cf8                FLASH_IRQHandler
                0x08006cf8                DMA2_Stream4_IRQHandler
                0x08006cf8                USART1_IRQHandler
                0x08006cf8                DMA1_Stream4_IRQHandler
                0x08006cf8                I2C1_ER_IRQHandler
                0x08006cf8                DMA2_Stream6_IRQHandler
                0x08006cf8                DMA1_Stream3_IRQHandler
 .text._ZN5MySpiC2Ev
                0x08006cfc       0xd4 src\nrf24v02\my_spi.o
                0x08006cfc                MySpi::MySpi()
                0x08006cfc                MySpi::MySpi()
 .text._ZN5MySpi8TransferEPhS0_i
                0x08006dd0      0x108 src\nrf24v02\my_spi.o
                0x08006dd0                MySpi::Transfer(unsigned char*, unsigned char*, int)
 .text._ZN5NRF24C2Ev
                0x08006ed8       0x48 src\nrf24v02\NRF24.o
                0x08006ed8                NRF24::NRF24()
                0x08006ed8                NRF24::NRF24()
 .text._ZN5NRF246ConfigEv
                0x08006f20       0xbc src\nrf24v02\NRF24.o
                0x08006f20                NRF24::Config()
 .text._ZN5NRF2413WriteRegisterEhPhi
                0x08006fdc      0x104 src\nrf24v02\NRF24.o
                0x08006fdc                NRF24::WriteRegister(unsigned char, unsigned char*, int)
 .text._ZN5NRF2412ReadRegisterEhPhi
                0x080070e0       0xf8 src\nrf24v02\NRF24.o
                0x080070e0                NRF24::ReadRegister(unsigned char, unsigned char*, int)
 .text._ZN5NRF2412WritePayloadEPhi
                0x080071d8       0xf8 src\nrf24v02\NRF24.o
                0x080071d8                NRF24::WritePayload(unsigned char*, int)
 .text._ZN5NRF2411ReadPayloadEPhi
                0x080072d0       0xf4 src\nrf24v02\NRF24.o
                0x080072d0                NRF24::ReadPayload(unsigned char*, int)
 .text._ZN5NRF247FlushTxEv
                0x080073c4       0x58 src\nrf24v02\NRF24.o
                0x080073c4                NRF24::FlushTx()
 .text._ZN5NRF247FlushRxEv
                0x0800741c       0x58 src\nrf24v02\NRF24.o
                0x0800741c                NRF24::FlushRx()
 .text._ZN5NRF245SetIdEh
                0x08007474       0x5c src\nrf24v02\NRF24.o
                0x08007474                NRF24::SetId(unsigned char)
 .text._ZN5NRF248DataSentEv
                0x080074d0       0x28 src\nrf24v02\NRF24.o
                0x080074d0                NRF24::DataSent()
 .text._ZN5NRF249DataReadyEv
                0x080074f8       0x28 src\nrf24v02\NRF24.o
                0x080074f8                NRF24::DataReady()
 .text._ZN5NRF245MaxRtEv
                0x08007520       0x28 src\nrf24v02\NRF24.o
                0x08007520                NRF24::MaxRt()
 .text._ZN5NRF2413CleanDataSentEv
                0x08007548       0x28 src\nrf24v02\NRF24.o
                0x08007548                NRF24::CleanDataSent()
 .text._ZN5NRF2414CleanDataReadyEv
                0x08007570       0x28 src\nrf24v02\NRF24.o
                0x08007570                NRF24::CleanDataReady()
 .text._ZN5NRF2410CleanMaxRtEv
                0x08007598       0x28 src\nrf24v02\NRF24.o
                0x08007598                NRF24::CleanMaxRt()
 .text._ZN5NRF247TxEmptyEv
                0x080075c0       0x28 src\nrf24v02\NRF24.o
                0x080075c0                NRF24::TxEmpty()
 .text._ZN4GPIOC2EP12GPIO_TypeDeft
                0x080075e8       0xb4 src\nrf24v02\GPIO.o
                0x080075e8                GPIO::GPIO(GPIO_TypeDef*, unsigned short)
                0x080075e8                GPIO::GPIO(GPIO_TypeDef*, unsigned short)
 .text._ZN4GPIO3SetEv
                0x0800769c       0x20 src\nrf24v02\GPIO.o
                0x0800769c                GPIO::Set()
 .text._ZN4GPIO5ResetEv
                0x080076bc       0x20 src\nrf24v02\GPIO.o
                0x080076bc                GPIO::Reset()
 .text.NVIC_SetPriority
                0x080076dc       0x54 src\main.o
 .text.SysTick_Config
                0x08007730       0x44 src\main.o
 .text.main     0x08007774      0x1e4 src\main.o
                0x08007774                main
 .text.SysTick_Handler
                0x08007958        0xc src\main.o
                0x08007958                SysTick_Handler
 .text._Z21TimingDelay_Decrementv
                0x08007964       0x2c src\main.o
                0x08007964                TimingDelay_Decrement()
 .text.OTG_FS_IRQHandler
                0x08007990       0x10 src\main.o
                0x08007990                OTG_FS_IRQHandler
 .text.OTG_FS_WKUP_IRQHandler
                0x080079a0       0x34 src\main.o
                0x080079a0                OTG_FS_WKUP_IRQHandler
 .text.EVAL_AUDIO_TransferComplete_CallBack
                0x080079d4       0x18 src\main.o
                0x080079d4                EVAL_AUDIO_TransferComplete_CallBack
 .text.EVAL_AUDIO_GetSampleCallBack
                0x080079ec       0x14 src\main.o
                0x080079ec                EVAL_AUDIO_GetSampleCallBack
 .text.Audio_MAL_IRQHandler
                0x08007a00       0xf8 Utilities\STM32F4-Discovery\stm32f4_discovery_audio_codec.o
 .text.DMA1_Stream7_IRQHandler
                0x08007af8        0xc Utilities\STM32F4-Discovery\stm32f4_discovery_audio_codec.o
                0x08007af8                DMA1_Stream7_IRQHandler
 .text.DMA1_Stream0_IRQHandler
                0x08007b04        0xc Utilities\STM32F4-Discovery\stm32f4_discovery_audio_codec.o
                0x08007b04                DMA1_Stream0_IRQHandler
 .text.SPI3_IRQHandler
                0x08007b10       0x40 Utilities\STM32F4-Discovery\stm32f4_discovery_audio_codec.o
                0x08007b10                SPI3_IRQHandler
 .text.STM_EVAL_LEDInit
                0x08007b50       0x5c Utilities\STM32F4-Discovery\stm32f4_discovery.o
                0x08007b50                STM_EVAL_LEDInit
 .text.STM_EVAL_LEDToggle
                0x08007bac       0x3c Utilities\STM32F4-Discovery\stm32f4_discovery.o
                0x08007bac                STM_EVAL_LEDToggle
 .text.USBD_OTG_ISR_Handler
                0x08007be8      0x15c Libraries\usb_lib\otg\usb_dcd_int.o
                0x08007be8                USBD_OTG_ISR_Handler
 .text.DCD_HandleResume_ISR
                0x08007d44       0x80 Libraries\usb_lib\otg\usb_dcd_int.o
 .text.DCD_HandleUSBSuspend_ISR
                0x08007dc4       0x9c Libraries\usb_lib\otg\usb_dcd_int.o
 .text.DCD_HandleInEP_ISR
                0x08007e60      0x1ec Libraries\usb_lib\otg\usb_dcd_int.o
 .text.DCD_HandleOutEP_ISR
                0x0800804c      0x178 Libraries\usb_lib\otg\usb_dcd_int.o
 .text.DCD_HandleSof_ISR
                0x080081c4       0x34 Libraries\usb_lib\otg\usb_dcd_int.o
 .text.DCD_HandleRxStatusQueueLevel_ISR
                0x080081f8      0x104 Libraries\usb_lib\otg\usb_dcd_int.o
 .text.DCD_WriteEmptyTxFifo
                0x080082fc       0xe4 Libraries\usb_lib\otg\usb_dcd_int.o
 .text.DCD_HandleUsbReset_ISR
                0x080083e0      0x144 Libraries\usb_lib\otg\usb_dcd_int.o
 .text.DCD_HandleEnumDone_ISR
                0x08008524       0x78 Libraries\usb_lib\otg\usb_dcd_int.o
 .text.DCD_IsoINIncomplete_ISR
                0x0800859c       0x34 Libraries\usb_lib\otg\usb_dcd_int.o
 .text.DCD_IsoOUTIncomplete_ISR
                0x080085d0       0x34 Libraries\usb_lib\otg\usb_dcd_int.o
 .text.DCD_ReadDevInEP
                0x08008604       0x50 Libraries\usb_lib\otg\usb_dcd_int.o
 .text.DCD_Init
                0x08008654      0x100 Libraries\usb_lib\otg\usb_dcd.o
                0x08008654                DCD_Init
 .text.DCD_EP_Open
                0x08008754       0x9c Libraries\usb_lib\otg\usb_dcd.o
                0x08008754                DCD_EP_Open
 .text.DCD_EP_Close
                0x080087f0       0x70 Libraries\usb_lib\otg\usb_dcd.o
                0x080087f0                DCD_EP_Close
 .text.DCD_EP_PrepareRx
                0x08008860       0x80 Libraries\usb_lib\otg\usb_dcd.o
                0x08008860                DCD_EP_PrepareRx
 .text.DCD_EP_Tx
                0x080088e0       0x78 Libraries\usb_lib\otg\usb_dcd.o
                0x080088e0                DCD_EP_Tx
 .text.DCD_EP_Stall
                0x08008958       0x74 Libraries\usb_lib\otg\usb_dcd.o
                0x08008958                DCD_EP_Stall
 .text.DCD_EP_ClrStall
                0x080089cc       0x74 Libraries\usb_lib\otg\usb_dcd.o
                0x080089cc                DCD_EP_ClrStall
 .text.DCD_EP_SetAddress
                0x08008a40       0x3c Libraries\usb_lib\otg\usb_dcd.o
                0x08008a40                DCD_EP_SetAddress
 .text.USB_OTG_EnableCommonInt
                0x08008a7c       0x44 Libraries\usb_lib\otg\usb_core.o
 .text.USB_OTG_CoreReset
                0x08008ac0       0x8c Libraries\usb_lib\otg\usb_core.o
 .text.USB_OTG_WritePacket
                0x08008b4c       0x70 Libraries\usb_lib\otg\usb_core.o
                0x08008b4c                USB_OTG_WritePacket
 .text.USB_OTG_ReadPacket
                0x08008bbc       0x58 Libraries\usb_lib\otg\usb_core.o
                0x08008bbc                USB_OTG_ReadPacket
 .text.USB_OTG_SelectCore
                0x08008c14      0x174 Libraries\usb_lib\otg\usb_core.o
                0x08008c14                USB_OTG_SelectCore
 .text.USB_OTG_CoreInit
                0x08008d88      0x1dc Libraries\usb_lib\otg\usb_core.o
                0x08008d88                USB_OTG_CoreInit
 .text.USB_OTG_EnableGlobalInt
                0x08008f64       0x38 Libraries\usb_lib\otg\usb_core.o
                0x08008f64                USB_OTG_EnableGlobalInt
 .text.USB_OTG_DisableGlobalInt
                0x08008f9c       0x38 Libraries\usb_lib\otg\usb_core.o
                0x08008f9c                USB_OTG_DisableGlobalInt
 .text.USB_OTG_FlushTxFifo
                0x08008fd4       0x74 Libraries\usb_lib\otg\usb_core.o
                0x08008fd4                USB_OTG_FlushTxFifo
 .text.USB_OTG_FlushRxFifo
                0x08009048       0x60 Libraries\usb_lib\otg\usb_core.o
                0x08009048                USB_OTG_FlushRxFifo
 .text.USB_OTG_SetCurrentMode
                0x080090a8       0x60 Libraries\usb_lib\otg\usb_core.o
                0x080090a8                USB_OTG_SetCurrentMode
 .text.USB_OTG_GetMode
                0x08009108       0x20 Libraries\usb_lib\otg\usb_core.o
                0x08009108                USB_OTG_GetMode
 .text.USB_OTG_IsDeviceMode
                0x08009128       0x24 Libraries\usb_lib\otg\usb_core.o
                0x08009128                USB_OTG_IsDeviceMode
 .text.USB_OTG_ReadCoreItr
                0x0800914c       0x30 Libraries\usb_lib\otg\usb_core.o
                0x0800914c                USB_OTG_ReadCoreItr
 .text.USB_OTG_InitDevSpeed
                0x0800917c       0x38 Libraries\usb_lib\otg\usb_core.o
                0x0800917c                USB_OTG_InitDevSpeed
 .text.USB_OTG_CoreInitDev
                0x080091b4      0x27c Libraries\usb_lib\otg\usb_core.o
                0x080091b4                USB_OTG_CoreInitDev
 .text.USB_OTG_EnableDevInt
                0x08009430       0x98 Libraries\usb_lib\otg\usb_core.o
                0x08009430                USB_OTG_EnableDevInt
 .text.USB_OTG_GetDeviceSpeed
                0x080094c8       0x48 Libraries\usb_lib\otg\usb_core.o
                0x080094c8                USB_OTG_GetDeviceSpeed
 .text.USB_OTG_EP0Activate
                0x08009510       0x78 Libraries\usb_lib\otg\usb_core.o
                0x08009510                USB_OTG_EP0Activate
 .text.USB_OTG_EPActivate
                0x08009588       0xdc Libraries\usb_lib\otg\usb_core.o
                0x08009588                USB_OTG_EPActivate
 .text.USB_OTG_EPDeactivate
                0x08009664       0x8c Libraries\usb_lib\otg\usb_core.o
                0x08009664                USB_OTG_EPDeactivate
 .text.USB_OTG_EPStartXfer
                0x080096f0      0x280 Libraries\usb_lib\otg\usb_core.o
                0x080096f0                USB_OTG_EPStartXfer
 .text.USB_OTG_EP0StartXfer
                0x08009970      0x1d4 Libraries\usb_lib\otg\usb_core.o
                0x08009970                USB_OTG_EP0StartXfer
 .text.USB_OTG_EPSetStall
                0x08009b44       0x88 Libraries\usb_lib\otg\usb_core.o
                0x08009b44                USB_OTG_EPSetStall
 .text.USB_OTG_EPClearStall
                0x08009bcc       0x78 Libraries\usb_lib\otg\usb_core.o
                0x08009bcc                USB_OTG_EPClearStall
 .text.USB_OTG_ReadDevAllOutEp_itr
                0x08009c44       0x2c Libraries\usb_lib\otg\usb_core.o
                0x08009c44                USB_OTG_ReadDevAllOutEp_itr
 .text.USB_OTG_ReadDevOutEP_itr
                0x08009c70       0x38 Libraries\usb_lib\otg\usb_core.o
                0x08009c70                USB_OTG_ReadDevOutEP_itr
 .text.USB_OTG_ReadDevAllInEPItr
                0x08009ca8       0x2c Libraries\usb_lib\otg\usb_core.o
                0x08009ca8                USB_OTG_ReadDevAllInEPItr
 .text.USB_OTG_EP0_OutStart
                0x08009cd4       0x70 Libraries\usb_lib\otg\usb_core.o
                0x08009cd4                USB_OTG_EP0_OutStart
 .text.USB_OTG_UngateClock
                0x08009d44       0x54 Libraries\usb_lib\otg\usb_core.o
                0x08009d44                USB_OTG_UngateClock
 .text.USBD_StdDevReq
                0x08009d98       0xa0 Libraries\usb_lib\core\usbd_req.o
                0x08009d98                USBD_StdDevReq
 .text.USBD_StdItfReq
                0x08009e38       0x68 Libraries\usb_lib\core\usbd_req.o
                0x08009e38                USBD_StdItfReq
 .text.USBD_StdEPReq
                0x08009ea0      0x1b0 Libraries\usb_lib\core\usbd_req.o
                0x08009ea0                USBD_StdEPReq
 .text.USBD_GetDescriptor
                0x0800a050      0x1b8 Libraries\usb_lib\core\usbd_req.o
 .text.USBD_SetAddress
                0x0800a208       0x7c Libraries\usb_lib\core\usbd_req.o
 .text.USBD_SetConfig
                0x0800a284       0xf4 Libraries\usb_lib\core\usbd_req.o
 .text.USBD_GetConfig
                0x0800a378       0x60 Libraries\usb_lib\core\usbd_req.o
 .text.USBD_GetStatus
                0x0800a3d8       0x50 Libraries\usb_lib\core\usbd_req.o
 .text.USBD_SetFeature
                0x0800a428       0xcc Libraries\usb_lib\core\usbd_req.o
 .text.USBD_ClrFeature
                0x0800a4f4       0x50 Libraries\usb_lib\core\usbd_req.o
 .text.USBD_ParseSetupRequest
                0x0800a544       0x8c Libraries\usb_lib\core\usbd_req.o
                0x0800a544                USBD_ParseSetupRequest
 .text.USBD_CtlError
                0x0800a5d0       0x48 Libraries\usb_lib\core\usbd_req.o
                0x0800a5d0                USBD_CtlError
 .text.USBD_GetString
                0x0800a618       0x7c Libraries\usb_lib\core\usbd_req.o
                0x0800a618                USBD_GetString
 .text.USBD_GetLen
                0x0800a694       0x30 Libraries\usb_lib\core\usbd_req.o
 .text.USBD_CtlSendData
                0x0800a6c4       0x40 Libraries\usb_lib\core\usbd_ioreq.o
                0x0800a6c4                USBD_CtlSendData
 .text.USBD_CtlContinueSendData
                0x0800a704       0x28 Libraries\usb_lib\core\usbd_ioreq.o
                0x0800a704                USBD_CtlContinueSendData
 .text.USBD_CtlPrepareRx
                0x0800a72c       0x40 Libraries\usb_lib\core\usbd_ioreq.o
                0x0800a72c                USBD_CtlPrepareRx
 .text.USBD_CtlContinueRx
                0x0800a76c       0x28 Libraries\usb_lib\core\usbd_ioreq.o
                0x0800a76c                USBD_CtlContinueRx
 .text.USBD_CtlSendStatus
                0x0800a794       0x30 Libraries\usb_lib\core\usbd_ioreq.o
                0x0800a794                USBD_CtlSendStatus
 .text.USBD_CtlReceiveStatus
                0x0800a7c4       0x30 Libraries\usb_lib\core\usbd_ioreq.o
                0x0800a7c4                USBD_CtlReceiveStatus
 .text.USBD_Init
                0x0800a7f4       0x54 Libraries\usb_lib\core\usbd_core.o
                0x0800a7f4                USBD_Init
 .text.USBD_DeInit
                0x0800a848       0x18 Libraries\usb_lib\core\usbd_core.o
                0x0800a848                USBD_DeInit
 .text.USBD_SetupStage
                0x0800a860       0x6c Libraries\usb_lib\core\usbd_core.o
 .text.USBD_DataOutStage
                0x0800a8cc       0xd0 Libraries\usb_lib\core\usbd_core.o
 .text.USBD_DataInStage
                0x0800a99c      0x104 Libraries\usb_lib\core\usbd_core.o
 .text.USBD_Reset
                0x0800aaa0       0x44 Libraries\usb_lib\core\usbd_core.o
 .text.USBD_Resume
                0x0800aae4       0x24 Libraries\usb_lib\core\usbd_core.o
 .text.USBD_Suspend
                0x0800ab08       0x24 Libraries\usb_lib\core\usbd_core.o
 .text.USBD_SOF
                0x0800ab2c       0x2c Libraries\usb_lib\core\usbd_core.o
 .text.USBD_SetCfg
                0x0800ab58       0x30 Libraries\usb_lib\core\usbd_core.o
                0x0800ab58                USBD_SetCfg
 .text.USBD_ClrCfg
                0x0800ab88       0x28 Libraries\usb_lib\core\usbd_core.o
                0x0800ab88                USBD_ClrCfg
 .text.USBD_IsoINIncomplete
                0x0800abb0       0x20 Libraries\usb_lib\core\usbd_core.o
 .text.USBD_IsoOUTIncomplete
                0x0800abd0       0x20 Libraries\usb_lib\core\usbd_core.o
 .text.VCP_Init
                0x0800abf0       0x10 Libraries\usb_lib\cdc\usbd_cdc_vcp.o
 .text.VCP_DeInit
                0x0800ac00       0x10 Libraries\usb_lib\cdc\usbd_cdc_vcp.o
 .text.VCP_Ctrl
                0x0800ac10      0x110 Libraries\usb_lib\cdc\usbd_cdc_vcp.o
 .text.VCP_send_buffer
                0x0800ad20       0x1c Libraries\usb_lib\cdc\usbd_cdc_vcp.o
                0x0800ad20                VCP_send_buffer
 .text.VCP_DataTx
                0x0800ad3c       0x60 Libraries\usb_lib\cdc\usbd_cdc_vcp.o
 .text.VCP_DataRx
                0x0800ad9c       0x70 Libraries\usb_lib\cdc\usbd_cdc_vcp.o
 .text.VCP_get_char
                0x0800ae0c       0x58 Libraries\usb_lib\cdc\usbd_cdc_vcp.o
                0x0800ae0c                VCP_get_char
 .text.usbd_cdc_Init
                0x0800ae64       0x88 Libraries\usb_lib\cdc\usbd_cdc_core.o
 .text.usbd_cdc_DeInit
                0x0800aeec       0x38 Libraries\usb_lib\cdc\usbd_cdc_core.o
 .text.usbd_cdc_Setup
                0x0800af24      0x120 Libraries\usb_lib\cdc\usbd_cdc_core.o
 .text.usbd_cdc_EP0_RxReady
                0x0800b044       0x44 Libraries\usb_lib\cdc\usbd_cdc_core.o
 .text.usbd_cdc_DataIn
                0x0800b088       0xc0 Libraries\usb_lib\cdc\usbd_cdc_core.o
 .text.usbd_cdc_DataOut
                0x0800b148       0x54 Libraries\usb_lib\cdc\usbd_cdc_core.o
 .text.usbd_cdc_SOF
                0x0800b19c       0x30 Libraries\usb_lib\cdc\usbd_cdc_core.o
 .text.Handle_USBAsynchXfer
                0x0800b1cc      0x100 Libraries\usb_lib\cdc\usbd_cdc_core.o
 .text.USBD_cdc_GetCfgDesc
                0x0800b2cc       0x24 Libraries\usb_lib\cdc\usbd_cdc_core.o
 .text.USBD_USR_Init
                0x0800b2f0        0xc Libraries\usb_conf\usbd_usr.o
                0x0800b2f0                USBD_USR_Init
 .text.USBD_USR_DeviceReset
                0x0800b2fc       0x28 Libraries\usb_conf\usbd_usr.o
                0x0800b2fc                USBD_USR_DeviceReset
 .text.USBD_USR_DeviceConfigured
                0x0800b324        0xc Libraries\usb_conf\usbd_usr.o
                0x0800b324                USBD_USR_DeviceConfigured
 .text.USBD_USR_DeviceConnected
                0x0800b330        0xc Libraries\usb_conf\usbd_usr.o
                0x0800b330                USBD_USR_DeviceConnected
 .text.USBD_USR_DeviceDisconnected
                0x0800b33c        0xc Libraries\usb_conf\usbd_usr.o
                0x0800b33c                USBD_USR_DeviceDisconnected
 .text.USBD_USR_DeviceSuspended
                0x0800b348        0xc Libraries\usb_conf\usbd_usr.o
                0x0800b348                USBD_USR_DeviceSuspended
 .text.USBD_USR_DeviceResumed
                0x0800b354        0xc Libraries\usb_conf\usbd_usr.o
                0x0800b354                USBD_USR_DeviceResumed
 .text.USBD_USR_DeviceDescriptor
                0x0800b360       0x24 Libraries\usb_conf\usbd_desc.o
                0x0800b360                USBD_USR_DeviceDescriptor
 .text.USBD_USR_LangIDStrDescriptor
                0x0800b384       0x24 Libraries\usb_conf\usbd_desc.o
                0x0800b384                USBD_USR_LangIDStrDescriptor
 .text.USBD_USR_ProductStrDescriptor
                0x0800b3a8       0x40 Libraries\usb_conf\usbd_desc.o
                0x0800b3a8                USBD_USR_ProductStrDescriptor
 .text.USBD_USR_ManufacturerStrDescriptor
                0x0800b3e8       0x28 Libraries\usb_conf\usbd_desc.o
                0x0800b3e8                USBD_USR_ManufacturerStrDescriptor
 .text.USBD_USR_SerialStrDescriptor
                0x0800b410       0x40 Libraries\usb_conf\usbd_desc.o
                0x0800b410                USBD_USR_SerialStrDescriptor
 .text.USBD_USR_ConfigStrDescriptor
                0x0800b450       0x3c Libraries\usb_conf\usbd_desc.o
                0x0800b450                USBD_USR_ConfigStrDescriptor
 .text.USBD_USR_InterfaceStrDescriptor
                0x0800b48c       0x3c Libraries\usb_conf\usbd_desc.o
                0x0800b48c                USBD_USR_InterfaceStrDescriptor
 .text.USB_OTG_BSP_Init
                0x0800b4c8       0xb0 Libraries\usb_conf\usb_bsp.o
                0x0800b4c8                USB_OTG_BSP_Init
 .text.USB_OTG_BSP_EnableInterrupt
                0x0800b578       0x30 Libraries\usb_conf\usb_bsp.o
                0x0800b578                USB_OTG_BSP_EnableInterrupt
 .text.USB_OTG_BSP_uDelay
                0x0800b5a8       0x48 Libraries\usb_conf\usb_bsp.o
                0x0800b5a8                USB_OTG_BSP_uDelay
 .text.USB_OTG_BSP_mDelay
                0x0800b5f0       0x20 Libraries\usb_conf\usb_bsp.o
                0x0800b5f0                USB_OTG_BSP_mDelay
 .text.SPI_Init
                0x0800b610       0x88 Libraries\STM32F4xx_StdPeriph_Driver\src\stm32f4xx_spi.o
                0x0800b610                SPI_Init
 .text.SPI_Cmd  0x0800b698       0x40 Libraries\STM32F4xx_StdPeriph_Driver\src\stm32f4xx_spi.o
                0x0800b698                SPI_Cmd
 .text.SPI_I2S_ReceiveData
                0x0800b6d8       0x1c Libraries\STM32F4xx_StdPeriph_Driver\src\stm32f4xx_spi.o
                0x0800b6d8                SPI_I2S_ReceiveData
 .text.SPI_I2S_SendData
                0x0800b6f4       0x1c Libraries\STM32F4xx_StdPeriph_Driver\src\stm32f4xx_spi.o
                0x0800b6f4                SPI_I2S_SendData
 .text.SPI_I2S_GetFlagStatus
                0x0800b710       0x38 Libraries\STM32F4xx_StdPeriph_Driver\src\stm32f4xx_spi.o
                0x0800b710                SPI_I2S_GetFlagStatus
 .text.RCC_AHB1PeriphClockCmd
                0x0800b748       0x3c Libraries\STM32F4xx_StdPeriph_Driver\src\stm32f4xx_rcc.o
                0x0800b748                RCC_AHB1PeriphClockCmd
 .text.RCC_AHB2PeriphClockCmd
                0x0800b784       0x3c Libraries\STM32F4xx_StdPeriph_Driver\src\stm32f4xx_rcc.o
                0x0800b784                RCC_AHB2PeriphClockCmd
 .text.RCC_APB2PeriphClockCmd
                0x0800b7c0       0x3c Libraries\STM32F4xx_StdPeriph_Driver\src\stm32f4xx_rcc.o
                0x0800b7c0                RCC_APB2PeriphClockCmd
 .text.RCC_APB1PeriphResetCmd
                0x0800b7fc       0x3c Libraries\STM32F4xx_StdPeriph_Driver\src\stm32f4xx_rcc.o
                0x0800b7fc                RCC_APB1PeriphResetCmd
 .text.GPIO_Init
                0x0800b838      0x11c Libraries\STM32F4xx_StdPeriph_Driver\src\stm32f4xx_gpio.o
                0x0800b838                GPIO_Init
 .text.GPIO_SetBits
                0x0800b954       0x1c Libraries\STM32F4xx_StdPeriph_Driver\src\stm32f4xx_gpio.o
                0x0800b954                GPIO_SetBits
 .text.GPIO_ResetBits
                0x0800b970       0x1c Libraries\STM32F4xx_StdPeriph_Driver\src\stm32f4xx_gpio.o
                0x0800b970                GPIO_ResetBits
 .text.GPIO_PinAFConfig
                0x0800b98c       0x8c Libraries\STM32F4xx_StdPeriph_Driver\src\stm32f4xx_gpio.o
                0x0800b98c                GPIO_PinAFConfig
 .text.EXTI_ClearITPendingBit
                0x0800ba18       0x1c Libraries\STM32F4xx_StdPeriph_Driver\src\stm32f4xx_exti.o
                0x0800ba18                EXTI_ClearITPendingBit
 .text.DMA_Init
                0x0800ba34       0xac Libraries\STM32F4xx_StdPeriph_Driver\src\stm32f4xx_dma.o
                0x0800ba34                DMA_Init
 .text.DMA_Cmd  0x0800bae0       0x38 Libraries\STM32F4xx_StdPeriph_Driver\src\stm32f4xx_dma.o
                0x0800bae0                DMA_Cmd
 .text.DMA_GetCmdStatus
                0x0800bb18       0x30 Libraries\STM32F4xx_StdPeriph_Driver\src\stm32f4xx_dma.o
                0x0800bb18                DMA_GetCmdStatus
 .text.DMA_GetFlagStatus
                0x0800bb48       0x78 Libraries\STM32F4xx_StdPeriph_Driver\src\stm32f4xx_dma.o
                0x0800bb48                DMA_GetFlagStatus
 .text.DMA_ClearFlag
                0x0800bbc0       0x5c Libraries\STM32F4xx_StdPeriph_Driver\src\stm32f4xx_dma.o
                0x0800bbc0                DMA_ClearFlag
 .text.DAC_SetChannel1Data
                0x0800bc1c       0x34 Libraries\STM32F4xx_StdPeriph_Driver\src\stm32f4xx_dac.o
                0x0800bc1c                DAC_SetChannel1Data
 .text.NVIC_PriorityGroupConfig
                0x0800bc50       0x24 Libraries\STM32F4xx_StdPeriph_Driver\src\misc.o
                0x0800bc50                NVIC_PriorityGroupConfig
 .text.NVIC_Init
                0x0800bc74       0xbc Libraries\STM32F4xx_StdPeriph_Driver\src\misc.o
                0x0800bc74                NVIC_Init
 .text._Znwj    0x0800bd30       0x58 c:/program files (x86)/atollic/truestudio for arm 5.4.1/armtools/bin/../lib/gcc/arm-atollic-eabi/4.8.3/../../../../arm-atollic-eabi/lib/armv7e-m/fpu\libstdc++.a(new_op.o)
                0x0800bd30                operator new(unsigned int)
 .text.__cxa_end_cleanup
                0x0800bd88        0xc c:/program files (x86)/atollic/truestudio for arm 5.4.1/armtools/bin/../lib/gcc/arm-atollic-eabi/4.8.3/../../../../arm-atollic-eabi/lib/armv7e-m/fpu\libstdc++.a(eh_arm.o)
                0x0800bd88                __cxa_end_cleanup
 .text.__cxa_type_match
                0x0800bd94       0xac c:/program files (x86)/atollic/truestudio for arm 5.4.1/armtools/bin/../lib/gcc/arm-atollic-eabi/4.8.3/../../../../arm-atollic-eabi/lib/armv7e-m/fpu\libstdc++.a(eh_arm.o)
                0x0800bd94                __cxa_type_match
 .text.__cxa_begin_cleanup
                0x0800be40       0x64 c:/program files (x86)/atollic/truestudio for arm 5.4.1/armtools/bin/../lib/gcc/arm-atollic-eabi/4.8.3/../../../../arm-atollic-eabi/lib/armv7e-m/fpu\libstdc++.a(eh_arm.o)
                0x0800be40                __cxa_begin_cleanup
 .text.__gnu_end_cleanup
                0x0800bea4       0x70 c:/program files (x86)/atollic/truestudio for arm 5.4.1/armtools/bin/../lib/gcc/arm-atollic-eabi/4.8.3/../../../../arm-atollic-eabi/lib/armv7e-m/fpu\libstdc++.a(eh_arm.o)
                0x0800bea4                __gnu_end_cleanup
 .text._ZNKSt9bad_alloc4whatEv
                0x0800bf14        0x8 c:/program files (x86)/atollic/truestudio for arm 5.4.1/armtools/bin/../lib/gcc/arm-atollic-eabi/4.8.3/../../../../arm-atollic-eabi/lib/armv7e-m/fpu\libstdc++.a(bad_alloc.o)
                0x0800bf14                std::bad_alloc::what() const
 .text._ZNSt9bad_allocD2Ev
                0x0800bf1c       0x14 c:/program files (x86)/atollic/truestudio for arm 5.4.1/armtools/bin/../lib/gcc/arm-atollic-eabi/4.8.3/../../../../arm-atollic-eabi/lib/armv7e-m/fpu\libstdc++.a(bad_alloc.o)
                0x0800bf1c                std::bad_alloc::~bad_alloc()
                0x0800bf1c                std::bad_alloc::~bad_alloc()
 .text._ZNSt9bad_allocD0Ev
                0x0800bf30       0x1c c:/program files (x86)/atollic/truestudio for arm 5.4.1/armtools/bin/../lib/gcc/arm-atollic-eabi/4.8.3/../../../../arm-atollic-eabi/lib/armv7e-m/fpu\libstdc++.a(bad_alloc.o)
                0x0800bf30                std::bad_alloc::~bad_alloc()
 .text._ZN10__cxxabiv1L24__is_gxx_exception_classEPc
                0x0800bf4c       0x3c c:/program files (x86)/atollic/truestudio for arm 5.4.1/armtools/bin/../lib/gcc/arm-atollic-eabi/4.8.3/../../../../arm-atollic-eabi/lib/armv7e-m/fpu\libstdc++.a(eh_call.o)
 .text.__cxa_call_terminate
                0x0800bf88       0x20 c:/program files (x86)/atollic/truestudio for arm 5.4.1/armtools/bin/../lib/gcc/arm-atollic-eabi/4.8.3/../../../../arm-atollic-eabi/lib/armv7e-m/fpu\libstdc++.a(eh_call.o)
                0x0800bf88                __cxa_call_terminate
 .text.__cxa_call_unexpected
                0x0800bfa8       0xd4 c:/program files (x86)/atollic/truestudio for arm 5.4.1/armtools/bin/../lib/gcc/arm-atollic-eabi/4.8.3/../../../../arm-atollic-eabi/lib/armv7e-m/fpu\libstdc++.a(eh_call.o)
                0x0800bfa8                __cxa_call_unexpected
 .text.__cxa_allocate_exception
                0x0800c07c       0x58 c:/program files (x86)/atollic/truestudio for arm 5.4.1/armtools/bin/../lib/gcc/arm-atollic-eabi/4.8.3/../../../../arm-atollic-eabi/lib/armv7e-m/fpu\libstdc++.a(eh_alloc.o)
                0x0800c07c                __cxa_allocate_exception
 .text.__cxa_free_exception
                0x0800c0d4       0x34 c:/program files (x86)/atollic/truestudio for arm 5.4.1/armtools/bin/../lib/gcc/arm-atollic-eabi/4.8.3/../../../../arm-atollic-eabi/lib/armv7e-m/fpu\libstdc++.a(eh_alloc.o)
                0x0800c0d4                __cxa_free_exception
 .text._ZL23__gxx_exception_cleanup19_Unwind_Reason_CodeP21_Unwind_Control_Block
                0x0800c108       0x44 c:/program files (x86)/atollic/truestudio for arm 5.4.1/armtools/bin/../lib/gcc/arm-atollic-eabi/4.8.3/../../../../arm-atollic-eabi/lib/armv7e-m/fpu\libstdc++.a(eh_throw.o)
 .text.__cxa_throw
                0x0800c14c       0x90 c:/program files (x86)/atollic/truestudio for arm 5.4.1/armtools/bin/../lib/gcc/arm-atollic-eabi/4.8.3/../../../../arm-atollic-eabi/lib/armv7e-m/fpu\libstdc++.a(eh_throw.o)
                0x0800c14c                __cxa_throw
 .text.__cxa_rethrow
                0x0800c1dc       0x70 c:/program files (x86)/atollic/truestudio for arm 5.4.1/armtools/bin/../lib/gcc/arm-atollic-eabi/4.8.3/../../../../arm-atollic-eabi/lib/armv7e-m/fpu\libstdc++.a(eh_throw.o)
                0x0800c1dc                __cxa_rethrow
 .text._ZL12read_sleb128PKhPl
                0x0800c24c       0x34 c:/program files (x86)/atollic/truestudio for arm 5.4.1/armtools/bin/../lib/gcc/arm-atollic-eabi/4.8.3/../../../../arm-atollic-eabi/lib/armv7e-m/fpu\libstdc++.a(eh_personality.o)
 .text._ZL28read_encoded_value_with_basehjPKhPj
                0x0800c280       0xb0 c:/program files (x86)/atollic/truestudio for arm 5.4.1/armtools/bin/../lib/gcc/arm-atollic-eabi/4.8.3/../../../../arm-atollic-eabi/lib/armv7e-m/fpu\libstdc++.a(eh_personality.o)
 .text._ZL21base_of_encoded_valuehP15_Unwind_Context
                0x0800c330       0x4c c:/program files (x86)/atollic/truestudio for arm 5.4.1/armtools/bin/../lib/gcc/arm-atollic-eabi/4.8.3/../../../../arm-atollic-eabi/lib/armv7e-m/fpu\libstdc++.a(eh_personality.o)
 .text._ZL17parse_lsda_headerP15_Unwind_ContextPKhP16lsda_header_info
                0x0800c37c       0x98 c:/program files (x86)/atollic/truestudio for arm 5.4.1/armtools/bin/../lib/gcc/arm-atollic-eabi/4.8.3/../../../../arm-atollic-eabi/lib/armv7e-m/fpu\libstdc++.a(eh_personality.o)
 .text.__gxx_personality_v0
                0x0800c414      0x408 c:/program files (x86)/atollic/truestudio for arm 5.4.1/armtools/bin/../lib/gcc/arm-atollic-eabi/4.8.3/../../../../arm-atollic-eabi/lib/armv7e-m/fpu\libstdc++.a(eh_personality.o)
                0x0800c414                __gxx_personality_v0
 .text._ZNSt9exceptionD2Ev
                0x0800c81c        0xc c:/program files (x86)/atollic/truestudio for arm 5.4.1/armtools/bin/../lib/gcc/arm-atollic-eabi/4.8.3/../../../../arm-atollic-eabi/lib/armv7e-m/fpu\libstdc++.a(eh_exception.o)
                0x0800c81c                std::exception::~exception()
                0x0800c81c                std::exception::~exception()
 .text._ZNSt13bad_exceptionD2Ev
                0x0800c828        0xc c:/program files (x86)/atollic/truestudio for arm 5.4.1/armtools/bin/../lib/gcc/arm-atollic-eabi/4.8.3/../../../../arm-atollic-eabi/lib/armv7e-m/fpu\libstdc++.a(eh_exception.o)
                0x0800c828                std::bad_exception::~bad_exception()
                0x0800c828                std::bad_exception::~bad_exception()
 .text._ZNKSt9exception4whatEv
                0x0800c834        0x8 c:/program files (x86)/atollic/truestudio for arm 5.4.1/armtools/bin/../lib/gcc/arm-atollic-eabi/4.8.3/../../../../arm-atollic-eabi/lib/armv7e-m/fpu\libstdc++.a(eh_exception.o)
                0x0800c834                std::exception::what() const
 .text._ZNKSt13bad_exception4whatEv
                0x0800c83c        0x8 c:/program files (x86)/atollic/truestudio for arm 5.4.1/armtools/bin/../lib/gcc/arm-atollic-eabi/4.8.3/../../../../arm-atollic-eabi/lib/armv7e-m/fpu\libstdc++.a(eh_exception.o)
                0x0800c83c                std::bad_exception::what() const
 .text._ZNSt9exceptionD0Ev
                0x0800c844       0x14 c:/program files (x86)/atollic/truestudio for arm 5.4.1/armtools/bin/../lib/gcc/arm-atollic-eabi/4.8.3/../../../../arm-atollic-eabi/lib/armv7e-m/fpu\libstdc++.a(eh_exception.o)
                0x0800c844                std::exception::~exception()
 .text._ZNSt13bad_exceptionD0Ev
                0x0800c858       0x14 c:/program files (x86)/atollic/truestudio for arm 5.4.1/armtools/bin/../lib/gcc/arm-atollic-eabi/4.8.3/../../../../arm-atollic-eabi/lib/armv7e-m/fpu\libstdc++.a(eh_exception.o)
                0x0800c858                std::bad_exception::~bad_exception()
 .text.__cxa_get_globals_fast
                0x0800c86c        0x8 c:/program files (x86)/atollic/truestudio for arm 5.4.1/armtools/bin/../lib/gcc/arm-atollic-eabi/4.8.3/../../../../arm-atollic-eabi/lib/armv7e-m/fpu\libstdc++.a(eh_globals.o)
                0x0800c86c                __cxa_get_globals_fast
 .text.__cxa_get_globals
                0x0800c874        0x8 c:/program files (x86)/atollic/truestudio for arm 5.4.1/armtools/bin/../lib/gcc/arm-atollic-eabi/4.8.3/../../../../arm-atollic-eabi/lib/armv7e-m/fpu\libstdc++.a(eh_globals.o)
                0x0800c874                __cxa_get_globals
 .text.__cxa_begin_catch
                0x0800c87c       0x8c c:/program files (x86)/atollic/truestudio for arm 5.4.1/armtools/bin/../lib/gcc/arm-atollic-eabi/4.8.3/../../../../arm-atollic-eabi/lib/armv7e-m/fpu\libstdc++.a(eh_catch.o)
                0x0800c87c                __cxa_begin_catch
 .text.__cxa_end_catch
                0x0800c908       0x8c c:/program files (x86)/atollic/truestudio for arm 5.4.1/armtools/bin/../lib/gcc/arm-atollic-eabi/4.8.3/../../../../arm-atollic-eabi/lib/armv7e-m/fpu\libstdc++.a(eh_catch.o)
                0x0800c908                __cxa_end_catch
 .text._ZN10__cxxabiv111__terminateEPFvvE
                0x0800c994       0x28 c:/program files (x86)/atollic/truestudio for arm 5.4.1/armtools/bin/../lib/gcc/arm-atollic-eabi/4.8.3/../../../../arm-atollic-eabi/lib/armv7e-m/fpu\libstdc++.a(eh_terminate.o)
                0x0800c994                __cxxabiv1::__terminate(void (*)())
 .text._ZSt9terminatev
                0x0800c9bc       0x10 c:/program files (x86)/atollic/truestudio for arm 5.4.1/armtools/bin/../lib/gcc/arm-atollic-eabi/4.8.3/../../../../arm-atollic-eabi/lib/armv7e-m/fpu\libstdc++.a(eh_terminate.o)
                0x0800c9bc                std::terminate()
 .text._ZN10__cxxabiv112__unexpectedEPFvvE
                0x0800c9cc        0x8 c:/program files (x86)/atollic/truestudio for arm 5.4.1/armtools/bin/../lib/gcc/arm-atollic-eabi/4.8.3/../../../../arm-atollic-eabi/lib/armv7e-m/fpu\libstdc++.a(eh_terminate.o)
                0x0800c9cc                __cxxabiv1::__unexpected(void (*)())
 .text._ZSt10unexpectedv
                0x0800c9d4       0x10 c:/program files (x86)/atollic/truestudio for arm 5.4.1/armtools/bin/../lib/gcc/arm-atollic-eabi/4.8.3/../../../../arm-atollic-eabi/lib/armv7e-m/fpu\libstdc++.a(eh_terminate.o)
                0x0800c9d4                std::unexpected()
 .text._ZN10__cxxabiv120__si_class_type_infoD2Ev
                0x0800c9e4       0x14 c:/program files (x86)/atollic/truestudio for arm 5.4.1/armtools/bin/../lib/gcc/arm-atollic-eabi/4.8.3/../../../../arm-atollic-eabi/lib/armv7e-m/fpu\libstdc++.a(si_class_type_info.o)
                0x0800c9e4                __cxxabiv1::__si_class_type_info::~__si_class_type_info()
                0x0800c9e4                __cxxabiv1::__si_class_type_info::~__si_class_type_info()
 .text._ZN10__cxxabiv120__si_class_type_infoD0Ev
                0x0800c9f8       0x1c c:/program files (x86)/atollic/truestudio for arm 5.4.1/armtools/bin/../lib/gcc/arm-atollic-eabi/4.8.3/../../../../arm-atollic-eabi/lib/armv7e-m/fpu\libstdc++.a(si_class_type_info.o)
                0x0800c9f8                __cxxabiv1::__si_class_type_info::~__si_class_type_info()
 .text._ZNK10__cxxabiv120__si_class_type_info20__do_find_public_srcEiPKvPKNS_17__class_type_infoES2_
                0x0800ca14       0x34 c:/program files (x86)/atollic/truestudio for arm 5.4.1/armtools/bin/../lib/gcc/arm-atollic-eabi/4.8.3/../../../../arm-atollic-eabi/lib/armv7e-m/fpu\libstdc++.a(si_class_type_info.o)
                0x0800ca14                __cxxabiv1::__si_class_type_info::__do_find_public_src(int, void const*, __cxxabiv1::__class_type_info const*, void const*) const
 .text._ZNK10__cxxabiv120__si_class_type_info12__do_dyncastEiNS_17__class_type_info10__sub_kindEPKS1_PKvS4_S6_RNS1_16__dyncast_resultE
                0x0800ca48       0x98 c:/program files (x86)/atollic/truestudio for arm 5.4.1/armtools/bin/../lib/gcc/arm-atollic-eabi/4.8.3/../../../../arm-atollic-eabi/lib/armv7e-m/fpu\libstdc++.a(si_class_type_info.o)
                0x0800ca48                __cxxabiv1::__si_class_type_info::__do_dyncast(int, __cxxabiv1::__class_type_info::__sub_kind, __cxxabiv1::__class_type_info const*, void const*, __cxxabiv1::__class_type_info const*, void const*, __cxxabiv1::__class_type_info::__dyncast_result&) const
 .text._ZNK10__cxxabiv120__si_class_type_info11__do_upcastEPKNS_17__class_type_infoEPKvRNS1_15__upcast_resultE
                0x0800cae0       0x20 c:/program files (x86)/atollic/truestudio for arm 5.4.1/armtools/bin/../lib/gcc/arm-atollic-eabi/4.8.3/../../../../arm-atollic-eabi/lib/armv7e-m/fpu\libstdc++.a(si_class_type_info.o)
                0x0800cae0                __cxxabiv1::__si_class_type_info::__do_upcast(__cxxabiv1::__class_type_info const*, void const*, __cxxabiv1::__class_type_info::__upcast_result&) const
 .text._ZdlPv   0x0800cb00        0x8 c:/program files (x86)/atollic/truestudio for arm 5.4.1/armtools/bin/../lib/gcc/arm-atollic-eabi/4.8.3/../../../../arm-atollic-eabi/lib/armv7e-m/fpu\libstdc++.a(del_op.o)
                0x0800cb00                operator delete(void*)
 .text._ZN9__gnu_cxx27__verbose_terminate_handlerEv
                0x0800cb08      0x114 c:/program files (x86)/atollic/truestudio for arm 5.4.1/armtools/bin/../lib/gcc/arm-atollic-eabi/4.8.3/../../../../arm-atollic-eabi/lib/armv7e-m/fpu\libstdc++.a(vterminate.o)
                0x0800cb08                __gnu_cxx::__verbose_terminate_handler()
 .text._ZNK10__cxxabiv117__class_type_info11__do_upcastEPKS0_PPv
                0x0800cc1c       0x38 c:/program files (x86)/atollic/truestudio for arm 5.4.1/armtools/bin/../lib/gcc/arm-atollic-eabi/4.8.3/../../../../arm-atollic-eabi/lib/armv7e-m/fpu\libstdc++.a(class_type_info.o)
                0x0800cc1c                __cxxabiv1::__class_type_info::__do_upcast(__cxxabiv1::__class_type_info const*, void**) const
 .text._ZNK10__cxxabiv117__class_type_info20__do_find_public_srcEiPKvPKS0_S2_
                0x0800cc54        0xc c:/program files (x86)/atollic/truestudio for arm 5.4.1/armtools/bin/../lib/gcc/arm-atollic-eabi/4.8.3/../../../../arm-atollic-eabi/lib/armv7e-m/fpu\libstdc++.a(class_type_info.o)
                0x0800cc54                __cxxabiv1::__class_type_info::__do_find_public_src(int, void const*, __cxxabiv1::__class_type_info const*, void const*) const
 .text._ZN10__cxxabiv117__class_type_infoD2Ev
                0x0800cc60       0x14 c:/program files (x86)/atollic/truestudio for arm 5.4.1/armtools/bin/../lib/gcc/arm-atollic-eabi/4.8.3/../../../../arm-atollic-eabi/lib/armv7e-m/fpu\libstdc++.a(class_type_info.o)
                0x0800cc60                __cxxabiv1::__class_type_info::~__class_type_info()
                0x0800cc60                __cxxabiv1::__class_type_info::~__class_type_info()
 .text._ZN10__cxxabiv117__class_type_infoD0Ev
                0x0800cc74       0x1c c:/program files (x86)/atollic/truestudio for arm 5.4.1/armtools/bin/../lib/gcc/arm-atollic-eabi/4.8.3/../../../../arm-atollic-eabi/lib/armv7e-m/fpu\libstdc++.a(class_type_info.o)
                0x0800cc74                __cxxabiv1::__class_type_info::~__class_type_info()
 .text._ZNK10__cxxabiv117__class_type_info11__do_upcastEPKS0_PKvRNS0_15__upcast_resultE
                0x0800cc90       0x18 c:/program files (x86)/atollic/truestudio for arm 5.4.1/armtools/bin/../lib/gcc/arm-atollic-eabi/4.8.3/../../../../arm-atollic-eabi/lib/armv7e-m/fpu\libstdc++.a(class_type_info.o)
                0x0800cc90                __cxxabiv1::__class_type_info::__do_upcast(__cxxabiv1::__class_type_info const*, void const*, __cxxabiv1::__class_type_info::__upcast_result&) const
 .text._ZNK10__cxxabiv117__class_type_info10__do_catchEPKSt9type_infoPPvj
                0x0800cca8       0x24 c:/program files (x86)/atollic/truestudio for arm 5.4.1/armtools/bin/../lib/gcc/arm-atollic-eabi/4.8.3/../../../../arm-atollic-eabi/lib/armv7e-m/fpu\libstdc++.a(class_type_info.o)
                0x0800cca8                __cxxabiv1::__class_type_info::__do_catch(std::type_info const*, void**, unsigned int) const
 .text._ZNK10__cxxabiv117__class_type_info12__do_dyncastEiNS0_10__sub_kindEPKS0_PKvS3_S5_RNS0_16__dyncast_resultE
                0x0800cccc       0x40 c:/program files (x86)/atollic/truestudio for arm 5.4.1/armtools/bin/../lib/gcc/arm-atollic-eabi/4.8.3/../../../../arm-atollic-eabi/lib/armv7e-m/fpu\libstdc++.a(class_type_info.o)
                0x0800cccc                __cxxabiv1::__class_type_info::__do_dyncast(int, __cxxabiv1::__class_type_info::__sub_kind, __cxxabiv1::__class_type_info const*, void const*, __cxxabiv1::__class_type_info const*, void const*, __cxxabiv1::__class_type_info::__dyncast_result&) const
 .text._ZNSt9type_infoD2Ev
                0x0800cd0c        0xc c:/program files (x86)/atollic/truestudio for arm 5.4.1/armtools/bin/../lib/gcc/arm-atollic-eabi/4.8.3/../../../../arm-atollic-eabi/lib/armv7e-m/fpu\libstdc++.a(tinfo.o)
                0x0800cd0c                std::type_info::~type_info()
                0x0800cd0c                std::type_info::~type_info()
 .text._ZNKSt9type_info14__is_pointer_pEv
                0x0800cd18        0x4 c:/program files (x86)/atollic/truestudio for arm 5.4.1/armtools/bin/../lib/gcc/arm-atollic-eabi/4.8.3/../../../../arm-atollic-eabi/lib/armv7e-m/fpu\libstdc++.a(tinfo.o)
                0x0800cd18                std::type_info::__is_pointer_p() const
 .text._ZNKSt9type_info15__is_function_pEv
                0x0800cd1c        0x4 c:/program files (x86)/atollic/truestudio for arm 5.4.1/armtools/bin/../lib/gcc/arm-atollic-eabi/4.8.3/../../../../arm-atollic-eabi/lib/armv7e-m/fpu\libstdc++.a(tinfo.o)
                0x0800cd1c                std::type_info::__is_function_p() const
 .text._ZNKSt9type_info11__do_upcastEPKN10__cxxabiv117__class_type_infoEPPv
                0x0800cd20        0x4 c:/program files (x86)/atollic/truestudio for arm 5.4.1/armtools/bin/../lib/gcc/arm-atollic-eabi/4.8.3/../../../../arm-atollic-eabi/lib/armv7e-m/fpu\libstdc++.a(tinfo.o)
                0x0800cd20                std::type_info::__do_upcast(__cxxabiv1::__class_type_info const*, void**) const
 .text._ZNSt9type_infoD0Ev
                0x0800cd24       0x14 c:/program files (x86)/atollic/truestudio for arm 5.4.1/armtools/bin/../lib/gcc/arm-atollic-eabi/4.8.3/../../../../arm-atollic-eabi/lib/armv7e-m/fpu\libstdc++.a(tinfo.o)
                0x0800cd24                std::type_info::~type_info()
 .text._ZNKSt9type_infoeqERKS_
                0x0800cd38       0x30 c:/program files (x86)/atollic/truestudio for arm 5.4.1/armtools/bin/../lib/gcc/arm-atollic-eabi/4.8.3/../../../../arm-atollic-eabi/lib/armv7e-m/fpu\libstdc++.a(tinfo.o)
                0x0800cd38                std::type_info::operator==(std::type_info const&) const
 .text._ZNKSt9type_info10__do_catchEPKS_PPvj
                0x0800cd68        0x4 c:/program files (x86)/atollic/truestudio for arm 5.4.1/armtools/bin/../lib/gcc/arm-atollic-eabi/4.8.3/../../../../arm-atollic-eabi/lib/armv7e-m/fpu\libstdc++.a(tinfo.o)
                0x0800cd68                std::type_info::__do_catch(std::type_info const*, void**, unsigned int) const
 .text.__cxa_current_exception_type
                0x0800cd6c       0x1c c:/program files (x86)/atollic/truestudio for arm 5.4.1/armtools/bin/../lib/gcc/arm-atollic-eabi/4.8.3/../../../../arm-atollic-eabi/lib/armv7e-m/fpu\libstdc++.a(eh_type.o)
                0x0800cd6c                __cxa_current_exception_type
 .text.abort    0x0800cd88        0xe c:/program files (x86)/atollic/truestudio for arm 5.4.1/armtools/bin/../lib/gcc/arm-atollic-eabi/4.8.3/../../../../arm-atollic-eabi/lib/armv7e-m/fpu\libc.a(lib_a-abort.o)
                0x0800cd88                abort
 *fill*         0x0800cd96        0x2 
 .text._fputc_r
                0x0800cd98       0x48 c:/program files (x86)/atollic/truestudio for arm 5.4.1/armtools/bin/../lib/gcc/arm-atollic-eabi/4.8.3/../../../../arm-atollic-eabi/lib/armv7e-m/fpu\libc.a(lib_a-fputc.o)
                0x0800cd98                _fputc_r
 .text.fputc    0x0800cde0       0x14 c:/program files (x86)/atollic/truestudio for arm 5.4.1/armtools/bin/../lib/gcc/arm-atollic-eabi/4.8.3/../../../../arm-atollic-eabi/lib/armv7e-m/fpu\libc.a(lib_a-fputc.o)
                0x0800cde0                fputc
 .text.__libc_init_array
                0x0800cdf4       0x4c c:/program files (x86)/atollic/truestudio for arm 5.4.1/armtools/bin/../lib/gcc/arm-atollic-eabi/4.8.3/../../../../arm-atollic-eabi/lib/armv7e-m/fpu\libc.a(lib_a-init.o)
                0x0800cdf4                __libc_init_array
 .text.malloc   0x0800ce40       0x10 c:/program files (x86)/atollic/truestudio for arm 5.4.1/armtools/bin/../lib/gcc/arm-atollic-eabi/4.8.3/../../../../arm-atollic-eabi/lib/armv7e-m/fpu\libc.a(lib_a-malloc.o)
                0x0800ce40                malloc
 .text.free     0x0800ce50       0x10 c:/program files (x86)/atollic/truestudio for arm 5.4.1/armtools/bin/../lib/gcc/arm-atollic-eabi/4.8.3/../../../../arm-atollic-eabi/lib/armv7e-m/fpu\libc.a(lib_a-malloc.o)
                0x0800ce50                free
 .text._malloc_r
                0x0800ce60      0x424 c:/program files (x86)/atollic/truestudio for arm 5.4.1/armtools/bin/../lib/gcc/arm-atollic-eabi/4.8.3/../../../../arm-atollic-eabi/lib/armv7e-m/fpu\libc.a(lib_a-mallocr.o)
                0x0800ce60                _malloc_r
 .text.memcmp   0x0800d284       0x1e c:/program files (x86)/atollic/truestudio for arm 5.4.1/armtools/bin/../lib/gcc/arm-atollic-eabi/4.8.3/../../../../arm-atollic-eabi/lib/armv7e-m/fpu\libc.a(lib_a-memcmp.o)
                0x0800d284                memcmp
 .text.memcpy   0x0800d2a2       0x12 c:/program files (x86)/atollic/truestudio for arm 5.4.1/armtools/bin/../lib/gcc/arm-atollic-eabi/4.8.3/../../../../arm-atollic-eabi/lib/armv7e-m/fpu\libc.a(lib_a-memcpy-stub.o)
                0x0800d2a2                memcpy
 .text.memset   0x0800d2b4       0x10 c:/program files (x86)/atollic/truestudio for arm 5.4.1/armtools/bin/../lib/gcc/arm-atollic-eabi/4.8.3/../../../../arm-atollic-eabi/lib/armv7e-m/fpu\libc.a(lib_a-memset.o)
                0x0800d2b4                memset
 .text.__malloc_lock
                0x0800d2c4        0x2 c:/program files (x86)/atollic/truestudio for arm 5.4.1/armtools/bin/../lib/gcc/arm-atollic-eabi/4.8.3/../../../../arm-atollic-eabi/lib/armv7e-m/fpu\libc.a(lib_a-mlock.o)
                0x0800d2c4                __malloc_lock
 .text.__malloc_unlock
                0x0800d2c6        0x2 c:/program files (x86)/atollic/truestudio for arm 5.4.1/armtools/bin/../lib/gcc/arm-atollic-eabi/4.8.3/../../../../arm-atollic-eabi/lib/armv7e-m/fpu\libc.a(lib_a-mlock.o)
                0x0800d2c6                __malloc_unlock
 .text._putc_r  0x0800d2c8       0x78 c:/program files (x86)/atollic/truestudio for arm 5.4.1/armtools/bin/../lib/gcc/arm-atollic-eabi/4.8.3/../../../../arm-atollic-eabi/lib/armv7e-m/fpu\libc.a(lib_a-putc.o)
                0x0800d2c8                _putc_r
 .text.realloc  0x0800d340       0x14 c:/program files (x86)/atollic/truestudio for arm 5.4.1/armtools/bin/../lib/gcc/arm-atollic-eabi/4.8.3/../../../../arm-atollic-eabi/lib/armv7e-m/fpu\libc.a(lib_a-realloc.o)
                0x0800d340                realloc
 .text._realloc_r
                0x0800d354      0x350 c:/program files (x86)/atollic/truestudio for arm 5.4.1/armtools/bin/../lib/gcc/arm-atollic-eabi/4.8.3/../../../../arm-atollic-eabi/lib/armv7e-m/fpu\libc.a(lib_a-reallocr.o)
                0x0800d354                _realloc_r
 .text._sbrk_r  0x0800d6a4       0x20 c:/program files (x86)/atollic/truestudio for arm 5.4.1/armtools/bin/../lib/gcc/arm-atollic-eabi/4.8.3/../../../../arm-atollic-eabi/lib/armv7e-m/fpu\libc.a(lib_a-sbrkr.o)
                0x0800d6a4                _sbrk_r
 .text._raise_r
                0x0800d6c4       0x50 c:/program files (x86)/atollic/truestudio for arm 5.4.1/armtools/bin/../lib/gcc/arm-atollic-eabi/4.8.3/../../../../arm-atollic-eabi/lib/armv7e-m/fpu\libc.a(lib_a-signal.o)
                0x0800d6c4                _raise_r
 .text.raise    0x0800d714       0x10 c:/program files (x86)/atollic/truestudio for arm 5.4.1/armtools/bin/../lib/gcc/arm-atollic-eabi/4.8.3/../../../../arm-atollic-eabi/lib/armv7e-m/fpu\libc.a(lib_a-signal.o)
                0x0800d714                raise
 .text._kill_r  0x0800d724       0x24 c:/program files (x86)/atollic/truestudio for arm 5.4.1/armtools/bin/../lib/gcc/arm-atollic-eabi/4.8.3/../../../../arm-atollic-eabi/lib/armv7e-m/fpu\libc.a(lib_a-signalr.o)
                0x0800d724                _kill_r
 .text._getpid_r
                0x0800d748        0x4 c:/program files (x86)/atollic/truestudio for arm 5.4.1/armtools/bin/../lib/gcc/arm-atollic-eabi/4.8.3/../../../../arm-atollic-eabi/lib/armv7e-m/fpu\libc.a(lib_a-signalr.o)
                0x0800d748                _getpid_r
 .text.strlen   0x0800d74c       0x10 c:/program files (x86)/atollic/truestudio for arm 5.4.1/armtools/bin/../lib/gcc/arm-atollic-eabi/4.8.3/../../../../arm-atollic-eabi/lib/armv7e-m/fpu\libc.a(lib_a-strlen.o)
                0x0800d74c                strlen
 .text.strncmp  0x0800d75c       0x2e c:/program files (x86)/atollic/truestudio for arm 5.4.1/armtools/bin/../lib/gcc/arm-atollic-eabi/4.8.3/../../../../arm-atollic-eabi/lib/armv7e-m/fpu\libc.a(lib_a-strncmp.o)
                0x0800d75c                strncmp
 .text._getpid  0x0800d78a        0x4 c:/program files (x86)/atollic/truestudio for arm 5.4.1/armtools/bin/../lib/gcc/arm-atollic-eabi/4.8.3/../../../../arm-atollic-eabi/lib/armv7e-m/fpu\libc.a(lib_a-syscalls.o)
                0x0800d78a                _getpid
 *fill*         0x0800d78e        0x2 
 .text._kill    0x0800d790       0x10 c:/program files (x86)/atollic/truestudio for arm 5.4.1/armtools/bin/../lib/gcc/arm-atollic-eabi/4.8.3/../../../../arm-atollic-eabi/lib/armv7e-m/fpu\libc.a(lib_a-syscalls.o)
                0x0800d790                _kill
 .text._exit    0x0800d7a0        0xc c:/program files (x86)/atollic/truestudio for arm 5.4.1/armtools/bin/../lib/gcc/arm-atollic-eabi/4.8.3/../../../../arm-atollic-eabi/lib/armv7e-m/fpu\libc.a(lib_a-syscalls.o)
                0x0800d7a0                _exit
 .text._write   0x0800d7ac        0x4 c:/program files (x86)/atollic/truestudio for arm 5.4.1/armtools/bin/../lib/gcc/arm-atollic-eabi/4.8.3/../../../../arm-atollic-eabi/lib/armv7e-m/fpu\libc.a(lib_a-syscalls.o)
                0x0800d7ac                _write
 .text._sbrk    0x0800d7b0       0x34 c:/program files (x86)/atollic/truestudio for arm 5.4.1/armtools/bin/../lib/gcc/arm-atollic-eabi/4.8.3/../../../../arm-atollic-eabi/lib/armv7e-m/fpu\libc.a(lib_a-syscalls.o)
                0x0800d7b0                _sbrk
 .text._close   0x0800d7e4        0x6 c:/program files (x86)/atollic/truestudio for arm 5.4.1/armtools/bin/../lib/gcc/arm-atollic-eabi/4.8.3/../../../../arm-atollic-eabi/lib/armv7e-m/fpu\libc.a(lib_a-syscalls.o)
                0x0800d7e4                _close
 .text._fstat   0x0800d7ea        0xa c:/program files (x86)/atollic/truestudio for arm 5.4.1/armtools/bin/../lib/gcc/arm-atollic-eabi/4.8.3/../../../../arm-atollic-eabi/lib/armv7e-m/fpu\libc.a(lib_a-syscalls.o)
                0x0800d7ea                _fstat
 .text._isatty  0x0800d7f4        0x4 c:/program files (x86)/atollic/truestudio for arm 5.4.1/armtools/bin/../lib/gcc/arm-atollic-eabi/4.8.3/../../../../arm-atollic-eabi/lib/armv7e-m/fpu\libc.a(lib_a-syscalls.o)
                0x0800d7f4                _isatty
 .text._lseek   0x0800d7f8        0x4 c:/program files (x86)/atollic/truestudio for arm 5.4.1/armtools/bin/../lib/gcc/arm-atollic-eabi/4.8.3/../../../../arm-atollic-eabi/lib/armv7e-m/fpu\libc.a(lib_a-syscalls.o)
                0x0800d7f8                _lseek
 .text._read    0x0800d7fc        0x4 c:/program files (x86)/atollic/truestudio for arm 5.4.1/armtools/bin/../lib/gcc/arm-atollic-eabi/4.8.3/../../../../arm-atollic-eabi/lib/armv7e-m/fpu\libc.a(lib_a-syscalls.o)
                0x0800d7fc                _read
 .text.__swbuf_r
                0x0800d800       0xbc c:/program files (x86)/atollic/truestudio for arm 5.4.1/armtools/bin/../lib/gcc/arm-atollic-eabi/4.8.3/../../../../arm-atollic-eabi/lib/armv7e-m/fpu\libc.a(lib_a-wbuf.o)
                0x0800d800                __swbuf_r
 .text._write_r
                0x0800d8bc       0x24 c:/program files (x86)/atollic/truestudio for arm 5.4.1/armtools/bin/../lib/gcc/arm-atollic-eabi/4.8.3/../../../../arm-atollic-eabi/lib/armv7e-m/fpu\libc.a(lib_a-writer.o)
                0x0800d8bc                _write_r
 .text.__swsetup_r
                0x0800d8e0       0xdc c:/program files (x86)/atollic/truestudio for arm 5.4.1/armtools/bin/../lib/gcc/arm-atollic-eabi/4.8.3/../../../../arm-atollic-eabi/lib/armv7e-m/fpu\libc.a(lib_a-wsetup.o)
                0x0800d8e0                __swsetup_r
 .text.__sflush_r
                0x0800d9bc      0x118 c:/program files (x86)/atollic/truestudio for arm 5.4.1/armtools/bin/../lib/gcc/arm-atollic-eabi/4.8.3/../../../../arm-atollic-eabi/lib/armv7e-m/fpu\libc.a(lib_a-fflush.o)
                0x0800d9bc                __sflush_r
 .text._fflush_r
                0x0800dad4       0x54 c:/program files (x86)/atollic/truestudio for arm 5.4.1/armtools/bin/../lib/gcc/arm-atollic-eabi/4.8.3/../../../../arm-atollic-eabi/lib/armv7e-m/fpu\libc.a(lib_a-fflush.o)
                0x0800dad4                _fflush_r
 .text._cleanup_r
                0x0800db28        0xc c:/program files (x86)/atollic/truestudio for arm 5.4.1/armtools/bin/../lib/gcc/arm-atollic-eabi/4.8.3/../../../../arm-atollic-eabi/lib/armv7e-m/fpu\libc.a(lib_a-findfp.o)
                0x0800db28                _cleanup_r
 .text.__sfmoreglue
                0x0800db34       0x2c c:/program files (x86)/atollic/truestudio for arm 5.4.1/armtools/bin/../lib/gcc/arm-atollic-eabi/4.8.3/../../../../arm-atollic-eabi/lib/armv7e-m/fpu\libc.a(lib_a-findfp.o)
                0x0800db34                __sfmoreglue
 .text.__sinit  0x0800db60      0x10c c:/program files (x86)/atollic/truestudio for arm 5.4.1/armtools/bin/../lib/gcc/arm-atollic-eabi/4.8.3/../../../../arm-atollic-eabi/lib/armv7e-m/fpu\libc.a(lib_a-findfp.o)
                0x0800db60                __sinit
 .text.__sfp    0x0800dc6c       0x74 c:/program files (x86)/atollic/truestudio for arm 5.4.1/armtools/bin/../lib/gcc/arm-atollic-eabi/4.8.3/../../../../arm-atollic-eabi/lib/armv7e-m/fpu\libc.a(lib_a-findfp.o)
                0x0800dc6c                __sfp
 .text.__sfp_lock_acquire
                0x0800dce0        0x2 c:/program files (x86)/atollic/truestudio for arm 5.4.1/armtools/bin/../lib/gcc/arm-atollic-eabi/4.8.3/../../../../arm-atollic-eabi/lib/armv7e-m/fpu\libc.a(lib_a-findfp.o)
                0x0800dce0                __sfp_lock_acquire
 .text.__sfp_lock_release
                0x0800dce2        0x2 c:/program files (x86)/atollic/truestudio for arm 5.4.1/armtools/bin/../lib/gcc/arm-atollic-eabi/4.8.3/../../../../arm-atollic-eabi/lib/armv7e-m/fpu\libc.a(lib_a-findfp.o)
                0x0800dce2                __sfp_lock_release
 .text._malloc_trim_r
                0x0800dce4       0xa8 c:/program files (x86)/atollic/truestudio for arm 5.4.1/armtools/bin/../lib/gcc/arm-atollic-eabi/4.8.3/../../../../arm-atollic-eabi/lib/armv7e-m/fpu\libc.a(lib_a-freer.o)
                0x0800dce4                _malloc_trim_r
 .text._free_r  0x0800dd8c      0x170 c:/program files (x86)/atollic/truestudio for arm 5.4.1/armtools/bin/../lib/gcc/arm-atollic-eabi/4.8.3/../../../../arm-atollic-eabi/lib/armv7e-m/fpu\libc.a(lib_a-freer.o)
                0x0800dd8c                _free_r
 .text._fwalk   0x0800defc       0x38 c:/program files (x86)/atollic/truestudio for arm 5.4.1/armtools/bin/../lib/gcc/arm-atollic-eabi/4.8.3/../../../../arm-atollic-eabi/lib/armv7e-m/fpu\libc.a(lib_a-fwalk.o)
                0x0800defc                _fwalk
 .text.__smakebuf_r
                0x0800df34       0xc8 c:/program files (x86)/atollic/truestudio for arm 5.4.1/armtools/bin/../lib/gcc/arm-atollic-eabi/4.8.3/../../../../arm-atollic-eabi/lib/armv7e-m/fpu\libc.a(lib_a-makebuf.o)
                0x0800df34                __smakebuf_r
 .text.memmove  0x0800dffc       0x36 c:/program files (x86)/atollic/truestudio for arm 5.4.1/armtools/bin/../lib/gcc/arm-atollic-eabi/4.8.3/../../../../arm-atollic-eabi/lib/armv7e-m/fpu\libc.a(lib_a-memmove.o)
                0x0800dffc                memmove
 .text.__sread  0x0800e032       0x22 c:/program files (x86)/atollic/truestudio for arm 5.4.1/armtools/bin/../lib/gcc/arm-atollic-eabi/4.8.3/../../../../arm-atollic-eabi/lib/armv7e-m/fpu\libc.a(lib_a-stdio.o)
                0x0800e032                __sread
 .text.__swrite
                0x0800e054       0x38 c:/program files (x86)/atollic/truestudio for arm 5.4.1/armtools/bin/../lib/gcc/arm-atollic-eabi/4.8.3/../../../../arm-atollic-eabi/lib/armv7e-m/fpu\libc.a(lib_a-stdio.o)
                0x0800e054                __swrite
 .text.__sseek  0x0800e08c       0x24 c:/program files (x86)/atollic/truestudio for arm 5.4.1/armtools/bin/../lib/gcc/arm-atollic-eabi/4.8.3/../../../../arm-atollic-eabi/lib/armv7e-m/fpu\libc.a(lib_a-stdio.o)
                0x0800e08c                __sseek
 .text.__sclose
                0x0800e0b0        0x8 c:/program files (x86)/atollic/truestudio for arm 5.4.1/armtools/bin/../lib/gcc/arm-atollic-eabi/4.8.3/../../../../arm-atollic-eabi/lib/armv7e-m/fpu\libc.a(lib_a-stdio.o)
                0x0800e0b0                __sclose
 .text._close_r
                0x0800e0b8       0x20 c:/program files (x86)/atollic/truestudio for arm 5.4.1/armtools/bin/../lib/gcc/arm-atollic-eabi/4.8.3/../../../../arm-atollic-eabi/lib/armv7e-m/fpu\libc.a(lib_a-closer.o)
                0x0800e0b8                _close_r
 .text._fclose_r
                0x0800e0d8       0xa4 c:/program files (x86)/atollic/truestudio for arm 5.4.1/armtools/bin/../lib/gcc/arm-atollic-eabi/4.8.3/../../../../arm-atollic-eabi/lib/armv7e-m/fpu\libc.a(lib_a-fclose.o)
                0x0800e0d8                _fclose_r
 .text.fclose   0x0800e17c       0x10 c:/program files (x86)/atollic/truestudio for arm 5.4.1/armtools/bin/../lib/gcc/arm-atollic-eabi/4.8.3/../../../../arm-atollic-eabi/lib/armv7e-m/fpu\libc.a(lib_a-fclose.o)
                0x0800e17c                fclose
 .text._fstat_r
                0x0800e18c       0x24 c:/program files (x86)/atollic/truestudio for arm 5.4.1/armtools/bin/../lib/gcc/arm-atollic-eabi/4.8.3/../../../../arm-atollic-eabi/lib/armv7e-m/fpu\libc.a(lib_a-fstatr.o)
                0x0800e18c                _fstat_r
 .text._isatty_r
                0x0800e1b0       0x20 c:/program files (x86)/atollic/truestudio for arm 5.4.1/armtools/bin/../lib/gcc/arm-atollic-eabi/4.8.3/../../../../arm-atollic-eabi/lib/armv7e-m/fpu\libc.a(lib_a-isattyr.o)
                0x0800e1b0                _isatty_r
 .text._lseek_r
                0x0800e1d0       0x24 c:/program files (x86)/atollic/truestudio for arm 5.4.1/armtools/bin/../lib/gcc/arm-atollic-eabi/4.8.3/../../../../arm-atollic-eabi/lib/armv7e-m/fpu\libc.a(lib_a-lseekr.o)
                0x0800e1d0                _lseek_r
 .text._read_r  0x0800e1f4       0x24 c:/program files (x86)/atollic/truestudio for arm 5.4.1/armtools/bin/../lib/gcc/arm-atollic-eabi/4.8.3/../../../../arm-atollic-eabi/lib/armv7e-m/fpu\libc.a(lib_a-readr.o)
                0x0800e1f4                _read_r
 *(.glue_7)
 .glue_7        0x00000000        0x0 linker stubs
 *(.glue_7t)
 .glue_7t       0x00000000        0x0 linker stubs
 *(.eh_frame)
 .eh_frame      0x0800e218        0x0 c:/program files (x86)/atollic/truestudio for arm 5.4.1/armtools/bin/../lib/gcc/arm-atollic-eabi/4.8.3/armv7e-m/fpu/crtbegin.o
 *(.init)
 .init          0x0800e218        0x4 c:/program files (x86)/atollic/truestudio for arm 5.4.1/armtools/bin/../lib/gcc/arm-atollic-eabi/4.8.3/armv7e-m/fpu/crti.o
                0x0800e218                _init
 .init          0x0800e21c        0x8 c:/program files (x86)/atollic/truestudio for arm 5.4.1/armtools/bin/../lib/gcc/arm-atollic-eabi/4.8.3/armv7e-m/fpu/crtn.o
 *(.fini)
 .fini          0x0800e224        0x4 c:/program files (x86)/atollic/truestudio for arm 5.4.1/armtools/bin/../lib/gcc/arm-atollic-eabi/4.8.3/armv7e-m/fpu/crti.o
                0x0800e224                _fini
 .fini          0x0800e228        0x8 c:/program files (x86)/atollic/truestudio for arm 5.4.1/armtools/bin/../lib/gcc/arm-atollic-eabi/4.8.3/armv7e-m/fpu/crtn.o
                0x0800e230                . = ALIGN (0x4)
                0x0800e230                _etext = .

.vfp11_veneer   0x0800e230        0x0
 .vfp11_veneer  0x00000000        0x0 linker stubs

.v4_bx          0x0800e230        0x0
 .v4_bx         0x00000000        0x0 linker stubs

.iplt           0x0800e230        0x0
 .iplt          0x00000000        0x0 c:/program files (x86)/atollic/truestudio for arm 5.4.1/armtools/bin/../lib/gcc/arm-atollic-eabi/4.8.3/armv7e-m/fpu/crtbegin.o

.rodata         0x0800e230     0x130c
                0x0800e230                . = ALIGN (0x4)
 *(.rodata)
 .rodata        0x0800e230        0x4 src\tiny_printf.o
 .rodata        0x0800e234       0x98 Libraries\usb_conf\usbd_desc.o
 .rodata        0x0800e2cc      0x738 c:/program files (x86)/atollic/truestudio for arm 5.4.1/armtools/bin/../lib/gcc/arm-atollic-eabi/4.8.3/../../../../arm-atollic-eabi/lib/armv7e-m/fpu\libstdc++.a(cp-demangle.o)
 *(.rodata*)
 .rodata.GPIO_PIN
                0x0800ea04        0x8 Utilities\STM32F4-Discovery\stm32f4_discovery.o
                0x0800ea04                GPIO_PIN
 .rodata.GPIO_CLK
                0x0800ea0c       0x10 Utilities\STM32F4-Discovery\stm32f4_discovery.o
                0x0800ea0c                GPIO_CLK
 *fill*         0x0800ea1c        0x4 
 .rodata._ZTVSt9bad_alloc
                0x0800ea20       0x18 c:/program files (x86)/atollic/truestudio for arm 5.4.1/armtools/bin/../lib/gcc/arm-atollic-eabi/4.8.3/../../../../arm-atollic-eabi/lib/armv7e-m/fpu\libstdc++.a(bad_alloc.o)
                0x0800ea20                vtable for std::bad_alloc
 .rodata._ZTISt9bad_alloc
                0x0800ea38        0xc c:/program files (x86)/atollic/truestudio for arm 5.4.1/armtools/bin/../lib/gcc/arm-atollic-eabi/4.8.3/../../../../arm-atollic-eabi/lib/armv7e-m/fpu\libstdc++.a(bad_alloc.o)
                0x0800ea38                typeinfo for std::bad_alloc
 .rodata.str1.4
                0x0800ea44        0xf c:/program files (x86)/atollic/truestudio for arm 5.4.1/armtools/bin/../lib/gcc/arm-atollic-eabi/4.8.3/../../../../arm-atollic-eabi/lib/armv7e-m/fpu\libstdc++.a(bad_alloc.o)
                                 0x10 (size before relaxing)
 *fill*         0x0800ea53        0x1 
 .rodata._ZTSSt9bad_alloc
                0x0800ea54       0x10 c:/program files (x86)/atollic/truestudio for arm 5.4.1/armtools/bin/../lib/gcc/arm-atollic-eabi/4.8.3/../../../../arm-atollic-eabi/lib/armv7e-m/fpu\libstdc++.a(bad_alloc.o)
                0x0800ea54                typeinfo name for std::bad_alloc
 *fill*         0x0800ea64        0x4 
 .rodata._ZTVSt9exception
                0x0800ea68       0x18 c:/program files (x86)/atollic/truestudio for arm 5.4.1/armtools/bin/../lib/gcc/arm-atollic-eabi/4.8.3/../../../../arm-atollic-eabi/lib/armv7e-m/fpu\libstdc++.a(eh_exception.o)
                0x0800ea68                vtable for std::exception
 .rodata._ZTIN10__cxxabiv115__forced_unwindE
                0x0800ea80        0x8 c:/program files (x86)/atollic/truestudio for arm 5.4.1/armtools/bin/../lib/gcc/arm-atollic-eabi/4.8.3/../../../../arm-atollic-eabi/lib/armv7e-m/fpu\libstdc++.a(eh_exception.o)
                0x0800ea80                typeinfo for __cxxabiv1::__forced_unwind
 .rodata._ZTISt9exception
                0x0800ea88        0x8 c:/program files (x86)/atollic/truestudio for arm 5.4.1/armtools/bin/../lib/gcc/arm-atollic-eabi/4.8.3/../../../../arm-atollic-eabi/lib/armv7e-m/fpu\libstdc++.a(eh_exception.o)
                0x0800ea88                typeinfo for std::exception
 .rodata._ZTSSt13bad_exception
                0x0800ea90       0x14 c:/program files (x86)/atollic/truestudio for arm 5.4.1/armtools/bin/../lib/gcc/arm-atollic-eabi/4.8.3/../../../../arm-atollic-eabi/lib/armv7e-m/fpu\libstdc++.a(eh_exception.o)
                0x0800ea90                typeinfo name for std::bad_exception
 .rodata.str1.4
                0x0800eaa4       0x23 c:/program files (x86)/atollic/truestudio for arm 5.4.1/armtools/bin/../lib/gcc/arm-atollic-eabi/4.8.3/../../../../arm-atollic-eabi/lib/armv7e-m/fpu\libstdc++.a(eh_exception.o)
                                 0x24 (size before relaxing)
 *fill*         0x0800eac7        0x1 
 .rodata._ZTSN10__cxxabiv119__foreign_exceptionE
                0x0800eac8       0x24 c:/program files (x86)/atollic/truestudio for arm 5.4.1/armtools/bin/../lib/gcc/arm-atollic-eabi/4.8.3/../../../../arm-atollic-eabi/lib/armv7e-m/fpu\libstdc++.a(eh_exception.o)
                0x0800eac8                typeinfo name for __cxxabiv1::__foreign_exception
 .rodata._ZTIN10__cxxabiv119__foreign_exceptionE
                0x0800eaec        0x8 c:/program files (x86)/atollic/truestudio for arm 5.4.1/armtools/bin/../lib/gcc/arm-atollic-eabi/4.8.3/../../../../arm-atollic-eabi/lib/armv7e-m/fpu\libstdc++.a(eh_exception.o)
                0x0800eaec                typeinfo for __cxxabiv1::__foreign_exception
 *fill*         0x0800eaf4        0x4 
 .rodata._ZTVSt13bad_exception
                0x0800eaf8       0x18 c:/program files (x86)/atollic/truestudio for arm 5.4.1/armtools/bin/../lib/gcc/arm-atollic-eabi/4.8.3/../../../../arm-atollic-eabi/lib/armv7e-m/fpu\libstdc++.a(eh_exception.o)
                0x0800eaf8                vtable for std::bad_exception
 .rodata._ZTSSt9exception
                0x0800eb10       0x10 c:/program files (x86)/atollic/truestudio for arm 5.4.1/armtools/bin/../lib/gcc/arm-atollic-eabi/4.8.3/../../../../arm-atollic-eabi/lib/armv7e-m/fpu\libstdc++.a(eh_exception.o)
                0x0800eb10                typeinfo name for std::exception
 .rodata._ZTSN10__cxxabiv115__forced_unwindE
                0x0800eb20       0x20 c:/program files (x86)/atollic/truestudio for arm 5.4.1/armtools/bin/../lib/gcc/arm-atollic-eabi/4.8.3/../../../../arm-atollic-eabi/lib/armv7e-m/fpu\libstdc++.a(eh_exception.o)
                0x0800eb20                typeinfo name for __cxxabiv1::__forced_unwind
 .rodata._ZTISt13bad_exception
                0x0800eb40        0xc c:/program files (x86)/atollic/truestudio for arm 5.4.1/armtools/bin/../lib/gcc/arm-atollic-eabi/4.8.3/../../../../arm-atollic-eabi/lib/armv7e-m/fpu\libstdc++.a(eh_exception.o)
                0x0800eb40                typeinfo for std::bad_exception
 *fill*         0x0800eb4c        0x4 
 .rodata._ZTVN10__cxxabiv120__si_class_type_infoE
                0x0800eb50       0x30 c:/program files (x86)/atollic/truestudio for arm 5.4.1/armtools/bin/../lib/gcc/arm-atollic-eabi/4.8.3/../../../../arm-atollic-eabi/lib/armv7e-m/fpu\libstdc++.a(si_class_type_info.o)
                0x0800eb50                vtable for __cxxabiv1::__si_class_type_info
 .rodata._ZTIN10__cxxabiv120__si_class_type_infoE
                0x0800eb80        0xc c:/program files (x86)/atollic/truestudio for arm 5.4.1/armtools/bin/../lib/gcc/arm-atollic-eabi/4.8.3/../../../../arm-atollic-eabi/lib/armv7e-m/fpu\libstdc++.a(si_class_type_info.o)
                0x0800eb80                typeinfo for __cxxabiv1::__si_class_type_info
 .rodata._ZTSN10__cxxabiv120__si_class_type_infoE
                0x0800eb8c       0x28 c:/program files (x86)/atollic/truestudio for arm 5.4.1/armtools/bin/../lib/gcc/arm-atollic-eabi/4.8.3/../../../../arm-atollic-eabi/lib/armv7e-m/fpu\libstdc++.a(si_class_type_info.o)
                0x0800eb8c                typeinfo name for __cxxabiv1::__si_class_type_info
 .rodata.str1.4
                0x0800ebb4       0x94 c:/program files (x86)/atollic/truestudio for arm 5.4.1/armtools/bin/../lib/gcc/arm-atollic-eabi/4.8.3/../../../../arm-atollic-eabi/lib/armv7e-m/fpu\libstdc++.a(vterminate.o)
 .rodata._ZTVN10__cxxabiv117__class_type_infoE
                0x0800ec48       0x30 c:/program files (x86)/atollic/truestudio for arm 5.4.1/armtools/bin/../lib/gcc/arm-atollic-eabi/4.8.3/../../../../arm-atollic-eabi/lib/armv7e-m/fpu\libstdc++.a(class_type_info.o)
                0x0800ec48                vtable for __cxxabiv1::__class_type_info
 .rodata._ZTIN10__cxxabiv117__class_type_infoE
                0x0800ec78        0xc c:/program files (x86)/atollic/truestudio for arm 5.4.1/armtools/bin/../lib/gcc/arm-atollic-eabi/4.8.3/../../../../arm-atollic-eabi/lib/armv7e-m/fpu\libstdc++.a(class_type_info.o)
                0x0800ec78                typeinfo for __cxxabiv1::__class_type_info
 .rodata._ZTSN10__cxxabiv117__class_type_infoE
                0x0800ec84       0x24 c:/program files (x86)/atollic/truestudio for arm 5.4.1/armtools/bin/../lib/gcc/arm-atollic-eabi/4.8.3/../../../../arm-atollic-eabi/lib/armv7e-m/fpu\libstdc++.a(class_type_info.o)
                0x0800ec84                typeinfo name for __cxxabiv1::__class_type_info
 .rodata._ZTISt9type_info
                0x0800eca8        0x8 c:/program files (x86)/atollic/truestudio for arm 5.4.1/armtools/bin/../lib/gcc/arm-atollic-eabi/4.8.3/../../../../arm-atollic-eabi/lib/armv7e-m/fpu\libstdc++.a(tinfo.o)
                0x0800eca8                typeinfo for std::type_info
 .rodata._ZTSSt9type_info
                0x0800ecb0       0x10 c:/program files (x86)/atollic/truestudio for arm 5.4.1/armtools/bin/../lib/gcc/arm-atollic-eabi/4.8.3/../../../../arm-atollic-eabi/lib/armv7e-m/fpu\libstdc++.a(tinfo.o)
                0x0800ecb0                typeinfo name for std::type_info
 .rodata._ZTVSt9type_info
                0x0800ecc0       0x20 c:/program files (x86)/atollic/truestudio for arm 5.4.1/armtools/bin/../lib/gcc/arm-atollic-eabi/4.8.3/../../../../arm-atollic-eabi/lib/armv7e-m/fpu\libstdc++.a(tinfo.o)
                0x0800ecc0                vtable for std::type_info
 .rodata.str1.4
                0x0800ece0      0x7f4 c:/program files (x86)/atollic/truestudio for arm 5.4.1/armtools/bin/../lib/gcc/arm-atollic-eabi/4.8.3/../../../../arm-atollic-eabi/lib/armv7e-m/fpu\libstdc++.a(cp-demangle.o)
                                0x840 (size before relaxing)
 .rodata.str1.1
                0x0800f4d4        0x2 c:/program files (x86)/atollic/truestudio for arm 5.4.1/armtools/bin/../lib/gcc/arm-atollic-eabi/4.8.3/../../../../arm-atollic-eabi/lib/armv7e-m/fpu\libc.a(lib_a-impure.o)
 *fill*         0x0800f4d6        0x2 
 .rodata._global_impure_ptr
                0x0800f4d8        0x4 c:/program files (x86)/atollic/truestudio for arm 5.4.1/armtools/bin/../lib/gcc/arm-atollic-eabi/4.8.3/../../../../arm-atollic-eabi/lib/armv7e-m/fpu\libc.a(lib_a-impure.o)
                0x0800f4d8                _global_impure_ptr
 .rodata.__sf_fake_stdin
                0x0800f4dc       0x20 c:/program files (x86)/atollic/truestudio for arm 5.4.1/armtools/bin/../lib/gcc/arm-atollic-eabi/4.8.3/../../../../arm-atollic-eabi/lib/armv7e-m/fpu\libc.a(lib_a-findfp.o)
                0x0800f4dc                __sf_fake_stdin
 .rodata.__sf_fake_stdout
                0x0800f4fc       0x20 c:/program files (x86)/atollic/truestudio for arm 5.4.1/armtools/bin/../lib/gcc/arm-atollic-eabi/4.8.3/../../../../arm-atollic-eabi/lib/armv7e-m/fpu\libc.a(lib_a-findfp.o)
                0x0800f4fc                __sf_fake_stdout
 .rodata.__sf_fake_stderr
                0x0800f51c       0x20 c:/program files (x86)/atollic/truestudio for arm 5.4.1/armtools/bin/../lib/gcc/arm-atollic-eabi/4.8.3/../../../../arm-atollic-eabi/lib/armv7e-m/fpu\libc.a(lib_a-findfp.o)
                0x0800f51c                __sf_fake_stderr
                0x0800f53c                . = ALIGN (0x4)

.ARM.extab      0x0800f53c      0x130
 *(.ARM.extab* .gnu.linkonce.armextab.*)
 .ARM.extab.text._Znwj
                0x0800f53c       0x20 c:/program files (x86)/atollic/truestudio for arm 5.4.1/armtools/bin/../lib/gcc/arm-atollic-eabi/4.8.3/../../../../arm-atollic-eabi/lib/armv7e-m/fpu\libstdc++.a(new_op.o)
 .ARM.extab.text.__cxa_call_unexpected
                0x0800f55c       0x28 c:/program files (x86)/atollic/truestudio for arm 5.4.1/armtools/bin/../lib/gcc/arm-atollic-eabi/4.8.3/../../../../arm-atollic-eabi/lib/armv7e-m/fpu\libstdc++.a(eh_call.o)
 .ARM.extab.text._ZL21base_of_encoded_valuehP15_Unwind_Context
                0x0800f584        0xc c:/program files (x86)/atollic/truestudio for arm 5.4.1/armtools/bin/../lib/gcc/arm-atollic-eabi/4.8.3/../../../../arm-atollic-eabi/lib/armv7e-m/fpu\libstdc++.a(eh_personality.o)
 .ARM.extab.text.__gxx_personality_v0
                0x0800f590       0x20 c:/program files (x86)/atollic/truestudio for arm 5.4.1/armtools/bin/../lib/gcc/arm-atollic-eabi/4.8.3/../../../../arm-atollic-eabi/lib/armv7e-m/fpu\libstdc++.a(eh_personality.o)
 .ARM.extab.text.__cxa_begin_catch
                0x0800f5b0       0x20 c:/program files (x86)/atollic/truestudio for arm 5.4.1/armtools/bin/../lib/gcc/arm-atollic-eabi/4.8.3/../../../../arm-atollic-eabi/lib/armv7e-m/fpu\libstdc++.a(eh_catch.o)
 .ARM.extab.text._ZN10__cxxabiv111__terminateEPFvvE
                0x0800f5d0       0x2c c:/program files (x86)/atollic/truestudio for arm 5.4.1/armtools/bin/../lib/gcc/arm-atollic-eabi/4.8.3/../../../../arm-atollic-eabi/lib/armv7e-m/fpu\libstdc++.a(eh_terminate.o)
 .ARM.extab.text._ZN10__cxxabiv112__unexpectedEPFvvE
                0x0800f5fc        0xc c:/program files (x86)/atollic/truestudio for arm 5.4.1/armtools/bin/../lib/gcc/arm-atollic-eabi/4.8.3/../../../../arm-atollic-eabi/lib/armv7e-m/fpu\libstdc++.a(eh_terminate.o)
 .ARM.extab.text._ZSt10unexpectedv
                0x0800f608        0xc c:/program files (x86)/atollic/truestudio for arm 5.4.1/armtools/bin/../lib/gcc/arm-atollic-eabi/4.8.3/../../../../arm-atollic-eabi/lib/armv7e-m/fpu\libstdc++.a(eh_terminate.o)
 .ARM.extab.text._ZN9__gnu_cxx27__verbose_terminate_handlerEv
                0x0800f614       0x34 c:/program files (x86)/atollic/truestudio for arm 5.4.1/armtools/bin/../lib/gcc/arm-atollic-eabi/4.8.3/../../../../arm-atollic-eabi/lib/armv7e-m/fpu\libstdc++.a(vterminate.o)
 .ARM.extab     0x0800f648        0xc c:/program files (x86)/atollic/truestudio for arm 5.4.1/armtools/bin/../lib/gcc/arm-atollic-eabi/4.8.3/armv7e-m/fpu\libgcc.a(unwind-arm.o)
 .ARM.extab     0x0800f654       0x18 c:/program files (x86)/atollic/truestudio for arm 5.4.1/armtools/bin/../lib/gcc/arm-atollic-eabi/4.8.3/armv7e-m/fpu\libgcc.a(pr-support.o)

.ARM            0x0800f66c      0x1d8
                0x0800f66c                __exidx_start = .
 *(.ARM.exidx*)
 .ARM.exidx.text._Znwj
                0x0800f734       0x10 c:/program files (x86)/atollic/truestudio for arm 5.4.1/armtools/bin/../lib/gcc/arm-atollic-eabi/4.8.3/../../../../arm-atollic-eabi/lib/armv7e-m/fpu\libstdc++.a(new_op.o)
                                  0x8 (size before relaxing)
 .ARM.exidx.text.__cxa_type_match
                0x0800f744        0x8 c:/program files (x86)/atollic/truestudio for arm 5.4.1/armtools/bin/../lib/gcc/arm-atollic-eabi/4.8.3/../../../../arm-atollic-eabi/lib/armv7e-m/fpu\libstdc++.a(eh_arm.o)
 .ARM.exidx.text.__cxa_begin_cleanup
                0x0800f74c        0x8 c:/program files (x86)/atollic/truestudio for arm 5.4.1/armtools/bin/../lib/gcc/arm-atollic-eabi/4.8.3/../../../../arm-atollic-eabi/lib/armv7e-m/fpu\libstdc++.a(eh_arm.o)
 .ARM.exidx.text.__gnu_end_cleanup
                0x0800f754        0x0 c:/program files (x86)/atollic/truestudio for arm 5.4.1/armtools/bin/../lib/gcc/arm-atollic-eabi/4.8.3/../../../../arm-atollic-eabi/lib/armv7e-m/fpu\libstdc++.a(eh_arm.o)
                                  0x8 (size before relaxing)
 .ARM.exidx.text._ZNKSt9bad_alloc4whatEv
                0x0800f754        0x0 c:/program files (x86)/atollic/truestudio for arm 5.4.1/armtools/bin/../lib/gcc/arm-atollic-eabi/4.8.3/../../../../arm-atollic-eabi/lib/armv7e-m/fpu\libstdc++.a(bad_alloc.o)
                                  0x8 (size before relaxing)
 .ARM.exidx.text._ZNSt9bad_allocD2Ev
                0x0800f754        0x0 c:/program files (x86)/atollic/truestudio for arm 5.4.1/armtools/bin/../lib/gcc/arm-atollic-eabi/4.8.3/../../../../arm-atollic-eabi/lib/armv7e-m/fpu\libstdc++.a(bad_alloc.o)