Archive member included to satisfy reference by file (symbol)

c:/program files (x86)/atollic/truestudio for arm 5.5.1/armtools/bin/../lib/gcc/arm-atollic-eabi/5.3.1/../../../../arm-atollic-eabi/lib/armv7e-m/fpu\libc.a(lib_a-init.o)
                              Drivers\CMSIS\Device\ST\STM32F4xx\Source\Templates\gcc\startup_stm32f407xx.o (__libc_init_array)
c:/program files (x86)/atollic/truestudio for arm 5.5.1/armtools/bin/../lib/gcc/arm-atollic-eabi/5.3.1/../../../../arm-atollic-eabi/lib/armv7e-m/fpu\libc.a(lib_a-malloc.o)
                              Middlewares\ST\STM32_USB_Device_Library\Class\CDC\Src\usbd_cdc.o (malloc)
c:/program files (x86)/atollic/truestudio for arm 5.5.1/armtools/bin/../lib/gcc/arm-atollic-eabi/5.3.1/../../../../arm-atollic-eabi/lib/armv7e-m/fpu\libc.a(lib_a-mallocr.o)
                              c:/program files (x86)/atollic/truestudio for arm 5.5.1/armtools/bin/../lib/gcc/arm-atollic-eabi/5.3.1/../../../../arm-atollic-eabi/lib/armv7e-m/fpu\libc.a(lib_a-malloc.o) (_malloc_r)
c:/program files (x86)/atollic/truestudio for arm 5.5.1/armtools/bin/../lib/gcc/arm-atollic-eabi/5.3.1/../../../../arm-atollic-eabi/lib/armv7e-m/fpu\libc.a(lib_a-memcpy-stub.o)
                              src\proto\pb_decode.o (memcpy)
c:/program files (x86)/atollic/truestudio for arm 5.5.1/armtools/bin/../lib/gcc/arm-atollic-eabi/5.3.1/../../../../arm-atollic-eabi/lib/armv7e-m/fpu\libc.a(lib_a-memset.o)
                              src\proto\pb_encode.o (memset)
c:/program files (x86)/atollic/truestudio for arm 5.5.1/armtools/bin/../lib/gcc/arm-atollic-eabi/5.3.1/../../../../arm-atollic-eabi/lib/armv7e-m/fpu\libc.a(lib_a-mlock.o)
                              c:/program files (x86)/atollic/truestudio for arm 5.5.1/armtools/bin/../lib/gcc/arm-atollic-eabi/5.3.1/../../../../arm-atollic-eabi/lib/armv7e-m/fpu\libc.a(lib_a-mallocr.o) (__malloc_lock)
c:/program files (x86)/atollic/truestudio for arm 5.5.1/armtools/bin/../lib/gcc/arm-atollic-eabi/5.3.1/../../../../arm-atollic-eabi/lib/armv7e-m/fpu\libc.a(lib_a-sbrkr.o)
                              c:/program files (x86)/atollic/truestudio for arm 5.5.1/armtools/bin/../lib/gcc/arm-atollic-eabi/5.3.1/../../../../arm-atollic-eabi/lib/armv7e-m/fpu\libc.a(lib_a-mallocr.o) (_sbrk_r)
c:/program files (x86)/atollic/truestudio for arm 5.5.1/armtools/bin/../lib/gcc/arm-atollic-eabi/5.3.1/../../../../arm-atollic-eabi/lib/armv7e-m/fpu\libc.a(lib_a-freer.o)
                              c:/program files (x86)/atollic/truestudio for arm 5.5.1/armtools/bin/../lib/gcc/arm-atollic-eabi/5.3.1/../../../../arm-atollic-eabi/lib/armv7e-m/fpu\libc.a(lib_a-malloc.o) (_free_r)
c:/program files (x86)/atollic/truestudio for arm 5.5.1/armtools/bin/../lib/gcc/arm-atollic-eabi/5.3.1/../../../../arm-atollic-eabi/lib/armv7e-m/fpu\libc.a(lib_a-impure.o)
                              c:/program files (x86)/atollic/truestudio for arm 5.5.1/armtools/bin/../lib/gcc/arm-atollic-eabi/5.3.1/../../../../arm-atollic-eabi/lib/armv7e-m/fpu\libc.a(lib_a-malloc.o) (_impure_ptr)
c:/program files (x86)/atollic/truestudio for arm 5.5.1/armtools/bin/../lib/gcc/arm-atollic-eabi/5.3.1/../../../../arm-atollic-eabi/lib/armv7e-m/fpu\libc.a(lib_a-reent.o)
                              c:/program files (x86)/atollic/truestudio for arm 5.5.1/armtools/bin/../lib/gcc/arm-atollic-eabi/5.3.1/../../../../arm-atollic-eabi/lib/armv7e-m/fpu\libc.a(lib_a-sbrkr.o) (errno)
c:/program files (x86)/atollic/truestudio for arm 5.5.1/armtools/bin/../lib/gcc/arm-atollic-eabi/5.3.1/armv7e-m/fpu\libgcc.a(_ashldi3.o)
                              src\proto\pb_decode.o (__aeabi_llsl)
c:/program files (x86)/atollic/truestudio for arm 5.5.1/armtools/bin/../lib/gcc/arm-atollic-eabi/5.3.1/../../../../arm-atollic-eabi/lib/armv7e-m/fpu\libnosys.a(sbrk.o)
                              c:/program files (x86)/atollic/truestudio for arm 5.5.1/armtools/bin/../lib/gcc/arm-atollic-eabi/5.3.1/../../../../arm-atollic-eabi/lib/armv7e-m/fpu\libc.a(lib_a-sbrkr.o) (_sbrk)

Allocating common symbols
Common symbol       size              file

hUsbDeviceFS        0x224             src\usb_device.o
errno               0x4               c:/program files (x86)/atollic/truestudio for arm 5.5.1/armtools/bin/../lib/gcc/arm-atollic-eabi/5.3.1/../../../../arm-atollic-eabi/lib/armv7e-m/fpu\libc.a(lib_a-reent.o)
APP_rx_ptr_tail     0x4               src\usbd_cdc_if.o
hpcd_USB_OTG_FS     0x3b8             src\usbd_conf.o
uwTick              0x4               Drivers\STM32F4xx_HAL_Driver\Src\stm32f4xx_hal.o
pFlash              0x20              Drivers\STM32F4xx_HAL_Driver\Src\stm32f4xx_hal_flash.o
UserRxBufferFS      0x80              src\usbd_cdc_if.o
UserTxBufferFS      0x80              src\usbd_cdc_if.o
APP_rx_ptr_head     0x4               src\usbd_cdc_if.o
USBD_StrDesc        0x200             src\usbd_desc.o

Discarded input sections

[...]
Memory Configuration

Name             Origin             Length             Attributes
RAM              0x20000000         0x00020000         xrw
CCMRAM           0x10000000         0x00010000         rw
FLASH            0x08000000         0x00100000         xr
*default*        0x00000000         0xffffffff

Linker script and memory map

LOAD c:/program files (x86)/atollic/truestudio for arm 5.5.1/armtools/bin/../lib/gcc/arm-atollic-eabi/5.3.1/armv7e-m/fpu/crti.o
LOAD c:/program files (x86)/atollic/truestudio for arm 5.5.1/armtools/bin/../lib/gcc/arm-atollic-eabi/5.3.1/armv7e-m/fpu/crtbegin.o
LOAD src\usbd_desc.o
LOAD src\usbd_conf.o
LOAD src\usbd_cdc_if.o
LOAD src\usb_device.o
LOAD src\stm32f4xx_it.o
LOAD src\stm32f4xx_hal_msp.o
LOAD src\proto\pb_encode.o
LOAD src\proto\pb_decode.o
LOAD src\proto\pb_common.o
LOAD src\proto\grSim_Commands.pb.o
LOAD src\my_spi.o
LOAD src\main.o
LOAD src\NRF24.o
LOAD src\GPIO.o
LOAD Middlewares\ST\STM32_USB_Device_Library\Core\Src\usbd_ioreq.o
LOAD Middlewares\ST\STM32_USB_Device_Library\Core\Src\usbd_ctlreq.o
LOAD Middlewares\ST\STM32_USB_Device_Library\Core\Src\usbd_core.o
LOAD Middlewares\ST\STM32_USB_Device_Library\Class\CDC\Src\usbd_cdc.o
LOAD Drivers\STM32F4xx_HAL_Driver\Src\stm32f4xx_ll_usb.o
LOAD Drivers\STM32F4xx_HAL_Driver\Src\stm32f4xx_hal_tim_ex.o
LOAD Drivers\STM32F4xx_HAL_Driver\Src\stm32f4xx_hal_tim.o
LOAD Drivers\STM32F4xx_HAL_Driver\Src\stm32f4xx_hal_spi.o
LOAD Drivers\STM32F4xx_HAL_Driver\Src\stm32f4xx_hal_rcc_ex.o
LOAD Drivers\STM32F4xx_HAL_Driver\Src\stm32f4xx_hal_rcc.o
LOAD Drivers\STM32F4xx_HAL_Driver\Src\stm32f4xx_hal_pwr_ex.o
LOAD Drivers\STM32F4xx_HAL_Driver\Src\stm32f4xx_hal_pwr.o
LOAD Drivers\STM32F4xx_HAL_Driver\Src\stm32f4xx_hal_pcd_ex.o
LOAD Drivers\STM32F4xx_HAL_Driver\Src\stm32f4xx_hal_pcd.o
LOAD Drivers\STM32F4xx_HAL_Driver\Src\stm32f4xx_hal_gpio.o
LOAD Drivers\STM32F4xx_HAL_Driver\Src\stm32f4xx_hal_flash_ramfunc.o
LOAD Drivers\STM32F4xx_HAL_Driver\Src\stm32f4xx_hal_flash_ex.o
LOAD Drivers\STM32F4xx_HAL_Driver\Src\stm32f4xx_hal_flash.o
LOAD Drivers\STM32F4xx_HAL_Driver\Src\stm32f4xx_hal_dma_ex.o
LOAD Drivers\STM32F4xx_HAL_Driver\Src\stm32f4xx_hal_dma.o
LOAD Drivers\STM32F4xx_HAL_Driver\Src\stm32f4xx_hal_cortex.o
LOAD Drivers\STM32F4xx_HAL_Driver\Src\stm32f4xx_hal.o
LOAD Drivers\CMSIS\Device\ST\STM32F4xx\Source\Templates\system_stm32f4xx.o
LOAD Drivers\CMSIS\Device\ST\STM32F4xx\Source\Templates\gcc\startup_stm32f407xx.o
START GROUP
LOAD c:/program files (x86)/atollic/truestudio for arm 5.5.1/armtools/bin/../lib/gcc/arm-atollic-eabi/5.3.1/../../../../arm-atollic-eabi/lib/armv7e-m/fpu\libc.a
LOAD c:/program files (x86)/atollic/truestudio for arm 5.5.1/armtools/bin/../lib/gcc/arm-atollic-eabi/5.3.1/../../../../arm-atollic-eabi/lib/armv7e-m/fpu\libm.a
END GROUP
                0x00000080                malloc_getpagesize_P = 0x80
START GROUP
LOAD c:/program files (x86)/atollic/truestudio for arm 5.5.1/armtools/bin/../lib/gcc/arm-atollic-eabi/5.3.1/armv7e-m/fpu\libgcc.a
LOAD c:/program files (x86)/atollic/truestudio for arm 5.5.1/armtools/bin/../lib/gcc/arm-atollic-eabi/5.3.1/../../../../arm-atollic-eabi/lib/armv7e-m/fpu\libc.a
END GROUP
START GROUP
LOAD c:/program files (x86)/atollic/truestudio for arm 5.5.1/armtools/bin/../lib/gcc/arm-atollic-eabi/5.3.1/armv7e-m/fpu\libgcc.a
LOAD c:/program files (x86)/atollic/truestudio for arm 5.5.1/armtools/bin/../lib/gcc/arm-atollic-eabi/5.3.1/../../../../arm-atollic-eabi/lib/armv7e-m/fpu\libc.a
LOAD c:/program files (x86)/atollic/truestudio for arm 5.5.1/armtools/bin/../lib/gcc/arm-atollic-eabi/5.3.1/../../../../arm-atollic-eabi/lib/armv7e-m/fpu\libnosys.a
END GROUP
LOAD c:/program files (x86)/atollic/truestudio for arm 5.5.1/armtools/bin/../lib/gcc/arm-atollic-eabi/5.3.1/armv7e-m/fpu/crtend.o
LOAD c:/program files (x86)/atollic/truestudio for arm 5.5.1/armtools/bin/../lib/gcc/arm-atollic-eabi/5.3.1/armv7e-m/fpu/crtn.o
                0x20020000                _estack = 0x20020000
                0x00000200                _Min_Heap_Size = 0x200
                0x00000400                _Min_Stack_Size = 0x400

.isr_vector     0x08000000      0x188
                0x08000000                . = ALIGN (0x4)
 *(.isr_vector)
 .isr_vector    0x08000000      0x188 Drivers\CMSIS\Device\ST\STM32F4xx\Source\Templates\gcc\startup_stm32f407xx.o
                0x08000000                g_pfnVectors
                0x08000188                . = ALIGN (0x4)

.text           0x08000188     0x42ac
                0x08000188                . = ALIGN (0x4)
 *(.text)
 .text          0x08000188       0x40 c:/program files (x86)/atollic/truestudio for arm 5.5.1/armtools/bin/../lib/gcc/arm-atollic-eabi/5.3.1/armv7e-m/fpu/crtbegin.o
 .text          0x080001c8       0x18 c:/program files (x86)/atollic/truestudio for arm 5.5.1/armtools/bin/../lib/gcc/arm-atollic-eabi/5.3.1/armv7e-m/fpu\libgcc.a(_ashldi3.o)
                0x080001c8                __aeabi_llsl
                0x080001c8                __ashldi3
 *(.text*)
 .text.USBD_FS_DeviceDescriptor
                0x080001e0        0xc src\usbd_desc.o
                0x080001e0                USBD_FS_DeviceDescriptor
 .text.USBD_FS_LangIDStrDescriptor
                0x080001ec        0xc src\usbd_desc.o
                0x080001ec                USBD_FS_LangIDStrDescriptor
 .text.USBD_FS_ManufacturerStrDescriptor
                0x080001f8       0x1c src\usbd_desc.o
                0x080001f8                USBD_FS_ManufacturerStrDescriptor
 .text.USBD_FS_ProductStrDescriptor
                0x08000214       0x1c src\usbd_desc.o
                0x08000214                USBD_FS_ProductStrDescriptor
 .text.USBD_FS_SerialStrDescriptor
                0x08000230       0x1c src\usbd_desc.o
                0x08000230                USBD_FS_SerialStrDescriptor
 .text.USBD_FS_ConfigStrDescriptor
                0x0800024c       0x1c src\usbd_desc.o
                0x0800024c                USBD_FS_ConfigStrDescriptor
 .text.USBD_FS_InterfaceStrDescriptor
                0x08000268       0x1c src\usbd_desc.o
                0x08000268                USBD_FS_InterfaceStrDescriptor
 .text.HAL_PCD_MspInit
                0x08000284       0x64 src\usbd_conf.o
                0x08000284                HAL_PCD_MspInit
 .text.HAL_PCD_SetupStageCallback
                0x080002e8        0xc src\usbd_conf.o
                0x080002e8                HAL_PCD_SetupStageCallback
 .text.HAL_PCD_DataOutStageCallback
                0x080002f4       0x12 src\usbd_conf.o
                0x080002f4                HAL_PCD_DataOutStageCallback
 .text.HAL_PCD_DataInStageCallback
                0x08000306       0x10 src\usbd_conf.o
                0x08000306                HAL_PCD_DataInStageCallback
 .text.HAL_PCD_SOFCallback
                0x08000316        0x8 src\usbd_conf.o
                0x08000316                HAL_PCD_SOFCallback
 .text.HAL_PCD_ResetCallback
                0x0800031e       0x20 src\usbd_conf.o
                0x0800031e                HAL_PCD_ResetCallback
 *fill*         0x0800033e        0x2 
 .text.HAL_PCD_SuspendCallback
                0x08000340       0x30 src\usbd_conf.o
                0x08000340                HAL_PCD_SuspendCallback
 .text.HAL_PCD_ResumeCallback
                0x08000370        0x8 src\usbd_conf.o
                0x08000370                HAL_PCD_ResumeCallback
 .text.HAL_PCD_ISOOUTIncompleteCallback
                0x08000378        0x8 src\usbd_conf.o
                0x08000378                HAL_PCD_ISOOUTIncompleteCallback
 .text.HAL_PCD_ISOINIncompleteCallback
                0x08000380        0x8 src\usbd_conf.o
                0x08000380                HAL_PCD_ISOINIncompleteCallback
 .text.HAL_PCD_ConnectCallback
                0x08000388        0x8 src\usbd_conf.o
                0x08000388                HAL_PCD_ConnectCallback
 .text.HAL_PCD_DisconnectCallback
                0x08000390        0x8 src\usbd_conf.o
                0x08000390                HAL_PCD_DisconnectCallback
 .text.USBD_LL_Init
                0x08000398       0x60 src\usbd_conf.o
                0x08000398                USBD_LL_Init
 .text.USBD_LL_Start
                0x080003f8        0xe src\usbd_conf.o
                0x080003f8                USBD_LL_Start
 .text.USBD_LL_OpenEP
                0x08000406       0x14 src\usbd_conf.o
                0x08000406                USBD_LL_OpenEP
 .text.USBD_LL_CloseEP
                0x0800041a        0xe src\usbd_conf.o
                0x0800041a                USBD_LL_CloseEP
 .text.USBD_LL_StallEP
                0x08000428        0xe src\usbd_conf.o
                0x08000428                USBD_LL_StallEP
 .text.USBD_LL_ClearStallEP
                0x08000436        0xe src\usbd_conf.o
                0x08000436                USBD_LL_ClearStallEP
 .text.USBD_LL_IsStallEP
                0x08000444       0x26 src\usbd_conf.o
                0x08000444                USBD_LL_IsStallEP
 .text.USBD_LL_SetUSBAddress
                0x0800046a        0xe src\usbd_conf.o
                0x0800046a                USBD_LL_SetUSBAddress
 .text.USBD_LL_Transmit
                0x08000478        0xe src\usbd_conf.o
                0x08000478                USBD_LL_Transmit
 .text.USBD_LL_PrepareReceive
                0x08000486        0xe src\usbd_conf.o
                0x08000486                USBD_LL_PrepareReceive
 .text.USBD_LL_GetRxDataSize
                0x08000494        0xc src\usbd_conf.o
                0x08000494                USBD_LL_GetRxDataSize
 .text.CDC_DeInit_FS
                0x080004a0        0x4 src\usbd_cdc_if.o
 .text.CDC_Control_FS
                0x080004a4        0x4 src\usbd_cdc_if.o
 .text.CDC_Receive_FS
                0x080004a8       0x60 src\usbd_cdc_if.o
 .text.CDC_Init_FS
                0x08000508       0x28 src\usbd_cdc_if.o
 .text.CDC_Transmit_FS
                0x08000530       0x2c src\usbd_cdc_if.o
                0x08000530                CDC_Transmit_FS
 .text.VCP_get_char
                0x0800055c       0x34 src\usbd_cdc_if.o
                0x0800055c                VCP_get_char
 .text.MX_USB_DEVICE_Init
                0x08000590       0x54 src\usb_device.o
                0x08000590                MX_USB_DEVICE_Init
 .text.NMI_Handler
                0x080005e4        0x2 src\stm32f4xx_it.o
                0x080005e4                NMI_Handler
 .text.HardFault_Handler
                0x080005e6        0x2 src\stm32f4xx_it.o
                0x080005e6                HardFault_Handler
 .text.MemManage_Handler
                0x080005e8        0x2 src\stm32f4xx_it.o
                0x080005e8                MemManage_Handler
 .text.BusFault_Handler
                0x080005ea        0x2 src\stm32f4xx_it.o
                0x080005ea                BusFault_Handler
 .text.UsageFault_Handler
                0x080005ec        0x2 src\stm32f4xx_it.o
                0x080005ec                UsageFault_Handler
 .text.SVC_Handler
                0x080005ee        0x2 src\stm32f4xx_it.o
                0x080005ee                SVC_Handler
 .text.DebugMon_Handler
                0x080005f0        0x2 src\stm32f4xx_it.o
                0x080005f0                DebugMon_Handler
 .text.PendSV_Handler
                0x080005f2        0x2 src\stm32f4xx_it.o
                0x080005f2                PendSV_Handler
 .text.SysTick_Handler
                0x080005f4        0xe src\stm32f4xx_it.o
                0x080005f4                SysTick_Handler
 *fill*         0x08000602        0x2 
 .text.OTG_FS_IRQHandler
                0x08000604        0xc src\stm32f4xx_it.o
                0x08000604                OTG_FS_IRQHandler
 .text.HAL_MspInit
                0x08000610       0x60 src\stm32f4xx_hal_msp.o
                0x08000610                HAL_MspInit
 .text.buf_read
                0x08000670       0x1c src\proto\pb_decode.o
 .text.pb_readbyte
                0x0800068c       0x40 src\proto\pb_decode.o
 .text.pb_decode_varint32
                0x080006cc       0x68 src\proto\pb_decode.o
 .text.pb_field_set_to_default
                0x08000734       0xb0 src\proto\pb_decode.o
 .text.pb_message_set_to_defaults
                0x080007e4       0x22 src\proto\pb_decode.o
 *fill*         0x08000806        0x2 
 .text.pb_read  0x08000808       0x78 src\proto\pb_decode.o
                0x08000808                pb_read
 .text.pb_dec_string
                0x08000880       0x60 src\proto\pb_decode.o
 .text.pb_dec_bytes
                0x080008e0       0x64 src\proto\pb_decode.o
 .text.pb_istream_from_buffer
                0x08000944       0x14 src\proto\pb_decode.o
                0x08000944                pb_istream_from_buffer
 .text.pb_decode_varint
                0x08000958       0x68 src\proto\pb_decode.o
                0x08000958                pb_decode_varint
 .text.pb_dec_uvarint
                0x080009c0       0x78 src\proto\pb_decode.o
 .text.pb_dec_varint
                0x08000a38       0x70 src\proto\pb_decode.o
 .text.pb_decode_tag
                0x08000aa8       0x3a src\proto\pb_decode.o
                0x08000aa8                pb_decode_tag
 *fill*         0x08000ae2        0x2 
 .text.pb_skip_field
                0x08000ae4       0x5c src\proto\pb_decode.o
                0x08000ae4                pb_skip_field
 .text.pb_make_string_substream
                0x08000b40       0x40 src\proto\pb_decode.o
                0x08000b40                pb_make_string_substream
 .text.decode_field
                0x08000b80      0x1dc src\proto\pb_decode.o
 .text.pb_decode_noinit
                0x08000d5c      0x1ac src\proto\pb_decode.o
                0x08000d5c                pb_decode_noinit
 .text.pb_decode
                0x08000f08       0x1e src\proto\pb_decode.o
                0x08000f08                pb_decode
 *fill*         0x08000f26        0x2 
 .text.pb_dec_submessage
                0x08000f28       0x54 src\proto\pb_decode.o
 .text.pb_decode_svarint
                0x08000f7c       0x2e src\proto\pb_decode.o
                0x08000f7c                pb_decode_svarint
 *fill*         0x08000faa        0x2 
 .text.pb_dec_svarint
                0x08000fac       0x74 src\proto\pb_decode.o
 .text.pb_decode_fixed32
                0x08001020       0x18 src\proto\pb_decode.o
                0x08001020                pb_decode_fixed32
 .text.pb_dec_fixed32
                0x08001038        0x6 src\proto\pb_decode.o
 .text.pb_decode_fixed64
                0x0800103e       0x1a src\proto\pb_decode.o
                0x0800103e                pb_decode_fixed64
 .text.pb_dec_fixed64
                0x08001058        0x6 src\proto\pb_decode.o
 .text.pb_field_iter_begin
                0x0800105e       0x22 src\proto\pb_common.o
                0x0800105e                pb_field_iter_begin
 .text.pb_field_iter_next
                0x08001080       0x86 src\proto\pb_common.o
                0x08001080                pb_field_iter_next
 .text.pb_field_iter_find
                0x08001106       0x2e src\proto\pb_common.o
                0x08001106                pb_field_iter_find
 .text.MySpi_Init
                0x08001134       0xa4 src\my_spi.o
                0x08001134                MySpi_Init
 .text.MySpi_Transfer
                0x080011d8       0xaa src\my_spi.o
                0x080011d8                MySpi_Transfer
 *fill*         0x08001282        0x2 
 .text.decodifica_pacote
                0x08001284       0x20 src\main.o
                0x08001284                decodifica_pacote
 .text.SystemClock_Config
                0x080012a4       0xa0 src\main.o
                0x080012a4                SystemClock_Config
 .text.startup.main
                0x08001344      0x134 src\main.o
                0x08001344                main
 .text.Error_Handler
                0x08001478        0x2 src\main.o
                0x08001478                Error_Handler
 *fill*         0x0800147a        0x2 
 .text.Nrf24_Init
                0x0800147c       0x24 src\NRF24.o
                0x0800147c                Nrf24_Init
 .text.Nrf24_WriteRegister
                0x080014a0       0x4c src\NRF24.o
                0x080014a0                Nrf24_WriteRegister
 .text.Nrf24_ReadRegister
                0x080014ec       0x46 src\NRF24.o
                0x080014ec                Nrf24_ReadRegister
 .text.Nrf24_WritePayload
                0x08001532       0x48 src\NRF24.o
                0x08001532                Nrf24_WritePayload
 .text.Nrf24_ReadPayload
                0x0800157a       0x4a src\NRF24.o
                0x0800157a                Nrf24_ReadPayload
 .text.Nrf24_FlushTx
                0x080015c4       0x20 src\NRF24.o
                0x080015c4                Nrf24_FlushTx
 .text.Nrf24_FlushRx
                0x080015e4       0x20 src\NRF24.o
                0x080015e4                Nrf24_FlushRx
 .text.Nrf24_Config
                0x08001604       0x96 src\NRF24.o
                0x08001604                Nrf24_Config
 *fill*         0x0800169a        0x2 
 .text.Nrf24_SetId
                0x0800169c       0x3c src\NRF24.o
                0x0800169c                Nrf24_SetId
 .text.Nrf24_Test
                0x080016d8       0x3c src\NRF24.o
                0x080016d8                Nrf24_Test
 .text.Nrf24_DataSent
                0x08001714       0x20 src\NRF24.o
                0x08001714                Nrf24_DataSent
 .text.Nrf24_DataReady
                0x08001734       0x20 src\NRF24.o
                0x08001734                Nrf24_DataReady
 .text.Nrf24_MaxRt
                0x08001754       0x20 src\NRF24.o
                0x08001754                Nrf24_MaxRt
 .text.Nrf24_CleanDataSent
                0x08001774       0x18 src\NRF24.o
                0x08001774                Nrf24_CleanDataSent
 .text.Nrf24_CleanDataReady
                0x0800178c       0x18 src\NRF24.o
                0x0800178c                Nrf24_CleanDataReady
 .text.Nrf24_CleanMaxRt
                0x080017a4       0x18 src\NRF24.o
                0x080017a4                Nrf24_CleanMaxRt
 .text.Nrf24_TxEmpty
                0x080017bc       0x20 src\NRF24.o
                0x080017bc                Nrf24_TxEmpty
 .text.GPIO_Init
                0x080017dc       0xe8 src\GPIO.o
                0x080017dc                GPIO_Init
 .text.GPIO_Status
                0x080018c4       0x12 src\GPIO.o
                0x080018c4                GPIO_Status
 .text.GPIO_Set
                0x080018d6        0xa src\GPIO.o
                0x080018d6                GPIO_Set
 .text.GPIO_Reset
                0x080018e0        0xa src\GPIO.o
                0x080018e0                GPIO_Reset
 .text.GPIO_Toggle
                0x080018ea       0x1e src\GPIO.o
                0x080018ea                GPIO_Toggle
 .text.USBD_CtlSendData
                0x08001908       0x1a Middlewares\ST\STM32_USB_Device_Library\Core\Src\usbd_ioreq.o
                0x08001908                USBD_CtlSendData
 .text.USBD_CtlContinueSendData
                0x08001922       0x10 Middlewares\ST\STM32_USB_Device_Library\Core\Src\usbd_ioreq.o
                0x08001922                USBD_CtlContinueSendData
 .text.USBD_CtlPrepareRx
                0x08001932       0x1e Middlewares\ST\STM32_USB_Device_Library\Core\Src\usbd_ioreq.o
                0x08001932                USBD_CtlPrepareRx
 .text.USBD_CtlContinueRx
                0x08001950       0x10 Middlewares\ST\STM32_USB_Device_Library\Core\Src\usbd_ioreq.o
                0x08001950                USBD_CtlContinueRx
 .text.USBD_CtlSendStatus
                0x08001960       0x16 Middlewares\ST\STM32_USB_Device_Library\Core\Src\usbd_ioreq.o
                0x08001960                USBD_CtlSendStatus
 .text.USBD_CtlReceiveStatus
                0x08001976       0x16 Middlewares\ST\STM32_USB_Device_Library\Core\Src\usbd_ioreq.o
                0x08001976                USBD_CtlReceiveStatus
 .text.USBD_ParseSetupRequest
                0x0800198c       0x28 Middlewares\ST\STM32_USB_Device_Library\Core\Src\usbd_ctlreq.o
                0x0800198c                USBD_ParseSetupRequest
 .text.USBD_CtlError
                0x080019b4       0x16 Middlewares\ST\STM32_USB_Device_Library\Core\Src\usbd_ctlreq.o
                0x080019b4                USBD_CtlError
 *fill*         0x080019ca        0x2 
 .text.USBD_StdDevReq
                0x080019cc      0x214 Middlewares\ST\STM32_USB_Device_Library\Core\Src\usbd_ctlreq.o
                0x080019cc                USBD_StdDevReq
 .text.USBD_StdItfReq
                0x08001be0       0x30 Middlewares\ST\STM32_USB_Device_Library\Core\Src\usbd_ctlreq.o
                0x08001be0                USBD_StdItfReq
 .text.USBD_StdEPReq
                0x08001c10       0xc6 Middlewares\ST\STM32_USB_Device_Library\Core\Src\usbd_ctlreq.o
                0x08001c10                USBD_StdEPReq
 .text.USBD_GetString
                0x08001cd6       0x38 Middlewares\ST\STM32_USB_Device_Library\Core\Src\usbd_ctlreq.o
                0x08001cd6                USBD_GetString
 .text.USBD_Init
                0x08001d0e       0x2a Middlewares\ST\STM32_USB_Device_Library\Core\Src\usbd_core.o
                0x08001d0e                USBD_Init
 .text.USBD_RegisterClass
                0x08001d38        0xe Middlewares\ST\STM32_USB_Device_Library\Core\Src\usbd_core.o
                0x08001d38                USBD_RegisterClass
 .text.USBD_Start
                0x08001d46        0xa Middlewares\ST\STM32_USB_Device_Library\Core\Src\usbd_core.o
                0x08001d46                USBD_Start
 .text.USBD_SetClassConfig
                0x08001d50       0x16 Middlewares\ST\STM32_USB_Device_Library\Core\Src\usbd_core.o
                0x08001d50                USBD_SetClassConfig
 .text.USBD_ClrClassConfig
                0x08001d66        0xe Middlewares\ST\STM32_USB_Device_Library\Core\Src\usbd_core.o
                0x08001d66                USBD_ClrClassConfig
 .text.USBD_LL_SetupStage
                0x08001d74       0x5a Middlewares\ST\STM32_USB_Device_Library\Core\Src\usbd_core.o
                0x08001d74                USBD_LL_SetupStage
 .text.USBD_LL_DataOutStage
                0x08001dce       0x62 Middlewares\ST\STM32_USB_Device_Library\Core\Src\usbd_core.o
                0x08001dce                USBD_LL_DataOutStage
 .text.USBD_LL_DataInStage
                0x08001e30       0x9c Middlewares\ST\STM32_USB_Device_Library\Core\Src\usbd_core.o
                0x08001e30                USBD_LL_DataInStage
 .text.USBD_LL_Reset
                0x08001ecc       0x3e Middlewares\ST\STM32_USB_Device_Library\Core\Src\usbd_core.o
                0x08001ecc                USBD_LL_Reset
 .text.USBD_LL_SetSpeed
                0x08001f0a        0x6 Middlewares\ST\STM32_USB_Device_Library\Core\Src\usbd_core.o
                0x08001f0a                USBD_LL_SetSpeed
 .text.USBD_LL_Suspend
                0x08001f10       0x12 Middlewares\ST\STM32_USB_Device_Library\Core\Src\usbd_core.o
                0x08001f10                USBD_LL_Suspend
 .text.USBD_LL_Resume
                0x08001f22        0xc Middlewares\ST\STM32_USB_Device_Library\Core\Src\usbd_core.o
                0x08001f22                USBD_LL_Resume
 .text.USBD_LL_SOF
                0x08001f2e       0x18 Middlewares\ST\STM32_USB_Device_Library\Core\Src\usbd_core.o
                0x08001f2e                USBD_LL_SOF
 .text.USBD_LL_IsoINIncomplete
                0x08001f46        0x4 Middlewares\ST\STM32_USB_Device_Library\Core\Src\usbd_core.o
                0x08001f46                USBD_LL_IsoINIncomplete
 .text.USBD_LL_IsoOUTIncomplete
                0x08001f4a        0x4 Middlewares\ST\STM32_USB_Device_Library\Core\Src\usbd_core.o
                0x08001f4a                USBD_LL_IsoOUTIncomplete
 .text.USBD_LL_DevConnected
                0x08001f4e        0x4 Middlewares\ST\STM32_USB_Device_Library\Core\Src\usbd_core.o
                0x08001f4e                USBD_LL_DevConnected
 .text.USBD_LL_DevDisconnected
                0x08001f52       0x16 Middlewares\ST\STM32_USB_Device_Library\Core\Src\usbd_core.o
                0x08001f52                USBD_LL_DevDisconnected
 .text.USBD_CDC_DataIn
                0x08001f68       0x12 Middlewares\ST\STM32_USB_Device_Library\Class\CDC\Src\usbd_cdc.o
 .text.USBD_CDC_EP0_RxReady
                0x08001f7a       0x28 Middlewares\ST\STM32_USB_Device_Library\Class\CDC\Src\usbd_cdc.o
 *fill*         0x08001fa2        0x2 
 .text.USBD_CDC_GetFSCfgDesc
                0x08001fa4        0xc Middlewares\ST\STM32_USB_Device_Library\Class\CDC\Src\usbd_cdc.o
 .text.USBD_CDC_GetHSCfgDesc
                0x08001fb0        0xc Middlewares\ST\STM32_USB_Device_Library\Class\CDC\Src\usbd_cdc.o
 .text.USBD_CDC_GetOtherSpeedCfgDesc
                0x08001fbc        0xc Middlewares\ST\STM32_USB_Device_Library\Class\CDC\Src\usbd_cdc.o
 .text.USBD_CDC_GetDeviceQualifierDescriptor
                0x08001fc8        0xc Middlewares\ST\STM32_USB_Device_Library\Class\CDC\Src\usbd_cdc.o
                0x08001fc8                USBD_CDC_GetDeviceQualifierDescriptor
 .text.USBD_CDC_DataOut
                0x08001fd4       0x2e Middlewares\ST\STM32_USB_Device_Library\Class\CDC\Src\usbd_cdc.o
 *fill*         0x08002002        0x2 
 .text.USBD_CDC_Setup
                0x08002004       0x6c Middlewares\ST\STM32_USB_Device_Library\Class\CDC\Src\usbd_cdc.o
 .text.USBD_CDC_DeInit
                0x08002070       0x3a Middlewares\ST\STM32_USB_Device_Library\Class\CDC\Src\usbd_cdc.o
 .text.USBD_CDC_Init
                0x080020aa       0x8c Middlewares\ST\STM32_USB_Device_Library\Class\CDC\Src\usbd_cdc.o
 .text.USBD_CDC_RegisterInterface
                0x08002136        0xe Middlewares\ST\STM32_USB_Device_Library\Class\CDC\Src\usbd_cdc.o
                0x08002136                USBD_CDC_RegisterInterface
 .text.USBD_CDC_SetTxBuffer
                0x08002144       0x10 Middlewares\ST\STM32_USB_Device_Library\Class\CDC\Src\usbd_cdc.o
                0x08002144                USBD_CDC_SetTxBuffer
 .text.USBD_CDC_SetRxBuffer
                0x08002154        0xc Middlewares\ST\STM32_USB_Device_Library\Class\CDC\Src\usbd_cdc.o
                0x08002154                USBD_CDC_SetRxBuffer
 .text.USBD_CDC_TransmitPacket
                0x08002160       0x2e Middlewares\ST\STM32_USB_Device_Library\Class\CDC\Src\usbd_cdc.o
                0x08002160                USBD_CDC_TransmitPacket
 .text.USBD_CDC_ReceivePacket
                0x0800218e       0x26 Middlewares\ST\STM32_USB_Device_Library\Class\CDC\Src\usbd_cdc.o
                0x0800218e                USBD_CDC_ReceivePacket
 .text.USB_CoreInit
                0x080021b4       0x6c Drivers\STM32F4xx_HAL_Driver\Src\stm32f4xx_ll_usb.o
                0x080021b4                USB_CoreInit
 .text.USB_EnableGlobalInt
                0x08002220        0xc Drivers\STM32F4xx_HAL_Driver\Src\stm32f4xx_ll_usb.o
                0x08002220                USB_EnableGlobalInt
 .text.USB_DisableGlobalInt
                0x0800222c        0xc Drivers\STM32F4xx_HAL_Driver\Src\stm32f4xx_ll_usb.o
                0x0800222c                USB_DisableGlobalInt
 .text.USB_SetCurrentMode
                0x08002238       0x2c Drivers\STM32F4xx_HAL_Driver\Src\stm32f4xx_ll_usb.o
                0x08002238                USB_SetCurrentMode
 .text.USB_DevInit
                0x08002264      0x134 Drivers\STM32F4xx_HAL_Driver\Src\stm32f4xx_ll_usb.o
                0x08002264                USB_DevInit
 .text.USB_FlushTxFifo
                0x08002398       0x24 Drivers\STM32F4xx_HAL_Driver\Src\stm32f4xx_ll_usb.o
                0x08002398                USB_FlushTxFifo
 .text.USB_FlushRxFifo
                0x080023bc       0x20 Drivers\STM32F4xx_HAL_Driver\Src\stm32f4xx_ll_usb.o
                0x080023bc                USB_FlushRxFifo
 .text.USB_SetDevSpeed
                0x080023dc        0xe Drivers\STM32F4xx_HAL_Driver\Src\stm32f4xx_ll_usb.o
                0x080023dc                USB_SetDevSpeed
 .text.USB_GetDevSpeed
                0x080023ea       0x36 Drivers\STM32F4xx_HAL_Driver\Src\stm32f4xx_ll_usb.o
                0x080023ea                USB_GetDevSpeed
 .text.USB_ActivateEndpoint
                0x08002420       0x82 Drivers\STM32F4xx_HAL_Driver\Src\stm32f4xx_ll_usb.o
                0x08002420                USB_ActivateEndpoint
 .text.USB_DeactivateEndpoint
                0x080024a2       0x6e Drivers\STM32F4xx_HAL_Driver\Src\stm32f4xx_ll_usb.o
                0x080024a2                USB_DeactivateEndpoint
 .text.USB_EPStartXfer
                0x08002510      0x238 Drivers\STM32F4xx_HAL_Driver\Src\stm32f4xx_ll_usb.o
                0x08002510                USB_EPStartXfer
 .text.USB_EP0StartXfer
                0x08002748      0x154 Drivers\STM32F4xx_HAL_Driver\Src\stm32f4xx_ll_usb.o
                0x08002748                USB_EP0StartXfer
 .text.USB_WritePacket
                0x0800289c       0x28 Drivers\STM32F4xx_HAL_Driver\Src\stm32f4xx_ll_usb.o
                0x0800289c                USB_WritePacket
 .text.USB_ReadPacket
                0x080028c4       0x1c Drivers\STM32F4xx_HAL_Driver\Src\stm32f4xx_ll_usb.o
                0x080028c4                USB_ReadPacket
 .text.USB_EPSetStall
                0x080028e0       0x64 Drivers\STM32F4xx_HAL_Driver\Src\stm32f4xx_ll_usb.o
                0x080028e0                USB_EPSetStall
 .text.USB_EPClearStall
                0x08002944       0x3c Drivers\STM32F4xx_HAL_Driver\Src\stm32f4xx_ll_usb.o
                0x08002944                USB_EPClearStall
 .text.USB_SetDevAddress
                0x08002980       0x20 Drivers\STM32F4xx_HAL_Driver\Src\stm32f4xx_ll_usb.o
                0x08002980                USB_SetDevAddress
 .text.USB_DevConnect
                0x080029a0       0x18 Drivers\STM32F4xx_HAL_Driver\Src\stm32f4xx_ll_usb.o
                0x080029a0                USB_DevConnect
 .text.USB_DevDisconnect
                0x080029b8       0x18 Drivers\STM32F4xx_HAL_Driver\Src\stm32f4xx_ll_usb.o
                0x080029b8                USB_DevDisconnect
 .text.USB_ReadInterrupts
                0x080029d0        0x8 Drivers\STM32F4xx_HAL_Driver\Src\stm32f4xx_ll_usb.o
                0x080029d0                USB_ReadInterrupts
 .text.USB_ReadDevAllOutEpInterrupt
                0x080029d8       0x10 Drivers\STM32F4xx_HAL_Driver\Src\stm32f4xx_ll_usb.o
                0x080029d8                USB_ReadDevAllOutEpInterrupt
 .text.USB_ReadDevAllInEpInterrupt
                0x080029e8       0x10 Drivers\STM32F4xx_HAL_Driver\Src\stm32f4xx_ll_usb.o
                0x080029e8                USB_ReadDevAllInEpInterrupt
 .text.USB_ReadDevOutEPInterrupt
                0x080029f8       0x14 Drivers\STM32F4xx_HAL_Driver\Src\stm32f4xx_ll_usb.o
                0x080029f8                USB_ReadDevOutEPInterrupt
 .text.USB_ReadDevInEPInterrupt
                0x08002a0c       0x20 Drivers\STM32F4xx_HAL_Driver\Src\stm32f4xx_ll_usb.o
                0x08002a0c                USB_ReadDevInEPInterrupt
 .text.USB_GetMode
                0x08002a2c        0x8 Drivers\STM32F4xx_HAL_Driver\Src\stm32f4xx_ll_usb.o
                0x08002a2c                USB_GetMode
 .text.USB_ActivateSetup
                0x08002a34       0x36 Drivers\STM32F4xx_HAL_Driver\Src\stm32f4xx_ll_usb.o
                0x08002a34                USB_ActivateSetup
 .text.USB_EP0_OutStart
                0x08002a6a       0x46 Drivers\STM32F4xx_HAL_Driver\Src\stm32f4xx_ll_usb.o
                0x08002a6a                USB_EP0_OutStart
 .text.USB_CoreReset
                0x08002ab0       0x30 Drivers\STM32F4xx_HAL_Driver\Src\stm32f4xx_ll_usb.o
 .text.HAL_SPI_MspInit
                0x08002ae0        0x2 Drivers\STM32F4xx_HAL_Driver\Src\stm32f4xx_hal_spi.o
                0x08002ae0                HAL_SPI_MspInit
 .text.HAL_SPI_Init
                0x08002ae2       0x7a Drivers\STM32F4xx_HAL_Driver\Src\stm32f4xx_hal_spi.o
                0x08002ae2                HAL_SPI_Init
 .text.HAL_RCC_OscConfig
                0x08002b5c      0x2d0 Drivers\STM32F4xx_HAL_Driver\Src\stm32f4xx_hal_rcc.o
                0x08002b5c                HAL_RCC_OscConfig
 .text.HAL_RCC_GetSysClockFreq
                0x08002e2c       0x7c Drivers\STM32F4xx_HAL_Driver\Src\stm32f4xx_hal_rcc.o
                0x08002e2c                HAL_RCC_GetSysClockFreq
 .text.HAL_RCC_ClockConfig
                0x08002ea8      0x168 Drivers\STM32F4xx_HAL_Driver\Src\stm32f4xx_hal_rcc.o
                0x08002ea8                HAL_RCC_ClockConfig
 .text.HAL_RCC_GetHCLKFreq
                0x08003010        0xc Drivers\STM32F4xx_HAL_Driver\Src\stm32f4xx_hal_rcc.o
                0x08003010                HAL_RCC_GetHCLKFreq
 .text.HAL_PCDEx_SetTxFiFo
                0x0800301c       0x42 Drivers\STM32F4xx_HAL_Driver\Src\stm32f4xx_hal_pcd_ex.o
                0x0800301c                HAL_PCDEx_SetTxFiFo
 .text.HAL_PCDEx_SetRxFiFo
                0x0800305e        0x8 Drivers\STM32F4xx_HAL_Driver\Src\stm32f4xx_hal_pcd_ex.o
                0x0800305e                HAL_PCDEx_SetRxFiFo
 .text.HAL_PCD_Init
                0x08003066       0xd8 Drivers\STM32F4xx_HAL_Driver\Src\stm32f4xx_hal_pcd.o
                0x08003066                HAL_PCD_Init
 .text.HAL_PCD_Start
                0x0800313e       0x2a Drivers\STM32F4xx_HAL_Driver\Src\stm32f4xx_hal_pcd.o
                0x0800313e                HAL_PCD_Start
 .text.HAL_PCD_IRQHandler
                0x08003168      0x548 Drivers\STM32F4xx_HAL_Driver\Src\stm32f4xx_hal_pcd.o
                0x08003168                HAL_PCD_IRQHandler
 .text.HAL_PCD_SetAddress
                0x080036b0       0x24 Drivers\STM32F4xx_HAL_Driver\Src\stm32f4xx_hal_pcd.o
                0x080036b0                HAL_PCD_SetAddress
 .text.HAL_PCD_EP_Open
                0x080036d4       0x5c Drivers\STM32F4xx_HAL_Driver\Src\stm32f4xx_hal_pcd.o
                0x080036d4                HAL_PCD_EP_Open
 .text.HAL_PCD_EP_Close
                0x08003730       0x46 Drivers\STM32F4xx_HAL_Driver\Src\stm32f4xx_hal_pcd.o
                0x08003730                HAL_PCD_EP_Close
 .text.HAL_PCD_EP_Receive
                0x08003776       0x62 Drivers\STM32F4xx_HAL_Driver\Src\stm32f4xx_hal_pcd.o
                0x08003776                HAL_PCD_EP_Receive
 .text.HAL_PCD_EP_GetRxCount
                0x080037d8       0x10 Drivers\STM32F4xx_HAL_Driver\Src\stm32f4xx_hal_pcd.o
                0x080037d8                HAL_PCD_EP_GetRxCount
 .text.HAL_PCD_EP_Transmit
                0x080037e8       0x5a Drivers\STM32F4xx_HAL_Driver\Src\stm32f4xx_hal_pcd.o
                0x080037e8                HAL_PCD_EP_Transmit
 .text.HAL_PCD_EP_SetStall
                0x08003842       0x58 Drivers\STM32F4xx_HAL_Driver\Src\stm32f4xx_hal_pcd.o
                0x08003842                HAL_PCD_EP_SetStall
 .text.HAL_PCD_EP_ClrStall
                0x0800389a       0x4a Drivers\STM32F4xx_HAL_Driver\Src\stm32f4xx_hal_pcd.o
                0x0800389a                HAL_PCD_EP_ClrStall
 .text.HAL_GPIO_Init
                0x080038e4      0x1c0 Drivers\STM32F4xx_HAL_Driver\Src\stm32f4xx_hal_gpio.o
                0x080038e4                HAL_GPIO_Init
 .text.HAL_GPIO_ReadPin
                0x08003aa4        0xc Drivers\STM32F4xx_HAL_Driver\Src\stm32f4xx_hal_gpio.o
                0x08003aa4                HAL_GPIO_ReadPin
 .text.HAL_GPIO_WritePin
                0x08003ab0        0x8 Drivers\STM32F4xx_HAL_Driver\Src\stm32f4xx_hal_gpio.o
                0x08003ab0                HAL_GPIO_WritePin
 .text.HAL_NVIC_SetPriorityGrouping
                0x08003ab8       0x24 Drivers\STM32F4xx_HAL_Driver\Src\stm32f4xx_hal_cortex.o
                0x08003ab8                HAL_NVIC_SetPriorityGrouping
 .text.HAL_NVIC_SetPriority
                0x08003adc       0x68 Drivers\STM32F4xx_HAL_Driver\Src\stm32f4xx_hal_cortex.o
                0x08003adc                HAL_NVIC_SetPriority
 .text.HAL_NVIC_EnableIRQ
                0x08003b44       0x18 Drivers\STM32F4xx_HAL_Driver\Src\stm32f4xx_hal_cortex.o
                0x08003b44                HAL_NVIC_EnableIRQ
 .text.HAL_SYSTICK_Config
                0x08003b5c       0x2c Drivers\STM32F4xx_HAL_Driver\Src\stm32f4xx_hal_cortex.o
                0x08003b5c                HAL_SYSTICK_Config
 .text.HAL_SYSTICK_CLKSourceConfig
                0x08003b88       0x18 Drivers\STM32F4xx_HAL_Driver\Src\stm32f4xx_hal_cortex.o
                0x08003b88                HAL_SYSTICK_CLKSourceConfig
 .text.HAL_SYSTICK_Callback
                0x08003ba0        0x2 Drivers\STM32F4xx_HAL_Driver\Src\stm32f4xx_hal_cortex.o
                0x08003ba0                HAL_SYSTICK_Callback
 .text.HAL_SYSTICK_IRQHandler
                0x08003ba2        0x8 Drivers\STM32F4xx_HAL_Driver\Src\stm32f4xx_hal_cortex.o
                0x08003ba2                HAL_SYSTICK_IRQHandler
 *fill*         0x08003baa        0x2 
 .text.HAL_InitTick
                0x08003bac       0x28 Drivers\STM32F4xx_HAL_Driver\Src\stm32f4xx_hal.o
                0x08003bac                HAL_InitTick
 .text.HAL_Init
                0x08003bd4       0x34 Drivers\STM32F4xx_HAL_Driver\Src\stm32f4xx_hal.o
                0x08003bd4                HAL_Init
 .text.HAL_IncTick
                0x08003c08       0x10 Drivers\STM32F4xx_HAL_Driver\Src\stm32f4xx_hal.o
                0x08003c08                HAL_IncTick
 .text.HAL_GetTick
                0x08003c18        0xc Drivers\STM32F4xx_HAL_Driver\Src\stm32f4xx_hal.o
                0x08003c18                HAL_GetTick
 .text.HAL_Delay
                0x08003c24       0x1a Drivers\STM32F4xx_HAL_Driver\Src\stm32f4xx_hal.o
                0x08003c24                HAL_Delay
 *fill*         0x08003c3e        0x2 
 .text.SystemInit
                0x08003c40       0x4c Drivers\CMSIS\Device\ST\STM32F4xx\Source\Templates\system_stm32f4xx.o
                0x08003c40                SystemInit
 .text.Reset_Handler
                0x08003c8c       0x50 Drivers\CMSIS\Device\ST\STM32F4xx\Source\Templates\gcc\startup_stm32f407xx.o
                0x08003c8c                Reset_Handler
 .text.Default_Handler
                0x08003cdc        0x2 Drivers\CMSIS\Device\ST\STM32F4xx\Source\Templates\gcc\startup_stm32f407xx.o
                0x08003cdc                RTC_Alarm_IRQHandler
                0x08003cdc                HASH_RNG_IRQHandler
                0x08003cdc                EXTI2_IRQHandler
                0x08003cdc                TIM8_CC_IRQHandler
                0x08003cdc                TIM1_CC_IRQHandler
                0x08003cdc                DMA2_Stream5_IRQHandler
                0x08003cdc                DMA1_Stream5_IRQHandler
                0x08003cdc                PVD_IRQHandler
                0x08003cdc                SDIO_IRQHandler
                0x08003cdc                TAMP_STAMP_IRQHandler
                0x08003cdc                CAN2_RX1_IRQHandler
                0x08003cdc                EXTI3_IRQHandler
                0x08003cdc                TIM8_TRG_COM_TIM14_IRQHandler
                0x08003cdc                TIM1_UP_TIM10_IRQHandler
                0x08003cdc                TIM8_UP_TIM13_IRQHandler
                0x08003cdc                I2C3_ER_IRQHandler
                0x08003cdc                EXTI0_IRQHandler
                0x08003cdc                I2C2_EV_IRQHandler
                0x08003cdc                DMA1_Stream2_IRQHandler
                0x08003cdc                CAN1_RX0_IRQHandler
                0x08003cdc                FPU_IRQHandler
                0x08003cdc                OTG_HS_WKUP_IRQHandler
                0x08003cdc                CAN2_SCE_IRQHandler
                0x08003cdc                DMA2_Stream2_IRQHandler
                0x08003cdc                SPI1_IRQHandler
                0x08003cdc                TIM6_DAC_IRQHandler
                0x08003cdc                TIM1_BRK_TIM9_IRQHandler
                0x08003cdc                DCMI_IRQHandler
                0x08003cdc                CAN2_RX0_IRQHandler
                0x08003cdc                DMA2_Stream3_IRQHandler
                0x08003cdc                USART6_IRQHandler
                0x08003cdc                USART3_IRQHandler
                0x08003cdc                CAN1_RX1_IRQHandler
                0x08003cdc                UART5_IRQHandler
                0x08003cdc                DMA2_Stream0_IRQHandler
                0x08003cdc                TIM4_IRQHandler
                0x08003cdc                I2C1_EV_IRQHandler
                0x08003cdc                DMA1_Stream6_IRQHandler
                0x08003cdc                DMA1_Stream1_IRQHandler
                0x08003cdc                UART4_IRQHandler
                0x08003cdc                TIM3_IRQHandler
                0x08003cdc                RCC_IRQHandler
                0x08003cdc                TIM8_BRK_TIM12_IRQHandler
                0x08003cdc                Default_Handler
                0x08003cdc                EXTI15_10_IRQHandler
                0x08003cdc                ADC_IRQHandler
                0x08003cdc                DMA1_Stream7_IRQHandler
                0x08003cdc                TIM7_IRQHandler
                0x08003cdc                CAN2_TX_IRQHandler
                0x08003cdc                TIM5_IRQHandler
                0x08003cdc                DMA2_Stream7_IRQHandler
                0x08003cdc                I2C3_EV_IRQHandler
                0x08003cdc                EXTI9_5_IRQHandler
                0x08003cdc                RTC_WKUP_IRQHandler
                0x08003cdc                ETH_WKUP_IRQHandler
                0x08003cdc                SPI2_IRQHandler
                0x08003cdc                OTG_HS_EP1_IN_IRQHandler
                0x08003cdc                DMA1_Stream0_IRQHandler
                0x08003cdc                CAN1_TX_IRQHandler
                0x08003cdc                EXTI4_IRQHandler
                0x08003cdc                FSMC_IRQHandler
                0x08003cdc                ETH_IRQHandler
                0x08003cdc                OTG_HS_EP1_OUT_IRQHandler
                0x08003cdc                WWDG_IRQHandler
                0x08003cdc                TIM2_IRQHandler
                0x08003cdc                OTG_FS_WKUP_IRQHandler
                0x08003cdc                TIM1_TRG_COM_TIM11_IRQHandler
                0x08003cdc                OTG_HS_IRQHandler
                0x08003cdc                EXTI1_IRQHandler
                0x08003cdc                USART2_IRQHandler
                0x08003cdc                I2C2_ER_IRQHandler
                0x08003cdc                DMA2_Stream1_IRQHandler
                0x08003cdc                CAN1_SCE_IRQHandler
                0x08003cdc                FLASH_IRQHandler
                0x08003cdc                DMA2_Stream4_IRQHandler
                0x08003cdc                USART1_IRQHandler
                0x08003cdc                SPI3_IRQHandler
                0x08003cdc                DMA1_Stream4_IRQHandler
                0x08003cdc                I2C1_ER_IRQHandler
                0x08003cdc                DMA2_Stream6_IRQHandler
                0x08003cdc                DMA1_Stream3_IRQHandler
 *fill*         0x08003cde        0x2 
 .text.__libc_init_array
                0x08003ce0       0x4c c:/program files (x86)/atollic/truestudio for arm 5.5.1/armtools/bin/../lib/gcc/arm-atollic-eabi/5.3.1/../../../../arm-atollic-eabi/lib/armv7e-m/fpu\libc.a(lib_a-init.o)
                0x08003ce0                __libc_init_array
 .text.malloc   0x08003d2c       0x10 c:/program files (x86)/atollic/truestudio for arm 5.5.1/armtools/bin/../lib/gcc/arm-atollic-eabi/5.3.1/../../../../arm-atollic-eabi/lib/armv7e-m/fpu\libc.a(lib_a-malloc.o)
                0x08003d2c                malloc
 .text.free     0x08003d3c       0x10 c:/program files (x86)/atollic/truestudio for arm 5.5.1/armtools/bin/../lib/gcc/arm-atollic-eabi/5.3.1/../../../../arm-atollic-eabi/lib/armv7e-m/fpu\libc.a(lib_a-malloc.o)
                0x08003d3c                free
 .text._malloc_r
                0x08003d4c      0x440 c:/program files (x86)/atollic/truestudio for arm 5.5.1/armtools/bin/../lib/gcc/arm-atollic-eabi/5.3.1/../../../../arm-atollic-eabi/lib/armv7e-m/fpu\libc.a(lib_a-mallocr.o)
                0x08003d4c                _malloc_r
 .text.memcpy   0x0800418c       0x16 c:/program files (x86)/atollic/truestudio for arm 5.5.1/armtools/bin/../lib/gcc/arm-atollic-eabi/5.3.1/../../../../arm-atollic-eabi/lib/armv7e-m/fpu\libc.a(lib_a-memcpy-stub.o)
                0x0800418c                memcpy
 .text.memset   0x080041a2       0x10 c:/program files (x86)/atollic/truestudio for arm 5.5.1/armtools/bin/../lib/gcc/arm-atollic-eabi/5.3.1/../../../../arm-atollic-eabi/lib/armv7e-m/fpu\libc.a(lib_a-memset.o)
                0x080041a2                memset
 .text.__malloc_lock
                0x080041b2        0x2 c:/program files (x86)/atollic/truestudio for arm 5.5.1/armtools/bin/../lib/gcc/arm-atollic-eabi/5.3.1/../../../../arm-atollic-eabi/lib/armv7e-m/fpu\libc.a(lib_a-mlock.o)
                0x080041b2                __malloc_lock
 .text.__malloc_unlock
                0x080041b4        0x2 c:/program files (x86)/atollic/truestudio for arm 5.5.1/armtools/bin/../lib/gcc/arm-atollic-eabi/5.3.1/../../../../arm-atollic-eabi/lib/armv7e-m/fpu\libc.a(lib_a-mlock.o)
                0x080041b4                __malloc_unlock
 *fill*         0x080041b6        0x2 
 .text._sbrk_r  0x080041b8       0x20 c:/program files (x86)/atollic/truestudio for arm 5.5.1/armtools/bin/../lib/gcc/arm-atollic-eabi/5.3.1/../../../../arm-atollic-eabi/lib/armv7e-m/fpu\libc.a(lib_a-sbrkr.o)
                0x080041b8                _sbrk_r
 .text._malloc_trim_r
                0x080041d8       0xac c:/program files (x86)/atollic/truestudio for arm 5.5.1/armtools/bin/../lib/gcc/arm-atollic-eabi/5.3.1/../../../../arm-atollic-eabi/lib/armv7e-m/fpu\libc.a(lib_a-freer.o)
                0x080041d8                _malloc_trim_r
 .text._free_r  0x08004284      0x17c c:/program files (x86)/atollic/truestudio for arm 5.5.1/armtools/bin/../lib/gcc/arm-atollic-eabi/5.3.1/../../../../arm-atollic-eabi/lib/armv7e-m/fpu\libc.a(lib_a-freer.o)
                0x08004284                _free_r
 .text._sbrk    0x08004400       0x1c c:/program files (x86)/atollic/truestudio for arm 5.5.1/armtools/bin/../lib/gcc/arm-atollic-eabi/5.3.1/../../../../arm-atollic-eabi/lib/armv7e-m/fpu\libnosys.a(sbrk.o)
                0x08004400                _sbrk
 *(.glue_7)
 .glue_7        0x0800441c        0x0 linker stubs
 *(.glue_7t)
 .glue_7t       0x0800441c        0x0 linker stubs
 *(.eh_frame)
 .eh_frame      0x0800441c        0x0 c:/program files (x86)/atollic/truestudio for arm 5.5.1/armtools/bin/../lib/gcc/arm-atollic-eabi/5.3.1/armv7e-m/fpu/crtbegin.o
 *(.init)
 .init          0x0800441c        0x4 c:/program files (x86)/atollic/truestudio for arm 5.5.1/armtools/bin/../lib/gcc/arm-atollic-eabi/5.3.1/armv7e-m/fpu/crti.o
                0x0800441c                _init
 .init          0x08004420        0x8 c:/program files (x86)/atollic/truestudio for arm 5.5.1/armtools/bin/../lib/gcc/arm-atollic-eabi/5.3.1/armv7e-m/fpu/crtn.o
 *(.fini)
 .fini          0x08004428        0x4 c:/program files (x86)/atollic/truestudio for arm 5.5.1/armtools/bin/../lib/gcc/arm-atollic-eabi/5.3.1/armv7e-m/fpu/crti.o
                0x08004428                _fini
 .fini          0x0800442c        0x8 c:/program files (x86)/atollic/truestudio for arm 5.5.1/armtools/bin/../lib/gcc/arm-atollic-eabi/5.3.1/armv7e-m/fpu/crtn.o
                0x08004434                . = ALIGN (0x4)
                0x08004434                _etext = .

.vfp11_veneer   0x08004434        0x0
 .vfp11_veneer  0x08004434        0x0 linker stubs

.v4_bx          0x08004434        0x0
 .v4_bx         0x08004434        0x0 linker stubs

.iplt           0x08004434        0x0
 .iplt          0x08004434        0x0 c:/program files (x86)/atollic/truestudio for arm 5.5.1/armtools/bin/../lib/gcc/arm-atollic-eabi/5.3.1/armv7e-m/fpu/crtbegin.o

.rodata         0x08004434      0x220
                0x08004434                . = ALIGN (0x4)
 *(.rodata)
 *(.rodata*)
 .rodata.str1.1
                0x08004434       0x4f src\usbd_desc.o
 .rodata.str1.1
                0x08004483      0x117 src\proto\pb_decode.o
 *fill*         0x0800459a        0x2 
 .rodata.PB_DECODERS
                0x0800459c       0x24 src\proto\pb_decode.o
 .rodata.grSim_Robot_Command_fields
                0x080045c0       0x82 src\proto\grSim_Commands.pb.o
                0x080045c0                grSim_Robot_Command_fields
 .rodata.APBAHBPrescTable
                0x08004642       0x10 Drivers\STM32F4xx_HAL_Driver\Src\stm32f4xx_hal_rcc.o
                0x08004642                APBAHBPrescTable
 .rodata.str1.1
                0x08004652        0x2 c:/program files (x86)/atollic/truestudio for arm 5.5.1/armtools/bin/../lib/gcc/arm-atollic-eabi/5.3.1/../../../../arm-atollic-eabi/lib/armv7e-m/fpu\libc.a(lib_a-impure.o)
                0x08004654                . = ALIGN (0x4)

.rel.dyn        0x08004654        0x0
 .rel.iplt      0x08004654        0x0 c:/program files (x86)/atollic/truestudio for arm 5.5.1/armtools/bin/../lib/gcc/arm-atollic-eabi/5.3.1/armv7e-m/fpu/crtbegin.o

.ARM.extab
 *(.ARM.extab* .gnu.linkonce.armextab.*)

.ARM            0x08004654        0x0
                0x08004654                __exidx_start = .
 *(.ARM.exidx*)
                0x08004654                __exidx_end = .

.preinit_array  0x08004654        0x0
                0x08004654                PROVIDE (__preinit_array_start, .)
 *(.preinit_array*)
                0x08004654                PROVIDE (__preinit_array_end, .)

.init_array     0x08004654        0x4
                0x08004654                PROVIDE (__init_array_start, .)
 *(SORT(.init_array.*))
 *(.init_array*)
 .init_array    0x08004654        0x4 c:/program files (x86)/atollic/truestudio for arm 5.5.1/armtools/bin/../lib/gcc/arm-atollic-eabi/5.3.1/armv7e-m/fpu/crtbegin.o
                0x08004658                PROVIDE (__init_array_end, .)

.fini_array     0x08004658        0x4
                [!provide]                PROVIDE (__fini_array_start, .)
 *(SORT(.fini_array.*))
 *(.fini_array*)
 .fini_array    0x08004658        0x4 c:/program files (x86)/atollic/truestudio for arm 5.5.1/armtools/bin/../lib/gcc/arm-atollic-eabi/5.3.1/armv7e-m/fpu/crtbegin.o
                [!provide]                PROVIDE (__fini_array_end, .)
                0x0800465c                _sidata = LOADADDR (.data)

.data           0x20000000      0x66c load address 0x0800465c
                0x20000000                . = ALIGN (0x4)
                0x20000000                _sdata = .
 *(.data)
 *(.data*)
 .data.FS_Desc  0x20000000       0x1c src\usbd_desc.o
                0x20000000                FS_Desc
 .data.USBD_LangIDDesc
                0x2000001c        0x4 src\usbd_desc.o
                0x2000001c                USBD_LangIDDesc
 .data.USBD_FS_DeviceDesc
                0x20000020       0x12 src\usbd_desc.o
                0x20000020                USBD_FS_DeviceDesc
 *fill*         0x20000032        0x2 
 .data.USBD_Interface_fops_FS
                0x20000034       0x10 src\usbd_cdc_if.o
                0x20000034                USBD_Interface_fops_FS
 .data.addressRoboList
                0x20000044       0x10 src\NRF24.o
                0x20000044                addressRoboList
 .data.USBD_CDC_CfgFSDesc
                0x20000054       0x43 Middlewares\ST\STM32_USB_Device_Library\Class\CDC\Src\usbd_cdc.o
                0x20000054                USBD_CDC_CfgFSDesc
 *fill*         0x20000097        0x1 
 .data.USBD_CDC
                0x20000098       0x38 Middlewares\ST\STM32_USB_Device_Library\Class\CDC\Src\usbd_cdc.o
                0x20000098                USBD_CDC
 .data.USBD_CDC_DeviceQualifierDesc
                0x200000d0        0xa Middlewares\ST\STM32_USB_Device_Library\Class\CDC\Src\usbd_cdc.o
 *fill*         0x200000da        0x2 
 .data.USBD_CDC_OtherSpeedCfgDesc
                0x200000dc       0x43 Middlewares\ST\STM32_USB_Device_Library\Class\CDC\Src\usbd_cdc.o
                0x200000dc                USBD_CDC_OtherSpeedCfgDesc
 *fill*         0x2000011f        0x1 
 .data.USBD_CDC_CfgHSDesc
                0x20000120       0x43 Middlewares\ST\STM32_USB_Device_Library\Class\CDC\Src\usbd_cdc.o
                0x20000120                USBD_CDC_CfgHSDesc
 *fill*         0x20000163        0x1 
 .data.SystemCoreClock
                0x20000164        0x4 Drivers\CMSIS\Device\ST\STM32F4xx\Source\Templates\system_stm32f4xx.o
                0x20000164                SystemCoreClock
 .data.__malloc_av_
                0x20000168      0x408 c:/program files (x86)/atollic/truestudio for arm 5.5.1/armtools/bin/../lib/gcc/arm-atollic-eabi/5.3.1/../../../../arm-atollic-eabi/lib/armv7e-m/fpu\libc.a(lib_a-mallocr.o)
                0x20000168                __malloc_av_
 .data.__malloc_trim_threshold
                0x20000570        0x4 c:/program files (x86)/atollic/truestudio for arm 5.5.1/armtools/bin/../lib/gcc/arm-atollic-eabi/5.3.1/../../../../arm-atollic-eabi/lib/armv7e-m/fpu\libc.a(lib_a-mallocr.o)
                0x20000570                __malloc_trim_threshold
 .data.__malloc_sbrk_base
                0x20000574        0x4 c:/program files (x86)/atollic/truestudio for arm 5.5.1/armtools/bin/../lib/gcc/arm-atollic-eabi/5.3.1/../../../../arm-atollic-eabi/lib/armv7e-m/fpu\libc.a(lib_a-mallocr.o)
                0x20000574                __malloc_sbrk_base
 .data.impure_data
                0x20000578       0xf0 c:/program files (x86)/atollic/truestudio for arm 5.5.1/armtools/bin/../lib/gcc/arm-atollic-eabi/5.3.1/../../../../arm-atollic-eabi/lib/armv7e-m/fpu\libc.a(lib_a-impure.o)
 .data._impure_ptr
                0x20000668        0x4 c:/program files (x86)/atollic/truestudio for arm 5.5.1/armtools/bin/../lib/gcc/arm-atollic-eabi/5.3.1/../../../../arm-atollic-eabi/lib/armv7e-m/fpu\libc.a(lib_a-impure.o)
                0x20000668                _impure_ptr
                0x2000066c                . = ALIGN (0x4)
                0x2000066c                _edata = .
                0x08004cc8                _siccmram = LOADADDR (.ccmram)

.igot.plt       0x2000066c        0x0 load address 0x08004cc8
 .igot.plt      0x2000066c        0x0 c:/program files (x86)/atollic/truestudio for arm 5.5.1/armtools/bin/../lib/gcc/arm-atollic-eabi/5.3.1/armv7e-m/fpu/crtbegin.o

.ccmram         0x10000000        0x0 load address 0x08004cc8
                0x10000000                . = ALIGN (0x4)
                0x10000000                _sccmram = .
 *(.ccmram)
 *(.ccmram*)
                0x10000000                . = ALIGN (0x4)
                0x10000000                _eccmram = .
                0x10000000                . = ALIGN (0x4)

.bss            0x2000066c      0x944
                0x2000066c                _sbss = .
                0x2000066c                __bss_start__ = _sbss
 *(.bss)
 .bss           0x2000066c       0x1c c:/program files (x86)/atollic/truestudio for arm 5.5.1/armtools/bin/../lib/gcc/arm-atollic-eabi/5.3.1/armv7e-m/fpu/crtbegin.o
 *(.bss*)
 .bss.cfgidx.8334
                0x20000688        0x1 Middlewares\ST\STM32_USB_Device_Library\Core\Src\usbd_ctlreq.o
 .bss.ifalt.8329
                0x20000689        0x1 Middlewares\ST\STM32_USB_Device_Library\Class\CDC\Src\usbd_cdc.o
 *fill*         0x2000068a        0x2 
 .bss.__malloc_max_total_mem
                0x2000068c        0x4 c:/program files (x86)/atollic/truestudio for arm 5.5.1/armtools/bin/../lib/gcc/arm-atollic-eabi/5.3.1/../../../../arm-atollic-eabi/lib/armv7e-m/fpu\libc.a(lib_a-mallocr.o)
                0x2000068c                __malloc_max_total_mem
 .bss.__malloc_max_sbrked_mem
                0x20000690        0x4 c:/program files (x86)/atollic/truestudio for arm 5.5.1/armtools/bin/../lib/gcc/arm-atollic-eabi/5.3.1/../../../../arm-atollic-eabi/lib/armv7e-m/fpu\libc.a(lib_a-mallocr.o)
                0x20000690                __malloc_max_sbrked_mem
 .bss.__malloc_top_pad
                0x20000694        0x4 c:/program files (x86)/atollic/truestudio for arm 5.5.1/armtools/bin/../lib/gcc/arm-atollic-eabi/5.3.1/../../../../arm-atollic-eabi/lib/armv7e-m/fpu\libc.a(lib_a-mallocr.o)
                0x20000694                __malloc_top_pad
 .bss.__malloc_current_mallinfo
                0x20000698       0x28 c:/program files (x86)/atollic/truestudio for arm 5.5.1/armtools/bin/../lib/gcc/arm-atollic-eabi/5.3.1/../../../../arm-atollic-eabi/lib/armv7e-m/fpu\libc.a(lib_a-mallocr.o)
                0x20000698                __malloc_current_mallinfo
 .bss.heap_end.4169
                0x200006c0        0x4 c:/program files (x86)/atollic/truestudio for arm 5.5.1/armtools/bin/../lib/gcc/arm-atollic-eabi/5.3.1/../../../../arm-atollic-eabi/lib/armv7e-m/fpu\libnosys.a(sbrk.o)
 *(COMMON)
 COMMON         0x200006c4      0x200 src\usbd_desc.o
                0x200006c4                USBD_StrDesc
 COMMON         0x200008c4      0x3b8 src\usbd_conf.o
                0x200008c4                hpcd_USB_OTG_FS
 COMMON         0x20000c7c      0x108 src\usbd_cdc_if.o
                0x20000c7c                APP_rx_ptr_tail
                0x20000c80                UserRxBufferFS
                0x20000d00                UserTxBufferFS
                0x20000d80                APP_rx_ptr_head
 COMMON         0x20000d84      0x224 src\usb_device.o
                0x20000d84                hUsbDeviceFS
 COMMON         0x20000fa8        0x4 Drivers\STM32F4xx_HAL_Driver\Src\stm32f4xx_hal.o
                0x20000fa8                uwTick
 COMMON         0x20000fac        0x4 c:/program files (x86)/atollic/truestudio for arm 5.5.1/armtools/bin/../lib/gcc/arm-atollic-eabi/5.3.1/../../../../arm-atollic-eabi/lib/armv7e-m/fpu\libc.a(lib_a-reent.o)
                0x20000fac                errno
                0x20000fb0                . = ALIGN (0x4)
                0x20000fb0                _ebss = .
                0x20000fb0                __bss_end__ = _ebss

._user_heap_stack
                0x20000fb0      0x600
                0x20000fb0                . = ALIGN (0x4)
                0x20000fb0                PROVIDE (end, .)
                [!provide]                PROVIDE (_end, .)
                0x200011b0                . = (. + _Min_Heap_Size)
 *fill*         0x20000fb0      0x200 
                0x200015b0                . = (. + _Min_Stack_Size)
 *fill*         0x200011b0      0x400 
                0x200015b0                . = ALIGN (0x4)

/DISCARD/
 libc.a(*)
 libm.a(*)
 libgcc.a(*)

.ARM.attributes
                0x00000000       0x30
 *(.ARM.attributes)
 .ARM.attributes
                0x00000000       0x22 c:/program files (x86)/atollic/truestudio for arm 5.5.1/armtools/bin/../lib/gcc/arm-atollic-eabi/5.3.1/armv7e-m/fpu/crti.o
 .ARM.attributes
                0x00000022       0x34 c:/program files (x86)/atollic/truestudio for arm 5.5.1/armtools/bin/../lib/gcc/arm-atollic-eabi/5.3.1/armv7e-m/fpu/crtbegin.o
 .ARM.attributes
                0x00000056       0x39 src\usbd_desc.o
 .ARM.attributes
                0x0000008f       0x39 src\usbd_conf.o
 .ARM.attributes
                0x000000c8       0x39 src\usbd_cdc_if.o
 .ARM.attributes
                0x00000101       0x39 src\usb_device.o
 .ARM.attributes
                0x0000013a       0x39 src\stm32f4xx_it.o
 .ARM.attributes
                0x00000173       0x39 src\stm32f4xx_hal_msp.o
 .ARM.attributes
                0x000001ac       0x39 src\proto\pb_decode.o
 .ARM.attributes
                0x000001e5       0x39 src\proto\pb_common.o
 .ARM.attributes
                0x0000021e       0x39 src\proto\grSim_Commands.pb.o
 .ARM.attributes
                0x00000257       0x39 src\my_spi.o
 .ARM.attributes
                0x00000290       0x39 src\main.o
 .ARM.attributes
                0x000002c9       0x39 src\NRF24.o
 .ARM.attributes
                0x00000302       0x39 src\GPIO.o
 .ARM.attributes
                0x0000033b       0x39 Middlewares\ST\STM32_USB_Device_Library\Core\Src\usbd_ioreq.o
 .ARM.attributes
                0x00000374       0x39 Middlewares\ST\STM32_USB_Device_Library\Core\Src\usbd_ctlreq.o
 .ARM.attributes
                0x000003ad       0x39 Middlewares\ST\STM32_USB_Device_Library\Core\Src\usbd_core.o
 .ARM.attributes
                0x000003e6       0x39 Middlewares\ST\STM32_USB_Device_Library\Class\CDC\Src\usbd_cdc.o
 .ARM.attributes
                0x0000041f       0x39 Drivers\STM32F4xx_HAL_Driver\Src\stm32f4xx_ll_usb.o
 .ARM.attributes
                0x00000458       0x39 Drivers\STM32F4xx_HAL_Driver\Src\stm32f4xx_hal_spi.o
 .ARM.attributes
                0x00000491       0x39 Drivers\STM32F4xx_HAL_Driver\Src\stm32f4xx_hal_rcc.o
 .ARM.attributes
                0x000004ca       0x39 Drivers\STM32F4xx_HAL_Driver\Src\stm32f4xx_hal_pcd_ex.o
 .ARM.attributes
                0x00000503       0x39 Drivers\STM32F4xx_HAL_Driver\Src\stm32f4xx_hal_pcd.o
 .ARM.attributes
                0x0000053c       0x39 Drivers\STM32F4xx_HAL_Driver\Src\stm32f4xx_hal_gpio.o
 .ARM.attributes
                0x00000575       0x39 Drivers\STM32F4xx_HAL_Driver\Src\stm32f4xx_hal_cortex.o
 .ARM.attributes
                0x000005ae       0x39 Drivers\STM32F4xx_HAL_Driver\Src\stm32f4xx_hal.o
 .ARM.attributes
                0x000005e7       0x39 Drivers\CMSIS\Device\ST\STM32F4xx\Source\Templates\system_stm32f4xx.o
 .ARM.attributes
                0x00000620       0x21 Drivers\CMSIS\Device\ST\STM32F4xx\Source\Templates\gcc\startup_stm32f407xx.o
 .ARM.attributes
                0x00000641       0x34 c:/program files (x86)/atollic/truestudio for arm 5.5.1/armtools/bin/../lib/gcc/arm-atollic-eabi/5.3.1/../../../../arm-atollic-eabi/lib/armv7e-m/fpu\libc.a(lib_a-init.o)
 .ARM.attributes
                0x00000675       0x34 c:/program files (x86)/atollic/truestudio for arm 5.5.1/armtools/bin/../lib/gcc/arm-atollic-eabi/5.3.1/../../../../arm-atollic-eabi/lib/armv7e-m/fpu\libc.a(lib_a-malloc.o)
 .ARM.attributes
                0x000006a9       0x34 c:/program files (x86)/atollic/truestudio for arm 5.5.1/armtools/bin/../lib/gcc/arm-atollic-eabi/5.3.1/../../../../arm-atollic-eabi/lib/armv7e-m/fpu\libc.a(lib_a-mallocr.o)
 .ARM.attributes
                0x000006dd       0x34 c:/program files (x86)/atollic/truestudio for arm 5.5.1/armtools/bin/../lib/gcc/arm-atollic-eabi/5.3.1/../../../../arm-atollic-eabi/lib/armv7e-m/fpu\libc.a(lib_a-memcpy-stub.o)
 .ARM.attributes
                0x00000711       0x34 c:/program files (x86)/atollic/truestudio for arm 5.5.1/armtools/bin/../lib/gcc/arm-atollic-eabi/5.3.1/../../../../arm-atollic-eabi/lib/armv7e-m/fpu\libc.a(lib_a-memset.o)
 .ARM.attributes
                0x00000745       0x34 c:/program files (x86)/atollic/truestudio for arm 5.5.1/armtools/bin/../lib/gcc/arm-atollic-eabi/5.3.1/../../../../arm-atollic-eabi/lib/armv7e-m/fpu\libc.a(lib_a-mlock.o)
 .ARM.attributes
                0x00000779       0x34 c:/program files (x86)/atollic/truestudio for arm 5.5.1/armtools/bin/../lib/gcc/arm-atollic-eabi/5.3.1/../../../../arm-atollic-eabi/lib/armv7e-m/fpu\libc.a(lib_a-sbrkr.o)
 .ARM.attributes
                0x000007ad       0x34 c:/program files (x86)/atollic/truestudio for arm 5.5.1/armtools/bin/../lib/gcc/arm-atollic-eabi/5.3.1/../../../../arm-atollic-eabi/lib/armv7e-m/fpu\libc.a(lib_a-freer.o)
 .ARM.attributes
                0x000007e1       0x34 c:/program files (x86)/atollic/truestudio for arm 5.5.1/armtools/bin/../lib/gcc/arm-atollic-eabi/5.3.1/../../../../arm-atollic-eabi/lib/armv7e-m/fpu\libc.a(lib_a-impure.o)
 .ARM.attributes
                0x00000815       0x34 c:/program files (x86)/atollic/truestudio for arm 5.5.1/armtools/bin/../lib/gcc/arm-atollic-eabi/5.3.1/../../../../arm-atollic-eabi/lib/armv7e-m/fpu\libc.a(lib_a-reent.o)
 .ARM.attributes
                0x00000849       0x22 c:/program files (x86)/atollic/truestudio for arm 5.5.1/armtools/bin/../lib/gcc/arm-atollic-eabi/5.3.1/armv7e-m/fpu\libgcc.a(_ashldi3.o)
 .ARM.attributes
                0x0000086b       0x34 c:/program files (x86)/atollic/truestudio for arm 5.5.1/armtools/bin/../lib/gcc/arm-atollic-eabi/5.3.1/../../../../arm-atollic-eabi/lib/armv7e-m/fpu\libnosys.a(sbrk.o)
 .ARM.attributes
                0x0000089f       0x22 c:/program files (x86)/atollic/truestudio for arm 5.5.1/armtools/bin/../lib/gcc/arm-atollic-eabi/5.3.1/armv7e-m/fpu/crtn.o
OUTPUT(RoboIME-TX3.elf elf32-littlearm)

.debug_info     0x00000000    0x13ad6
 .debug_info    0x00000000      0x4f4 src\usbd_desc.o
 .debug_info    0x000004f4     0x1897 src\usbd_conf.o
 .debug_info    0x00001d8b      0x863 src\usbd_cdc_if.o
 .debug_info    0x000025ee      0x7da src\usb_device.o
 .debug_info    0x00002dc8      0x573 src\stm32f4xx_it.o
 .debug_info    0x0000333b      0x3f0 src\stm32f4xx_hal_msp.o
 .debug_info    0x0000372b     0x203a src\proto\pb_decode.o
 .debug_info    0x00005765      0x2d8 src\proto\pb_common.o
 .debug_info    0x00005a3d      0x3a3 src\proto\grSim_Commands.pb.o
 .debug_info    0x00005de0      0xa5c src\my_spi.o
 .debug_info    0x0000683c     0x15b4 src\main.o
 .debug_info    0x00007df0     0x1356 src\NRF24.o
 .debug_info    0x00009146      0x61a src\GPIO.o
 .debug_info    0x00009760      0x761 Middlewares\ST\STM32_USB_Device_Library\Core\Src\usbd_ioreq.o
 .debug_info    0x00009ec1      0xbc7 Middlewares\ST\STM32_USB_Device_Library\Core\Src\usbd_ctlreq.o
 .debug_info    0x0000aa88      0xbd9 Middlewares\ST\STM32_USB_Device_Library\Core\Src\usbd_core.o
 .debug_info    0x0000b661      0xc80 Middlewares\ST\STM32_USB_Device_Library\Class\CDC\Src\usbd_cdc.o
 .debug_info    0x0000c2e1     0x16f6 Drivers\STM32F4xx_HAL_Driver\Src\stm32f4xx_ll_usb.o
 .debug_info    0x0000d9d7     0x1838 Drivers\STM32F4xx_HAL_Driver\Src\stm32f4xx_hal_spi.o
 .debug_info    0x0000f20f      0xc93 Drivers\STM32F4xx_HAL_Driver\Src\stm32f4xx_hal_rcc.o
 .debug_info    0x0000fea2      0x570 Drivers\STM32F4xx_HAL_Driver\Src\stm32f4xx_hal_pcd_ex.o
 .debug_info    0x00010412     0x12b1 Drivers\STM32F4xx_HAL_Driver\Src\stm32f4xx_hal_pcd.o
 .debug_info    0x000116c3      0x72d Drivers\STM32F4xx_HAL_Driver\Src\stm32f4xx_hal_gpio.o
 .debug_info    0x00011df0      0xe7b Drivers\STM32F4xx_HAL_Driver\Src\stm32f4xx_hal_cortex.o
 .debug_info    0x00012c6b      0x8dc Drivers\STM32F4xx_HAL_Driver\Src\stm32f4xx_hal.o
 .debug_info    0x00013547      0x4d6 Drivers\CMSIS\Device\ST\STM32F4xx\Source\Templates\system_stm32f4xx.o
 .debug_info    0x00013a1d       0xb9 Drivers\CMSIS\Device\ST\STM32F4xx\Source\Templates\gcc\startup_stm32f407xx.o

.debug_abbrev   0x00000000     0x3852
 .debug_abbrev  0x00000000      0x1c8 src\usbd_desc.o
 .debug_abbrev  0x000001c8      0x286 src\usbd_conf.o
 .debug_abbrev  0x0000044e      0x221 src\usbd_cdc_if.o
 .debug_abbrev  0x0000066f      0x1bd src\usb_device.o
 .debug_abbrev  0x0000082c      0x1b9 src\stm32f4xx_it.o
 .debug_abbrev  0x000009e5       0xc2 src\stm32f4xx_hal_msp.o
 .debug_abbrev  0x00000aa7      0x45f src\proto\pb_decode.o
 .debug_abbrev  0x00000f06      0x123 src\proto\pb_common.o
 .debug_abbrev  0x00001029      0x10e src\proto\grSim_Commands.pb.o
 .debug_abbrev  0x00001137      0x1e4 src\my_spi.o
 .debug_abbrev  0x0000131b      0x2ac src\main.o
 .debug_abbrev  0x000015c7      0x211 src\NRF24.o
 .debug_abbrev  0x000017d8      0x1cf src\GPIO.o
 .debug_abbrev  0x000019a7      0x155 Middlewares\ST\STM32_USB_Device_Library\Core\Src\usbd_ioreq.o
 .debug_abbrev  0x00001afc      0x2c4 Middlewares\ST\STM32_USB_Device_Library\Core\Src\usbd_ctlreq.o
 .debug_abbrev  0x00001dc0      0x270 Middlewares\ST\STM32_USB_Device_Library\Core\Src\usbd_core.o
 .debug_abbrev  0x00002030      0x256 Middlewares\ST\STM32_USB_Device_Library\Class\CDC\Src\usbd_cdc.o
 .debug_abbrev  0x00002286      0x2de Drivers\STM32F4xx_HAL_Driver\Src\stm32f4xx_ll_usb.o
 .debug_abbrev  0x00002564      0x337 Drivers\STM32F4xx_HAL_Driver\Src\stm32f4xx_hal_spi.o
 .debug_abbrev  0x0000289b      0x31e Drivers\STM32F4xx_HAL_Driver\Src\stm32f4xx_hal_rcc.o
 .debug_abbrev  0x00002bb9      0x16f Drivers\STM32F4xx_HAL_Driver\Src\stm32f4xx_hal_pcd_ex.o
 .debug_abbrev  0x00002d28      0x2dc Drivers\STM32F4xx_HAL_Driver\Src\stm32f4xx_hal_pcd.o
 .debug_abbrev  0x00003004      0x1c8 Drivers\STM32F4xx_HAL_Driver\Src\stm32f4xx_hal_gpio.o
 .debug_abbrev  0x000031cc      0x32f Drivers\STM32F4xx_HAL_Driver\Src\stm32f4xx_hal_cortex.o
 .debug_abbrev  0x000034fb      0x244 Drivers\STM32F4xx_HAL_Driver\Src\stm32f4xx_hal.o
 .debug_abbrev  0x0000373f      0x101 Drivers\CMSIS\Device\ST\STM32F4xx\Source\Templates\system_stm32f4xx.o
 .debug_abbrev  0x00003840       0x12 Drivers\CMSIS\Device\ST\STM32F4xx\Source\Templates\gcc\startup_stm32f407xx.o

.debug_loc      0x00000000     0x8f56
 .debug_loc     0x00000000      0x273 src\usbd_desc.o
 .debug_loc     0x00000273      0x6b1 src\usbd_conf.o
 .debug_loc     0x00000924      0x1b2 src\usbd_cdc_if.o
 .debug_loc     0x00000ad6     0x1c40 src\proto\pb_decode.o
 .debug_loc     0x00002716      0x14b src\proto\pb_common.o
 .debug_loc     0x00002861      0x17c src\my_spi.o
 .debug_loc     0x000029dd       0xe4 src\main.o
 .debug_loc     0x00002ac1      0x915 src\NRF24.o
 .debug_loc     0x000033d6      0x1ad src\GPIO.o
 .debug_loc     0x00003583      0x23c Middlewares\ST\STM32_USB_Device_Library\Core\Src\usbd_ioreq.o
 .debug_loc     0x000037bf      0x6d9 Middlewares\ST\STM32_USB_Device_Library\Core\Src\usbd_ctlreq.o
 .debug_loc     0x00003e98      0x5d9 Middlewares\ST\STM32_USB_Device_Library\Core\Src\usbd_core.o
 .debug_loc     0x00004471      0x4bc Middlewares\ST\STM32_USB_Device_Library\Class\CDC\Src\usbd_cdc.o
 .debug_loc     0x0000492d     0x1473 Drivers\STM32F4xx_HAL_Driver\Src\stm32f4xx_ll_usb.o
 .debug_loc     0x00005da0     0x1725 Drivers\STM32F4xx_HAL_Driver\Src\stm32f4xx_hal_spi.o
 .debug_loc     0x000074c5      0x49b Drivers\STM32F4xx_HAL_Driver\Src\stm32f4xx_hal_rcc.o
 .debug_loc     0x00007960       0xda Drivers\STM32F4xx_HAL_Driver\Src\stm32f4xx_hal_pcd_ex.o
 .debug_loc     0x00007a3a      0xb94 Drivers\STM32F4xx_HAL_Driver\Src\stm32f4xx_hal_pcd.o
 .debug_loc     0x000085ce      0x374 Drivers\STM32F4xx_HAL_Driver\Src\stm32f4xx_hal_gpio.o
 .debug_loc     0x00008942      0x4ab Drivers\STM32F4xx_HAL_Driver\Src\stm32f4xx_hal_cortex.o
 .debug_loc     0x00008ded       0x92 Drivers\STM32F4xx_HAL_Driver\Src\stm32f4xx_hal.o
 .debug_loc     0x00008e7f       0xd7 Drivers\CMSIS\Device\ST\STM32F4xx\Source\Templates\system_stm32f4xx.o

.debug_aranges  0x00000000      0xcd0
 .debug_aranges
                0x00000000       0x50 src\usbd_desc.o
 .debug_aranges
                0x00000050       0xf8 src\usbd_conf.o
 .debug_aranges
                0x00000148       0x48 src\usbd_cdc_if.o
 .debug_aranges
                0x00000190       0x20 src\usb_device.o
 .debug_aranges
                0x000001b0       0x50 src\stm32f4xx_it.o
 .debug_aranges
                0x00000200       0x20 src\stm32f4xx_hal_msp.o
 .debug_aranges
                0x00000220       0xf0 src\proto\pb_decode.o
 .debug_aranges
                0x00000310       0x30 src\proto\pb_common.o
 .debug_aranges
                0x00000340       0x18 src\proto\grSim_Commands.pb.o
 .debug_aranges
                0x00000358       0x30 src\my_spi.o
 .debug_aranges
                0x00000388       0x40 src\main.o
 .debug_aranges
                0x000003c8       0xc8 src\NRF24.o
 .debug_aranges
                0x00000490       0x40 src\GPIO.o
 .debug_aranges
                0x000004d0       0x50 Middlewares\ST\STM32_USB_Device_Library\Core\Src\usbd_ioreq.o
 .debug_aranges
                0x00000520       0x48 Middlewares\ST\STM32_USB_Device_Library\Core\Src\usbd_ctlreq.o
 .debug_aranges
                0x00000568       0xa8 Middlewares\ST\STM32_USB_Device_Library\Core\Src\usbd_core.o
 .debug_aranges
                0x00000610       0x90 Middlewares\ST\STM32_USB_Device_Library\Class\CDC\Src\usbd_cdc.o
 .debug_aranges
                0x000006a0      0x180 Drivers\STM32F4xx_HAL_Driver\Src\stm32f4xx_ll_usb.o
 .debug_aranges
                0x00000820      0x150 Drivers\STM32F4xx_HAL_Driver\Src\stm32f4xx_hal_spi.o
 .debug_aranges
                0x00000970       0x80 Drivers\STM32F4xx_HAL_Driver\Src\stm32f4xx_hal_rcc.o
 .debug_aranges
                0x000009f0       0x28 Drivers\STM32F4xx_HAL_Driver\Src\stm32f4xx_hal_pcd_ex.o
 .debug_aranges
                0x00000a18       0xc0 Drivers\STM32F4xx_HAL_Driver\Src\stm32f4xx_hal_pcd.o
 .debug_aranges
                0x00000ad8       0x58 Drivers\STM32F4xx_HAL_Driver\Src\stm32f4xx_hal_gpio.o
 .debug_aranges
                0x00000b30       0x98 Drivers\STM32F4xx_HAL_Driver\Src\stm32f4xx_hal_cortex.o
 .debug_aranges
                0x00000bc8       0xb8 Drivers\STM32F4xx_HAL_Driver\Src\stm32f4xx_hal.o
 .debug_aranges
                0x00000c80       0x28 Drivers\CMSIS\Device\ST\STM32F4xx\Source\Templates\system_stm32f4xx.o
 .debug_aranges
                0x00000ca8       0x28 Drivers\CMSIS\Device\ST\STM32F4xx\Source\Templates\gcc\startup_stm32f407xx.o

.debug_ranges   0x00000000      0xee0
 .debug_ranges  0x00000000       0x40 src\usbd_desc.o
 .debug_ranges  0x00000040      0x100 src\usbd_conf.o
 .debug_ranges  0x00000140       0x38 src\usbd_cdc_if.o
 .debug_ranges  0x00000178       0x38 src\usb_device.o
 .debug_ranges  0x000001b0       0x40 src\stm32f4xx_it.o
 .debug_ranges  0x000001f0       0x10 src\stm32f4xx_hal_msp.o
 .debug_ranges  0x00000200      0x1d8 src\proto\pb_decode.o
 .debug_ranges  0x000003d8       0x20 src\proto\pb_common.o
 .debug_ranges  0x000003f8       0x60 src\my_spi.o
 .debug_ranges  0x00000458       0x80 src\main.o
 .debug_ranges  0x000004d8       0xb8 src\NRF24.o
 .debug_ranges  0x00000590       0x30 src\GPIO.o
 .debug_ranges  0x000005c0       0x40 Middlewares\ST\STM32_USB_Device_Library\Core\Src\usbd_ioreq.o
 .debug_ranges  0x00000600       0x38 Middlewares\ST\STM32_USB_Device_Library\Core\Src\usbd_ctlreq.o
 .debug_ranges  0x00000638       0x98 Middlewares\ST\STM32_USB_Device_Library\Core\Src\usbd_core.o
 .debug_ranges  0x000006d0       0x80 Middlewares\ST\STM32_USB_Device_Library\Class\CDC\Src\usbd_cdc.o
 .debug_ranges  0x00000750      0x170 Drivers\STM32F4xx_HAL_Driver\Src\stm32f4xx_ll_usb.o
 .debug_ranges  0x000008c0      0x170 Drivers\STM32F4xx_HAL_Driver\Src\stm32f4xx_hal_spi.o
 .debug_ranges  0x00000a30      0x150 Drivers\STM32F4xx_HAL_Driver\Src\stm32f4xx_hal_rcc.o
 .debug_ranges  0x00000b80       0x18 Drivers\STM32F4xx_HAL_Driver\Src\stm32f4xx_hal_pcd_ex.o
 .debug_ranges  0x00000b98       0xb0 Drivers\STM32F4xx_HAL_Driver\Src\stm32f4xx_hal_pcd.o
 .debug_ranges  0x00000c48       0x70 Drivers\STM32F4xx_HAL_Driver\Src\stm32f4xx_hal_gpio.o
 .debug_ranges  0x00000cb8      0x148 Drivers\STM32F4xx_HAL_Driver\Src\stm32f4xx_hal_cortex.o
 .debug_ranges  0x00000e00       0xa8 Drivers\STM32F4xx_HAL_Driver\Src\stm32f4xx_hal.o
 .debug_ranges  0x00000ea8       0x18 Drivers\CMSIS\Device\ST\STM32F4xx\Source\Templates\system_stm32f4xx.o
 .debug_ranges  0x00000ec0       0x20 Drivers\CMSIS\Device\ST\STM32F4xx\Source\Templates\gcc\startup_stm32f407xx.o

.debug_line     0x00000000     0x6340
 .debug_line    0x00000000      0x20c src\usbd_desc.o
 .debug_line    0x0000020c      0x4d1 src\usbd_conf.o
 .debug_line    0x000006dd      0x257 src\usbd_cdc_if.o
 .debug_line    0x00000934      0x254 src\usb_device.o
 .debug_line    0x00000b88      0x286 src\stm32f4xx_it.o
 .debug_line    0x00000e0e      0x1d8 src\stm32f4xx_hal_msp.o
 .debug_line    0x00000fe6      0x627 src\proto\pb_decode.o
 .debug_line    0x0000160d      0x275 src\proto\pb_common.o
 .debug_line    0x00001882      0x1f0 src\proto\grSim_Commands.pb.o
 .debug_line    0x00001a72      0x2af src\my_spi.o
 .debug_line    0x00001d21      0x48f src\main.o
 .debug_line    0x000021b0      0x41c src\NRF24.o
 .debug_line    0x000025cc      0x231 src\GPIO.o
 .debug_line    0x000027fd      0x244 Middlewares\ST\STM32_USB_Device_Library\Core\Src\usbd_ioreq.o
 .debug_line    0x00002a41      0x2de Middlewares\ST\STM32_USB_Device_Library\Core\Src\usbd_ctlreq.o
 .debug_line    0x00002d1f      0x39b Middlewares\ST\STM32_USB_Device_Library\Core\Src\usbd_core.o
 .debug_line    0x000030ba      0x3f8 Middlewares\ST\STM32_USB_Device_Library\Class\CDC\Src\usbd_cdc.o
 .debug_line    0x000034b2      0x802 Drivers\STM32F4xx_HAL_Driver\Src\stm32f4xx_ll_usb.o
 .debug_line    0x00003cb4      0x9fd Drivers\STM32F4xx_HAL_Driver\Src\stm32f4xx_hal_spi.o
 .debug_line    0x000046b1      0x56e Drivers\STM32F4xx_HAL_Driver\Src\stm32f4xx_hal_rcc.o
 .debug_line    0x00004c1f      0x244 Drivers\STM32F4xx_HAL_Driver\Src\stm32f4xx_hal_pcd_ex.o
 .debug_line    0x00004e63      0x6d6 Drivers\STM32F4xx_HAL_Driver\Src\stm32f4xx_hal_pcd.o
 .debug_line    0x00005539      0x3ca Drivers\STM32F4xx_HAL_Driver\Src\stm32f4xx_hal_gpio.o
 .debug_line    0x00005903      0x3f2 Drivers\STM32F4xx_HAL_Driver\Src\stm32f4xx_hal_cortex.o
 .debug_line    0x00005cf5      0x3ab Drivers\STM32F4xx_HAL_Driver\Src\stm32f4xx_hal.o
 .debug_line    0x000060a0      0x1f2 Drivers\CMSIS\Device\ST\STM32F4xx\Source\Templates\system_stm32f4xx.o
 .debug_line    0x00006292       0xae Drivers\CMSIS\Device\ST\STM32F4xx\Source\Templates\gcc\startup_stm32f407xx.o

.debug_str      0x00000000     0x406c
 .debug_str     0x00000000      0x3bd src\usbd_desc.o
                                0x41c (size before relaxing)
 .debug_str     0x000003bd     0x10de src\usbd_conf.o
                               0x1488 (size before relaxing)
 .debug_str     0x0000149b      0x1b1 src\usbd_cdc_if.o
                                0x773 (size before relaxing)
 .debug_str     0x0000164c       0x73 src\usb_device.o
                                0x758 (size before relaxing)
 .debug_str     0x000016bf       0xc5 src\stm32f4xx_it.o
                                0x5d1 (size before relaxing)
 .debug_str     0x00001784       0x44 src\stm32f4xx_hal_msp.o
                                0x71c (size before relaxing)
 .debug_str     0x000017c8      0x608 src\proto\pb_decode.o
                                0x8af (size before relaxing)
 .debug_str     0x00001dd0       0x2e src\proto\pb_common.o
                                0x326 (size before relaxing)
 .debug_str     0x00001dfe      0x119 src\proto\grSim_Commands.pb.o
                                0x41b (size before relaxing)
 .debug_str     0x00001f17      0x45c src\my_spi.o
                                0x856 (size before relaxing)
 .debug_str     0x00002373      0x331 src\main.o
                               0x123b (size before relaxing)
 .debug_str     0x000026a4       0xe0 src\NRF24.o
                                0x88f (size before relaxing)
 .debug_str     0x00002784       0x77 src\GPIO.o
                                0x427 (size before relaxing)
 .debug_str     0x000027fb       0xc9 Middlewares\ST\STM32_USB_Device_Library\Core\Src\usbd_ioreq.o
                                0x6bc (size before relaxing)
 .debug_str     0x000028c4      0x14c Middlewares\ST\STM32_USB_Device_Library\Core\Src\usbd_ctlreq.o
                                0x78f (size before relaxing)
 .debug_str     0x00002a10       0x7b Middlewares\ST\STM32_USB_Device_Library\Core\Src\usbd_core.o
                                0x85d (size before relaxing)
 .debug_str     0x00002a8b      0x192 Middlewares\ST\STM32_USB_Device_Library\Class\CDC\Src\usbd_cdc.o
                                0x8e3 (size before relaxing)
 .debug_str     0x00002c1d      0x744 Drivers\STM32F4xx_HAL_Driver\Src\stm32f4xx_ll_usb.o
                                0xbd4 (size before relaxing)
 .debug_str     0x00003361      0x3fc Drivers\STM32F4xx_HAL_Driver\Src\stm32f4xx_hal_spi.o
                                0xa6a (size before relaxing)
 .debug_str     0x0000375d      0x19a Drivers\STM32F4xx_HAL_Driver\Src\stm32f4xx_hal_rcc.o
                                0x6f0 (size before relaxing)
 .debug_str     0x000038f7       0x4a Drivers\STM32F4xx_HAL_Driver\Src\stm32f4xx_hal_pcd_ex.o
                                0x5b0 (size before relaxing)
 .debug_str     0x00003941       0xef Drivers\STM32F4xx_HAL_Driver\Src\stm32f4xx_hal_pcd.o
                                0xb24 (size before relaxing)
 .debug_str     0x00003a30      0x109 Drivers\STM32F4xx_HAL_Driver\Src\stm32f4xx_hal_gpio.o
                                0x524 (size before relaxing)
 .debug_str     0x00003b39      0x2ff Drivers\STM32F4xx_HAL_Driver\Src\stm32f4xx_hal_cortex.o
                                0xc1c (size before relaxing)
 .debug_str     0x00003e38      0x1c0 Drivers\STM32F4xx_HAL_Driver\Src\stm32f4xx_hal.o
                                0xabc (size before relaxing)
 .debug_str     0x00003ff8       0x74 Drivers\CMSIS\Device\ST\STM32F4xx\Source\Templates\system_stm32f4xx.o
                                0x3d5 (size before relaxing)

.comment        0x00000000       0x7e
 .comment       0x00000000       0x7e src\usbd_desc.o
                                 0x7f (size before relaxing)
 .comment       0x0000007e       0x7f src\usbd_conf.o
 .comment       0x0000007e       0x7f src\usbd_cdc_if.o
 .comment       0x0000007e       0x7f src\usb_device.o
 .comment       0x0000007e       0x7f src\stm32f4xx_it.o
 .comment       0x0000007e       0x7f src\stm32f4xx_hal_msp.o
 .comment       0x0000007e       0x7f src\proto\pb_decode.o
 .comment       0x0000007e       0x7f src\proto\pb_common.o
 .comment       0x0000007e       0x7f src\proto\grSim_Commands.pb.o
 .comment       0x0000007e       0x7f src\my_spi.o
 .comment       0x0000007e       0x7f src\main.o
 .comment       0x0000007e       0x7f src\NRF24.o
 .comment       0x0000007e       0x7f src\GPIO.o
 .comment       0x0000007e       0x7f Middlewares\ST\STM32_USB_Device_Library\Core\Src\usbd_ioreq.o
 .comment       0x0000007e       0x7f Middlewares\ST\STM32_USB_Device_Library\Core\Src\usbd_ctlreq.o
 .comment       0x0000007e       0x7f Middlewares\ST\STM32_USB_Device_Library\Core\Src\usbd_core.o
 .comment       0x0000007e       0x7f Middlewares\ST\STM32_USB_Device_Library\Class\CDC\Src\usbd_cdc.o
 .comment       0x0000007e       0x7f Drivers\STM32F4xx_HAL_Driver\Src\stm32f4xx_ll_usb.o
 .comment       0x0000007e       0x7f Drivers\STM32F4xx_HAL_Driver\Src\stm32f4xx_hal_spi.o
 .comment       0x0000007e       0x7f Drivers\STM32F4xx_HAL_Driver\Src\stm32f4xx_hal_rcc.o
 .comment       0x0000007e       0x7f Drivers\STM32F4xx_HAL_Driver\Src\stm32f4xx_hal_pcd_ex.o
 .comment       0x0000007e       0x7f Drivers\STM32F4xx_HAL_Driver\Src\stm32f4xx_hal_pcd.o
 .comment       0x0000007e       0x7f Drivers\STM32F4xx_HAL_Driver\Src\stm32f4xx_hal_gpio.o
 .comment       0x0000007e       0x7f Drivers\STM32F4xx_HAL_Driver\Src\stm32f4xx_hal_cortex.o
 .comment       0x0000007e       0x7f Drivers\STM32F4xx_HAL_Driver\Src\stm32f4xx_hal.o
 .comment       0x0000007e       0x7f Drivers\CMSIS\Device\ST\STM32F4xx\Source\Templates\system_stm32f4xx.o

.debug_frame    0x00000000     0x23d8
 .debug_frame   0x00000000       0xa8 src\usbd_desc.o
 .debug_frame   0x000000a8      0x26c src\usbd_conf.o
 .debug_frame   0x00000314       0x98 src\usbd_cdc_if.o
 .debug_frame   0x000003ac       0x2c src\usb_device.o
 .debug_frame   0x000003d8       0xbc src\stm32f4xx_it.o
 .debug_frame   0x00000494       0x2c src\stm32f4xx_hal_msp.o
 .debug_frame   0x000004c0      0x338 src\proto\pb_decode.o
 .debug_frame   0x000007f8       0x54 src\proto\pb_common.o
 .debug_frame   0x0000084c       0x64 src\my_spi.o
 .debug_frame   0x000008b0       0x8c src\main.o
 .debug_frame   0x0000093c      0x284 src\NRF24.o
 .debug_frame   0x00000bc0       0x90 src\GPIO.o
 .debug_frame   0x00000c50       0xb8 Middlewares\ST\STM32_USB_Device_Library\Core\Src\usbd_ioreq.o
 .debug_frame   0x00000d08       0xb0 Middlewares\ST\STM32_USB_Device_Library\Core\Src\usbd_ctlreq.o
 .debug_frame   0x00000db8      0x1c0 Middlewares\ST\STM32_USB_Device_Library\Core\Src\usbd_core.o
 .debug_frame   0x00000f78      0x14c Middlewares\ST\STM32_USB_Device_Library\Class\CDC\Src\usbd_cdc.o
 .debug_frame   0x000010c4      0x47c Drivers\STM32F4xx_HAL_Driver\Src\stm32f4xx_ll_usb.o
 .debug_frame   0x00001540      0x490 Drivers\STM32F4xx_HAL_Driver\Src\stm32f4xx_hal_spi.o
 .debug_frame   0x000019d0      0x138 Drivers\STM32F4xx_HAL_Driver\Src\stm32f4xx_hal_rcc.o
 .debug_frame   0x00001b08       0x3c Drivers\STM32F4xx_HAL_Driver\Src\stm32f4xx_hal_pcd_ex.o
 .debug_frame   0x00001b44      0x2c0 Drivers\STM32F4xx_HAL_Driver\Src\stm32f4xx_hal_pcd.o
 .debug_frame   0x00001e04       0xd4 Drivers\STM32F4xx_HAL_Driver\Src\stm32f4xx_hal_gpio.o
 .debug_frame   0x00001ed8      0x130 Drivers\STM32F4xx_HAL_Driver\Src\stm32f4xx_hal_cortex.o
 .debug_frame   0x00002008      0x184 Drivers\STM32F4xx_HAL_Driver\Src\stm32f4xx_hal.o
 .debug_frame   0x0000218c       0x30 Drivers\CMSIS\Device\ST\STM32F4xx\Source\Templates\system_stm32f4xx.o
 .debug_frame   0x000021bc       0x2c c:/program files (x86)/atollic/truestudio for arm 5.5.1/armtools/bin/../lib/gcc/arm-atollic-eabi/5.3.1/../../../../arm-atollic-eabi/lib/armv7e-m/fpu\libc.a(lib_a-init.o)
 .debug_frame   0x000021e8       0x30 c:/program files (x86)/atollic/truestudio for arm 5.5.1/armtools/bin/../lib/gcc/arm-atollic-eabi/5.3.1/../../../../arm-atollic-eabi/lib/armv7e-m/fpu\libc.a(lib_a-malloc.o)
 .debug_frame   0x00002218       0x40 c:/program files (x86)/atollic/truestudio for arm 5.5.1/armtools/bin/../lib/gcc/arm-atollic-eabi/5.3.1/../../../../arm-atollic-eabi/lib/armv7e-m/fpu\libc.a(lib_a-mallocr.o)
 .debug_frame   0x00002258       0x28 c:/program files (x86)/atollic/truestudio for arm 5.5.1/armtools/bin/../lib/gcc/arm-atollic-eabi/5.3.1/../../../../arm-atollic-eabi/lib/armv7e-m/fpu\libc.a(lib_a-memcpy-stub.o)
 .debug_frame   0x00002280       0x20 c:/program files (x86)/atollic/truestudio for arm 5.5.1/armtools/bin/../lib/gcc/arm-atollic-eabi/5.3.1/../../../../arm-atollic-eabi/lib/armv7e-m/fpu\libc.a(lib_a-memset.o)
 .debug_frame   0x000022a0       0x30 c:/program files (x86)/atollic/truestudio for arm 5.5.1/armtools/bin/../lib/gcc/arm-atollic-eabi/5.3.1/../../../../arm-atollic-eabi/lib/armv7e-m/fpu\libc.a(lib_a-mlock.o)
 .debug_frame   0x000022d0       0x2c c:/program files (x86)/atollic/truestudio for arm 5.5.1/armtools/bin/../lib/gcc/arm-atollic-eabi/5.3.1/../../../../arm-atollic-eabi/lib/armv7e-m/fpu\libc.a(lib_a-sbrkr.o)
 .debug_frame   0x000022fc       0x60 c:/program files (x86)/atollic/truestudio for arm 5.5.1/armtools/bin/../lib/gcc/arm-atollic-eabi/5.3.1/../../../../arm-atollic-eabi/lib/armv7e-m/fpu\libc.a(lib_a-freer.o)
 .debug_frame   0x0000235c       0x5c c:/program files (x86)/atollic/truestudio for arm 5.5.1/armtools/bin/../lib/gcc/arm-atollic-eabi/5.3.1/../../../../arm-atollic-eabi/lib/armv7e-m/fpu\libc.a(lib_a-reent.o)
 .debug_frame   0x000023b8       0x20 c:/program files (x86)/atollic/truestudio for arm 5.5.1/armtools/bin/../lib/gcc/arm-atollic-eabi/5.3.1/../../../../arm-atollic-eabi/lib/armv7e-m/fpu\libnosys.a(sbrk.o)

Cross Reference Table

Symbol                                            File
ADC_IRQHandler                                    Drivers\CMSIS\Device\ST\STM32F4xx\Source\Templates\gcc\startup_stm32f407xx.o
AHBPrescTable                                     Drivers\CMSIS\Device\ST\STM32F4xx\Source\Templates\system_stm32f4xx.o
APBAHBPrescTable                                  Drivers\STM32F4xx_HAL_Driver\Src\stm32f4xx_hal_rcc.o
APP_rx_ptr_head                                   src\usbd_cdc_if.o
APP_rx_ptr_tail                                   src\usbd_cdc_if.o
BusFault_Handler                                  src\stm32f4xx_it.o
CAN1_RX0_IRQHandler                               Drivers\CMSIS\Device\ST\STM32F4xx\Source\Templates\gcc\startup_stm32f407xx.o
CAN1_RX1_IRQHandler                               Drivers\CMSIS\Device\ST\STM32F4xx\Source\Templates\gcc\startup_stm32f407xx.o
CAN1_SCE_IRQHandler                               Drivers\CMSIS\Device\ST\STM32F4xx\Source\Templates\gcc\startup_stm32f407xx.o
CAN1_TX_IRQHandler                                Drivers\CMSIS\Device\ST\STM32F4xx\Source\Templates\gcc\startup_stm32f407xx.o
CAN2_RX0_IRQHandler                               Drivers\CMSIS\Device\ST\STM32F4xx\Source\Templates\gcc\startup_stm32f407xx.o
CAN2_RX1_IRQHandler                               Drivers\CMSIS\Device\ST\STM32F4xx\Source\Templates\gcc\startup_stm32f407xx.o
CAN2_SCE_IRQHandler                               Drivers\CMSIS\Device\ST\STM32F4xx\Source\Templates\gcc\startup_stm32f407xx.o
CAN2_TX_IRQHandler                                Drivers\CMSIS\Device\ST\STM32F4xx\Source\Templates\gcc\startup_stm32f407xx.o
CDC_Transmit_FS                                   src\usbd_cdc_if.o
                                                  src\main.o
DCMI_IRQHandler                                   Drivers\CMSIS\Device\ST\STM32F4xx\Source\Templates\gcc\startup_stm32f407xx.o
DMA1_Stream0_IRQHandler                           Drivers\CMSIS\Device\ST\STM32F4xx\Source\Templates\gcc\startup_stm32f407xx.o
DMA1_Stream1_IRQHandler                           Drivers\CMSIS\Device\ST\STM32F4xx\Source\Templates\gcc\startup_stm32f407xx.o
DMA1_Stream2_IRQHandler                           Drivers\CMSIS\Device\ST\STM32F4xx\Source\Templates\gcc\startup_stm32f407xx.o
DMA1_Stream3_IRQHandler                           Drivers\CMSIS\Device\ST\STM32F4xx\Source\Templates\gcc\startup_stm32f407xx.o
DMA1_Stream4_IRQHandler                           Drivers\CMSIS\Device\ST\STM32F4xx\Source\Templates\gcc\startup_stm32f407xx.o
DMA1_Stream5_IRQHandler                           Drivers\CMSIS\Device\ST\STM32F4xx\Source\Templates\gcc\startup_stm32f407xx.o
DMA1_Stream6_IRQHandler                           Drivers\CMSIS\Device\ST\STM32F4xx\Source\Templates\gcc\startup_stm32f407xx.o
DMA1_Stream7_IRQHandler                           Drivers\CMSIS\Device\ST\STM32F4xx\Source\Templates\gcc\startup_stm32f407xx.o
DMA2_Stream0_IRQHandler                           Drivers\CMSIS\Device\ST\STM32F4xx\Source\Templates\gcc\startup_stm32f407xx.o
DMA2_Stream1_IRQHandler                           Drivers\CMSIS\Device\ST\STM32F4xx\Source\Templates\gcc\startup_stm32f407xx.o
DMA2_Stream2_IRQHandler                           Drivers\CMSIS\Device\ST\STM32F4xx\Source\Templates\gcc\startup_stm32f407xx.o
DMA2_Stream3_IRQHandler                           Drivers\CMSIS\Device\ST\STM32F4xx\Source\Templates\gcc\startup_stm32f407xx.o
DMA2_Stream4_IRQHandler                           Drivers\CMSIS\Device\ST\STM32F4xx\Source\Templates\gcc\startup_stm32f407xx.o
DMA2_Stream5_IRQHandler                           Drivers\CMSIS\Device\ST\STM32F4xx\Source\Templates\gcc\startup_stm32f407xx.o
DMA2_Stream6_IRQHandler                           Drivers\CMSIS\Device\ST\STM32F4xx\Source\Templates\gcc\startup_stm32f407xx.o
DMA2_Stream7_IRQHandler                           Drivers\CMSIS\Device\ST\STM32F4xx\Source\Templates\gcc\startup_stm32f407xx.o
DebugMon_Handler                                  src\stm32f4xx_it.o
Default_Handler                                   Drivers\CMSIS\Device\ST\STM32F4xx\Source\Templates\gcc\startup_stm32f407xx.o
ETH_IRQHandler                                    Drivers\CMSIS\Device\ST\STM32F4xx\Source\Templates\gcc\startup_stm32f407xx.o
ETH_WKUP_IRQHandler                               Drivers\CMSIS\Device\ST\STM32F4xx\Source\Templates\gcc\startup_stm32f407xx.o
EXTI0_IRQHandler                                  Drivers\CMSIS\Device\ST\STM32F4xx\Source\Templates\gcc\startup_stm32f407xx.o
EXTI15_10_IRQHandler                              Drivers\CMSIS\Device\ST\STM32F4xx\Source\Templates\gcc\startup_stm32f407xx.o
EXTI1_IRQHandler                                  Drivers\CMSIS\Device\ST\STM32F4xx\Source\Templates\gcc\startup_stm32f407xx.o
EXTI2_IRQHandler                                  Drivers\CMSIS\Device\ST\STM32F4xx\Source\Templates\gcc\startup_stm32f407xx.o
EXTI3_IRQHandler                                  Drivers\CMSIS\Device\ST\STM32F4xx\Source\Templates\gcc\startup_stm32f407xx.o
EXTI4_IRQHandler                                  Drivers\CMSIS\Device\ST\STM32F4xx\Source\Templates\gcc\startup_stm32f407xx.o
EXTI9_5_IRQHandler                                Drivers\CMSIS\Device\ST\STM32F4xx\Source\Templates\gcc\startup_stm32f407xx.o
Error_Handler                                     src\main.o
                                                  src\usbd_conf.o
FLASH_Erase_Sector                                Drivers\STM32F4xx_HAL_Driver\Src\stm32f4xx_hal_flash_ex.o
                                                  Drivers\STM32F4xx_HAL_Driver\Src\stm32f4xx_hal_flash.o
FLASH_FlushCaches                                 Drivers\STM32F4xx_HAL_Driver\Src\stm32f4xx_hal_flash_ex.o
                                                  Drivers\STM32F4xx_HAL_Driver\Src\stm32f4xx_hal_flash.o
FLASH_IRQHandler                                  Drivers\CMSIS\Device\ST\STM32F4xx\Source\Templates\gcc\startup_stm32f407xx.o
FLASH_WaitForLastOperation                        Drivers\STM32F4xx_HAL_Driver\Src\stm32f4xx_hal_flash.o
                                                  Drivers\STM32F4xx_HAL_Driver\Src\stm32f4xx_hal_flash_ex.o
FPU_IRQHandler                                    Drivers\CMSIS\Device\ST\STM32F4xx\Source\Templates\gcc\startup_stm32f407xx.o
FSMC_IRQHandler                                   Drivers\CMSIS\Device\ST\STM32F4xx\Source\Templates\gcc\startup_stm32f407xx.o
FS_Desc                                           src\usbd_desc.o
                                                  src\usb_device.o
GPIO_Init                                         src\GPIO.o
                                                  src\NRF24.o
                                                  src\main.o
                                                  src\my_spi.o
GPIO_Reset                                        src\GPIO.o
                                                  src\NRF24.o
                                                  src\main.o
                                                  src\my_spi.o
GPIO_Set                                          src\GPIO.o
                                                  src\main.o
                                                  src\my_spi.o
GPIO_Status                                       src\GPIO.o
GPIO_Toggle                                       src\GPIO.o
                                                  src\main.o
HAL_DBGMCU_DisableDBGSleepMode                    Drivers\STM32F4xx_HAL_Driver\Src\stm32f4xx_hal.o
HAL_DBGMCU_DisableDBGStandbyMode                  Drivers\STM32F4xx_HAL_Driver\Src\stm32f4xx_hal.o
HAL_DBGMCU_DisableDBGStopMode                     Drivers\STM32F4xx_HAL_Driver\Src\stm32f4xx_hal.o
HAL_DBGMCU_EnableDBGSleepMode                     Drivers\STM32F4xx_HAL_Driver\Src\stm32f4xx_hal.o