Archive member included because of file (symbol)

c:/program files (x86)/atollic/truestudio for arm 5.4.1/armtools/bin/../lib/gcc/arm-atollic-eabi/4.8.3/../../../../arm-atollic-eabi/lib/armv7e-m/fpu\libc_s.a(lib_a-init.o)
                              src\startup_stm32f40xx.o (__libc_init_array)
c:/program files (x86)/atollic/truestudio for arm 5.4.1/armtools/bin/../lib/gcc/arm-atollic-eabi/4.8.3/../../../../arm-atollic-eabi/lib/armv7e-m/fpu\libc_s.a(lib_a-strlen.o)
                              src\tiny_printf.o (strlen)
c:/program files (x86)/atollic/truestudio for arm 5.4.1/armtools/bin/../lib/gcc/arm-atollic-eabi/4.8.3/../../../../arm-atollic-eabi/lib/armv7e-m/fpu\libc_s.a(lib_a-syscalls.o)
                              src\tiny_printf.o (_write)
c:/program files (x86)/atollic/truestudio for arm 5.4.1/armtools/bin/../lib/gcc/arm-atollic-eabi/4.8.3/../../../../arm-atollic-eabi/lib/armv7e-m/fpu\libc_s.a(lib_a-reent.o)
                              c:/program files (x86)/atollic/truestudio for arm 5.4.1/armtools/bin/../lib/gcc/arm-atollic-eabi/4.8.3/../../../../arm-atollic-eabi/lib/armv7e-m/fpu\libc_s.a(lib_a-syscalls.o) (errno)
c:/program files (x86)/atollic/truestudio for arm 5.4.1/armtools/bin/../lib/gcc/arm-atollic-eabi/4.8.3/../../../../arm-atollic-eabi/lib/armv7e-m/fpu\libc_s.a(lib_a-impure.o)
                              c:/program files (x86)/atollic/truestudio for arm 5.4.1/armtools/bin/../lib/gcc/arm-atollic-eabi/4.8.3/../../../../arm-atollic-eabi/lib/armv7e-m/fpu\libc_s.a(lib_a-reent.o) (_impure_ptr)
c:/program files (x86)/atollic/truestudio for arm 5.4.1/armtools/bin/../lib/gcc/arm-atollic-eabi/4.8.3/../../../../arm-atollic-eabi/lib/armv7e-m/fpu\libc_s.a(lib_a-nano-freer.o)
                              c:/program files (x86)/atollic/truestudio for arm 5.4.1/armtools/bin/../lib/gcc/arm-atollic-eabi/4.8.3/../../../../arm-atollic-eabi/lib/armv7e-m/fpu\libc_s.a(lib_a-reent.o) (_free_r)
c:/program files (x86)/atollic/truestudio for arm 5.4.1/armtools/bin/../lib/gcc/arm-atollic-eabi/4.8.3/../../../../arm-atollic-eabi/lib/armv7e-m/fpu\libc_s.a(lib_a-nano-mallocr.o)
                              c:/program files (x86)/atollic/truestudio for arm 5.4.1/armtools/bin/../lib/gcc/arm-atollic-eabi/4.8.3/../../../../arm-atollic-eabi/lib/armv7e-m/fpu\libc_s.a(lib_a-nano-freer.o) (__malloc_free_list)
c:/program files (x86)/atollic/truestudio for arm 5.4.1/armtools/bin/../lib/gcc/arm-atollic-eabi/4.8.3/../../../../arm-atollic-eabi/lib/armv7e-m/fpu\libc_s.a(lib_a-sbrkr.o)
                              c:/program files (x86)/atollic/truestudio for arm 5.4.1/armtools/bin/../lib/gcc/arm-atollic-eabi/4.8.3/../../../../arm-atollic-eabi/lib/armv7e-m/fpu\libc_s.a(lib_a-nano-mallocr.o) (_sbrk_r)
c:/program files (x86)/atollic/truestudio for arm 5.4.1/armtools/bin/../lib/gcc/arm-atollic-eabi/4.8.3/../../../../arm-atollic-eabi/lib/armv7e-m/fpu\libstdc++_s.a(pure.o)
                              src\own_libraries\NRF_REGISTER_MAP.o (__cxa_pure_virtual)
c:/program files (x86)/atollic/truestudio for arm 5.4.1/armtools/bin/../lib/gcc/arm-atollic-eabi/4.8.3/../../../../arm-atollic-eabi/lib/armv7e-m/fpu\libstdc++_s.a(eh_terminate.o)
                              c:/program files (x86)/atollic/truestudio for arm 5.4.1/armtools/bin/../lib/gcc/arm-atollic-eabi/4.8.3/../../../../arm-atollic-eabi/lib/armv7e-m/fpu\libstdc++_s.a(pure.o) (std::terminate())
c:/program files (x86)/atollic/truestudio for arm 5.4.1/armtools/bin/../lib/gcc/arm-atollic-eabi/4.8.3/../../../../arm-atollic-eabi/lib/armv7e-m/fpu\libstdc++_s.a(eh_term_handler.o)
                              c:/program files (x86)/atollic/truestudio for arm 5.4.1/armtools/bin/../lib/gcc/arm-atollic-eabi/4.8.3/../../../../arm-atollic-eabi/lib/armv7e-m/fpu\libstdc++_s.a(eh_terminate.o) (__cxxabiv1::__terminate_handler)
c:/program files (x86)/atollic/truestudio for arm 5.4.1/armtools/bin/../lib/gcc/arm-atollic-eabi/4.8.3/../../../../arm-atollic-eabi/lib/armv7e-m/fpu\libstdc++_s.a(vterminate.o)
                              c:/program files (x86)/atollic/truestudio for arm 5.4.1/armtools/bin/../lib/gcc/arm-atollic-eabi/4.8.3/../../../../arm-atollic-eabi/lib/armv7e-m/fpu\libstdc++_s.a(eh_term_handler.o) (__gnu_cxx::__verbose_terminate_handler())
c:/program files (x86)/atollic/truestudio for arm 5.4.1/armtools/bin/../lib/gcc/arm-atollic-eabi/4.8.3/../../../../arm-atollic-eabi/lib/armv7e-m/fpu\libstdc++_s.a(eh_unex_handler.o)
                              c:/program files (x86)/atollic/truestudio for arm 5.4.1/armtools/bin/../lib/gcc/arm-atollic-eabi/4.8.3/../../../../arm-atollic-eabi/lib/armv7e-m/fpu\libstdc++_s.a(eh_terminate.o) (__cxxabiv1::__unexpected_handler)
c:/program files (x86)/atollic/truestudio for arm 5.4.1/armtools/bin/../lib/gcc/arm-atollic-eabi/4.8.3/../../../../arm-atollic-eabi/lib/armv7e-m/fpu\libstdc++_s.a(eh_type.o)
[...]
Memory Configuration

Name             Origin             Length             Attributes
FLASH            0x08000000         0x00100000         xr
RAM              0x20000000         0x00020000         xrw
MEMORY_B1        0x60000000         0x00000000         xr
CCMRAM           0x10000000         0x00010000         rw
*default*        0x00000000         0xffffffff

Linker script and memory map

LOAD c:/program files (x86)/atollic/truestudio for arm 5.4.1/armtools/bin/../lib/gcc/arm-atollic-eabi/4.8.3/armv7e-m/fpu/crti.o
LOAD c:/program files (x86)/atollic/truestudio for arm 5.4.1/armtools/bin/../lib/gcc/arm-atollic-eabi/4.8.3/armv7e-m/fpu/crtbegin.o
LOAD src\tiny_printf.o
LOAD src\system_stm32f4xx.o
LOAD src\stm32f4xx_it.o
LOAD src\startup_stm32f40xx.o
LOAD src\own_libraries\SPI_interface.o
LOAD src\own_libraries\REGISTER.o
LOAD src\own_libraries\NRF_REGISTER_MAP.o
LOAD src\own_libraries\NRF24.o
LOAD src\own_libraries\CONFIG.o
LOAD src\main.o
LOAD Utilities\STM32F4-Discovery\stm32f4_discovery_lis302dl.o
LOAD Utilities\STM32F4-Discovery\stm32f4_discovery_audio_codec.o
LOAD Utilities\STM32F4-Discovery\stm32f4_discovery.o
LOAD Libraries\usb_lib\otg\usb_dcd_int.o
LOAD Libraries\usb_lib\otg\usb_dcd.o
LOAD Libraries\usb_lib\otg\usb_core.o
LOAD Libraries\usb_lib\core\usbd_req.o
LOAD Libraries\usb_lib\core\usbd_ioreq.o
LOAD Libraries\usb_lib\core\usbd_core.o
LOAD Libraries\usb_lib\cdc\usbd_cdc_vcp.o
LOAD Libraries\usb_lib\cdc\usbd_cdc_core.o
LOAD Libraries\usb_conf\usbd_usr.o
LOAD Libraries\usb_conf\usbd_desc.o
LOAD Libraries\usb_conf\usb_bsp.o
LOAD Libraries\STM32F4xx_StdPeriph_Driver\src\stm32f4xx_wwdg.o
LOAD Libraries\STM32F4xx_StdPeriph_Driver\src\stm32f4xx_usart.o
LOAD Libraries\STM32F4xx_StdPeriph_Driver\src\stm32f4xx_tim.o
LOAD Libraries\STM32F4xx_StdPeriph_Driver\src\stm32f4xx_syscfg.o
LOAD Libraries\STM32F4xx_StdPeriph_Driver\src\stm32f4xx_spi.o
LOAD Libraries\STM32F4xx_StdPeriph_Driver\src\stm32f4xx_sdio.o
LOAD Libraries\STM32F4xx_StdPeriph_Driver\src\stm32f4xx_rtc.o
LOAD Libraries\STM32F4xx_StdPeriph_Driver\src\stm32f4xx_rng.o
LOAD Libraries\STM32F4xx_StdPeriph_Driver\src\stm32f4xx_rcc.o
LOAD Libraries\STM32F4xx_StdPeriph_Driver\src\stm32f4xx_pwr.o
LOAD Libraries\STM32F4xx_StdPeriph_Driver\src\stm32f4xx_iwdg.o
LOAD Libraries\STM32F4xx_StdPeriph_Driver\src\stm32f4xx_i2c.o
LOAD Libraries\STM32F4xx_StdPeriph_Driver\src\stm32f4xx_hash_sha1.o
LOAD Libraries\STM32F4xx_StdPeriph_Driver\src\stm32f4xx_hash_md5.o
LOAD Libraries\STM32F4xx_StdPeriph_Driver\src\stm32f4xx_hash.o
LOAD Libraries\STM32F4xx_StdPeriph_Driver\src\stm32f4xx_gpio.o
LOAD Libraries\STM32F4xx_StdPeriph_Driver\src\stm32f4xx_fsmc.o
LOAD Libraries\STM32F4xx_StdPeriph_Driver\src\stm32f4xx_flash.o
LOAD Libraries\STM32F4xx_StdPeriph_Driver\src\stm32f4xx_exti.o
LOAD Libraries\STM32F4xx_StdPeriph_Driver\src\stm32f4xx_dma.o
LOAD Libraries\STM32F4xx_StdPeriph_Driver\src\stm32f4xx_dcmi.o
LOAD Libraries\STM32F4xx_StdPeriph_Driver\src\stm32f4xx_dbgmcu.o
LOAD Libraries\STM32F4xx_StdPeriph_Driver\src\stm32f4xx_dac.o
LOAD Libraries\STM32F4xx_StdPeriph_Driver\src\stm32f4xx_cryp_tdes.o
LOAD Libraries\STM32F4xx_StdPeriph_Driver\src\stm32f4xx_cryp_des.o
LOAD Libraries\STM32F4xx_StdPeriph_Driver\src\stm32f4xx_cryp_aes.o
LOAD Libraries\STM32F4xx_StdPeriph_Driver\src\stm32f4xx_cryp.o
LOAD Libraries\STM32F4xx_StdPeriph_Driver\src\stm32f4xx_crc.o
LOAD Libraries\STM32F4xx_StdPeriph_Driver\src\stm32f4xx_can.o
LOAD Libraries\STM32F4xx_StdPeriph_Driver\src\stm32f4xx_adc.o
LOAD Libraries\STM32F4xx_StdPeriph_Driver\src\misc.o
START GROUP
LOAD c:/program files (x86)/atollic/truestudio for arm 5.4.1/armtools/bin/../lib/gcc/arm-atollic-eabi/4.8.3/../../../../arm-atollic-eabi/lib/armv7e-m/fpu\libc_s.a
LOAD c:/program files (x86)/atollic/truestudio for arm 5.4.1/armtools/bin/../lib/gcc/arm-atollic-eabi/4.8.3/../../../../arm-atollic-eabi/lib/armv7e-m/fpu\libstdc++_s.a
LOAD c:/program files (x86)/atollic/truestudio for arm 5.4.1/armtools/bin/../lib/gcc/arm-atollic-eabi/4.8.3/../../../../arm-atollic-eabi/lib/armv7e-m/fpu\libsupc++_s.a
END GROUP
                0x00001000                malloc_getpagesize_P = 0x1000
LOAD c:/program files (x86)/atollic/truestudio for arm 5.4.1/armtools/bin/../lib/gcc/arm-atollic-eabi/4.8.3/../../../../arm-atollic-eabi/lib/armv7e-m/fpu\libstdc++.a
LOAD c:/program files (x86)/atollic/truestudio for arm 5.4.1/armtools/bin/../lib/gcc/arm-atollic-eabi/4.8.3/../../../../arm-atollic-eabi/lib/armv7e-m/fpu\libm.a
START GROUP
LOAD c:/program files (x86)/atollic/truestudio for arm 5.4.1/armtools/bin/../lib/gcc/arm-atollic-eabi/4.8.3/armv7e-m/fpu\libgcc.a
LOAD c:/program files (x86)/atollic/truestudio for arm 5.4.1/armtools/bin/../lib/gcc/arm-atollic-eabi/4.8.3/../../../../arm-atollic-eabi/lib/armv7e-m/fpu\libc.a
END GROUP
LOAD c:/program files (x86)/atollic/truestudio for arm 5.4.1/armtools/bin/../lib/gcc/arm-atollic-eabi/4.8.3/armv7e-m/fpu/crtend.o
LOAD c:/program files (x86)/atollic/truestudio for arm 5.4.1/armtools/bin/../lib/gcc/arm-atollic-eabi/4.8.3/armv7e-m/fpu/crtn.o
                0x20020000                _estack = 0x20020000
                0x00000000                _Min_Heap_Size = 0x0
                0x00000400                _Min_Stack_Size = 0x400

.isr_vector     0x08000000      0x188
                0x08000000                . = ALIGN (0x4)
 *(.isr_vector)
 .isr_vector    0x08000000      0x188 src\startup_stm32f40xx.o
                0x08000000                g_pfnVectors
                0x08000188                . = ALIGN (0x4)

.text           0x08000188     0xb9a0
                0x08000188                . = ALIGN (0x4)
 *(.text)
 .text          0x08000188       0x40 c:/program files (x86)/atollic/truestudio for arm 5.4.1/armtools/bin/../lib/gcc/arm-atollic-eabi/4.8.3/armv7e-m/fpu/crtbegin.o
 .text          0x080001c8     0x5784 c:/program files (x86)/atollic/truestudio for arm 5.4.1/armtools/bin/../lib/gcc/arm-atollic-eabi/4.8.3/../../../../arm-atollic-eabi/lib/armv7e-m/fpu\libstdc++_s.a(cp-demangle.o)
                0x0800586c                __cxa_demangle
                0x08005930                __gcclibcxx_demangle_callback
 .text          0x0800594c       0x14 c:/program files (x86)/atollic/truestudio for arm 5.4.1/armtools/bin/../lib/gcc/arm-atollic-eabi/4.8.3/../../../../arm-atollic-eabi/lib/armv7e-m/fpu\libc_s.a(lib_a-strcmp.o)
                0x0800594c                strcmp
 *(.text*)
 .text.ts_itoa  0x08005960       0x90 src\tiny_printf.o
                0x08005960                ts_itoa
 .text.ts_formatstring
                0x080059f0      0x134 src\tiny_printf.o
                0x080059f0                ts_formatstring
 .text.siprintf
                0x08005b24       0x2c src\tiny_printf.o
                0x08005b24                siprintf
                0x08005b24                sprintf
 .text.fputs    0x08005b50       0x68 src\tiny_printf.o
                0x08005b50                fputs
 .text.SystemInit
                0x08005bb8       0x68 src\system_stm32f4xx.o
                0x08005bb8                SystemInit
 .text.SetSysClock
                0x08005c20       0xf4 src\system_stm32f4xx.o
 .text.NMI_Handler
                0x08005d14        0xc src\stm32f4xx_it.o
                0x08005d14                NMI_Handler
 .text.HardFault_Handler
                0x08005d20        0x8 src\stm32f4xx_it.o
                0x08005d20                HardFault_Handler
 .text.MemManage_Handler
                0x08005d28        0x8 src\stm32f4xx_it.o
                0x08005d28                MemManage_Handler
 .text.BusFault_Handler
                0x08005d30        0x8 src\stm32f4xx_it.o
                0x08005d30                BusFault_Handler
 .text.UsageFault_Handler
                0x08005d38        0x8 src\stm32f4xx_it.o
                0x08005d38                UsageFault_Handler
 .text.SVC_Handler
                0x08005d40        0xc src\stm32f4xx_it.o
                0x08005d40                SVC_Handler
 .text.DebugMon_Handler
                0x08005d4c        0xc src\stm32f4xx_it.o
                0x08005d4c                DebugMon_Handler
 .text.PendSV_Handler
                0x08005d58        0xc src\stm32f4xx_it.o
                0x08005d58                PendSV_Handler
 .text.Reset_Handler
                0x08005d64       0x58 src\startup_stm32f40xx.o
                0x08005d64                Reset_Handler
 .text.Default_Handler
                0x08005dbc        0x4 src\startup_stm32f40xx.o
                0x08005dbc                RTC_Alarm_IRQHandler
                0x08005dbc                HASH_RNG_IRQHandler
                0x08005dbc                EXTI2_IRQHandler
                0x08005dbc                TIM8_CC_IRQHandler
                0x08005dbc                TIM1_CC_IRQHandler
                0x08005dbc                DMA2_Stream5_IRQHandler
                0x08005dbc                DMA1_Stream5_IRQHandler
                0x08005dbc                PVD_IRQHandler
                0x08005dbc                SDIO_IRQHandler
                0x08005dbc                TAMP_STAMP_IRQHandler
                0x08005dbc                CAN2_RX1_IRQHandler
                0x08005dbc                EXTI3_IRQHandler
                0x08005dbc                TIM8_TRG_COM_TIM14_IRQHandler
                0x08005dbc                TIM1_UP_TIM10_IRQHandler
                0x08005dbc                TIM8_UP_TIM13_IRQHandler
                0x08005dbc                I2C3_ER_IRQHandler
                0x08005dbc                EXTI0_IRQHandler
                0x08005dbc                I2C2_EV_IRQHandler
                0x08005dbc                DMA1_Stream2_IRQHandler
                0x08005dbc                CAN1_RX0_IRQHandler
                0x08005dbc                FPU_IRQHandler
                0x08005dbc                OTG_HS_WKUP_IRQHandler
                0x08005dbc                CAN2_SCE_IRQHandler
                0x08005dbc                DMA2_Stream2_IRQHandler
                0x08005dbc                SPI1_IRQHandler
                0x08005dbc                TIM6_DAC_IRQHandler
                0x08005dbc                TIM1_BRK_TIM9_IRQHandler
                0x08005dbc                DCMI_IRQHandler
                0x08005dbc                CAN2_RX0_IRQHandler
                0x08005dbc                DMA2_Stream3_IRQHandler
                0x08005dbc                USART6_IRQHandler
                0x08005dbc                USART3_IRQHandler
                0x08005dbc                CRYP_IRQHandler
                0x08005dbc                CAN1_RX1_IRQHandler
                0x08005dbc                UART5_IRQHandler
                0x08005dbc                DMA2_Stream0_IRQHandler
                0x08005dbc                TIM4_IRQHandler
                0x08005dbc                I2C1_EV_IRQHandler
                0x08005dbc                DMA1_Stream6_IRQHandler
                0x08005dbc                DMA1_Stream1_IRQHandler
                0x08005dbc                UART4_IRQHandler
                0x08005dbc                TIM3_IRQHandler
                0x08005dbc                RCC_IRQHandler
                0x08005dbc                TIM8_BRK_TIM12_IRQHandler
                0x08005dbc                Default_Handler
                0x08005dbc                EXTI15_10_IRQHandler
                0x08005dbc                ADC_IRQHandler
                0x08005dbc                TIM7_IRQHandler
                0x08005dbc                CAN2_TX_IRQHandler
                0x08005dbc                TIM5_IRQHandler
                0x08005dbc                DMA2_Stream7_IRQHandler
                0x08005dbc                I2C3_EV_IRQHandler
                0x08005dbc                EXTI9_5_IRQHandler
                0x08005dbc                RTC_WKUP_IRQHandler
                0x08005dbc                ETH_WKUP_IRQHandler
                0x08005dbc                SPI2_IRQHandler
                0x08005dbc                OTG_HS_EP1_IN_IRQHandler
                0x08005dbc                CAN1_TX_IRQHandler
                0x08005dbc                EXTI4_IRQHandler
                0x08005dbc                FSMC_IRQHandler
                0x08005dbc                ETH_IRQHandler
                0x08005dbc                OTG_HS_EP1_OUT_IRQHandler
                0x08005dbc                WWDG_IRQHandler
                0x08005dbc                TIM2_IRQHandler
                0x08005dbc                TIM1_TRG_COM_TIM11_IRQHandler
                0x08005dbc                OTG_HS_IRQHandler
                0x08005dbc                EXTI1_IRQHandler
                0x08005dbc                USART2_IRQHandler
                0x08005dbc                I2C2_ER_IRQHandler
                0x08005dbc                DMA2_Stream1_IRQHandler
                0x08005dbc                CAN1_SCE_IRQHandler
                0x08005dbc                FLASH_IRQHandler
                0x08005dbc                DMA2_Stream4_IRQHandler
                0x08005dbc                USART1_IRQHandler
                0x08005dbc                DMA1_Stream4_IRQHandler
                0x08005dbc                I2C1_ER_IRQHandler
                0x08005dbc                DMA2_Stream6_IRQHandler
                0x08005dbc                DMA1_Stream3_IRQHandler
 .text._ZN3SPIC2EP11SPI_TypeDefP12GPIO_TypeDeft
                0x08005dc0       0xc0 src\own_libraries\SPI_interface.o
                0x08005dc0                SPI::SPI(SPI_TypeDef*, GPIO_TypeDef*, unsigned short)
                0x08005dc0                SPI::SPI(SPI_TypeDef*, GPIO_TypeDef*, unsigned short)
 .text._ZN3SPI9ASSERT_CSEi
                0x08005e80       0x40 src\own_libraries\SPI_interface.o
                0x08005e80                SPI::ASSERT_CS(int)
 .text._ZN3SPI3CMDEhhPhS0_
                0x08005ec0      0x178 src\own_libraries\SPI_interface.o
                0x08005ec0                SPI::CMD(unsigned char, unsigned char, unsigned char*, unsigned char*)
 .text._ZN3SPI10W_REGISTEREhhPh
                0x08006038       0x48 src\own_libraries\SPI_interface.o
                0x08006038                SPI::W_REGISTER(unsigned char, unsigned char, unsigned char*)
 .text._ZN3SPI10R_REGISTEREhhPh
                0x08006080       0x3c src\own_libraries\SPI_interface.o
                0x08006080                SPI::R_REGISTER(unsigned char, unsigned char, unsigned char*)
 .text._ZN3SPI12W_TX_PAYLOADEPhh
                0x080060bc       0x30 src\own_libraries\SPI_interface.o
                0x080060bc                SPI::W_TX_PAYLOAD(unsigned char*, unsigned char)
 .text._ZN8REGISTERC2Ev
                0x080060ec       0x40 src\own_libraries\REGISTER.o
                0x080060ec                REGISTER::REGISTER()
                0x080060ec                REGISTER::REGISTER()
 .text._ZN8REGISTER8set_sizeEh
                0x0800612c       0x1c src\own_libraries\REGISTER.o
                0x0800612c                REGISTER::set_size(unsigned char)
 .text._ZN8REGISTER8get_sizeEv
                0x08006148       0x18 src\own_libraries\REGISTER.o
                0x08006148                REGISTER::get_size()
 .text._ZN8REGISTER11set_addressEh
                0x08006160       0x1c src\own_libraries\REGISTER.o
                0x08006160                REGISTER::set_address(unsigned char)
 .text._ZN8REGISTER11get_addressEv
                0x0800617c       0x18 src\own_libraries\REGISTER.o
                0x0800617c                REGISTER::get_address()
 .text._ZN16NRF_REGISTER_MAP7REFRESHEv
                0x08006194       0x60 src\own_libraries\NRF_REGISTER_MAP.o
                0x08006194                NRF_REGISTER_MAP::REFRESH()
 .text._ZN16NRF_REGISTER_MAPC2Ev
                0x080061f4      0x320 src\own_libraries\NRF_REGISTER_MAP.o
                0x080061f4                NRF_REGISTER_MAP::NRF_REGISTER_MAP()
                0x080061f4                NRF_REGISTER_MAP::NRF_REGISTER_MAP()
 .text._ZN3NRF10W_REGISTEREhhPh
                0x08006514       0x34 src\own_libraries\NRF24.o
                0x08006514                NRF::W_REGISTER(unsigned char, unsigned char, unsigned char*)
 .text._ZN3NRF10R_REGISTEREhhPh
                0x08006548       0x34 src\own_libraries\NRF24.o
                0x08006548                NRF::R_REGISTER(unsigned char, unsigned char, unsigned char*)
 .text._ZN3NRFC2EP12GPIO_TypeDeftP11SPI_TypeDefS1_tS1_tS1_tS1_t
                0x0800657c      0x148 src\own_libraries\NRF24.o
                0x0800657c                NRF::NRF(GPIO_TypeDef*, unsigned short, SPI_TypeDef*, GPIO_TypeDef*, unsigned short, GPIO_TypeDef*, unsigned short, GPIO_TypeDef*, unsigned short, GPIO_TypeDef*, unsigned short)
                0x0800657c                NRF::NRF(GPIO_TypeDef*, unsigned short, SPI_TypeDef*, GPIO_TypeDef*, unsigned short, GPIO_TypeDef*, unsigned short, GPIO_TypeDef*, unsigned short, GPIO_TypeDef*, unsigned short)
 .text._ZN3NRF9ASSERT_CEEi
                0x080066c4       0x48 src\own_libraries\NRF24.o
                0x080066c4                NRF::ASSERT_CE(int)
 .text._ZN3NRF5beginEv
                0x0800670c       0x9c src\own_libraries\NRF24.o
                0x0800670c                NRF::begin()
 .text._ZN3NRF12stdbyI_to_TXEh
                0x080067a8       0x5c src\own_libraries\NRF24.o
                0x080067a8                NRF::stdbyI_to_TX(unsigned char)
 .text._ZN3NRF11EN_AA_setupEh
                0x08006804       0x30 src\own_libraries\NRF24.o
                0x08006804                NRF::EN_AA_setup(unsigned char)
 .text._ZN3NRF15EN_RXADDR_setupEh
                0x08006834       0x30 src\own_libraries\NRF24.o
                0x08006834                NRF::EN_RXADDR_setup(unsigned char)
 .text._ZN3NRF14SETUP_AW_setupEh
                0x08006864       0x30 src\own_libraries\NRF24.o
                0x08006864                NRF::SETUP_AW_setup(unsigned char)
 .text._ZN3NRF16SETUP_RETR_setupEh
                0x08006894       0x30 src\own_libraries\NRF24.o
                0x08006894                NRF::SETUP_RETR_setup(unsigned char)
 .text._ZN3NRF11RF_CH_setupEh
                0x080068c4       0x30 src\own_libraries\NRF24.o
                0x080068c4                NRF::RF_CH_setup(unsigned char)
 .text._ZN3NRF14RF_SETUP_setupEh
                0x080068f4       0x30 src\own_libraries\NRF24.o
                0x080068f4                NRF::RF_SETUP_setup(unsigned char)
 .text._ZN3NRF16RX_ADDR_Px_setupEhPh
                0x08006924       0x54 src\own_libraries\NRF24.o
                0x08006924                NRF::RX_ADDR_Px_setup(unsigned char, unsigned char*)
 .text._ZN3NRF16RX_ADDR_P0_setupEPh
                0x08006978       0x5c src\own_libraries\NRF24.o
                0x08006978                NRF::RX_ADDR_P0_setup(unsigned char*)
 .text._ZN3NRF16RX_ADDR_P1_setupEPh
                0x080069d4       0x5c src\own_libraries\NRF24.o
                0x080069d4                NRF::RX_ADDR_P1_setup(unsigned char*)
 .text._ZN3NRF14RX_PW_Px_setupEhh
                0x08006a30       0x3c src\own_libraries\NRF24.o
                0x08006a30                NRF::RX_PW_Px_setup(unsigned char, unsigned char)
 .text._ZN3NRF11TRANSMITTEDEv
                0x08006a6c       0x6c src\own_libraries\NRF24.o
                0x08006a6c                NRF::TRANSMITTED()
 .text._ZN3NRF4SENDEPhh
                0x08006ad8       0x4c src\own_libraries\NRF24.o
                0x08006ad8                NRF::SEND(unsigned char*, unsigned char)
 .text._ZN3NRF12TX_configureEv
                0x08006b24       0x4c src\own_libraries\NRF24.o
                0x08006b24                NRF::TX_configure()
 .text._ZN3NRF12TX_configureEP13config_Struct
                0x08006b70       0xe0 src\own_libraries\NRF24.o
                0x08006b70                NRF::TX_configure(config_Struct*)
 .text._Z21TimingDelay_Decrementv
                0x08006c50       0x2c src\own_libraries\CONFIG.o
                0x08006c50                TimingDelay_Decrement()
 .text.SysTick_Handler
                0x08006c7c        0xc src\own_libraries\CONFIG.o
                0x08006c7c                SysTick_Handler
 .text._Z8Delay_msm
                0x08006c88       0x30 src\own_libraries\CONFIG.o
                0x08006c88                Delay_ms(unsigned long)
 .text._Z14GPIO_Clock_CmdP12GPIO_TypeDef15FunctionalState
                0x08006cb8      0x13c src\own_libraries\CONFIG.o
                0x08006cb8                GPIO_Clock_Cmd(GPIO_TypeDef*, FunctionalState)
 .text._Z13SPI_Clock_CmdP11SPI_TypeDef15FunctionalState
                0x08006df4       0xe8 src\own_libraries\CONFIG.o
                0x08006df4                SPI_Clock_Cmd(SPI_TypeDef*, FunctionalState)
 .text._Z14GPIO_PinSourcet
                0x08006edc       0xd4 src\own_libraries\CONFIG.o
                0x08006edc                GPIO_PinSource(unsigned short)
 .text._Z12GPIO_AF_SPIxP11SPI_TypeDef
                0x08006fb0       0xa8 src\own_libraries\CONFIG.o
                0x08006fb0                GPIO_AF_SPIx(SPI_TypeDef*)
 .text.NVIC_SetPriority
                0x08007058       0x54 src\main.o
 .text.SysTick_Config
                0x080070ac       0x44 src\main.o
 .text.main     0x080070f0       0xd0 src\main.o
                0x080070f0                main
 .text._Z16USB_get_and_sendP3NRF
                0x080071c0       0xcc src\main.o
                0x080071c0                USB_get_and_send(NRF*)
 .text.OTG_FS_IRQHandler
                0x0800728c       0x10 src\main.o
                0x0800728c                OTG_FS_IRQHandler
 .text.OTG_FS_WKUP_IRQHandler
                0x0800729c       0x34 src\main.o
                0x0800729c                OTG_FS_WKUP_IRQHandler
 .text.EVAL_AUDIO_TransferComplete_CallBack
                0x080072d0       0x18 src\main.o
                0x080072d0                EVAL_AUDIO_TransferComplete_CallBack
 .text.EVAL_AUDIO_GetSampleCallBack
                0x080072e8       0x14 src\main.o
                0x080072e8                EVAL_AUDIO_GetSampleCallBack
 .text.Audio_MAL_IRQHandler
                0x080072fc       0xf8 Utilities\STM32F4-Discovery\stm32f4_discovery_audio_codec.o
 .text.DMA1_Stream7_IRQHandler
                0x080073f4        0xc Utilities\STM32F4-Discovery\stm32f4_discovery_audio_codec.o
                0x080073f4                DMA1_Stream7_IRQHandler
 .text.DMA1_Stream0_IRQHandler
                0x08007400        0xc Utilities\STM32F4-Discovery\stm32f4_discovery_audio_codec.o
                0x08007400                DMA1_Stream0_IRQHandler
 .text.SPI3_IRQHandler
                0x0800740c       0x40 Utilities\STM32F4-Discovery\stm32f4_discovery_audio_codec.o
                0x0800740c                SPI3_IRQHandler
 .text.STM_EVAL_LEDInit
                0x0800744c       0x5c Utilities\STM32F4-Discovery\stm32f4_discovery.o
                0x0800744c                STM_EVAL_LEDInit
 .text.STM_EVAL_LEDToggle
                0x080074a8       0x3c Utilities\STM32F4-Discovery\stm32f4_discovery.o
                0x080074a8                STM_EVAL_LEDToggle
 .text.USBD_OTG_ISR_Handler
                0x080074e4      0x15c Libraries\usb_lib\otg\usb_dcd_int.o
                0x080074e4                USBD_OTG_ISR_Handler
 .text.DCD_HandleResume_ISR
                0x08007640       0x80 Libraries\usb_lib\otg\usb_dcd_int.o
 .text.DCD_HandleUSBSuspend_ISR
                0x080076c0       0x9c Libraries\usb_lib\otg\usb_dcd_int.o
 .text.DCD_HandleInEP_ISR
                0x0800775c      0x1ec Libraries\usb_lib\otg\usb_dcd_int.o
 .text.DCD_HandleOutEP_ISR
                0x08007948      0x178 Libraries\usb_lib\otg\usb_dcd_int.o
 .text.DCD_HandleSof_ISR
                0x08007ac0       0x34 Libraries\usb_lib\otg\usb_dcd_int.o
 .text.DCD_HandleRxStatusQueueLevel_ISR
                0x08007af4      0x104 Libraries\usb_lib\otg\usb_dcd_int.o
 .text.DCD_WriteEmptyTxFifo
                0x08007bf8       0xe4 Libraries\usb_lib\otg\usb_dcd_int.o
 .text.DCD_HandleUsbReset_ISR
                0x08007cdc      0x144 Libraries\usb_lib\otg\usb_dcd_int.o
 .text.DCD_HandleEnumDone_ISR
                0x08007e20       0x78 Libraries\usb_lib\otg\usb_dcd_int.o
 .text.DCD_IsoINIncomplete_ISR
                0x08007e98       0x34 Libraries\usb_lib\otg\usb_dcd_int.o
 .text.DCD_IsoOUTIncomplete_ISR
                0x08007ecc       0x34 Libraries\usb_lib\otg\usb_dcd_int.o
 .text.DCD_ReadDevInEP
                0x08007f00       0x50 Libraries\usb_lib\otg\usb_dcd_int.o
 .text.DCD_Init
                0x08007f50      0x100 Libraries\usb_lib\otg\usb_dcd.o
                0x08007f50                DCD_Init
 .text.DCD_EP_Open
                0x08008050       0x9c Libraries\usb_lib\otg\usb_dcd.o
                0x08008050                DCD_EP_Open
 .text.DCD_EP_Close
                0x080080ec       0x70 Libraries\usb_lib\otg\usb_dcd.o
                0x080080ec                DCD_EP_Close
 .text.DCD_EP_PrepareRx
                0x0800815c       0x80 Libraries\usb_lib\otg\usb_dcd.o
                0x0800815c                DCD_EP_PrepareRx
 .text.DCD_EP_Tx
                0x080081dc       0x78 Libraries\usb_lib\otg\usb_dcd.o
                0x080081dc                DCD_EP_Tx
 .text.DCD_EP_Stall
                0x08008254       0x74 Libraries\usb_lib\otg\usb_dcd.o
                0x08008254                DCD_EP_Stall
 .text.DCD_EP_ClrStall
                0x080082c8       0x74 Libraries\usb_lib\otg\usb_dcd.o
                0x080082c8                DCD_EP_ClrStall
 .text.DCD_EP_SetAddress
                0x0800833c       0x3c Libraries\usb_lib\otg\usb_dcd.o
                0x0800833c                DCD_EP_SetAddress
 .text.USB_OTG_EnableCommonInt
                0x08008378       0x44 Libraries\usb_lib\otg\usb_core.o
 .text.USB_OTG_CoreReset
                0x080083bc       0x8c Libraries\usb_lib\otg\usb_core.o
 .text.USB_OTG_WritePacket
                0x08008448       0x70 Libraries\usb_lib\otg\usb_core.o
                0x08008448                USB_OTG_WritePacket
 .text.USB_OTG_ReadPacket
                0x080084b8       0x58 Libraries\usb_lib\otg\usb_core.o
                0x080084b8                USB_OTG_ReadPacket
 .text.USB_OTG_SelectCore
                0x08008510      0x174 Libraries\usb_lib\otg\usb_core.o
                0x08008510                USB_OTG_SelectCore
 .text.USB_OTG_CoreInit
                0x08008684      0x1dc Libraries\usb_lib\otg\usb_core.o
                0x08008684                USB_OTG_CoreInit
 .text.USB_OTG_EnableGlobalInt
                0x08008860       0x38 Libraries\usb_lib\otg\usb_core.o
                0x08008860                USB_OTG_EnableGlobalInt
 .text.USB_OTG_DisableGlobalInt
                0x08008898       0x38 Libraries\usb_lib\otg\usb_core.o
                0x08008898                USB_OTG_DisableGlobalInt
 .text.USB_OTG_FlushTxFifo
                0x080088d0       0x74 Libraries\usb_lib\otg\usb_core.o
                0x080088d0                USB_OTG_FlushTxFifo
 .text.USB_OTG_FlushRxFifo
                0x08008944       0x60 Libraries\usb_lib\otg\usb_core.o
                0x08008944                USB_OTG_FlushRxFifo
 .text.USB_OTG_SetCurrentMode
                0x080089a4       0x60 Libraries\usb_lib\otg\usb_core.o
                0x080089a4                USB_OTG_SetCurrentMode
 .text.USB_OTG_GetMode
                0x08008a04       0x20 Libraries\usb_lib\otg\usb_core.o
                0x08008a04                USB_OTG_GetMode
 .text.USB_OTG_IsDeviceMode
                0x08008a24       0x24 Libraries\usb_lib\otg\usb_core.o
                0x08008a24                USB_OTG_IsDeviceMode
 .text.USB_OTG_ReadCoreItr
                0x08008a48       0x30 Libraries\usb_lib\otg\usb_core.o
                0x08008a48                USB_OTG_ReadCoreItr
 .text.USB_OTG_InitDevSpeed
                0x08008a78       0x38 Libraries\usb_lib\otg\usb_core.o
                0x08008a78                USB_OTG_InitDevSpeed
 .text.USB_OTG_CoreInitDev
                0x08008ab0      0x27c Libraries\usb_lib\otg\usb_core.o
                0x08008ab0                USB_OTG_CoreInitDev
 .text.USB_OTG_EnableDevInt
                0x08008d2c       0x98 Libraries\usb_lib\otg\usb_core.o
                0x08008d2c                USB_OTG_EnableDevInt
 .text.USB_OTG_GetDeviceSpeed
                0x08008dc4       0x48 Libraries\usb_lib\otg\usb_core.o
                0x08008dc4                USB_OTG_GetDeviceSpeed
 .text.USB_OTG_EP0Activate
                0x08008e0c       0x78 Libraries\usb_lib\otg\usb_core.o
                0x08008e0c                USB_OTG_EP0Activate
 .text.USB_OTG_EPActivate
                0x08008e84       0xdc Libraries\usb_lib\otg\usb_core.o
                0x08008e84                USB_OTG_EPActivate
 .text.USB_OTG_EPDeactivate
                0x08008f60       0x8c Libraries\usb_lib\otg\usb_core.o
                0x08008f60                USB_OTG_EPDeactivate
 .text.USB_OTG_EPStartXfer
                0x08008fec      0x280 Libraries\usb_lib\otg\usb_core.o
                0x08008fec                USB_OTG_EPStartXfer
 .text.USB_OTG_EP0StartXfer
                0x0800926c      0x1d4 Libraries\usb_lib\otg\usb_core.o
                0x0800926c                USB_OTG_EP0StartXfer
 .text.USB_OTG_EPSetStall
                0x08009440       0x88 Libraries\usb_lib\otg\usb_core.o
                0x08009440                USB_OTG_EPSetStall
 .text.USB_OTG_EPClearStall
                0x080094c8       0x78 Libraries\usb_lib\otg\usb_core.o
                0x080094c8                USB_OTG_EPClearStall
 .text.USB_OTG_ReadDevAllOutEp_itr
                0x08009540       0x2c Libraries\usb_lib\otg\usb_core.o
                0x08009540                USB_OTG_ReadDevAllOutEp_itr
 .text.USB_OTG_ReadDevOutEP_itr
                0x0800956c       0x38 Libraries\usb_lib\otg\usb_core.o
                0x0800956c                USB_OTG_ReadDevOutEP_itr
 .text.USB_OTG_ReadDevAllInEPItr
                0x080095a4       0x2c Libraries\usb_lib\otg\usb_core.o
                0x080095a4                USB_OTG_ReadDevAllInEPItr
 .text.USB_OTG_EP0_OutStart
                0x080095d0       0x70 Libraries\usb_lib\otg\usb_core.o
                0x080095d0                USB_OTG_EP0_OutStart
 .text.USB_OTG_UngateClock
                0x08009640       0x54 Libraries\usb_lib\otg\usb_core.o
                0x08009640                USB_OTG_UngateClock
 .text.USBD_StdDevReq
                0x08009694       0xa0 Libraries\usb_lib\core\usbd_req.o
                0x08009694                USBD_StdDevReq
 .text.USBD_StdItfReq
                0x08009734       0x68 Libraries\usb_lib\core\usbd_req.o
                0x08009734                USBD_StdItfReq
 .text.USBD_StdEPReq
                0x0800979c      0x1b0 Libraries\usb_lib\core\usbd_req.o
                0x0800979c                USBD_StdEPReq
 .text.USBD_GetDescriptor
                0x0800994c      0x1b8 Libraries\usb_lib\core\usbd_req.o
 .text.USBD_SetAddress
                0x08009b04       0x7c Libraries\usb_lib\core\usbd_req.o
 .text.USBD_SetConfig
                0x08009b80       0xf4 Libraries\usb_lib\core\usbd_req.o
 .text.USBD_GetConfig
                0x08009c74       0x60 Libraries\usb_lib\core\usbd_req.o
 .text.USBD_GetStatus
                0x08009cd4       0x50 Libraries\usb_lib\core\usbd_req.o
 .text.USBD_SetFeature
                0x08009d24       0xcc Libraries\usb_lib\core\usbd_req.o
 .text.USBD_ClrFeature
                0x08009df0       0x50 Libraries\usb_lib\core\usbd_req.o
 .text.USBD_ParseSetupRequest
                0x08009e40       0x8c Libraries\usb_lib\core\usbd_req.o
                0x08009e40                USBD_ParseSetupRequest
 .text.USBD_CtlError
                0x08009ecc       0x48 Libraries\usb_lib\core\usbd_req.o
                0x08009ecc                USBD_CtlError
 .text.USBD_GetString
                0x08009f14       0x7c Libraries\usb_lib\core\usbd_req.o
                0x08009f14                USBD_GetString
 .text.USBD_GetLen
                0x08009f90       0x30 Libraries\usb_lib\core\usbd_req.o
 .text.USBD_CtlSendData
                0x08009fc0       0x40 Libraries\usb_lib\core\usbd_ioreq.o
                0x08009fc0                USBD_CtlSendData
 .text.USBD_CtlContinueSendData
                0x0800a000       0x28 Libraries\usb_lib\core\usbd_ioreq.o
                0x0800a000                USBD_CtlContinueSendData
 .text.USBD_CtlPrepareRx
                0x0800a028       0x40 Libraries\usb_lib\core\usbd_ioreq.o
                0x0800a028                USBD_CtlPrepareRx
 .text.USBD_CtlContinueRx
                0x0800a068       0x28 Libraries\usb_lib\core\usbd_ioreq.o
                0x0800a068                USBD_CtlContinueRx
 .text.USBD_CtlSendStatus
                0x0800a090       0x30 Libraries\usb_lib\core\usbd_ioreq.o
                0x0800a090                USBD_CtlSendStatus
 .text.USBD_CtlReceiveStatus
                0x0800a0c0       0x30 Libraries\usb_lib\core\usbd_ioreq.o
                0x0800a0c0                USBD_CtlReceiveStatus
 .text.USBD_Init
                0x0800a0f0       0x54 Libraries\usb_lib\core\usbd_core.o
                0x0800a0f0                USBD_Init
 .text.USBD_DeInit
                0x0800a144       0x18 Libraries\usb_lib\core\usbd_core.o
                0x0800a144                USBD_DeInit
 .text.USBD_SetupStage
                0x0800a15c       0x6c Libraries\usb_lib\core\usbd_core.o
 .text.USBD_DataOutStage
                0x0800a1c8       0xd0 Libraries\usb_lib\core\usbd_core.o
 .text.USBD_DataInStage
                0x0800a298      0x104 Libraries\usb_lib\core\usbd_core.o
 .text.USBD_Reset
                0x0800a39c       0x44 Libraries\usb_lib\core\usbd_core.o
 .text.USBD_Resume
                0x0800a3e0       0x24 Libraries\usb_lib\core\usbd_core.o
 .text.USBD_Suspend
                0x0800a404       0x24 Libraries\usb_lib\core\usbd_core.o
 .text.USBD_SOF
                0x0800a428       0x2c Libraries\usb_lib\core\usbd_core.o
 .text.USBD_SetCfg
                0x0800a454       0x30 Libraries\usb_lib\core\usbd_core.o
                0x0800a454                USBD_SetCfg
 .text.USBD_ClrCfg
                0x0800a484       0x28 Libraries\usb_lib\core\usbd_core.o
                0x0800a484                USBD_ClrCfg
 .text.USBD_IsoINIncomplete
                0x0800a4ac       0x20 Libraries\usb_lib\core\usbd_core.o
 .text.USBD_IsoOUTIncomplete
                0x0800a4cc       0x20 Libraries\usb_lib\core\usbd_core.o
 .text.VCP_Init
                0x0800a4ec       0x10 Libraries\usb_lib\cdc\usbd_cdc_vcp.o
 .text.VCP_DeInit
                0x0800a4fc       0x10 Libraries\usb_lib\cdc\usbd_cdc_vcp.o
 .text.VCP_Ctrl
                0x0800a50c      0x110 Libraries\usb_lib\cdc\usbd_cdc_vcp.o
 .text.VCP_send_buffer
                0x0800a61c       0x1c Libraries\usb_lib\cdc\usbd_cdc_vcp.o
                0x0800a61c                VCP_send_buffer
 .text.VCP_DataTx
                0x0800a638       0x60 Libraries\usb_lib\cdc\usbd_cdc_vcp.o
 .text.VCP_DataRx
                0x0800a698       0x70 Libraries\usb_lib\cdc\usbd_cdc_vcp.o
 .text.VCP_get_char
                0x0800a708       0x58 Libraries\usb_lib\cdc\usbd_cdc_vcp.o
                0x0800a708                VCP_get_char
 .text.usbd_cdc_Init
                0x0800a760       0x88 Libraries\usb_lib\cdc\usbd_cdc_core.o
 .text.usbd_cdc_DeInit
                0x0800a7e8       0x38 Libraries\usb_lib\cdc\usbd_cdc_core.o
 .text.usbd_cdc_Setup
                0x0800a820      0x120 Libraries\usb_lib\cdc\usbd_cdc_core.o
 .text.usbd_cdc_EP0_RxReady
                0x0800a940       0x44 Libraries\usb_lib\cdc\usbd_cdc_core.o
 .text.usbd_cdc_DataIn
                0x0800a984       0xc0 Libraries\usb_lib\cdc\usbd_cdc_core.o
 .text.usbd_cdc_DataOut
                0x0800aa44       0x54 Libraries\usb_lib\cdc\usbd_cdc_core.o
 .text.usbd_cdc_SOF
                0x0800aa98       0x30 Libraries\usb_lib\cdc\usbd_cdc_core.o
 .text.Handle_USBAsynchXfer
                0x0800aac8      0x100 Libraries\usb_lib\cdc\usbd_cdc_core.o
 .text.USBD_cdc_GetCfgDesc
                0x0800abc8       0x24 Libraries\usb_lib\cdc\usbd_cdc_core.o
 .text.USBD_USR_Init
                0x0800abec        0xc Libraries\usb_conf\usbd_usr.o
                0x0800abec                USBD_USR_Init
 .text.USBD_USR_DeviceReset
                0x0800abf8       0x28 Libraries\usb_conf\usbd_usr.o
                0x0800abf8                USBD_USR_DeviceReset
 .text.USBD_USR_DeviceConfigured
                0x0800ac20        0xc Libraries\usb_conf\usbd_usr.o
                0x0800ac20                USBD_USR_DeviceConfigured
 .text.USBD_USR_DeviceConnected
                0x0800ac2c        0xc Libraries\usb_conf\usbd_usr.o
                0x0800ac2c                USBD_USR_DeviceConnected
 .text.USBD_USR_DeviceDisconnected
                0x0800ac38        0xc Libraries\usb_conf\usbd_usr.o
                0x0800ac38                USBD_USR_DeviceDisconnected
 .text.USBD_USR_DeviceSuspended
                0x0800ac44        0xc Libraries\usb_conf\usbd_usr.o
                0x0800ac44                USBD_USR_DeviceSuspended
 .text.USBD_USR_DeviceResumed
                0x0800ac50        0xc Libraries\usb_conf\usbd_usr.o
                0x0800ac50                USBD_USR_DeviceResumed
 .text.USBD_USR_DeviceDescriptor
                0x0800ac5c       0x24 Libraries\usb_conf\usbd_desc.o
                0x0800ac5c                USBD_USR_DeviceDescriptor
 .text.USBD_USR_LangIDStrDescriptor
                0x0800ac80       0x24 Libraries\usb_conf\usbd_desc.o
                0x0800ac80                USBD_USR_LangIDStrDescriptor
 .text.USBD_USR_ProductStrDescriptor
                0x0800aca4       0x40 Libraries\usb_conf\usbd_desc.o
                0x0800aca4                USBD_USR_ProductStrDescriptor
 .text.USBD_USR_ManufacturerStrDescriptor
                0x0800ace4       0x28 Libraries\usb_conf\usbd_desc.o
                0x0800ace4                USBD_USR_ManufacturerStrDescriptor
 .text.USBD_USR_SerialStrDescriptor
                0x0800ad0c       0x40 Libraries\usb_conf\usbd_desc.o
                0x0800ad0c                USBD_USR_SerialStrDescriptor
 .text.USBD_USR_ConfigStrDescriptor
                0x0800ad4c       0x3c Libraries\usb_conf\usbd_desc.o
                0x0800ad4c                USBD_USR_ConfigStrDescriptor
 .text.USBD_USR_InterfaceStrDescriptor
                0x0800ad88       0x3c Libraries\usb_conf\usbd_desc.o
                0x0800ad88                USBD_USR_InterfaceStrDescriptor
 .text.USB_OTG_BSP_Init
                0x0800adc4       0xb0 Libraries\usb_conf\usb_bsp.o
                0x0800adc4                USB_OTG_BSP_Init
 .text.USB_OTG_BSP_EnableInterrupt
                0x0800ae74       0x30 Libraries\usb_conf\usb_bsp.o
                0x0800ae74                USB_OTG_BSP_EnableInterrupt
 .text.USB_OTG_BSP_uDelay
                0x0800aea4       0x48 Libraries\usb_conf\usb_bsp.o
                0x0800aea4                USB_OTG_BSP_uDelay
 .text.USB_OTG_BSP_mDelay
                0x0800aeec       0x20 Libraries\usb_conf\usb_bsp.o
                0x0800aeec                USB_OTG_BSP_mDelay
 .text.SPI_Init
                0x0800af0c       0x88 Libraries\STM32F4xx_StdPeriph_Driver\src\stm32f4xx_spi.o
                0x0800af0c                SPI_Init
 .text.SPI_Cmd  0x0800af94       0x40 Libraries\STM32F4xx_StdPeriph_Driver\src\stm32f4xx_spi.o
                0x0800af94                SPI_Cmd
 .text.SPI_I2S_ReceiveData
                0x0800afd4       0x1c Libraries\STM32F4xx_StdPeriph_Driver\src\stm32f4xx_spi.o
                0x0800afd4                SPI_I2S_ReceiveData
 .text.SPI_I2S_SendData
                0x0800aff0       0x1c Libraries\STM32F4xx_StdPeriph_Driver\src\stm32f4xx_spi.o
                0x0800aff0                SPI_I2S_SendData
 .text.SPI_I2S_GetFlagStatus
                0x0800b00c       0x38 Libraries\STM32F4xx_StdPeriph_Driver\src\stm32f4xx_spi.o
                0x0800b00c                SPI_I2S_GetFlagStatus
 .text.RCC_AHB1PeriphClockCmd
                0x0800b044       0x3c Libraries\STM32F4xx_StdPeriph_Driver\src\stm32f4xx_rcc.o
                0x0800b044                RCC_AHB1PeriphClockCmd
 .text.RCC_AHB2PeriphClockCmd
                0x0800b080       0x3c Libraries\STM32F4xx_StdPeriph_Driver\src\stm32f4xx_rcc.o
                0x0800b080                RCC_AHB2PeriphClockCmd
 .text.RCC_APB1PeriphClockCmd
                0x0800b0bc       0x3c Libraries\STM32F4xx_StdPeriph_Driver\src\stm32f4xx_rcc.o
                0x0800b0bc                RCC_APB1PeriphClockCmd
 .text.RCC_APB2PeriphClockCmd
                0x0800b0f8       0x3c Libraries\STM32F4xx_StdPeriph_Driver\src\stm32f4xx_rcc.o
                0x0800b0f8                RCC_APB2PeriphClockCmd
 .text.RCC_APB1PeriphResetCmd
                0x0800b134       0x3c Libraries\STM32F4xx_StdPeriph_Driver\src\stm32f4xx_rcc.o
                0x0800b134                RCC_APB1PeriphResetCmd
 .text.GPIO_Init
                0x0800b170      0x11c Libraries\STM32F4xx_StdPeriph_Driver\src\stm32f4xx_gpio.o
                0x0800b170                GPIO_Init
 .text.GPIO_SetBits
                0x0800b28c       0x1c Libraries\STM32F4xx_StdPeriph_Driver\src\stm32f4xx_gpio.o
                0x0800b28c                GPIO_SetBits
 .text.GPIO_ResetBits
                0x0800b2a8       0x1c Libraries\STM32F4xx_StdPeriph_Driver\src\stm32f4xx_gpio.o
                0x0800b2a8                GPIO_ResetBits
 .text.GPIO_PinAFConfig
                0x0800b2c4       0x8c Libraries\STM32F4xx_StdPeriph_Driver\src\stm32f4xx_gpio.o
                0x0800b2c4                GPIO_PinAFConfig
 .text.EXTI_ClearITPendingBit
                0x0800b350       0x1c Libraries\STM32F4xx_StdPeriph_Driver\src\stm32f4xx_exti.o
                0x0800b350                EXTI_ClearITPendingBit
 .text.DMA_Init
                0x0800b36c       0xac Libraries\STM32F4xx_StdPeriph_Driver\src\stm32f4xx_dma.o
                0x0800b36c                DMA_Init
 .text.DMA_Cmd  0x0800b418       0x38 Libraries\STM32F4xx_StdPeriph_Driver\src\stm32f4xx_dma.o
                0x0800b418                DMA_Cmd
 .text.DMA_GetCmdStatus
                0x0800b450       0x30 Libraries\STM32F4xx_StdPeriph_Driver\src\stm32f4xx_dma.o
                0x0800b450                DMA_GetCmdStatus
 .text.DMA_GetFlagStatus
                0x0800b480       0x78 Libraries\STM32F4xx_StdPeriph_Driver\src\stm32f4xx_dma.o
                0x0800b480                DMA_GetFlagStatus
 .text.DMA_ClearFlag
                0x0800b4f8       0x5c Libraries\STM32F4xx_StdPeriph_Driver\src\stm32f4xx_dma.o
                0x0800b4f8                DMA_ClearFlag
 .text.DAC_SetChannel1Data
                0x0800b554       0x34 Libraries\STM32F4xx_StdPeriph_Driver\src\stm32f4xx_dac.o
                0x0800b554                DAC_SetChannel1Data
 .text.NVIC_PriorityGroupConfig
                0x0800b588       0x24 Libraries\STM32F4xx_StdPeriph_Driver\src\misc.o
                0x0800b588                NVIC_PriorityGroupConfig
 .text.NVIC_Init
                0x0800b5ac       0xbc Libraries\STM32F4xx_StdPeriph_Driver\src\misc.o
                0x0800b5ac                NVIC_Init
 .text.__libc_init_array
                0x0800b668       0x4c c:/program files (x86)/atollic/truestudio for arm 5.4.1/armtools/bin/../lib/gcc/arm-atollic-eabi/4.8.3/../../../../arm-atollic-eabi/lib/armv7e-m/fpu\libc_s.a(lib_a-init.o)
                0x0800b668                __libc_init_array
 .text.strlen   0x0800b6b4       0x10 c:/program files (x86)/atollic/truestudio for arm 5.4.1/armtools/bin/../lib/gcc/arm-atollic-eabi/4.8.3/../../../../arm-atollic-eabi/lib/armv7e-m/fpu\libc_s.a(lib_a-strlen.o)
                0x0800b6b4                strlen
 .text._getpid  0x0800b6c4        0x4 c:/program files (x86)/atollic/truestudio for arm 5.4.1/armtools/bin/../lib/gcc/arm-atollic-eabi/4.8.3/../../../../arm-atollic-eabi/lib/armv7e-m/fpu\libc_s.a(lib_a-syscalls.o)
                0x0800b6c4                _getpid
 .text._kill    0x0800b6c8       0x10 c:/program files (x86)/atollic/truestudio for arm 5.4.1/armtools/bin/../lib/gcc/arm-atollic-eabi/4.8.3/../../../../arm-atollic-eabi/lib/armv7e-m/fpu\libc_s.a(lib_a-syscalls.o)
                0x0800b6c8                _kill
 .text._exit    0x0800b6d8        0xc c:/program files (x86)/atollic/truestudio for arm 5.4.1/armtools/bin/../lib/gcc/arm-atollic-eabi/4.8.3/../../../../arm-atollic-eabi/lib/armv7e-m/fpu\libc_s.a(lib_a-syscalls.o)
                0x0800b6d8                _exit
 .text._write   0x0800b6e4        0x4 c:/program files (x86)/atollic/truestudio for arm 5.4.1/armtools/bin/../lib/gcc/arm-atollic-eabi/4.8.3/../../../../arm-atollic-eabi/lib/armv7e-m/fpu\libc_s.a(lib_a-syscalls.o)
                0x0800b6e4                _write
 .text._sbrk    0x0800b6e8       0x34 c:/program files (x86)/atollic/truestudio for arm 5.4.1/armtools/bin/../lib/gcc/arm-atollic-eabi/4.8.3/../../../../arm-atollic-eabi/lib/armv7e-m/fpu\libc_s.a(lib_a-syscalls.o)
                0x0800b6e8                _sbrk
 .text._free_r  0x0800b71c       0x88 c:/program files (x86)/atollic/truestudio for arm 5.4.1/armtools/bin/../lib/gcc/arm-atollic-eabi/4.8.3/../../../../arm-atollic-eabi/lib/armv7e-m/fpu\libc_s.a(lib_a-nano-freer.o)
                0x0800b71c                _free_r
 .text._malloc_r
                0x0800b7a4       0xa8 c:/program files (x86)/atollic/truestudio for arm 5.4.1/armtools/bin/../lib/gcc/arm-atollic-eabi/4.8.3/../../../../arm-atollic-eabi/lib/armv7e-m/fpu\libc_s.a(lib_a-nano-mallocr.o)
                0x0800b7a4                _malloc_r
 .text._sbrk_r  0x0800b84c       0x20 c:/program files (x86)/atollic/truestudio for arm 5.4.1/armtools/bin/../lib/gcc/arm-atollic-eabi/4.8.3/../../../../arm-atollic-eabi/lib/armv7e-m/fpu\libc_s.a(lib_a-sbrkr.o)
                0x0800b84c                _sbrk_r
 .text.__cxa_pure_virtual
                0x0800b86c       0x14 c:/program files (x86)/atollic/truestudio for arm 5.4.1/armtools/bin/../lib/gcc/arm-atollic-eabi/4.8.3/../../../../arm-atollic-eabi/lib/armv7e-m/fpu\libstdc++_s.a(pure.o)
                0x0800b86c                __cxa_pure_virtual
 .text._ZN10__cxxabiv111__terminateEPFvvE
                0x0800b880        0x8 c:/program files (x86)/atollic/truestudio for arm 5.4.1/armtools/bin/../lib/gcc/arm-atollic-eabi/4.8.3/../../../../arm-atollic-eabi/lib/armv7e-m/fpu\libstdc++_s.a(eh_terminate.o)
                0x0800b880                __cxxabiv1::__terminate(void (*)())
 .text._ZSt9terminatev
                0x0800b888       0x10 c:/program files (x86)/atollic/truestudio for arm 5.4.1/armtools/bin/../lib/gcc/arm-atollic-eabi/4.8.3/../../../../arm-atollic-eabi/lib/armv7e-m/fpu\libstdc++_s.a(eh_terminate.o)
                0x0800b888                std::terminate()
 .text._ZN9__gnu_cxx27__verbose_terminate_handlerEv
                0x0800b898       0x98 c:/program files (x86)/atollic/truestudio for arm 5.4.1/armtools/bin/../lib/gcc/arm-atollic-eabi/4.8.3/../../../../arm-atollic-eabi/lib/armv7e-m/fpu\libstdc++_s.a(vterminate.o)
                0x0800b898                __gnu_cxx::__verbose_terminate_handler()
 .text.__cxa_current_exception_type
                0x0800b930       0x1a c:/program files (x86)/atollic/truestudio for arm 5.4.1/armtools/bin/../lib/gcc/arm-atollic-eabi/4.8.3/../../../../arm-atollic-eabi/lib/armv7e-m/fpu\libstdc++_s.a(eh_type.o)
                0x0800b930                __cxa_current_exception_type
 *fill*         0x0800b94a        0x2 
 .text.__cxa_get_globals
                0x0800b94c        0x8 c:/program files (x86)/atollic/truestudio for arm 5.4.1/armtools/bin/../lib/gcc/arm-atollic-eabi/4.8.3/../../../../arm-atollic-eabi/lib/armv7e-m/fpu\libstdc++_s.a(eh_globals.o)
                0x0800b94c                __cxa_get_globals
 .text.abort    0x0800b954        0xe c:/program files (x86)/atollic/truestudio for arm 5.4.1/armtools/bin/../lib/gcc/arm-atollic-eabi/4.8.3/../../../../arm-atollic-eabi/lib/armv7e-m/fpu\libc_s.a(lib_a-abort.o)
                0x0800b954                abort
 *fill*         0x0800b962        0x2 
 .text.free     0x0800b964       0x10 c:/program files (x86)/atollic/truestudio for arm 5.4.1/armtools/bin/../lib/gcc/arm-atollic-eabi/4.8.3/../../../../arm-atollic-eabi/lib/armv7e-m/fpu\libc_s.a(lib_a-malloc.o)
                0x0800b964                free
 .text.memcmp   0x0800b974       0x1e c:/program files (x86)/atollic/truestudio for arm 5.4.1/armtools/bin/../lib/gcc/arm-atollic-eabi/4.8.3/../../../../arm-atollic-eabi/lib/armv7e-m/fpu\libc_s.a(lib_a-memcmp.o)
                0x0800b974                memcmp
 .text.memcpy   0x0800b992       0x12 c:/program files (x86)/atollic/truestudio for arm 5.4.1/armtools/bin/../lib/gcc/arm-atollic-eabi/4.8.3/../../../../arm-atollic-eabi/lib/armv7e-m/fpu\libc_s.a(lib_a-memcpy-stub.o)
                0x0800b992                memcpy
 .text.realloc  0x0800b9a4       0x14 c:/program files (x86)/atollic/truestudio for arm 5.4.1/armtools/bin/../lib/gcc/arm-atollic-eabi/4.8.3/../../../../arm-atollic-eabi/lib/armv7e-m/fpu\libc_s.a(lib_a-realloc.o)
                0x0800b9a4                realloc
 .text._raise_r
                0x0800b9b8       0x50 c:/program files (x86)/atollic/truestudio for arm 5.4.1/armtools/bin/../lib/gcc/arm-atollic-eabi/4.8.3/../../../../arm-atollic-eabi/lib/armv7e-m/fpu\libc_s.a(lib_a-signal.o)
                0x0800b9b8                _raise_r
 .text.raise    0x0800ba08       0x10 c:/program files (x86)/atollic/truestudio for arm 5.4.1/armtools/bin/../lib/gcc/arm-atollic-eabi/4.8.3/../../../../arm-atollic-eabi/lib/armv7e-m/fpu\libc_s.a(lib_a-signal.o)
                0x0800ba08                raise
 .text._kill_r  0x0800ba18       0x24 c:/program files (x86)/atollic/truestudio for arm 5.4.1/armtools/bin/../lib/gcc/arm-atollic-eabi/4.8.3/../../../../arm-atollic-eabi/lib/armv7e-m/fpu\libc_s.a(lib_a-signalr.o)
                0x0800ba18                _kill_r
 .text._getpid_r
                0x0800ba3c        0x4 c:/program files (x86)/atollic/truestudio for arm 5.4.1/armtools/bin/../lib/gcc/arm-atollic-eabi/4.8.3/../../../../arm-atollic-eabi/lib/armv7e-m/fpu\libc_s.a(lib_a-signalr.o)
                0x0800ba3c                _getpid_r
 .text.strncmp  0x0800ba40       0x2e c:/program files (x86)/atollic/truestudio for arm 5.4.1/armtools/bin/../lib/gcc/arm-atollic-eabi/4.8.3/../../../../arm-atollic-eabi/lib/armv7e-m/fpu\libc_s.a(lib_a-strncmp.o)
                0x0800ba40                strncmp
 *fill*         0x0800ba6e        0x2 
 .text.write    0x0800ba70       0x1c c:/program files (x86)/atollic/truestudio for arm 5.4.1/armtools/bin/../lib/gcc/arm-atollic-eabi/4.8.3/../../../../arm-atollic-eabi/lib/armv7e-m/fpu\libc_s.a(lib_a-syswrite.o)
                0x0800ba70                write
 .text._write_r
                0x0800ba8c       0x24 c:/program files (x86)/atollic/truestudio for arm 5.4.1/armtools/bin/../lib/gcc/arm-atollic-eabi/4.8.3/../../../../arm-atollic-eabi/lib/armv7e-m/fpu\libc_s.a(lib_a-writer.o)
                0x0800ba8c                _write_r
 .text._realloc_r
                0x0800bab0       0x4c c:/program files (x86)/atollic/truestudio for arm 5.4.1/armtools/bin/../lib/gcc/arm-atollic-eabi/4.8.3/../../../../arm-atollic-eabi/lib/armv7e-m/fpu\libc_s.a(lib_a-nano-reallocr.o)
                0x0800bab0                _realloc_r
 .text._malloc_usable_size_r
                0x0800bafc       0x12 c:/program files (x86)/atollic/truestudio for arm 5.4.1/armtools/bin/../lib/gcc/arm-atollic-eabi/4.8.3/../../../../arm-atollic-eabi/lib/armv7e-m/fpu\libc_s.a(lib_a-nano-msizer.o)
                0x0800bafc                _malloc_usable_size_r
 *(.glue_7)
 .glue_7        0x00000000        0x0 linker stubs
 *(.glue_7t)
 .glue_7t       0x00000000        0x0 linker stubs
 *(.eh_frame)
 *fill*         0x0800bb0e        0x2 
 .eh_frame      0x0800bb10        0x0 c:/program files (x86)/atollic/truestudio for arm 5.4.1/armtools/bin/../lib/gcc/arm-atollic-eabi/4.8.3/armv7e-m/fpu/crtbegin.o
 *(.init)
 .init          0x0800bb10        0x4 c:/program files (x86)/atollic/truestudio for arm 5.4.1/armtools/bin/../lib/gcc/arm-atollic-eabi/4.8.3/armv7e-m/fpu/crti.o
                0x0800bb10                _init
 .init          0x0800bb14        0x8 c:/program files (x86)/atollic/truestudio for arm 5.4.1/armtools/bin/../lib/gcc/arm-atollic-eabi/4.8.3/armv7e-m/fpu/crtn.o
 *(.fini)
 .fini          0x0800bb1c        0x4 c:/program files (x86)/atollic/truestudio for arm 5.4.1/armtools/bin/../lib/gcc/arm-atollic-eabi/4.8.3/armv7e-m/fpu/crti.o
                0x0800bb1c                _fini
 .fini          0x0800bb20        0x8 c:/program files (x86)/atollic/truestudio for arm 5.4.1/armtools/bin/../lib/gcc/arm-atollic-eabi/4.8.3/armv7e-m/fpu/crtn.o
                0x0800bb28                . = ALIGN (0x4)
                0x0800bb28                _etext = .

.vfp11_veneer   0x0800bb28        0x0
 .vfp11_veneer  0x00000000        0x0 linker stubs

.v4_bx          0x0800bb28        0x0
 .v4_bx         0x00000000        0x0 linker stubs

.iplt           0x0800bb28        0x0
 .iplt          0x00000000        0x0 c:/program files (x86)/atollic/truestudio for arm 5.4.1/armtools/bin/../lib/gcc/arm-atollic-eabi/4.8.3/armv7e-m/fpu/crtbegin.o

.rodata         0x0800bb28     0x10d4
                0x0800bb28                . = ALIGN (0x4)
 *(.rodata)
 .rodata        0x0800bb28        0x4 src\tiny_printf.o
 .rodata        0x0800bb2c       0x10 src\own_libraries\NRF24.o
 .rodata        0x0800bb3c       0x98 Libraries\usb_conf\usbd_desc.o
 .rodata        0x0800bbd4      0x738 c:/program files (x86)/atollic/truestudio for arm 5.4.1/armtools/bin/../lib/gcc/arm-atollic-eabi/4.8.3/../../../../arm-atollic-eabi/lib/armv7e-m/fpu\libstdc++_s.a(cp-demangle.o)
 *(.rodata*)
 *fill*         0x0800c30c        0x4 
 .rodata._ZTV16NRF_REGISTER_MAP
                0x0800c310       0x10 src\own_libraries\NRF_REGISTER_MAP.o
                0x0800c310                vtable for NRF_REGISTER_MAP
 .rodata._ZTV3NRF
                0x0800c320       0x10 src\own_libraries\NRF24.o
                0x0800c320                vtable for NRF
 .rodata.GPIO_PIN
                0x0800c330        0x8 Utilities\STM32F4-Discovery\stm32f4_discovery.o
                0x0800c330                GPIO_PIN
 .rodata.GPIO_CLK
                0x0800c338       0x10 Utilities\STM32F4-Discovery\stm32f4_discovery.o
                0x0800c338                GPIO_CLK
 .rodata.str1.1
                0x0800c348        0x2 c:/program files (x86)/atollic/truestudio for arm 5.4.1/armtools/bin/../lib/gcc/arm-atollic-eabi/4.8.3/../../../../arm-atollic-eabi/lib/armv7e-m/fpu\libc_s.a(lib_a-impure.o)
 .rodata.str1.1
                0x0800c34a       0x3b c:/program files (x86)/atollic/truestudio for arm 5.4.1/armtools/bin/../lib/gcc/arm-atollic-eabi/4.8.3/../../../../arm-atollic-eabi/lib/armv7e-m/fpu\libstdc++_s.a(pure.o)
 .rodata.str1.1
                0x0800c385       0x80 c:/program files (x86)/atollic/truestudio for arm 5.4.1/armtools/bin/../lib/gcc/arm-atollic-eabi/4.8.3/../../../../arm-atollic-eabi/lib/armv7e-m/fpu\libstdc++_s.a(vterminate.o)
 *fill*         0x0800c405        0x3 
 .rodata.str1.4
                0x0800c408      0x7f4 c:/program files (x86)/atollic/truestudio for arm 5.4.1/armtools/bin/../lib/gcc/arm-atollic-eabi/4.8.3/../../../../arm-atollic-eabi/lib/armv7e-m/fpu\libstdc++_s.a(cp-demangle.o)
                                0x840 (size before relaxing)
                0x0800cbfc                . = ALIGN (0x4)

.rel.dyn        0x0800cbfc        0x0
 .rel.iplt      0x00000000        0x0 c:/program files (x86)/atollic/truestudio for arm 5.4.1/armtools/bin/../lib/gcc/arm-atollic-eabi/4.8.3/armv7e-m/fpu/crtbegin.o

.ARM.extab
 *(.ARM.extab* .gnu.linkonce.armextab.*)

.ARM            0x0800cbfc        0x0
                0x0800cbfc                __exidx_start = .
 *(.ARM.exidx*)
                0x0800cbfc                __exidx_end = .

.preinit_array  0x0800cbfc        0x0
                0x0800cbfc                PROVIDE (__preinit_array_start, .)
 *(.preinit_array*)
                0x0800cbfc                PROVIDE (__preinit_array_end, .)

.init_array     0x0800cbfc        0x4
                0x0800cbfc                PROVIDE (__init_array_start, .)
 *(SORT(.init_array.*))
 *(.init_array*)
 .init_array    0x0800cbfc        0x4 c:/program files (x86)/atollic/truestudio for arm 5.4.1/armtools/bin/../lib/gcc/arm-atollic-eabi/4.8.3/armv7e-m/fpu/crtbegin.o
                0x0800cc00                PROVIDE (__init_array_end, .)

.fini_array     0x0800cc00        0x4
                0x0800cc00                PROVIDE (__fini_array_start, .)
 *(SORT(.fini_array.*))
 *(.fini_array*)
 .fini_array    0x0800cc00        0x4 c:/program files (x86)/atollic/truestudio for arm 5.4.1/armtools/bin/../lib/gcc/arm-atollic-eabi/4.8.3/armv7e-m/fpu/crtbegin.o
                0x0800cc04                PROVIDE (__fini_array_end, .)
                0x0800cc04                _sidata = LOADADDR (.data)

.data           0x20000000      0x19c load address 0x0800cc04
                0x20000000                . = ALIGN (0x4)
                0x20000000                _sdata = .
 *(.data)
 *(.data*)
 .data.SystemCoreClock
                0x20000000        0x4 src\system_stm32f4xx.o
                0x20000000                SystemCoreClock
 .data.AudioRemSize
                0x20000004        0x4 Utilities\STM32F4-Discovery\stm32f4_discovery_audio_codec.o
                0x20000004                AudioRemSize
 .data.CurrAudioInterface
                0x20000008        0x4 Utilities\STM32F4-Discovery\stm32f4_discovery_audio_codec.o
                0x20000008                CurrAudioInterface
 .data.AUDIO_MAL_DMA_STREAM
                0x2000000c        0x4 Utilities\STM32F4-Discovery\stm32f4_discovery_audio_codec.o
                0x2000000c                AUDIO_MAL_DMA_STREAM
 .data.AUDIO_MAL_DMA_FLAG_TC
                0x20000010        0x4 Utilities\STM32F4-Discovery\stm32f4_discovery_audio_codec.o
                0x20000010                AUDIO_MAL_DMA_FLAG_TC
 .data.GPIO_PORT
                0x20000014       0x10 Utilities\STM32F4-Discovery\stm32f4_discovery.o
                0x20000014                GPIO_PORT
 .data.USBD_DCD_INT_cb
                0x20000024       0x2c Libraries\usb_lib\core\usbd_core.o
                0x20000024                USBD_DCD_INT_cb
 .data.USBD_DCD_INT_fops
                0x20000050        0x4 Libraries\usb_lib\core\usbd_core.o
                0x20000050                USBD_DCD_INT_fops
 .data.linecoding
                0x20000054        0x8 Libraries\usb_lib\cdc\usbd_cdc_vcp.o
                0x20000054                linecoding
 .data.VCP_fops
                0x2000005c       0x14 Libraries\usb_lib\cdc\usbd_cdc_vcp.o
                0x2000005c                VCP_fops
 .data.usbd_cdc_CfgDesc
                0x20000070       0x44 Libraries\usb_lib\cdc\usbd_cdc_core.o
                0x20000070                usbd_cdc_CfgDesc
 .data.cdcCmd   0x200000b4        0x4 Libraries\usb_lib\cdc\usbd_cdc_core.o
 .data.USBD_CDC_cb
                0x200000b8       0x2c Libraries\usb_lib\cdc\usbd_cdc_core.o
                0x200000b8                USBD_CDC_cb
 .data.USR_cb   0x200000e4       0x1c Libraries\usb_conf\usbd_usr.o
                0x200000e4                USR_cb
 .data.USR_desc
                0x20000100       0x1c Libraries\usb_conf\usbd_desc.o
                0x20000100                USR_desc
 .data.USBD_DeviceDesc
                0x2000011c       0x14 Libraries\usb_conf\usbd_desc.o
                0x2000011c                USBD_DeviceDesc
 .data.USBD_LangIDDesc
                0x20000130        0x4 Libraries\usb_conf\usbd_desc.o
                0x20000130                USBD_LangIDDesc
 .data.impure_data
                0x20000134       0x60 c:/program files (x86)/atollic/truestudio for arm 5.4.1/armtools/bin/../lib/gcc/arm-atollic-eabi/4.8.3/../../../../arm-atollic-eabi/lib/armv7e-m/fpu\libc_s.a(lib_a-impure.o)
 .data._impure_ptr
                0x20000194        0x4 c:/program files (x86)/atollic/truestudio for arm 5.4.1/armtools/bin/../lib/gcc/arm-atollic-eabi/4.8.3/../../../../arm-atollic-eabi/lib/armv7e-m/fpu\libc_s.a(lib_a-impure.o)
                0x20000194                _impure_ptr
 .data._ZN10__cxxabiv119__terminate_handlerE
                0x20000198        0x4 c:/program files (x86)/atollic/truestudio for arm 5.4.1/armtools/bin/../lib/gcc/arm-atollic-eabi/4.8.3/../../../../arm-atollic-eabi/lib/armv7e-m/fpu\libstdc++_s.a(eh_term_handler.o)
                0x20000198                __cxxabiv1::__terminate_handler
                0x2000019c                . = ALIGN (0x4)
                0x2000019c                _edata = .
                0x0800cda0                _siccmram = LOADADDR (.ccmram)

.igot.plt       0x2000019c        0x0 load address 0x0800cda0
 .igot.plt      0x00000000        0x0 c:/program files (x86)/atollic/truestudio for arm 5.4.1/armtools/bin/../lib/gcc/arm-atollic-eabi/4.8.3/armv7e-m/fpu/crtbegin.o

.ccmram         0x10000000        0x0 load address 0x0800cda0
                0x10000000                . = ALIGN (0x4)
                0x10000000                _sccmram = .
 *(.ccmram)
 *(.ccmram*)
                0x10000000                . = ALIGN (0x4)
                0x10000000                _eccmram = .
                0x10000000                . = ALIGN (0x4)

.bss            0x2000019c     0x1030
                0x2000019c                _sbss = .
                0x2000019c                __bss_start__ = _sbss
 *(.bss)
 .bss           0x2000019c       0x1c c:/program files (x86)/atollic/truestudio for arm 5.4.1/armtools/bin/../lib/gcc/arm-atollic-eabi/4.8.3/armv7e-m/fpu/crtbegin.o
 *(.bss*)
 .bss._ZL11TimingDelay
                0x200001b8        0x4 src\own_libraries\CONFIG.o
 .bss.USB_OTG_dev
                0x200001bc      0x5f0 src\main.o
                0x200001bc                USB_OTG_dev
 .bss.USBD_ep_status
                0x200007ac        0x4 Libraries\usb_lib\core\usbd_req.o
                0x200007ac                USBD_ep_status
 .bss.USBD_default_cfg
                0x200007b0        0x4 Libraries\usb_lib\core\usbd_req.o
                0x200007b0                USBD_default_cfg
 .bss.USBD_cfg_status
                0x200007b4        0x4 Libraries\usb_lib\core\usbd_req.o
                0x200007b4                USBD_cfg_status
 .bss.cfgidx.8645
                0x200007b8        0x1 Libraries\usb_lib\core\usbd_req.o
 *fill*         0x200007b9        0x3 
 .bss.usbd_cdc_AltSet
                0x200007bc        0x4 Libraries\usb_lib\cdc\usbd_cdc_core.o
 .bss.APP_Rx_ptr_in
                0x200007c0        0x4 Libraries\usb_lib\cdc\usbd_cdc_core.o
                0x200007c0                APP_Rx_ptr_in
 .bss.APP_Rx_ptr_out
                0x200007c4        0x4 Libraries\usb_lib\cdc\usbd_cdc_core.o
                0x200007c4                APP_Rx_ptr_out
 .bss.APP_Rx_length
                0x200007c8        0x4 Libraries\usb_lib\cdc\usbd_cdc_core.o
                0x200007c8                APP_Rx_length
 .bss.USB_Tx_State
                0x200007cc        0x1 Libraries\usb_lib\cdc\usbd_cdc_core.o
                0x200007cc                USB_Tx_State
 *fill*         0x200007cd        0x3 
 .bss.cdcLen    0x200007d0        0x4 Libraries\usb_lib\cdc\usbd_cdc_core.o
 .bss.FrameCount.8639
                0x200007d4        0x4 Libraries\usb_lib\cdc\usbd_cdc_core.o
 .bss.heap_end.5121
                0x200007d8        0x4 c:/program files (x86)/atollic/truestudio for arm 5.4.1/armtools/bin/../lib/gcc/arm-atollic-eabi/4.8.3/../../../../arm-atollic-eabi/lib/armv7e-m/fpu\libc_s.a(lib_a-syscalls.o)
 .bss.__malloc_sbrk_start
                0x200007dc        0x4 c:/program files (x86)/atollic/truestudio for arm 5.4.1/armtools/bin/../lib/gcc/arm-atollic-eabi/4.8.3/../../../../arm-atollic-eabi/lib/armv7e-m/fpu\libc_s.a(lib_a-nano-mallocr.o)
                0x200007dc                __malloc_sbrk_start
 .bss.__malloc_free_list
                0x200007e0        0x4 c:/program files (x86)/atollic/truestudio for arm 5.4.1/armtools/bin/../lib/gcc/arm-atollic-eabi/4.8.3/../../../../arm-atollic-eabi/lib/armv7e-m/fpu\libc_s.a(lib_a-nano-mallocr.o)
                0x200007e0                __malloc_free_list
 .bss._ZZN9__gnu_cxx27__verbose_terminate_handlerEvE11terminating
                0x200007e4        0x1 c:/program files (x86)/atollic/truestudio for arm 5.4.1/armtools/bin/../lib/gcc/arm-atollic-eabi/4.8.3/../../../../arm-atollic-eabi/lib/armv7e-m/fpu\libstdc++_s.a(vterminate.o)
 *fill*         0x200007e5        0x3 
 .bss._ZL10eh_globals
                0x200007e8        0xc c:/program files (x86)/atollic/truestudio for arm 5.4.1/armtools/bin/../lib/gcc/arm-atollic-eabi/4.8.3/../../../../arm-atollic-eabi/lib/armv7e-m/fpu\libstdc++_s.a(eh_globals.o)
 *(COMMON)
 COMMON         0x200007f4       0x7c Utilities\STM32F4-Discovery\stm32f4_discovery_audio_codec.o
                0x200007f4                CurrentPos
                0x200007f8                AUDIO_MAL_DMA_InitStructure
                0x20000834                DMA_InitStructure
 COMMON         0x20000870       0x32 Libraries\usb_lib\core\usbd_req.o
                0x20000870                USBD_StrDesc
 *fill*         0x200008a2        0x2 
 COMMON         0x200008a4       0x98 Libraries\usb_lib\cdc\usbd_cdc_vcp.o
                0x200008a4                APP_Tx_Buffer
                0x20000924                APP_tx_ptr_tail
                0x20000928                USART_InitStructure
                0x20000938                APP_tx_ptr_head
 COMMON         0x2000093c      0x88c Libraries\usb_lib\cdc\usbd_cdc_core.o
                0x2000093c                usbd_cdc_OtherCfgDesc
                0x20000980                USB_Rx_Buffer
                0x200009c0                CmdBuff
                0x200009c8                APP_Rx_Buffer
 COMMON         0x200011c8        0x4 c:/program files (x86)/atollic/truestudio for arm 5.4.1/armtools/bin/../lib/gcc/arm-atollic-eabi/4.8.3/../../../../arm-atollic-eabi/lib/armv7e-m/fpu\libc_s.a(lib_a-reent.o)
                0x200011c8                errno
                0x200011cc                . = ALIGN (0x4)
                0x200011cc                _ebss = .
                0x200011cc                __bss_end__ = _ebss

._user_heap_stack
                0x200011cc      0x400
                0x200011cc                . = ALIGN (0x4)
                0x200011cc                PROVIDE (end, .)
                0x200011cc                PROVIDE (_end, .)
                0x200011cc                . = (. + _Min_Heap_Size)
                0x200015cc                . = (. + _Min_Stack_Size)
 *fill*         0x200011cc      0x400 
                0x200015cc                . = ALIGN (0x4)

.memory_b1_text
 *(.mb1text)
 *(.mb1text*)
 *(.mb1rodata)
 *(.mb1rodata*)

/DISCARD/
 libc.a(*)
 libm.a(*)
 libgcc.a(*)

.ARM.attributes
                0x00000000       0x30
 *(.ARM.attributes)
 .ARM.attributes
                0x00000000       0x22 c:/program files (x86)/atollic/truestudio for arm 5.4.1/armtools/bin/../lib/gcc/arm-atollic-eabi/4.8.3/armv7e-m/fpu/crti.o
 .ARM.attributes
                0x00000022       0x34 c:/program files (x86)/atollic/truestudio for arm 5.4.1/armtools/bin/../lib/gcc/arm-atollic-eabi/4.8.3/armv7e-m/fpu/crtbegin.o
 .ARM.attributes
                0x00000056       0x39 src\tiny_printf.o
 .ARM.attributes
                0x0000008f       0x39 src\system_stm32f4xx.o
 .ARM.attributes
                0x000000c8       0x39 src\stm32f4xx_it.o
 .ARM.attributes
                0x00000101       0x21 src\startup_stm32f40xx.o
 .ARM.attributes
                0x00000122       0x39 src\own_libraries\SPI_interface.o
 .ARM.attributes
                0x0000015b       0x39 src\own_libraries\REGISTER.o
 .ARM.attributes
                0x00000194       0x39 src\own_libraries\NRF_REGISTER_MAP.o
 .ARM.attributes
                0x000001cd       0x39 src\own_libraries\NRF24.o
 .ARM.attributes
                0x00000206       0x39 src\own_libraries\CONFIG.o
 .ARM.attributes
                0x0000023f       0x39 src\main.o
 .ARM.attributes
                0x00000278       0x39 Utilities\STM32F4-Discovery\stm32f4_discovery_audio_codec.o
 .ARM.attributes
                0x000002b1       0x39 Utilities\STM32F4-Discovery\stm32f4_discovery.o
 .ARM.attributes
                0x000002ea       0x39 Libraries\usb_lib\otg\usb_dcd_int.o
 .ARM.attributes
                0x00000323       0x39 Libraries\usb_lib\otg\usb_dcd.o
 .ARM.attributes
                0x0000035c       0x39 Libraries\usb_lib\otg\usb_core.o
 .ARM.attributes
                0x00000395       0x39 Libraries\usb_lib\core\usbd_req.o
 .ARM.attributes
                0x000003ce       0x39 Libraries\usb_lib\core\usbd_ioreq.o
 .ARM.attributes
                0x00000407       0x39 Libraries\usb_lib\core\usbd_core.o
 .ARM.attributes
                0x00000440       0x39 Libraries\usb_lib\cdc\usbd_cdc_vcp.o
 .ARM.attributes
                0x00000479       0x39 Libraries\usb_lib\cdc\usbd_cdc_core.o
 .ARM.attributes
                0x000004b2       0x39 Libraries\usb_conf\usbd_usr.o
 .ARM.attributes
                0x000004eb       0x39 Libraries\usb_conf\usbd_desc.o
 .ARM.attributes
                0x00000524       0x39 Libraries\usb_conf\usb_bsp.o
 .ARM.attributes
                0x0000055d       0x39 Libraries\STM32F4xx_StdPeriph_Driver\src\stm32f4xx_spi.o
 .ARM.attributes
                0x00000596       0x39 Libraries\STM32F4xx_StdPeriph_Driver\src\stm32f4xx_rcc.o
 .ARM.attributes
                0x000005cf       0x39 Libraries\STM32F4xx_StdPeriph_Driver\src\stm32f4xx_gpio.o
 .ARM.attributes
                0x00000608       0x39 Libraries\STM32F4xx_StdPeriph_Driver\src\stm32f4xx_exti.o
 .ARM.attributes
                0x00000641       0x39 Libraries\STM32F4xx_StdPeriph_Driver\src\stm32f4xx_dma.o
 .ARM.attributes
                0x0000067a       0x39 Libraries\STM32F4xx_StdPeriph_Driver\src\stm32f4xx_dac.o
 .ARM.attributes
                0x000006b3       0x39 Libraries\STM32F4xx_StdPeriph_Driver\src\misc.o
 .ARM.attributes
                0x000006ec       0x34 c:/program files (x86)/atollic/truestudio for arm 5.4.1/armtools/bin/../lib/gcc/arm-atollic-eabi/4.8.3/../../../../arm-atollic-eabi/lib/armv7e-m/fpu\libc_s.a(lib_a-init.o)
 .ARM.attributes
                0x00000720       0x34 c:/program files (x86)/atollic/truestudio for arm 5.4.1/armtools/bin/../lib/gcc/arm-atollic-eabi/4.8.3/../../../../arm-atollic-eabi/lib/armv7e-m/fpu\libc_s.a(lib_a-strlen.o)
 .ARM.attributes
                0x00000754       0x34 c:/program files (x86)/atollic/truestudio for arm 5.4.1/armtools/bin/../lib/gcc/arm-atollic-eabi/4.8.3/../../../../arm-atollic-eabi/lib/armv7e-m/fpu\libc_s.a(lib_a-syscalls.o)
 .ARM.attributes
                0x00000788       0x34 c:/program files (x86)/atollic/truestudio for arm 5.4.1/armtools/bin/../lib/gcc/arm-atollic-eabi/4.8.3/../../../../arm-atollic-eabi/lib/armv7e-m/fpu\libc_s.a(lib_a-reent.o)
 .ARM.attributes
                0x000007bc       0x34 c:/program files (x86)/atollic/truestudio for arm 5.4.1/armtools/bin/../lib/gcc/arm-atollic-eabi/4.8.3/../../../../arm-atollic-eabi/lib/armv7e-m/fpu\libc_s.a(lib_a-impure.o)
 .ARM.attributes
                0x000007f0       0x34 c:/program files (x86)/atollic/truestudio for arm 5.4.1/armtools/bin/../lib/gcc/arm-atollic-eabi/4.8.3/../../../../arm-atollic-eabi/lib/armv7e-m/fpu\libc_s.a(lib_a-nano-freer.o)
 .ARM.attributes
                0x00000824       0x34 c:/program files (x86)/atollic/truestudio for arm 5.4.1/armtools/bin/../lib/gcc/arm-atollic-eabi/4.8.3/../../../../arm-atollic-eabi/lib/armv7e-m/fpu\libc_s.a(lib_a-nano-mallocr.o)
 .ARM.attributes
                0x00000858       0x34 c:/program files (x86)/atollic/truestudio for arm 5.4.1/armtools/bin/../lib/gcc/arm-atollic-eabi/4.8.3/../../../../arm-atollic-eabi/lib/armv7e-m/fpu\libc_s.a(lib_a-sbrkr.o)
 .ARM.attributes
                0x0000088c       0x34 c:/program files (x86)/atollic/truestudio for arm 5.4.1/armtools/bin/../lib/gcc/arm-atollic-eabi/4.8.3/../../../../arm-atollic-eabi/lib/armv7e-m/fpu\libstdc++_s.a(pure.o)
 .ARM.attributes
                0x000008c0       0x34 c:/program files (x86)/atollic/truestudio for arm 5.4.1/armtools/bin/../lib/gcc/arm-atollic-eabi/4.8.3/../../../../arm-atollic-eabi/lib/armv7e-m/fpu\libstdc++_s.a(eh_terminate.o)
 .ARM.attributes
                0x000008f4       0x34 c:/program files (x86)/atollic/truestudio for arm 5.4.1/armtools/bin/../lib/gcc/arm-atollic-eabi/4.8.3/../../../../arm-atollic-eabi/lib/armv7e-m/fpu\libstdc++_s.a(eh_term_handler.o)
 .ARM.attributes
                0x00000928       0x34 c:/program files (x86)/atollic/truestudio for arm 5.4.1/armtools/bin/../lib/gcc/arm-atollic-eabi/4.8.3/../../../../arm-atollic-eabi/lib/armv7e-m/fpu\libstdc++_s.a(vterminate.o)
 .ARM.attributes
                0x0000095c       0x34 c:/program files (x86)/atollic/truestudio for arm 5.4.1/armtools/bin/../lib/gcc/arm-atollic-eabi/4.8.3/../../../../arm-atollic-eabi/lib/armv7e-m/fpu\libstdc++_s.a(eh_type.o)
 .ARM.attributes
                0x00000990       0x34 c:/program files (x86)/atollic/truestudio for arm 5.4.1/armtools/bin/../lib/gcc/arm-atollic-eabi/4.8.3/../../../../arm-atollic-eabi/lib/armv7e-m/fpu\libstdc++_s.a(cp-demangle.o)
 .ARM.attributes
                0x000009c4       0x34 c:/program files (x86)/atollic/truestudio for arm 5.4.1/armtools/bin/../lib/gcc/arm-atollic-eabi/4.8.3/../../../../arm-atollic-eabi/lib/armv7e-m/fpu\libstdc++_s.a(eh_globals.o)
 .ARM.attributes
                0x000009f8       0x34 c:/program files (x86)/atollic/truestudio for arm 5.4.1/armtools/bin/../lib/gcc/arm-atollic-eabi/4.8.3/../../../../arm-atollic-eabi/lib/armv7e-m/fpu\libc_s.a(lib_a-abort.o)
 .ARM.attributes
                0x00000a2c       0x34 c:/program files (x86)/atollic/truestudio for arm 5.4.1/armtools/bin/../lib/gcc/arm-atollic-eabi/4.8.3/../../../../arm-atollic-eabi/lib/armv7e-m/fpu\libc_s.a(lib_a-malloc.o)
 .ARM.attributes
                0x00000a60       0x34 c:/program files (x86)/atollic/truestudio for arm 5.4.1/armtools/bin/../lib/gcc/arm-atollic-eabi/4.8.3/../../../../arm-atollic-eabi/lib/armv7e-m/fpu\libc_s.a(lib_a-memcmp.o)
 .ARM.attributes
                0x00000a94       0x34 c:/program files (x86)/atollic/truestudio for arm 5.4.1/armtools/bin/../lib/gcc/arm-atollic-eabi/4.8.3/../../../../arm-atollic-eabi/lib/armv7e-m/fpu\libc_s.a(lib_a-memcpy-stub.o)
 .ARM.attributes
                0x00000ac8       0x34 c:/program files (x86)/atollic/truestudio for arm 5.4.1/armtools/bin/../lib/gcc/arm-atollic-eabi/4.8.3/../../../../arm-atollic-eabi/lib/armv7e-m/fpu\libc_s.a(lib_a-realloc.o)
 .ARM.attributes
                0x00000afc       0x34 c:/program files (x86)/atollic/truestudio for arm 5.4.1/armtools/bin/../lib/gcc/arm-atollic-eabi/4.8.3/../../../../arm-atollic-eabi/lib/armv7e-m/fpu\libc_s.a(lib_a-signal.o)
 .ARM.attributes
                0x00000b30       0x34 c:/program files (x86)/atollic/truestudio for arm 5.4.1/armtools/bin/../lib/gcc/arm-atollic-eabi/4.8.3/../../../../arm-atollic-eabi/lib/armv7e-m/fpu\libc_s.a(lib_a-signalr.o)
 .ARM.attributes
                0x00000b64       0x20 c:/program files (x86)/atollic/truestudio for arm 5.4.1/armtools/bin/../lib/gcc/arm-atollic-eabi/4.8.3/../../../../arm-atollic-eabi/lib/armv7e-m/fpu\libc_s.a(lib_a-strcmp.o)
 .ARM.attributes
                0x00000b84       0x34 c:/program files (x86)/atollic/truestudio for arm 5.4.1/armtools/bin/../lib/gcc/arm-atollic-eabi/4.8.3/../../../../arm-atollic-eabi/lib/armv7e-m/fpu\libc_s.a(lib_a-strncmp.o)
 .ARM.attributes
                0x00000bb8       0x34 c:/program files (x86)/atollic/truestudio for arm 5.4.1/armtools/bin/../lib/gcc/arm-atollic-eabi/4.8.3/../../../../arm-atollic-eabi/lib/armv7e-m/fpu\libc_s.a(lib_a-syswrite.o)
 .ARM.attributes
                0x00000bec       0x34 c:/program files (x86)/atollic/truestudio for arm 5.4.1/armtools/bin/../lib/gcc/arm-atollic-eabi/4.8.3/../../../../arm-atollic-eabi/lib/armv7e-m/fpu\libc_s.a(lib_a-writer.o)
 .ARM.attributes
                0x00000c20       0x34 c:/program files (x86)/atollic/truestudio for arm 5.4.1/armtools/bin/../lib/gcc/arm-atollic-eabi/4.8.3/../../../../arm-atollic-eabi/lib/armv7e-m/fpu\libc_s.a(lib_a-nano-reallocr.o)
 .ARM.attributes
                0x00000c54       0x34 c:/program files (x86)/atollic/truestudio for arm 5.4.1/armtools/bin/../lib/gcc/arm-atollic-eabi/4.8.3/../../../../arm-atollic-eabi/lib/armv7e-m/fpu\libc_s.a(lib_a-nano-msizer.o)
 .ARM.attributes
                0x00000c88       0x22 c:/program files (x86)/atollic/truestudio for arm 5.4.1/armtools/bin/../lib/gcc/arm-atollic-eabi/4.8.3/armv7e-m/fpu/crtn.o
OUTPUT(USB+TX_unif_functions_WORKED_5.elf elf32-littlearm)

.debug_info     0x00000000    0x149dd
 .debug_info    0x00000000      0xbc2 src\tiny_printf.o
 .debug_info    0x00000bc2      0x5a3 src\system_stm32f4xx.o
 .debug_info    0x00001165      0x122 src\stm32f4xx_it.o
 .debug_info    0x00001287       0x9c src\startup_stm32f40xx.o
 .debug_info    0x00001323      0xa15 src\own_libraries\SPI_interface.o
 .debug_info    0x00001d38      0x29c src\own_libraries\REGISTER.o
 .debug_info    0x00001fd4      0x497 src\own_libraries\NRF_REGISTER_MAP.o
 .debug_info    0x0000246b     0x1853 src\own_libraries\NRF24.o
 .debug_info    0x00003cbe      0x5b3 src\own_libraries\CONFIG.o
 .debug_info    0x00004271     0x1416 src\main.o
 .debug_info    0x00005687     0x1090 Utilities\STM32F4-Discovery\stm32f4_discovery_audio_codec.o
 .debug_info    0x00006717      0x88d Utilities\STM32F4-Discovery\stm32f4_discovery.o
 .debug_info    0x00006fa4     0x1d74 Libraries\usb_lib\otg\usb_dcd_int.o
 .debug_info    0x00008d18     0x1026 Libraries\usb_lib\otg\usb_dcd.o
 .debug_info    0x00009d3e     0x2522 Libraries\usb_lib\otg\usb_core.o
 .debug_info    0x0000c260      0xfa2 Libraries\usb_lib\core\usbd_req.o
 .debug_info    0x0000d202      0xcbe Libraries\usb_lib\core\usbd_ioreq.o
 .debug_info    0x0000dec0      0xe9c Libraries\usb_lib\core\usbd_core.o
 .debug_info    0x0000ed5c      0x4b2 Libraries\usb_lib\cdc\usbd_cdc_vcp.o
 .debug_info    0x0000f20e      0xef9 Libraries\usb_lib\cdc\usbd_cdc_core.o
 .debug_info    0x00010107      0x1cf Libraries\usb_conf\usbd_usr.o
 .debug_info    0x000102d6      0x367 Libraries\usb_conf\usbd_desc.o
 .debug_info    0x0001063d     0x100b Libraries\usb_conf\usb_bsp.o
 .debug_info    0x00011648      0xb0b Libraries\STM32F4xx_StdPeriph_Driver\src\stm32f4xx_spi.o
 .debug_info    0x00012153      0xc77 Libraries\STM32F4xx_StdPeriph_Driver\src\stm32f4xx_rcc.o
 .debug_info    0x00012dca      0x609 Libraries\STM32F4xx_StdPeriph_Driver\src\stm32f4xx_gpio.o
 .debug_info    0x000133d3      0x34b Libraries\STM32F4xx_StdPeriph_Driver\src\stm32f4xx_exti.o
 .debug_info    0x0001371e      0x73d Libraries\STM32F4xx_StdPeriph_Driver\src\stm32f4xx_dma.o
 .debug_info    0x00013e5b      0x641 Libraries\STM32F4xx_StdPeriph_Driver\src\stm32f4xx_dac.o
 .debug_info    0x0001449c      0x541 Libraries\STM32F4xx_StdPeriph_Driver\src\misc.o

.debug_abbrev   0x00000000     0x378c
 .debug_abbrev  0x00000000      0x248 src\tiny_printf.o
 .debug_abbrev  0x00000248      0x138 src\system_stm32f4xx.o
 .debug_abbrev  0x00000380       0x67 src\stm32f4xx_it.o
 .debug_abbrev  0x000003e7       0x12 src\startup_stm32f40xx.o
 .debug_abbrev  0x000003f9      0x241 src\own_libraries\SPI_interface.o
 .debug_abbrev  0x0000063a      0x1a1 src\own_libraries\REGISTER.o
 .debug_abbrev  0x000007db      0x251 src\own_libraries\NRF_REGISTER_MAP.o
 .debug_abbrev  0x00000a2c      0x45d src\own_libraries\NRF24.o
 .debug_abbrev  0x00000e89      0x1d1 src\own_libraries\CONFIG.o
 .debug_abbrev  0x0000105a      0x2bd src\main.o
 .debug_abbrev  0x00001317      0x258 Utilities\STM32F4-Discovery\stm32f4_discovery_audio_codec.o
 .debug_abbrev  0x0000156f      0x185 Utilities\STM32F4-Discovery\stm32f4_discovery.o
 .debug_abbrev  0x000016f4      0x25d Libraries\usb_lib\otg\usb_dcd_int.o
 .debug_abbrev  0x00001951      0x25b Libraries\usb_lib\otg\usb_dcd.o
 .debug_abbrev  0x00001bac      0x2e9 Libraries\usb_lib\otg\usb_core.o
 .debug_abbrev  0x00001e95      0x295 Libraries\usb_lib\core\usbd_req.o
 .debug_abbrev  0x0000212a      0x1b1 Libraries\usb_lib\core\usbd_ioreq.o
 .debug_abbrev  0x000022db      0x21f Libraries\usb_lib\core\usbd_core.o
 .debug_abbrev  0x000024fa      0x18b Libraries\usb_lib\cdc\usbd_cdc_vcp.o
 .debug_abbrev  0x00002685      0x217 Libraries\usb_lib\cdc\usbd_cdc_core.o
 .debug_abbrev  0x0000289c       0xdf Libraries\usb_conf\usbd_usr.o
 .debug_abbrev  0x0000297b      0x12e Libraries\usb_conf\usbd_desc.o
 .debug_abbrev  0x00002aa9      0x22d Libraries\usb_conf\usb_bsp.o
 .debug_abbrev  0x00002cd6      0x169 Libraries\STM32F4xx_StdPeriph_Driver\src\stm32f4xx_spi.o
 .debug_abbrev  0x00002e3f      0x1e5 Libraries\STM32F4xx_StdPeriph_Driver\src\stm32f4xx_rcc.o
 .debug_abbrev  0x00003024      0x1a5 Libraries\STM32F4xx_StdPeriph_Driver\src\stm32f4xx_gpio.o
 .debug_abbrev  0x000031c9      0x1a7 Libraries\STM32F4xx_StdPeriph_Driver\src\stm32f4xx_exti.o
 .debug_abbrev  0x00003370      0x157 Libraries\STM32F4xx_StdPeriph_Driver\src\stm32f4xx_dma.o
 .debug_abbrev  0x000034c7      0x17e Libraries\STM32F4xx_StdPeriph_Driver\src\stm32f4xx_dac.o
 .debug_abbrev  0x00003645      0x147 Libraries\STM32F4xx_StdPeriph_Driver\src\misc.o

.debug_aranges  0x00000000      0xf38
 .debug_aranges
                0x00000000       0x60 src\tiny_printf.o
 .debug_aranges
                0x00000060       0x30 src\system_stm32f4xx.o
 .debug_aranges
                0x00000090       0x58 src\stm32f4xx_it.o
 .debug_aranges
                0x000000e8       0x28 src\startup_stm32f40xx.o
 .debug_aranges
                0x00000110       0x78 src\own_libraries\SPI_interface.o
 .debug_aranges
                0x00000188       0x40 src\own_libraries\REGISTER.o
 .debug_aranges
                0x000001c8       0x28 src\own_libraries\NRF_REGISTER_MAP.o
 .debug_aranges
                0x000001f0      0x100 src\own_libraries\NRF24.o
 .debug_aranges
                0x000002f0       0x60 src\own_libraries\CONFIG.o
 .debug_aranges
                0x00000350       0x58 src\main.o
 .debug_aranges
                0x000003a8      0x130 Utilities\STM32F4-Discovery\stm32f4_discovery_audio_codec.o
 .debug_aranges
                0x000004d8       0x48 Utilities\STM32F4-Discovery\stm32f4_discovery.o
 .debug_aranges
                0x00000520       0x80 Libraries\usb_lib\otg\usb_dcd_int.o
 .debug_aranges
                0x000005a0       0x80 Libraries\usb_lib\otg\usb_dcd.o
 .debug_aranges
                0x00000620      0x138 Libraries\usb_lib\otg\usb_core.o
 .debug_aranges
                0x00000758       0x88 Libraries\usb_lib\core\usbd_req.o
 .debug_aranges
                0x000007e0       0x50 Libraries\usb_lib\core\usbd_ioreq.o
 .debug_aranges
                0x00000830       0x80 Libraries\usb_lib\core\usbd_core.o
 .debug_aranges
                0x000008b0       0x70 Libraries\usb_lib\cdc\usbd_cdc_vcp.o
 .debug_aranges
                0x00000920       0x60 Libraries\usb_lib\cdc\usbd_cdc_core.o
 .debug_aranges
                0x00000980       0x50 Libraries\usb_conf\usbd_usr.o
 .debug_aranges
                0x000009d0       0x50 Libraries\usb_conf\usbd_desc.o
 .debug_aranges
                0x00000a20       0x48 Libraries\usb_conf\usb_bsp.o
 .debug_aranges
                0x00000a68       0xe0 Libraries\STM32F4xx_StdPeriph_Driver\src\stm32f4xx_spi.o
 .debug_aranges
                0x00000b48      0x180 Libraries\STM32F4xx_StdPeriph_Driver\src\stm32f4xx_rcc.o
 .debug_aranges
                0x00000cc8       0x88 Libraries\STM32F4xx_StdPeriph_Driver\src\stm32f4xx_gpio.o
 .debug_aranges
                0x00000d50       0x58 Libraries\STM32F4xx_StdPeriph_Driver\src\stm32f4xx_exti.o
 .debug_aranges
                0x00000da8       0xb0 Libraries\STM32F4xx_StdPeriph_Driver\src\stm32f4xx_dma.o
 .debug_aranges
                0x00000e58       0xa0 Libraries\STM32F4xx_StdPeriph_Driver\src\stm32f4xx_dac.o
 .debug_aranges
                0x00000ef8       0x40 Libraries\STM32F4xx_StdPeriph_Driver\src\misc.o

.debug_ranges   0x00000000      0xd60
 .debug_ranges  0x00000000       0x50 src\tiny_printf.o
 .debug_ranges  0x00000050       0x20 src\system_stm32f4xx.o
 .debug_ranges  0x00000070       0x48 src\stm32f4xx_it.o
 .debug_ranges  0x000000b8       0x20 src\startup_stm32f40xx.o
 .debug_ranges  0x000000d8       0x68 src\own_libraries\SPI_interface.o
 .debug_ranges  0x00000140       0x30 src\own_libraries\REGISTER.o
 .debug_ranges  0x00000170       0x18 src\own_libraries\NRF_REGISTER_MAP.o
 .debug_ranges  0x00000188       0xf0 src\own_libraries\NRF24.o
 .debug_ranges  0x00000278       0x50 src\own_libraries\CONFIG.o
 .debug_ranges  0x000002c8       0x48 src\main.o
 .debug_ranges  0x00000310      0x120 Utilities\STM32F4-Discovery\stm32f4_discovery_audio_codec.o
 .debug_ranges  0x00000430       0x38 Utilities\STM32F4-Discovery\stm32f4_discovery.o
 .debug_ranges  0x00000468       0x70 Libraries\usb_lib\otg\usb_dcd_int.o
 .debug_ranges  0x000004d8       0x70 Libraries\usb_lib\otg\usb_dcd.o
 .debug_ranges  0x00000548      0x128 Libraries\usb_lib\otg\usb_core.o
 .debug_ranges  0x00000670       0x78 Libraries\usb_lib\core\usbd_req.o
 .debug_ranges  0x000006e8       0x40 Libraries\usb_lib\core\usbd_ioreq.o
 .debug_ranges  0x00000728       0x70 Libraries\usb_lib\core\usbd_core.o
 .debug_ranges  0x00000798       0x60 Libraries\usb_lib\cdc\usbd_cdc_vcp.o
 .debug_ranges  0x000007f8       0x50 Libraries\usb_lib\cdc\usbd_cdc_core.o
 .debug_ranges  0x00000848       0x40 Libraries\usb_conf\usbd_usr.o
 .debug_ranges  0x00000888       0x40 Libraries\usb_conf\usbd_desc.o
 .debug_ranges  0x000008c8       0x38 Libraries\usb_conf\usb_bsp.o
 .debug_ranges  0x00000900       0xd0 Libraries\STM32F4xx_StdPeriph_Driver\src\stm32f4xx_spi.o
 .debug_ranges  0x000009d0      0x170 Libraries\STM32F4xx_StdPeriph_Driver\src\stm32f4xx_rcc.o
 .debug_ranges  0x00000b40       0x78 Libraries\STM32F4xx_StdPeriph_Driver\src\stm32f4xx_gpio.o
 .debug_ranges  0x00000bb8       0x48 Libraries\STM32F4xx_StdPeriph_Driver\src\stm32f4xx_exti.o
 .debug_ranges  0x00000c00       0xa0 Libraries\STM32F4xx_StdPeriph_Driver\src\stm32f4xx_dma.o
 .debug_ranges  0x00000ca0       0x90 Libraries\STM32F4xx_StdPeriph_Driver\src\stm32f4xx_dac.o
 .debug_ranges  0x00000d30       0x30 Libraries\STM32F4xx_StdPeriph_Driver\src\misc.o

.debug_line     0x00000000     0x63c0
 .debug_line    0x00000000      0x2cf src\tiny_printf.o
 .debug_line    0x000002cf      0x1f4 src\system_stm32f4xx.o
 .debug_line    0x000004c3      0x1d1 src\stm32f4xx_it.o
 .debug_line    0x00000694       0x7a src\startup_stm32f40xx.o
 .debug_line    0x0000070e      0x3d1 src\own_libraries\SPI_interface.o
 .debug_line    0x00000adf      0x1bd src\own_libraries\REGISTER.o
 .debug_line    0x00000c9c      0x2a8 src\own_libraries\NRF_REGISTER_MAP.o
 .debug_line    0x00000f44      0x56f src\own_libraries\NRF24.o
 .debug_line    0x000014b3      0x2cf src\own_libraries\CONFIG.o
 .debug_line    0x00001782      0x492 src\main.o
 .debug_line    0x00001c14      0x6e2 Utilities\STM32F4-Discovery\stm32f4_discovery_audio_codec.o
 .debug_line    0x000022f6      0x285 Utilities\STM32F4-Discovery\stm32f4_discovery.o
 .debug_line    0x0000257b      0x398 Libraries\usb_lib\otg\usb_dcd_int.o
 .debug_line    0x00002913      0x320 Libraries\usb_lib\otg\usb_dcd.o
 .debug_line    0x00002c33      0x6b5 Libraries\usb_lib\otg\usb_core.o
 .debug_line    0x000032e8      0x413 Libraries\usb_lib\core\usbd_req.o
 .debug_line    0x000036fb      0x277 Libraries\usb_lib\core\usbd_ioreq.o
 .debug_line    0x00003972      0x363 Libraries\usb_lib\core\usbd_core.o
 .debug_line    0x00003cd5      0x355 Libraries\usb_lib\cdc\usbd_cdc_vcp.o
 .debug_line    0x0000402a      0x35c Libraries\usb_lib\cdc\usbd_cdc_core.o
 .debug_line    0x00004386      0x239 Libraries\usb_conf\usbd_usr.o
 .debug_line    0x000045bf      0x25d Libraries\usb_conf\usbd_desc.o
 .debug_line    0x0000481c      0x2d9 Libraries\usb_conf\usb_bsp.o
 .debug_line    0x00004af5      0x445 Libraries\STM32F4xx_StdPeriph_Driver\src\stm32f4xx_spi.o
 .debug_line    0x00004f3a      0x597 Libraries\STM32F4xx_StdPeriph_Driver\src\stm32f4xx_rcc.o
 .debug_line    0x000054d1      0x329 Libraries\STM32F4xx_StdPeriph_Driver\src\stm32f4xx_gpio.o
 .debug_line    0x000057fa      0x28f Libraries\STM32F4xx_StdPeriph_Driver\src\stm32f4xx_exti.o
 .debug_line    0x00005a89      0x3c6 Libraries\STM32F4xx_StdPeriph_Driver\src\stm32f4xx_dma.o
 .debug_line    0x00005e4f      0x342 Libraries\STM32F4xx_StdPeriph_Driver\src\stm32f4xx_dac.o
 .debug_line    0x00006191      0x22f Libraries\STM32F4xx_StdPeriph_Driver\src\misc.o

.debug_str      0x00000000     0x59ab
 .debug_str     0x00000000      0x5aa src\tiny_printf.o
                                0x627 (size before relaxing)
 .debug_str     0x000005aa      0x233 src\system_stm32f4xx.o
                                0x41f (size before relaxing)
 .debug_str     0x000007dd       0x96 src\stm32f4xx_it.o
                                0x258 (size before relaxing)
 .debug_str     0x00000873      0x56c src\own_libraries\SPI_interface.o
                                0x7e1 (size before relaxing)
 .debug_str     0x00000ddf       0xcd src\own_libraries\REGISTER.o
                                0x301 (size before relaxing)
 .debug_str     0x00000eac      0x1dd src\own_libraries\NRF_REGISTER_MAP.o
                                0x4ca (size before relaxing)
 .debug_str     0x00001089      0x826 src\own_libraries\NRF24.o
                               0x116a (size before relaxing)
 .debug_str     0x000018af      0x1a4 src\own_libraries\CONFIG.o
                                0x6d7 (size before relaxing)
 .debug_str     0x00001a53      0xcdf src\main.o
                               0x1287 (size before relaxing)
 .debug_str     0x00002732      0x783 Utilities\STM32F4-Discovery\stm32f4_discovery_audio_codec.o
                               0x1100 (size before relaxing)
 .debug_str     0x00002eb5      0x25d Utilities\STM32F4-Discovery\stm32f4_discovery.o
                                0xbb6 (size before relaxing)
 .debug_str     0x00003112      0x7d3 Libraries\usb_lib\otg\usb_dcd_int.o
                               0x1308 (size before relaxing)
 .debug_str     0x000038e5      0x101 Libraries\usb_lib\otg\usb_dcd.o
                                0xbaa (size before relaxing)
 .debug_str     0x000039e6      0x693 Libraries\usb_lib\otg\usb_core.o
                               0x170a (size before relaxing)
 .debug_str     0x00004079      0x188 Libraries\usb_lib\core\usbd_req.o
                                0xb7b (size before relaxing)
 .debug_str     0x00004201       0xaf Libraries\usb_lib\core\usbd_ioreq.o
                                0xa3a (size before relaxing)
 .debug_str     0x000042b0       0xef Libraries\usb_lib\core\usbd_core.o
                                0xb50 (size before relaxing)
 .debug_str     0x0000439f      0x21d Libraries\usb_lib\cdc\usbd_cdc_vcp.o
                                0x435 (size before relaxing)
 .debug_str     0x000045bc      0x186 Libraries\usb_lib\cdc\usbd_cdc_core.o
                                0xb98 (size before relaxing)
 .debug_str     0x00004742       0xc3 Libraries\usb_conf\usbd_usr.o
                                0x32a (size before relaxing)
 .debug_str     0x00004805      0x11d Libraries\usb_conf\usbd_desc.o
                                0x403 (size before relaxing)
 .debug_str     0x00004922       0xb0 Libraries\usb_conf\usb_bsp.o
                               0x1151 (size before relaxing)
 .debug_str     0x000049d2      0x2a8 Libraries\STM32F4xx_StdPeriph_Driver\src\stm32f4xx_spi.o
                                0x717 (size before relaxing)
 .debug_str     0x00004c7a      0x56b Libraries\STM32F4xx_StdPeriph_Driver\src\stm32f4xx_rcc.o
                                0x906 (size before relaxing)
 .debug_str     0x000051e5      0x159 Libraries\STM32F4xx_StdPeriph_Driver\src\stm32f4xx_gpio.o
                                0x530 (size before relaxing)
 .debug_str     0x0000533e       0xf3 Libraries\STM32F4xx_StdPeriph_Driver\src\stm32f4xx_exti.o
                                0x3e6 (size before relaxing)
 .debug_str     0x00005431      0x254 Libraries\STM32F4xx_StdPeriph_Driver\src\stm32f4xx_dma.o
                                0x5cf (size before relaxing)
 .debug_str     0x00005685      0x220 Libraries\STM32F4xx_StdPeriph_Driver\src\stm32f4xx_dac.o
                                0x4e0 (size before relaxing)
 .debug_str     0x000058a5      0x106 Libraries\STM32F4xx_StdPeriph_Driver\src\misc.o
                                0x45b (size before relaxing)

.comment        0x00000000       0x82
 .comment       0x00000000       0x82 src\tiny_printf.o
                                 0x83 (size before relaxing)
 .comment       0x00000000       0x83 src\system_stm32f4xx.o
 .comment       0x00000000       0x83 src\stm32f4xx_it.o
 .comment       0x00000000       0x83 src\own_libraries\SPI_interface.o
 .comment       0x00000000       0x83 src\own_libraries\REGISTER.o
 .comment       0x00000000       0x83 src\own_libraries\NRF_REGISTER_MAP.o
 .comment       0x00000000       0x83 src\own_libraries\NRF24.o
 .comment       0x00000000       0x83 src\own_libraries\CONFIG.o
 .comment       0x00000000       0x83 src\main.o
 .comment       0x00000000       0x83 Utilities\STM32F4-Discovery\stm32f4_discovery_audio_codec.o
 .comment       0x00000000       0x83 Utilities\STM32F4-Discovery\stm32f4_discovery.o
 .comment       0x00000000       0x83 Libraries\usb_lib\otg\usb_dcd_int.o
 .comment       0x00000000       0x83 Libraries\usb_lib\otg\usb_dcd.o
 .comment       0x00000000       0x83 Libraries\usb_lib\otg\usb_core.o
 .comment       0x00000000       0x83 Libraries\usb_lib\core\usbd_req.o
 .comment       0x00000000       0x83 Libraries\usb_lib\core\usbd_ioreq.o
 .comment       0x00000000       0x83 Libraries\usb_lib\core\usbd_core.o
 .comment       0x00000000       0x83 Libraries\usb_lib\cdc\usbd_cdc_vcp.o
 .comment       0x00000000       0x83 Libraries\usb_lib\cdc\usbd_cdc_core.o
 .comment       0x00000000       0x83 Libraries\usb_conf\usbd_usr.o
 .comment       0x00000000       0x83 Libraries\usb_conf\usbd_desc.o
 .comment       0x00000000       0x83 Libraries\usb_conf\usb_bsp.o
 .comment       0x00000000       0x83 Libraries\STM32F4xx_StdPeriph_Driver\src\stm32f4xx_spi.o
 .comment       0x00000000       0x83 Libraries\STM32F4xx_StdPeriph_Driver\src\stm32f4xx_rcc.o
 .comment       0x00000000       0x83 Libraries\STM32F4xx_StdPeriph_Driver\src\stm32f4xx_gpio.o
 .comment       0x00000000       0x83 Libraries\STM32F4xx_StdPeriph_Driver\src\stm32f4xx_exti.o
 .comment       0x00000000       0x83 Libraries\STM32F4xx_StdPeriph_Driver\src\stm32f4xx_dma.o